{"gitpath":"git@code.aliyun.com:191836400\/open-messaging-demo.git","teamid":"78921","teamCode":"78921g1clv","isvalid":"1","type":"MQ","userid":"1095279144495","taskid":"188545","status":"1"}
Print SubTask:bash -c sh ../bin/download.sh 
Print SubTask:bash -c sh ../bin/compile.sh 
Print SubTask:bash -c sh ../bin/produce.sh 
Print SubTask:bash -c sh ../bin/consume.sh 
Run SubTask bash -c sh ../bin/download.sh 
[2017-06-05 06:24:38,070] Initialized empty Git repository in /home/admin/race2017/78921g1clv/code/.git/
Finish Run SubTask[bash -c sh ../bin/download.sh ], Cost 1602 ms
Run SubTask bash -c sh ../bin/compile.sh 
[2017-06-05 06:24:41,985] [INFO] Scanning for projects...
[2017-06-05 06:24:42,399] [INFO]                                                                         
[2017-06-05 06:24:42,399] [INFO] ------------------------------------------------------------------------
[2017-06-05 06:24:42,399] [INFO] Building open-messaging-demo 1.0
[2017-06-05 06:24:42,400] [INFO] ------------------------------------------------------------------------
[2017-06-05 06:24:42,944] [INFO] 
[2017-06-05 06:24:42,944] [INFO] --- maven-clean-plugin:2.5:clean (default-clean) @ open-messaging-demo ---
[2017-06-05 06:24:43,114] [INFO] 
[2017-06-05 06:24:43,114] [INFO] --- maven-resources-plugin:2.6:resources (default-resources) @ open-messaging-demo ---
[2017-06-05 06:24:43,679] [WARNING] Using platform encoding (UTF-8 actually) to copy filtered resources, i.e. build is platform dependent!
[2017-06-05 06:24:43,685] [INFO] Copying 1 resource
[2017-06-05 06:24:43,698] [INFO] 
[2017-06-05 06:24:43,699] [INFO] --- maven-compiler-plugin:2.3.2:compile (default-compile) @ open-messaging-demo ---
[2017-06-05 06:24:43,891] [INFO] Compiling 98 source files to /home/admin/race2017/78921g1clv/code/target/classes
[2017-06-05 06:24:47,847] [WARNING] /home/admin/race2017/78921g1clv/code/src/main/java/io/openmessaging/demo/net/jpountz/util/UnsafeUtils.java:[17,15] Unsafe is internal proprietary API and may be removed in a future release
[2017-06-05 06:24:47,848] [WARNING] /home/admin/race2017/78921g1clv/code/src/main/java/io/openmessaging/demo/net/jpountz/util/UnsafeUtils.java:[25,23] Unsafe is internal proprietary API and may be removed in a future release
[2017-06-05 06:24:47,848] [WARNING] /home/admin/race2017/78921g1clv/code/src/main/java/io/openmessaging/demo/net/jpountz/util/UnsafeUtils.java:[35,24] Unsafe is internal proprietary API and may be removed in a future release
[2017-06-05 06:24:47,848] [WARNING] /home/admin/race2017/78921g1clv/code/src/main/java/io/openmessaging/demo/net/jpountz/util/UnsafeUtils.java:[37,16] Unsafe is internal proprietary API and may be removed in a future release
[2017-06-05 06:24:47,849] [INFO] 
[2017-06-05 06:24:47,849] [INFO] --- maven-resources-plugin:2.6:testResources (default-testResources) @ open-messaging-demo ---
[2017-06-05 06:24:47,853] [INFO] Not copying test resources
[2017-06-05 06:24:47,854] [INFO] 
[2017-06-05 06:24:47,854] [INFO] --- maven-compiler-plugin:2.3.2:testCompile (default-testCompile) @ open-messaging-demo ---
[2017-06-05 06:24:47,858] [INFO] Not compiling test sources
[2017-06-05 06:24:47,858] [INFO] 
[2017-06-05 06:24:47,859] [INFO] --- maven-surefire-plugin:2.12.4:test (default-test) @ open-messaging-demo ---
[2017-06-05 06:24:48,383] [INFO] Tests are skipped.
[2017-06-05 06:24:48,384] [INFO] 
[2017-06-05 06:24:48,384] [INFO] --- maven-jar-plugin:2.4:jar (default-jar) @ open-messaging-demo ---
[2017-06-05 06:24:48,847] [INFO] Building jar: /home/admin/race2017/78921g1clv/code/target/open-messaging-demo-1.0.jar
[2017-06-05 06:24:48,994] [INFO] 
[2017-06-05 06:24:48,994] [INFO] --- maven-assembly-plugin:2.2.1:single (make-assembly) @ open-messaging-demo ---
[2017-06-05 06:24:50,158] [INFO] Reading assembly descriptor: src/main/resources/package.xml
[2017-06-05 06:24:50,675] [INFO] Copying files to /home/admin/race2017/78921g1clv/code/target/OpenMessagingDemo
[2017-06-05 06:24:50,755] [WARNING] Assembly file: /home/admin/race2017/78921g1clv/code/target/OpenMessagingDemo is not a regular file (it may be a directory). It cannot be attached to the project build for installation or deployment.
[2017-06-05 06:24:50,758] [INFO]                                                                         
[2017-06-05 06:24:50,759] [INFO] ------------------------------------------------------------------------
[2017-06-05 06:24:50,759] [INFO] Building open-messaging-demo 1.0
[2017-06-05 06:24:50,759] [INFO] ------------------------------------------------------------------------
[2017-06-05 06:24:50,759] [INFO] 
[2017-06-05 06:24:50,760] [INFO] >>> maven-assembly-plugin:2.2.1:assembly (default-cli) > package @ open-messaging-demo >>>
[2017-06-05 06:24:50,769] [INFO] 
[2017-06-05 06:24:50,769] [INFO] --- maven-resources-plugin:2.6:resources (default-resources) @ open-messaging-demo ---
[2017-06-05 06:24:50,773] [WARNING] Using platform encoding (UTF-8 actually) to copy filtered resources, i.e. build is platform dependent!
[2017-06-05 06:24:50,774] [INFO] Copying 1 resource
[2017-06-05 06:24:50,775] [INFO] 
[2017-06-05 06:24:50,775] [INFO] --- maven-compiler-plugin:2.3.2:compile (default-compile) @ open-messaging-demo ---
[2017-06-05 06:24:50,792] [INFO] Nothing to compile - all classes are up to date
[2017-06-05 06:24:50,793] [INFO] 
[2017-06-05 06:24:50,793] [INFO] --- maven-resources-plugin:2.6:testResources (default-testResources) @ open-messaging-demo ---
[2017-06-05 06:24:50,795] [INFO] Not copying test resources
[2017-06-05 06:24:50,795] [INFO] 
[2017-06-05 06:24:50,796] [INFO] --- maven-compiler-plugin:2.3.2:testCompile (default-testCompile) @ open-messaging-demo ---
[2017-06-05 06:24:50,798] [INFO] Not compiling test sources
[2017-06-05 06:24:50,798] [INFO] 
[2017-06-05 06:24:50,799] [INFO] --- maven-surefire-plugin:2.12.4:test (default-test) @ open-messaging-demo ---
[2017-06-05 06:24:50,802] [INFO] Tests are skipped.
[2017-06-05 06:24:50,803] [INFO] 
[2017-06-05 06:24:50,803] [INFO] --- maven-jar-plugin:2.4:jar (default-jar) @ open-messaging-demo ---
[2017-06-05 06:24:50,910] [INFO] 
[2017-06-05 06:24:50,911] [INFO] --- maven-assembly-plugin:2.2.1:single (make-assembly) @ open-messaging-demo ---
[2017-06-05 06:24:50,920] [INFO] Reading assembly descriptor: src/main/resources/package.xml
[2017-06-05 06:24:51,033] [INFO] Copying files to /home/admin/race2017/78921g1clv/code/target/OpenMessagingDemo
[2017-06-05 06:24:51,052] [WARNING] Assembly file: /home/admin/race2017/78921g1clv/code/target/OpenMessagingDemo is not a regular file (it may be a directory). It cannot be attached to the project build for installation or deployment.
[2017-06-05 06:24:51,056] [INFO] 
[2017-06-05 06:24:51,056] [INFO] <<< maven-assembly-plugin:2.2.1:assembly (default-cli) < package @ open-messaging-demo <<<
[2017-06-05 06:24:51,056] [INFO] 
[2017-06-05 06:24:51,056] [INFO] --- maven-assembly-plugin:2.2.1:assembly (default-cli) @ open-messaging-demo ---
[2017-06-05 06:24:51,059] [INFO] Reading assembly descriptor: src/main/resources/package.xml
[2017-06-05 06:24:51,158] [INFO] Copying files to /home/admin/race2017/78921g1clv/code/target/OpenMessagingDemo
[2017-06-05 06:24:51,174] [WARNING] Assembly file: /home/admin/race2017/78921g1clv/code/target/OpenMessagingDemo is not a regular file (it may be a directory). It cannot be attached to the project build for installation or deployment.
[2017-06-05 06:24:51,174] [INFO] ------------------------------------------------------------------------
[2017-06-05 06:24:51,174] [INFO] BUILD SUCCESS
[2017-06-05 06:24:51,174] [INFO] ------------------------------------------------------------------------
[2017-06-05 06:24:51,175] [INFO] Total time: 9.255 s
[2017-06-05 06:24:51,175] [INFO] Finished at: 2017-06-05T06:24:51+08:00
[2017-06-05 06:24:51,296] [INFO] Final Memory: 14M/60M
[2017-06-05 06:24:51,296] [INFO] ------------------------------------------------------------------------
[2017-06-05 06:24:51,464] cp: will not overwrite just-created `tmplib/open-messaging-demo-1.0.jar' with `code/target/OpenMessagingDemo/OpenMessagingDemo/lib/open-messaging-demo-1.0.jar'
Finish Run SubTask[bash -c sh ../bin/compile.sh ], Cost 12444 ms
Run SubTask bash -c sh ../bin/produce.sh 
[2017-06-05 06:24:51,472] Start Produce =============================
[2017-06-05 06:24:53,110] pro_max 400000
[2017-06-05 06:24:53,110] store.path /home/admin/race2017/data
[2017-06-05 06:24:53,112] 
[2017-06-05 06:24:54,206] [GC (Allocation Failure) [ParNew: 272640K->34048K(306688K), 0.1298568 secs] 272640K->62834K(2587392K), 0.1300498 secs] [Times: user=0.24 sys=0.10, real=0.13 secs] 
[2017-06-05 06:24:54,832] [GC (Allocation Failure) [ParNew: 306688K->1732K(306688K), 0.0571377 secs] 335474K->64571K(2587392K), 0.0574016 secs] [Times: user=0.15 sys=0.03, real=0.05 secs] 
[2017-06-05 06:24:55,247] [GC (Allocation Failure) [ParNew: 274372K->954K(306688K), 0.0155000 secs] 337211K->63794K(2587392K), 0.0155525 secs] [Times: user=0.04 sys=0.00, real=0.02 secs] 
[2017-06-05 06:24:55,931] [GC (Allocation Failure) [ParNew: 273594K->677K(306688K), 0.0145392 secs] 336434K->63517K(2587392K), 0.0145938 secs] [Times: user=0.05 sys=0.00, real=0.01 secs] 
[2017-06-05 06:24:56,282] [GC (Allocation Failure) [ParNew: 273317K->776K(306688K), 0.0155657 secs] 336157K->63616K(2587392K), 0.0156228 secs] [Times: user=0.06 sys=0.00, real=0.01 secs] 
[2017-06-05 06:24:56,626] [GC (Allocation Failure) [ParNew: 273416K->841K(306688K), 0.0171449 secs] 336256K->63681K(2587392K), 0.0172045 secs] [Times: user=0.07 sys=0.00, real=0.02 secs] 
[2017-06-05 06:24:56,963] [GC (Allocation Failure) [ParNew: 273481K->761K(306688K), 0.0162453 secs] 336321K->63600K(2587392K), 0.0165309 secs] [Times: user=0.05 sys=0.00, real=0.01 secs] 
[2017-06-05 06:24:57,266] [GC (Allocation Failure) [ParNew: 273401K->333K(306688K), 0.0206490 secs] 336240K->63635K(2587392K), 0.0206988 secs] [Times: user=0.08 sys=0.00, real=0.02 secs] 
[2017-06-05 06:24:57,612] [GC (Allocation Failure) [ParNew: 272973K->87K(306688K), 0.0115408 secs] 336275K->63399K(2587392K), 0.0116735 secs] [Times: user=0.04 sys=0.00, real=0.01 secs] 
[2017-06-05 06:24:57,821] [GC (Allocation Failure) [ParNew: 272727K->34K(306688K), 0.0091211 secs] 336039K->63346K(2587392K), 0.0091875 secs] [Times: user=0.03 sys=0.00, real=0.01 secs] 
[2017-06-05 06:24:57,990] [GC (Allocation Failure) [ParNew: 272674K->44K(306688K), 0.0099712 secs] 335986K->63356K(2587392K), 0.0100238 secs] [Times: user=0.04 sys=0.00, real=0.01 secs] 
[2017-06-05 06:24:58,159] [GC (Allocation Failure) [ParNew: 272684K->44K(306688K), 0.0163780 secs] 335996K->63356K(2587392K), 0.0164515 secs] [Times: user=0.05 sys=0.00, real=0.02 secs] 
[2017-06-05 06:24:58,327] [GC (Allocation Failure) [ParNew: 272684K->32K(306688K), 0.0114233 secs] 335996K->63344K(2587392K), 0.0114750 secs] [Times: user=0.04 sys=0.00, real=0.01 secs] 
[2017-06-05 06:24:58,504] [GC (Allocation Failure) [ParNew: 272672K->48K(306688K), 0.0098961 secs] 335984K->63360K(2587392K), 0.0099507 secs] [Times: user=0.03 sys=0.00, real=0.01 secs] 
[2017-06-05 06:24:58,665] [GC (Allocation Failure) [ParNew: 272688K->29K(306688K), 0.0086529 secs] 336000K->63341K(2587392K), 0.0087030 secs] [Times: user=0.03 sys=0.00, real=0.01 secs] 
[2017-06-05 06:24:58,827] [GC (Allocation Failure) [ParNew: 272669K->34K(306688K), 0.0090182 secs] 335981K->63346K(2587392K), 0.0090801 secs] [Times: user=0.04 sys=0.00, real=0.01 secs] 
[2017-06-05 06:24:58,994] [GC (Allocation Failure) [ParNew: 272674K->30K(306688K), 0.0096255 secs] 335986K->63343K(2587392K), 0.0096765 secs] [Times: user=0.03 sys=0.00, real=0.01 secs] 
[2017-06-05 06:24:59,162] [GC (Allocation Failure) [ParNew: 272670K->42K(306688K), 0.0104032 secs] 335983K->63355K(2587392K), 0.0104681 secs] [Times: user=0.04 sys=0.00, real=0.01 secs] 
[2017-06-05 06:24:59,322] [GC (Allocation Failure) [ParNew: 272682K->28K(306688K), 0.0085158 secs] 335995K->63340K(2587392K), 0.0085682 secs] [Times: user=0.03 sys=0.00, real=0.01 secs] 
[2017-06-05 06:24:59,484] [GC (Allocation Failure) [ParNew: 272668K->28K(306688K), 0.0116398 secs] 335980K->63341K(2587392K), 0.0116936 secs] [Times: user=0.04 sys=0.00, real=0.01 secs] 
[2017-06-05 06:24:59,641] [GC (Allocation Failure) [ParNew: 272668K->42K(306688K), 0.0083522 secs] 335981K->63355K(2587392K), 0.0084172 secs] [Times: user=0.03 sys=0.00, real=0.01 secs] 
[2017-06-05 06:24:59,804] [GC (Allocation Failure) [ParNew: 272682K->61K(306688K), 0.0096679 secs] 335995K->63374K(2587392K), 0.0098072 secs] [Times: user=0.03 sys=0.00, real=0.01 secs] 
[2017-06-05 06:24:59,969] [GC (Allocation Failure) [ParNew: 272701K->23K(306688K), 0.0091082 secs] 336014K->63336K(2587392K), 0.0091654 secs] [Times: user=0.04 sys=0.00, real=0.01 secs] 
[2017-06-05 06:25:00,135] [GC (Allocation Failure) [ParNew: 272663K->28K(306688K), 0.0095863 secs] 335976K->63341K(2587392K), 0.0096485 secs] [Times: user=0.03 sys=0.00, real=0.01 secs] 
[2017-06-05 06:25:00,303] [GC (Allocation Failure) [ParNew: 272668K->29K(306688K), 0.0094053 secs] 335981K->63342K(2587392K), 0.0094646 secs] [Times: user=0.03 sys=0.00, real=0.01 secs] 
[2017-06-05 06:25:00,561] [GC (Allocation Failure) [ParNew: 272669K->29K(306688K), 0.0093142 secs] 335982K->63341K(2587392K), 0.0093828 secs] [Times: user=0.03 sys=0.00, real=0.01 secs] 
[2017-06-05 06:25:00,727] [GC (Allocation Failure) [ParNew: 272669K->25K(306688K), 0.0084998 secs] 335981K->63338K(2587392K), 0.0085610 secs] [Times: user=0.04 sys=0.00, real=0.01 secs] 
[2017-06-05 06:25:00,892] [GC (Allocation Failure) [ParNew: 272665K->29K(306688K), 0.0089011 secs] 335978K->63342K(2587392K), 0.0089625 secs] [Times: user=0.03 sys=0.00, real=0.01 secs] 
[2017-06-05 06:25:01,070] [GC (Allocation Failure) [ParNew: 272669K->27K(306688K), 0.0101914 secs] 335982K->63340K(2587392K), 0.0102570 secs] [Times: user=0.04 sys=0.00, real=0.01 secs] 
[2017-06-05 06:25:01,264] [GC (Allocation Failure) [ParNew: 272667K->26K(306688K), 0.0138636 secs] 335980K->63338K(2587392K), 0.0140873 secs] [Times: user=0.05 sys=0.00, real=0.01 secs] 
[2017-06-05 06:25:01,457] [GC (Allocation Failure) [ParNew: 272666K->41K(306688K), 0.0102741 secs] 335978K->63354K(2587392K), 0.0103344 secs] [Times: user=0.04 sys=0.00, real=0.01 secs] 
[2017-06-05 06:25:01,647] [GC (Allocation Failure) [ParNew: 272681K->29K(306688K), 0.0121548 secs] 335994K->63342K(2587392K), 0.0122356 secs] [Times: user=0.05 sys=0.00, real=0.01 secs] 
[2017-06-05 06:25:01,888] [GC (Allocation Failure) [ParNew: 272669K->66K(306688K), 0.0091408 secs] 335982K->63379K(2587392K), 0.0092245 secs] [Times: user=0.04 sys=0.00, real=0.01 secs] 
[2017-06-05 06:25:02,057] [GC (Allocation Failure) [ParNew: 272706K->29K(306688K), 0.0103700 secs] 336019K->63342K(2587392K), 0.0104233 secs] [Times: user=0.04 sys=0.00, real=0.01 secs] 
[2017-06-05 06:25:02,225] [GC (Allocation Failure) [ParNew: 272669K->47K(306688K), 0.0098536 secs] 335982K->63360K(2587392K), 0.0099073 secs] [Times: user=0.03 sys=0.00, real=0.01 secs] 
[2017-06-05 06:25:02,391] [GC (Allocation Failure) [ParNew: 272687K->24K(306688K), 0.0095908 secs] 336000K->63337K(2587392K), 0.0096449 secs] [Times: user=0.03 sys=0.00, real=0.01 secs] 
[2017-06-05 06:25:02,561] [GC (Allocation Failure) [ParNew: 272664K->41K(306688K), 0.0129339 secs] 335977K->63353K(2587392K), 0.0129843 secs] [Times: user=0.03 sys=0.00, real=0.01 secs] 
[2017-06-05 06:25:02,734] [GC (Allocation Failure) [ParNew: 272681K->34K(306688K), 0.0159912 secs] 335993K->63347K(2587392K), 0.0160587 secs] [Times: user=0.04 sys=0.00, real=0.01 secs] 
[2017-06-05 06:25:02,901] [GC (Allocation Failure) [ParNew: 272674K->46K(306688K), 0.0113189 secs] 335987K->63358K(2587392K), 0.0114075 secs] [Times: user=0.04 sys=0.00, real=0.01 secs] 
[2017-06-05 06:25:03,064] [GC (Allocation Failure) [ParNew: 272686K->47K(306688K), 0.0087174 secs] 335998K->63360K(2587392K), 0.0087792 secs] [Times: user=0.04 sys=0.00, real=0.00 secs] 
[2017-06-05 06:25:03,225] [GC (Allocation Failure) [ParNew: 272687K->34K(306688K), 0.0119315 secs] 336000K->63347K(2587392K), 0.0119850 secs] [Times: user=0.04 sys=0.00, real=0.02 secs] 
[2017-06-05 06:25:03,391] [GC (Allocation Failure) [ParNew: 272674K->33K(306688K), 0.0110244 secs] 335987K->63346K(2587392K), 0.0110912 secs] [Times: user=0.04 sys=0.00, real=0.01 secs] 
[2017-06-05 06:25:03,583] [GC (Allocation Failure) [ParNew: 272673K->25K(306688K), 0.0162981 secs] 335986K->63338K(2587392K), 0.0163550 secs] [Times: user=0.03 sys=0.00, real=0.01 secs] 
[2017-06-05 06:25:03,902] [GC (Allocation Failure) [ParNew: 272665K->28K(306688K), 0.0130281 secs] 335978K->63341K(2587392K), 0.0130816 secs] [Times: user=0.04 sys=0.00, real=0.01 secs] 
[2017-06-05 06:25:04,217] [GC (Allocation Failure) [ParNew: 272668K->24K(306688K), 0.0116475 secs] 335981K->63337K(2587392K), 0.0117227 secs] [Times: user=0.03 sys=0.00, real=0.01 secs] 
[2017-06-05 06:25:04,535] [GC (Allocation Failure) [ParNew: 272664K->44K(306688K), 0.0082642 secs] 335977K->63357K(2587392K), 0.0083169 secs] [Times: user=0.03 sys=0.00, real=0.01 secs] 
[2017-06-05 06:25:04,697] [GC (Allocation Failure) [ParNew: 272684K->23K(306688K), 0.0084542 secs] 335997K->63336K(2587392K), 0.0085051 secs] [Times: user=0.03 sys=0.00, real=0.01 secs] 
[2017-06-05 06:25:04,862] [GC (Allocation Failure) [ParNew: 272663K->40K(306688K), 0.0090155 secs] 335976K->63353K(2587392K), 0.0090983 secs] [Times: user=0.04 sys=0.00, real=0.01 secs] 
[2017-06-05 06:25:05,027] [GC (Allocation Failure) [ParNew: 272680K->45K(306688K), 0.0106697 secs] 335993K->63358K(2587392K), 0.0107222 secs] [Times: user=0.03 sys=0.00, real=0.01 secs] 
[2017-06-05 06:25:05,192] [GC (Allocation Failure) [ParNew: 272685K->29K(306688K), 0.0089830 secs] 335998K->63342K(2587392K), 0.0090532 secs] [Times: user=0.03 sys=0.00, real=0.01 secs] 
[2017-06-05 06:25:05,359] [GC (Allocation Failure) [ParNew: 272669K->29K(306688K), 0.0099776 secs] 335982K->63342K(2587392K), 0.0101742 secs] [Times: user=0.04 sys=0.00, real=0.01 secs] 
[2017-06-05 06:25:05,527] [GC (Allocation Failure) [ParNew: 272669K->32K(306688K), 0.0111304 secs] 335982K->63345K(2587392K), 0.0112065 secs] [Times: user=0.04 sys=0.00, real=0.02 secs] 
[2017-06-05 06:25:05,692] [GC (Allocation Failure) [ParNew: 272672K->32K(306688K), 0.0104239 secs] 335985K->63345K(2587392K), 0.0104895 secs] [Times: user=0.03 sys=0.00, real=0.01 secs] 
[2017-06-05 06:25:05,854] [GC (Allocation Failure) [ParNew: 272672K->30K(306688K), 0.0086335 secs] 335985K->63342K(2587392K), 0.0086842 secs] [Times: user=0.03 sys=0.00, real=0.01 secs] 
[2017-06-05 06:25:06,023] [GC (Allocation Failure) [ParNew: 272670K->49K(306688K), 0.0102527 secs] 335982K->63362K(2587392K), 0.0103120 secs] [Times: user=0.04 sys=0.00, real=0.01 secs] 
[2017-06-05 06:25:06,212] [GC (Allocation Failure) [ParNew: 272689K->63K(306688K), 0.0111057 secs] 336002K->63376K(2587392K), 0.0112522 secs] [Times: user=0.04 sys=0.00, real=0.01 secs] 
[2017-06-05 06:25:06,410] [GC (Allocation Failure) [ParNew: 272703K->75K(306688K), 0.0120037 secs] 336016K->63388K(2587392K), 0.0120672 secs] [Times: user=0.05 sys=0.00, real=0.01 secs] 
[2017-06-05 06:25:06,600] [GC (Allocation Failure) [ParNew: 272715K->79K(306688K), 0.0107886 secs] 336028K->63392K(2587392K), 0.0108725 secs] [Times: user=0.04 sys=0.00, real=0.01 secs] 
[2017-06-05 06:25:06,814] [GC (Allocation Failure) [ParNew: 272719K->29K(306688K), 0.0137889 secs] 336032K->63342K(2587392K), 0.0138562 secs] [Times: user=0.05 sys=0.00, real=0.01 secs] 
[2017-06-05 06:25:07,011] [GC (Allocation Failure) [ParNew: 272669K->30K(306688K), 0.0100092 secs] 335982K->63343K(2587392K), 0.0100882 secs] [Times: user=0.04 sys=0.00, real=0.01 secs] 
[2017-06-05 06:25:07,191] [GC (Allocation Failure) [ParNew: 272670K->33K(306688K), 0.0094183 secs] 335983K->63346K(2587392K), 0.0095012 secs] [Times: user=0.04 sys=0.00, real=0.01 secs] 
[2017-06-05 06:25:07,357] [GC (Allocation Failure) [ParNew: 272673K->43K(306688K), 0.0088216 secs] 335986K->63356K(2587392K), 0.0088786 secs] [Times: user=0.03 sys=0.00, real=0.01 secs] 
[2017-06-05 06:25:07,525] [GC (Allocation Failure) [ParNew: 272683K->30K(306688K), 0.0108863 secs] 335996K->63343K(2587392K), 0.0109492 secs] [Times: user=0.04 sys=0.00, real=0.01 secs] 
[2017-06-05 06:25:07,690] [GC (Allocation Failure) [ParNew: 272670K->58K(306688K), 0.0115638 secs] 335983K->63370K(2587392K), 0.0116316 secs] [Times: user=0.04 sys=0.00, real=0.01 secs] 
[2017-06-05 06:25:07,864] [GC (Allocation Failure) [ParNew: 272698K->25K(306688K), 0.0102815 secs] 336010K->63338K(2587392K), 0.0103473 secs] [Times: user=0.04 sys=0.00, real=0.01 secs] 
[2017-06-05 06:25:08,038] [GC (Allocation Failure) [ParNew: 272665K->29K(306688K), 0.0099047 secs] 335978K->63341K(2587392K), 0.0099702 secs] [Times: user=0.03 sys=0.00, real=0.01 secs] 
[2017-06-05 06:25:08,215] [GC (Allocation Failure) [ParNew: 272669K->44K(306688K), 0.0120805 secs] 335981K->63356K(2587392K), 0.0121560 secs] [Times: user=0.04 sys=0.00, real=0.01 secs] 
[2017-06-05 06:25:08,389] [GC (Allocation Failure) [ParNew: 272684K->46K(306688K), 0.0099821 secs] 335996K->63358K(2587392K), 0.0100423 secs] [Times: user=0.04 sys=0.00, real=0.01 secs] 
[2017-06-05 06:25:08,558] [GC (Allocation Failure) [ParNew: 272686K->46K(306688K), 0.0084418 secs] 335998K->63358K(2587392K), 0.0086404 secs] [Times: user=0.03 sys=0.00, real=0.01 secs] 
[2017-06-05 06:25:08,728] [GC (Allocation Failure) [ParNew: 272686K->30K(306688K), 0.0086662 secs] 335998K->63343K(2587392K), 0.0087289 secs] [Times: user=0.04 sys=0.00, real=0.01 secs] 
[2017-06-05 06:25:08,896] [GC (Allocation Failure) [ParNew: 272670K->29K(306688K), 0.0088058 secs] 335983K->63341K(2587392K), 0.0090049 secs] [Times: user=0.04 sys=0.00, real=0.01 secs] 
[2017-06-05 06:25:09,062] [GC (Allocation Failure) [ParNew: 272669K->46K(306688K), 0.0091397 secs] 335981K->63359K(2587392K), 0.0093466 secs] [Times: user=0.04 sys=0.00, real=0.01 secs] 
[2017-06-05 06:25:09,228] [GC (Allocation Failure) [ParNew: 272686K->36K(306688K), 0.0095226 secs] 335999K->63348K(2587392K), 0.0095746 secs] [Times: user=0.04 sys=0.00, real=0.01 secs] 
[2017-06-05 06:25:09,393] [GC (Allocation Failure) [ParNew: 272676K->47K(306688K), 0.0085352 secs] 335988K->63360K(2587392K), 0.0087250 secs] [Times: user=0.03 sys=0.00, real=0.01 secs] 
[2017-06-05 06:25:09,550] [GC (Allocation Failure) [ParNew: 272687K->29K(306688K), 0.0087103 secs] 336000K->63342K(2587392K), 0.0087620 secs] [Times: user=0.04 sys=0.00, real=0.01 secs] 
[2017-06-05 06:25:09,710] [GC (Allocation Failure) [ParNew: 272669K->40K(306688K), 0.0122283 secs] 335982K->63353K(2587392K), 0.0122874 secs] [Times: user=0.04 sys=0.00, real=0.01 secs] 
[2017-06-05 06:25:09,868] [GC (Allocation Failure) [ParNew: 272680K->29K(306688K), 0.0080628 secs] 335993K->63342K(2587392K), 0.0081132 secs] [Times: user=0.03 sys=0.00, real=0.01 secs] 
[2017-06-05 06:25:10,026] [GC (Allocation Failure) [ParNew: 272669K->28K(306688K), 0.0091673 secs] 335982K->63341K(2587392K), 0.0092296 secs] [Times: user=0.03 sys=0.00, real=0.01 secs] 
[2017-06-05 06:25:10,187] [GC (Allocation Failure) [ParNew: 272668K->33K(306688K), 0.0113295 secs] 335981K->63345K(2587392K), 0.0113845 secs] [Times: user=0.03 sys=0.00, real=0.01 secs] 
[2017-06-05 06:25:10,349] [GC (Allocation Failure) [ParNew: 272673K->64K(306688K), 0.0095552 secs] 335985K->63377K(2587392K), 0.0096384 secs] [Times: user=0.03 sys=0.01, real=0.01 secs] 
[2017-06-05 06:25:10,515] [GC (Allocation Failure) [ParNew: 272704K->41K(306688K), 0.0153931 secs] 336017K->63354K(2587392K), 0.0154488 secs] [Times: user=0.04 sys=0.00, real=0.01 secs] 
[2017-06-05 06:25:10,688] [GC (Allocation Failure) [ParNew: 272681K->27K(306688K), 0.0143378 secs] 335994K->63339K(2587392K), 0.0143918 secs] [Times: user=0.04 sys=0.00, real=0.02 secs] 
[2017-06-05 06:25:10,876] [GC (Allocation Failure) [ParNew: 272667K->28K(306688K), 0.0183271 secs] 335979K->63340K(2587392K), 0.0183875 secs] [Times: user=0.06 sys=0.00, real=0.02 secs] 
[2017-06-05 06:25:11,044] [GC (Allocation Failure) [ParNew: 272668K->29K(306688K), 0.0116549 secs] 335980K->63342K(2587392K), 0.0117467 secs] [Times: user=0.04 sys=0.00, real=0.01 secs] 
[2017-06-05 06:25:11,212] [GC (Allocation Failure) [ParNew: 272669K->24K(306688K), 0.0078962 secs] 335982K->63336K(2587392K), 0.0079575 secs] [Times: user=0.03 sys=0.01, real=0.01 secs] 
[2017-06-05 06:25:11,493] [GC (Allocation Failure) [ParNew: 272664K->39K(306688K), 0.0082298 secs] 335976K->63351K(2587392K), 0.0082845 secs] [Times: user=0.04 sys=0.00, real=0.01 secs] 
[2017-06-05 06:25:12,695] [GC (Allocation Failure) [ParNew: 272679K->29K(306688K), 0.0089092 secs] 335991K->63342K(2587392K), 0.0089643 secs] [Times: user=0.04 sys=0.00, real=0.01 secs] 
[2017-06-05 06:25:15,783] [GC (Allocation Failure) [ParNew: 272669K->33K(306688K), 0.0087848 secs] 335982K->63346K(2587392K), 0.0088379 secs] [Times: user=0.03 sys=0.00, real=0.01 secs] 
[2017-06-05 06:25:16,232] [GC (Allocation Failure) [ParNew: 272673K->30K(306688K), 0.0098474 secs] 335986K->63343K(2587392K), 0.0099582 secs] [Times: user=0.04 sys=0.01, real=0.01 secs] 
[2017-06-05 06:25:16,473] [GC (Allocation Failure) [ParNew: 272670K->25K(306688K), 0.0095842 secs] 335983K->63337K(2587392K), 0.0096416 secs] [Times: user=0.03 sys=0.00, real=0.01 secs] 
[2017-06-05 06:25:16,731] [GC (Allocation Failure) [ParNew: 272665K->35K(306688K), 0.0093764 secs] 335977K->63348K(2587392K), 0.0094279 secs] [Times: user=0.04 sys=0.00, real=0.01 secs] 
[2017-06-05 06:25:16,926] [GC (Allocation Failure) [ParNew: 272675K->31K(306688K), 0.0095077 secs] 335988K->63344K(2587392K), 0.0095756 secs] [Times: user=0.04 sys=0.00, real=0.01 secs] 
[2017-06-05 06:25:17,089] [GC (Allocation Failure) [ParNew: 272671K->34K(306688K), 0.0106464 secs] 335984K->63347K(2587392K), 0.0106986 secs] [Times: user=0.04 sys=0.00, real=0.01 secs] 
[2017-06-05 06:25:17,265] [GC (Allocation Failure) [ParNew: 272674K->47K(306688K), 0.0090428 secs] 335987K->63360K(2587392K), 0.0091086 secs] [Times: user=0.04 sys=0.00, real=0.01 secs] 
[2017-06-05 06:25:17,436] [GC (Allocation Failure) [ParNew: 272687K->32K(306688K), 0.0094876 secs] 336000K->63345K(2587392K), 0.0095467 secs] [Times: user=0.04 sys=0.00, real=0.01 secs] 
[2017-06-05 06:25:17,623] [GC (Allocation Failure) [ParNew: 272672K->55K(306688K), 0.0101766 secs] 335985K->63368K(2587392K), 0.0102346 secs] [Times: user=0.04 sys=0.00, real=0.01 secs] 
[2017-06-05 06:25:17,801] [GC (Allocation Failure) [ParNew: 272695K->30K(306688K), 0.0118064 secs] 336008K->63343K(2587392K), 0.0118679 secs] [Times: user=0.04 sys=0.00, real=0.01 secs] 
[2017-06-05 06:25:17,960] [GC (Allocation Failure) [ParNew: 272670K->27K(306688K), 0.0081646 secs] 335983K->63340K(2587392K), 0.0082177 secs] [Times: user=0.03 sys=0.00, real=0.01 secs] 
[2017-06-05 06:25:18,125] [GC (Allocation Failure) [ParNew: 272667K->45K(306688K), 0.0082244 secs] 335980K->63358K(2587392K), 0.0082757 secs] [Times: user=0.03 sys=0.00, real=0.00 secs] 
[2017-06-05 06:25:18,286] [GC (Allocation Failure) [ParNew: 272685K->49K(306688K), 0.0095182 secs] 335998K->63361K(2587392K), 0.0095842 secs] [Times: user=0.03 sys=0.00, real=0.01 secs] 
[2017-06-05 06:25:18,451] [GC (Allocation Failure) [ParNew: 272689K->46K(306688K), 0.0080808 secs] 336001K->63358K(2587392K), 0.0081373 secs] [Times: user=0.03 sys=0.00, real=0.01 secs] 
[2017-06-05 06:25:18,623] [GC (Allocation Failure) [ParNew: 272686K->42K(306688K), 0.0088221 secs] 335998K->63354K(2587392K), 0.0089132 secs] [Times: user=0.04 sys=0.00, real=0.01 secs] 
[2017-06-05 06:25:18,783] [GC (Allocation Failure) [ParNew: 272682K->42K(306688K), 0.0085802 secs] 335994K->63354K(2587392K), 0.0086297 secs] [Times: user=0.03 sys=0.00, real=0.01 secs] 
[2017-06-05 06:25:18,949] [GC (Allocation Failure) [ParNew: 272682K->31K(306688K), 0.0093160 secs] 335994K->63343K(2587392K), 0.0093687 secs] [Times: user=0.04 sys=0.00, real=0.01 secs] 
[2017-06-05 06:25:19,119] [GC (Allocation Failure) [ParNew: 272671K->29K(306688K), 0.0086352 secs] 335983K->63341K(2587392K), 0.0086936 secs] [Times: user=0.04 sys=0.00, real=0.01 secs] 
[2017-06-05 06:25:19,285] [GC (Allocation Failure) [ParNew: 272669K->44K(306688K), 0.0095140 secs] 335981K->63357K(2587392K), 0.0096840 secs] [Times: user=0.03 sys=0.00, real=0.01 secs] 
[2017-06-05 06:25:19,449] [GC (Allocation Failure) [ParNew: 272684K->28K(306688K), 0.0085780 secs] 335997K->63341K(2587392K), 0.0086393 secs] [Times: user=0.03 sys=0.00, real=0.01 secs] 
[2017-06-05 06:25:19,627] [GC (Allocation Failure) [ParNew: 272668K->46K(306688K), 0.0091750 secs] 335981K->63359K(2587392K), 0.0092409 secs] [Times: user=0.03 sys=0.00, real=0.00 secs] 
[2017-06-05 06:25:19,787] [GC (Allocation Failure) [ParNew: 272686K->30K(306688K), 0.0122865 secs] 335999K->63343K(2587392K), 0.0123506 secs] [Times: user=0.04 sys=0.00, real=0.01 secs] 
[2017-06-05 06:25:19,974] [GC (Allocation Failure) [ParNew: 272670K->26K(306688K), 0.0127876 secs] 335983K->63339K(2587392K), 0.0129129 secs] [Times: user=0.05 sys=0.00, real=0.01 secs] 
[2017-06-05 06:25:20,140] [GC (Allocation Failure) [ParNew: 272666K->42K(306688K), 0.0095413 secs] 335979K->63355K(2587392K), 0.0096207 secs] [Times: user=0.04 sys=0.00, real=0.01 secs] 
[2017-06-05 06:25:20,309] [GC (Allocation Failure) [ParNew: 272682K->25K(306688K), 0.0096787 secs] 335995K->63338K(2587392K), 0.0097347 secs] [Times: user=0.04 sys=0.00, real=0.01 secs] 
[2017-06-05 06:25:20,482] [GC (Allocation Failure) [ParNew: 272665K->39K(306688K), 0.0085678 secs] 335978K->63352K(2587392K), 0.0086326 secs] [Times: user=0.04 sys=0.00, real=0.01 secs] 
[2017-06-05 06:25:20,653] [GC (Allocation Failure) [ParNew: 272679K->49K(306688K), 0.0119978 secs] 335992K->63361K(2587392K), 0.0120620 secs] [Times: user=0.05 sys=0.00, real=0.01 secs] 
[2017-06-05 06:25:20,825] [GC (Allocation Failure) [ParNew: 272689K->31K(306688K), 0.0103750 secs] 336001K->63343K(2587392K), 0.0105040 secs] [Times: user=0.04 sys=0.00, real=0.01 secs] 
[2017-06-05 06:25:21,008] [GC (Allocation Failure) [ParNew: 272671K->30K(306688K), 0.0121299 secs] 335983K->63343K(2587392K), 0.0123296 secs] [Times: user=0.03 sys=0.00, real=0.02 secs] 
[2017-06-05 06:25:21,174] [GC (Allocation Failure) [ParNew: 272670K->41K(306688K), 0.0084871 secs] 335983K->63354K(2587392K), 0.0085466 secs] [Times: user=0.04 sys=0.00, real=0.01 secs] 
[2017-06-05 06:25:21,341] [GC (Allocation Failure) [ParNew: 272681K->27K(306688K), 0.0094194 secs] 335994K->63340K(2587392K), 0.0095539 secs] [Times: user=0.04 sys=0.00, real=0.01 secs] 
[2017-06-05 06:25:21,507] [GC (Allocation Failure) [ParNew: 272667K->28K(306688K), 0.0086994 secs] 335980K->63340K(2587392K), 0.0088766 secs] [Times: user=0.03 sys=0.00, real=0.00 secs] 
[2017-06-05 06:25:21,675] [GC (Allocation Failure) [ParNew: 272668K->40K(306688K), 0.0088842 secs] 335980K->63353K(2587392K), 0.0089940 secs] [Times: user=0.03 sys=0.00, real=0.01 secs] 
[2017-06-05 06:25:21,831] [GC (Allocation Failure) [ParNew: 272680K->34K(306688K), 0.0088518 secs] 335993K->63347K(2587392K), 0.0089014 secs] [Times: user=0.03 sys=0.00, real=0.01 secs] 
[2017-06-05 06:25:22,005] [GC (Allocation Failure) [ParNew: 272674K->44K(306688K), 0.0100263 secs] 335987K->63356K(2587392K), 0.0100801 secs] [Times: user=0.03 sys=0.00, real=0.01 secs] 
[2017-06-05 06:25:22,170] [GC (Allocation Failure) [ParNew: 272684K->29K(306688K), 0.0097151 secs] 335996K->63341K(2587392K), 0.0098782 secs] [Times: user=0.04 sys=0.00, real=0.01 secs] 
[2017-06-05 06:25:22,330] [GC (Allocation Failure) [ParNew: 272669K->71K(306688K), 0.0079506 secs] 335981K->63384K(2587392K), 0.0080119 secs] [Times: user=0.03 sys=0.00, real=0.01 secs] 
[2017-06-05 06:25:22,494] [GC (Allocation Failure) [ParNew: 272711K->39K(306688K), 0.0081581 secs] 336024K->63352K(2587392K), 0.0082215 secs] [Times: user=0.04 sys=0.00, real=0.01 secs] 
[2017-06-05 06:25:22,660] [GC (Allocation Failure) [ParNew: 272679K->31K(306688K), 0.0109015 secs] 335992K->63344K(2587392K), 0.0109843 secs] [Times: user=0.04 sys=0.01, real=0.01 secs] 
[2017-06-05 06:25:22,823] [GC (Allocation Failure) [ParNew: 272671K->45K(306688K), 0.0089985 secs] 335984K->63358K(2587392K), 0.0090521 secs] [Times: user=0.03 sys=0.00, real=0.01 secs] 
[2017-06-05 06:25:22,989] [GC (Allocation Failure) [ParNew: 272685K->43K(306688K), 0.0123405 secs] 335998K->63356K(2587392K), 0.0123958 secs] [Times: user=0.03 sys=0.00, real=0.02 secs] 
[2017-06-05 06:25:23,153] [GC (Allocation Failure) [ParNew: 272683K->67K(306688K), 0.0113340 secs] 335996K->63380K(2587392K), 0.0114656 secs] [Times: user=0.03 sys=0.00, real=0.01 secs] 
[2017-06-05 06:25:23,311] [GC (Allocation Failure) [ParNew: 272707K->65K(306688K), 0.0086500 secs] 336020K->63377K(2587392K), 0.0087118 secs] [Times: user=0.03 sys=0.00, real=0.01 secs] 
[2017-06-05 06:25:23,475] [GC (Allocation Failure) [ParNew: 272705K->31K(306688K), 0.0087516 secs] 336017K->63344K(2587392K), 0.0088157 secs] [Times: user=0.04 sys=0.00, real=0.01 secs] 
[2017-06-05 06:25:23,651] [GC (Allocation Failure) [ParNew: 272671K->30K(306688K), 0.0102843 secs] 335984K->63343K(2587392K), 0.0104146 secs] [Times: user=0.04 sys=0.00, real=0.01 secs] 
[2017-06-05 06:25:23,827] [GC (Allocation Failure) [ParNew: 272670K->30K(306688K), 0.0102241 secs] 335983K->63342K(2587392K), 0.0102854 secs] [Times: user=0.03 sys=0.00, real=0.01 secs] 
[2017-06-05 06:25:24,014] [GC (Allocation Failure) [ParNew: 272670K->46K(306688K), 0.0102908 secs] 335982K->63359K(2587392K), 0.0103518 secs] [Times: user=0.03 sys=0.00, real=0.01 secs] 
[2017-06-05 06:25:24,189] [GC (Allocation Failure) [ParNew: 272686K->29K(306688K), 0.0101166 secs] 335999K->63342K(2587392K), 0.0101770 secs] [Times: user=0.04 sys=0.00, real=0.01 secs] 
[2017-06-05 06:25:24,370] [GC (Allocation Failure) [ParNew: 272669K->46K(306688K), 0.0096150 secs] 335982K->63359K(2587392K), 0.0096881 secs] [Times: user=0.04 sys=0.00, real=0.01 secs] 
[2017-06-05 06:25:24,544] [GC (Allocation Failure) [ParNew: 272686K->41K(306688K), 0.0170510 secs] 335999K->63353K(2587392K), 0.0171044 secs] [Times: user=0.03 sys=0.00, real=0.02 secs] 
[2017-06-05 06:25:24,716] [GC (Allocation Failure) [ParNew: 272681K->41K(306688K), 0.0178060 secs] 335993K->63354K(2587392K), 0.0178943 secs] [Times: user=0.05 sys=0.00, real=0.01 secs] 
[2017-06-05 06:25:24,878] [GC (Allocation Failure) [ParNew: 272681K->44K(306688K), 0.0084596 secs] 335994K->63356K(2587392K), 0.0085123 secs] [Times: user=0.03 sys=0.00, real=0.00 secs] 
[2017-06-05 06:25:25,041] [GC (Allocation Failure) [ParNew: 272684K->49K(306688K), 0.0096594 secs] 335996K->63362K(2587392K), 0.0097152 secs] [Times: user=0.04 sys=0.00, real=0.01 secs] 
[2017-06-05 06:25:25,204] [GC (Allocation Failure) [ParNew: 272689K->38K(306688K), 0.0093771 secs] 336002K->63351K(2587392K), 0.0094326 secs] [Times: user=0.04 sys=0.00, real=0.01 secs] 
[2017-06-05 06:25:25,362] [GC (Allocation Failure) [ParNew: 272678K->22K(306688K), 0.0080357 secs] 335991K->63334K(2587392K), 0.0080951 secs] [Times: user=0.03 sys=0.00, real=0.01 secs] 
[2017-06-05 06:25:25,525] [GC (Allocation Failure) [ParNew: 272662K->28K(306688K), 0.0095426 secs] 335974K->63341K(2587392K), 0.0095943 secs] [Times: user=0.04 sys=0.00, real=0.01 secs] 
[2017-06-05 06:25:25,683] [GC (Allocation Failure) [ParNew: 272668K->34K(306688K), 0.0088055 secs] 335981K->63347K(2587392K), 0.0088647 secs] [Times: user=0.03 sys=0.01, real=0.01 secs] 
[2017-06-05 06:25:25,845] [GC (Allocation Failure) [ParNew: 272674K->44K(306688K), 0.0106467 secs] 335987K->63357K(2587392K), 0.0107288 secs] [Times: user=0.04 sys=0.00, real=0.01 secs] 
[2017-06-05 06:25:26,012] [GC (Allocation Failure) [ParNew: 272684K->26K(306688K), 0.0087975 secs] 335997K->63339K(2587392K), 0.0088778 secs] [Times: user=0.03 sys=0.00, real=0.01 secs] 
[2017-06-05 06:25:26,171] [GC (Allocation Failure) [ParNew: 272666K->28K(306688K), 0.0086497 secs] 335979K->63341K(2587392K), 0.0086993 secs] [Times: user=0.03 sys=0.00, real=0.01 secs] 
[2017-06-05 06:25:26,328] [GC (Allocation Failure) [ParNew: 272668K->29K(306688K), 0.0092766 secs] 335981K->63342K(2587392K), 0.0093345 secs] [Times: user=0.03 sys=0.00, real=0.00 secs] 
[2017-06-05 06:25:26,488] [GC (Allocation Failure) [ParNew: 272669K->29K(306688K), 0.0077837 secs] 335982K->63341K(2587392K), 0.0078487 secs] [Times: user=0.04 sys=0.00, real=0.00 secs] 
[2017-06-05 06:25:26,651] [GC (Allocation Failure) [ParNew: 272669K->46K(306688K), 0.0122203 secs] 335981K->63358K(2587392K), 0.0123871 secs] [Times: user=0.04 sys=0.00, real=0.01 secs] 
[2017-06-05 06:25:26,818] [GC (Allocation Failure) [ParNew: 272686K->46K(306688K), 0.0099327 secs] 335998K->63359K(2587392K), 0.0099977 secs] [Times: user=0.03 sys=0.00, real=0.01 secs] 
[2017-06-05 06:25:26,987] [GC (Allocation Failure) [ParNew: 272686K->41K(306688K), 0.0124104 secs] 335999K->63354K(2587392K), 0.0124565 secs] [Times: user=0.03 sys=0.00, real=0.01 secs] 
[2017-06-05 06:25:27,148] [GC (Allocation Failure) [ParNew: 272681K->30K(306688K), 0.0090472 secs] 335994K->63343K(2587392K), 0.0091105 secs] [Times: user=0.04 sys=0.00, real=0.01 secs] 
[2017-06-05 06:25:27,307] [GC (Allocation Failure) [ParNew: 272670K->26K(306688K), 0.0089467 secs] 335983K->63338K(2587392K), 0.0089963 secs] [Times: user=0.03 sys=0.00, real=0.01 secs] 
[2017-06-05 06:25:27,474] [GC (Allocation Failure) [ParNew: 272666K->28K(306688K), 0.0095352 secs] 335978K->63341K(2587392K), 0.0095880 secs] [Times: user=0.03 sys=0.00, real=0.01 secs] 
[2017-06-05 06:25:27,638] [GC (Allocation Failure) [ParNew: 272668K->110K(306688K), 0.0084774 secs] 335981K->63423K(2587392K), 0.0085354 secs] [Times: user=0.03 sys=0.00, real=0.00 secs] 
[2017-06-05 06:25:27,799] [GC (Allocation Failure) [ParNew: 272750K->28K(306688K), 0.0083952 secs] 336063K->63341K(2587392K), 0.0084562 secs] [Times: user=0.03 sys=0.00, real=0.01 secs] 
[2017-06-05 06:25:27,967] [GC (Allocation Failure) [ParNew: 272668K->43K(306688K), 0.0096850 secs] 335981K->63356K(2587392K), 0.0098222 secs] [Times: user=0.04 sys=0.00, real=0.01 secs] 
[2017-06-05 06:25:28,136] [GC (Allocation Failure) [ParNew: 272683K->25K(306688K), 0.0113339 secs] 335996K->63337K(2587392K), 0.0113863 secs] [Times: user=0.04 sys=0.00, real=0.01 secs] 
[2017-06-05 06:25:28,303] [GC (Allocation Failure) [ParNew: 272665K->92K(306688K), 0.0095705 secs] 335977K->63405K(2587392K), 0.0097517 secs] [Times: user=0.04 sys=0.00, real=0.01 secs] 
[2017-06-05 06:25:28,466] [GC (Allocation Failure) [ParNew: 272732K->45K(306688K), 0.0089606 secs] 336045K->63357K(2587392K), 0.0090254 secs] [Times: user=0.03 sys=0.00, real=0.01 secs] 
[2017-06-05 06:25:28,639] [GC (Allocation Failure) [ParNew: 272685K->50K(306688K), 0.0089583 secs] 335997K->63363K(2587392K), 0.0090214 secs] [Times: user=0.03 sys=0.00, real=0.01 secs] 
[2017-06-05 06:25:28,817] [GC (Allocation Failure) [ParNew: 272690K->47K(306688K), 0.0095300 secs] 336003K->63360K(2587392K), 0.0095999 secs] [Times: user=0.04 sys=0.00, real=0.01 secs] 
[2017-06-05 06:25:29,003] [GC (Allocation Failure) [ParNew: 272687K->25K(306688K), 0.0093282 secs] 336000K->63338K(2587392K), 0.0093880 secs] [Times: user=0.03 sys=0.00, real=0.01 secs] 
[2017-06-05 06:25:29,184] [GC (Allocation Failure) [ParNew: 272665K->44K(306688K), 0.0095005 secs] 335978K->63357K(2587392K), 0.0095874 secs] [Times: user=0.03 sys=0.00, real=0.01 secs] 
[2017-06-05 06:25:29,347] [GC (Allocation Failure) [ParNew: 272684K->35K(306688K), 0.0085023 secs] 335997K->63348K(2587392K), 0.0085565 secs] [Times: user=0.04 sys=0.00, real=0.01 secs] 
[2017-06-05 06:25:29,509] [GC (Allocation Failure) [ParNew: 272675K->31K(306688K), 0.0084931 secs] 335988K->63344K(2587392K), 0.0086672 secs] [Times: user=0.03 sys=0.00, real=0.01 secs] 
[2017-06-05 06:25:29,676] [GC (Allocation Failure) [ParNew: 272671K->35K(306688K), 0.0084991 secs] 335984K->63348K(2587392K), 0.0085535 secs] [Times: user=0.03 sys=0.00, real=0.01 secs] 
[2017-06-05 06:25:29,835] [GC (Allocation Failure) [ParNew: 272675K->29K(306688K), 0.0090137 secs] 335988K->63341K(2587392K), 0.0090666 secs] [Times: user=0.04 sys=0.00, real=0.01 secs] 
[2017-06-05 06:25:29,995] [GC (Allocation Failure) [ParNew: 272669K->47K(306688K), 0.0087756 secs] 335981K->63359K(2587392K), 0.0088350 secs] [Times: user=0.03 sys=0.00, real=0.01 secs] 
[2017-06-05 06:25:30,166] [GC (Allocation Failure) [ParNew: 272687K->30K(306688K), 0.0083681 secs] 335999K->63343K(2587392K), 0.0084801 secs] [Times: user=0.03 sys=0.00, real=0.01 secs] 
[2017-06-05 06:25:30,324] [GC (Allocation Failure) [ParNew: 272670K->29K(306688K), 0.0090183 secs] 335983K->63342K(2587392K), 0.0090723 secs] [Times: user=0.04 sys=0.00, real=0.01 secs] 
[2017-06-05 06:25:30,489] [GC (Allocation Failure) [ParNew: 272669K->34K(306688K), 0.0087959 secs] 335982K->63346K(2587392K), 0.0088488 secs] [Times: user=0.03 sys=0.00, real=0.01 secs] 
[2017-06-05 06:25:30,656] [GC (Allocation Failure) [ParNew: 272674K->24K(306688K), 0.0096695 secs] 335986K->63336K(2587392K), 0.0097290 secs] [Times: user=0.04 sys=0.00, real=0.01 secs] 
[2017-06-05 06:25:30,815] [GC (Allocation Failure) [ParNew: 272664K->43K(306688K), 0.0086733 secs] 335976K->63355K(2587392K), 0.0087275 secs] [Times: user=0.03 sys=0.00, real=0.01 secs] 
[2017-06-05 06:25:31,001] [GC (Allocation Failure) [ParNew: 272683K->27K(306688K), 0.0137881 secs] 335995K->63340K(2587392K), 0.0138375 secs] [Times: user=0.03 sys=0.00, real=0.02 secs] 
[2017-06-05 06:25:31,174] [GC (Allocation Failure) [ParNew: 272667K->28K(306688K), 0.0090595 secs] 335980K->63341K(2587392K), 0.0091203 secs] [Times: user=0.03 sys=0.00, real=0.01 secs] 
[2017-06-05 06:25:31,357] [GC (Allocation Failure) [ParNew: 272668K->33K(306688K), 0.0094602 secs] 335981K->63346K(2587392K), 0.0095270 secs] [Times: user=0.03 sys=0.01, real=0.01 secs] 
[2017-06-05 06:25:31,540] [GC (Allocation Failure) [ParNew: 272673K->34K(306688K), 0.0097049 secs] 335986K->63346K(2587392K), 0.0097727 secs] [Times: user=0.04 sys=0.00, real=0.01 secs] 
[2017-06-05 06:25:31,704] [GC (Allocation Failure) [ParNew: 272674K->28K(306688K), 0.0101110 secs] 335986K->63340K(2587392K), 0.0101606 secs] [Times: user=0.04 sys=0.00, real=0.01 secs] 
[2017-06-05 06:25:31,879] [GC (Allocation Failure) [ParNew: 272668K->30K(306688K), 0.0098971 secs] 335980K->63342K(2587392K), 0.0099731 secs] [Times: user=0.03 sys=0.00, real=0.01 secs] 
[2017-06-05 06:25:32,062] [GC (Allocation Failure) [ParNew: 272670K->26K(306688K), 0.0085636 secs] 335982K->63339K(2587392K), 0.0086151 secs] [Times: user=0.03 sys=0.00, real=0.01 secs] 
[2017-06-05 06:25:32,249] [GC (Allocation Failure) [ParNew: 272666K->28K(306688K), 0.0115480 secs] 335979K->63341K(2587392K), 0.0116136 secs] [Times: user=0.03 sys=0.00, real=0.01 secs] 
[2017-06-05 06:25:32,418] [GC (Allocation Failure) [ParNew: 272668K->60K(306688K), 0.0128915 secs] 335981K->63373K(2587392K), 0.0129497 secs] [Times: user=0.04 sys=0.00, real=0.01 secs] 
[2017-06-05 06:25:32,599] [GC (Allocation Failure) [ParNew: 272700K->28K(306688K), 0.0154660 secs] 336013K->63341K(2587392K), 0.0155229 secs] [Times: user=0.03 sys=0.00, real=0.01 secs] 
[2017-06-05 06:25:32,768] [GC (Allocation Failure) [ParNew: 272668K->29K(306688K), 0.0086358 secs] 335981K->63342K(2587392K), 0.0086889 secs] [Times: user=0.03 sys=0.00, real=0.01 secs] 
[2017-06-05 06:25:32,934] [GC (Allocation Failure) [ParNew: 272669K->30K(306688K), 0.0087505 secs] 335982K->63343K(2587392K), 0.0088016 secs] [Times: user=0.03 sys=0.00, real=0.01 secs] 
[2017-06-05 06:25:33,103] [GC (Allocation Failure) [ParNew: 272670K->30K(306688K), 0.0093512 secs] 335983K->63343K(2587392K), 0.0094077 secs] [Times: user=0.04 sys=0.00, real=0.01 secs] 
[2017-06-05 06:25:33,270] [GC (Allocation Failure) [ParNew: 272670K->34K(306688K), 0.0107950 secs] 335983K->63346K(2587392K), 0.0108540 secs] [Times: user=0.04 sys=0.00, real=0.02 secs] 
[2017-06-05 06:25:33,445] [GC (Allocation Failure) [ParNew: 272674K->44K(306688K), 0.0102644 secs] 335986K->63357K(2587392K), 0.0103325 secs] [Times: user=0.04 sys=0.00, real=0.01 secs] 
[2017-06-05 06:25:33,614] [GC (Allocation Failure) [ParNew: 272684K->47K(306688K), 0.0090291 secs] 335997K->63359K(2587392K), 0.0090859 secs] [Times: user=0.04 sys=0.00, real=0.01 secs] 
[2017-06-05 06:25:33,781] [GC (Allocation Failure) [ParNew: 272687K->29K(306688K), 0.0093007 secs] 335999K->63342K(2587392K), 0.0093561 secs] [Times: user=0.04 sys=0.00, real=0.01 secs] 
[2017-06-05 06:25:33,958] [GC (Allocation Failure) [ParNew: 272669K->28K(306688K), 0.0120318 secs] 335982K->63341K(2587392K), 0.0122103 secs] [Times: user=0.03 sys=0.00, real=0.01 secs] 
[2017-06-05 06:25:34,122] [GC (Allocation Failure) [ParNew: 272668K->57K(306688K), 0.0091405 secs] 335981K->63370K(2587392K), 0.0093092 secs] [Times: user=0.04 sys=0.00, real=0.01 secs] 
[2017-06-05 06:25:34,286] [GC (Allocation Failure) [ParNew: 272697K->45K(306688K), 0.0084035 secs] 336010K->63358K(2587392K), 0.0084722 secs] [Times: user=0.03 sys=0.00, real=0.01 secs] 
[2017-06-05 06:25:34,457] [GC (Allocation Failure) [ParNew: 272685K->30K(306688K), 0.0127293 secs] 335998K->63343K(2587392K), 0.0127828 secs] [Times: user=0.04 sys=0.00, real=0.01 secs] 
[2017-06-05 06:25:34,621] [GC (Allocation Failure) [ParNew: 272670K->30K(306688K), 0.0085351 secs] 335983K->63343K(2587392K), 0.0085937 secs] [Times: user=0.03 sys=0.00, real=0.01 secs] 
[2017-06-05 06:25:34,785] [GC (Allocation Failure) [ParNew: 272670K->31K(306688K), 0.0093366 secs] 335983K->63344K(2587392K), 0.0093879 secs] [Times: user=0.04 sys=0.00, real=0.01 secs] 
[2017-06-05 06:25:34,949] [GC (Allocation Failure) [ParNew: 272671K->35K(306688K), 0.0125326 secs] 335984K->63348K(2587392K), 0.0126258 secs] [Times: user=0.04 sys=0.01, real=0.01 secs] 
[2017-06-05 06:25:35,120] [GC (Allocation Failure) [ParNew: 272675K->61K(306688K), 0.0096343 secs] 335988K->63374K(2587392K), 0.0098108 secs] [Times: user=0.04 sys=0.00, real=0.01 secs] 
[2017-06-05 06:25:35,285] [GC (Allocation Failure) [ParNew: 272701K->28K(306688K), 0.0093158 secs] 336014K->63341K(2587392K), 0.0093708 secs] [Times: user=0.04 sys=0.00, real=0.01 secs] 
[2017-06-05 06:25:35,446] [GC (Allocation Failure) [ParNew: 272668K->48K(306688K), 0.0078586 secs] 335981K->63360K(2587392K), 0.0079312 secs] [Times: user=0.03 sys=0.00, real=0.01 secs] 
[2017-06-05 06:25:35,610] [GC (Allocation Failure) [ParNew: 272688K->48K(306688K), 0.0114051 secs] 336000K->63360K(2587392K), 0.0115246 secs] [Times: user=0.04 sys=0.00, real=0.02 secs] 
[2017-06-05 06:25:35,780] [GC (Allocation Failure) [ParNew: 272688K->48K(306688K), 0.0097092 secs] 336000K->63361K(2587392K), 0.0097681 secs] [Times: user=0.03 sys=0.00, real=0.01 secs] 
[2017-06-05 06:25:35,947] [GC (Allocation Failure) [ParNew: 272688K->31K(306688K), 0.0126274 secs] 336001K->63343K(2587392K), 0.0126851 secs] [Times: user=0.05 sys=0.00, real=0.01 secs] 
[2017-06-05 06:25:36,113] [GC (Allocation Failure) [ParNew: 272671K->64K(306688K), 0.0099661 secs] 335983K->63377K(2587392K), 0.0100265 secs] [Times: user=0.04 sys=0.00, real=0.01 secs] 
[2017-06-05 06:25:36,287] [GC (Allocation Failure) [ParNew: 272571K->29K(306688K), 0.0123895 secs] 335884K->63342K(2587392K), 0.0124976 secs] [Times: user=0.03 sys=0.00, real=0.01 secs] 
[2017-06-05 06:25:36,460] [GC (Allocation Failure) [ParNew: 272669K->47K(306688K), 0.0130608 secs] 335982K->63359K(2587392K), 0.0131272 secs] [Times: user=0.04 sys=0.00, real=0.02 secs] 
[2017-06-05 06:25:36,627] [GC (Allocation Failure) [ParNew: 272687K->36K(306688K), 0.0115732 secs] 335999K->63348K(2587392K), 0.0116246 secs] [Times: user=0.04 sys=0.00, real=0.01 secs] 
[2017-06-05 06:25:36,794] [GC (Allocation Failure) [ParNew: 272676K->51K(306688K), 0.0089564 secs] 335988K->63364K(2587392K), 0.0090078 secs] [Times: user=0.03 sys=0.00, real=0.01 secs] 
[2017-06-05 06:25:36,959] [GC (Allocation Failure) [ParNew: 272691K->71K(306688K), 0.0100839 secs] 336004K->63383K(2587392K), 0.0101358 secs] [Times: user=0.04 sys=0.00, real=0.01 secs] 
[2017-06-05 06:25:37,135] [GC (Allocation Failure) [ParNew: 272711K->23K(306688K), 0.0101632 secs] 336023K->63336K(2587392K), 0.0102482 secs] [Times: user=0.03 sys=0.00, real=0.01 secs] 
[2017-06-05 06:25:37,531] [GC (Allocation Failure) [ParNew: 272663K->30K(306688K), 0.0124835 secs] 335976K->63343K(2587392K), 0.0125378 secs] [Times: user=0.03 sys=0.00, real=0.02 secs] 
[2017-06-05 06:25:37,698] [GC (Allocation Failure) [ParNew: 272670K->25K(306688K), 0.0108075 secs] 335983K->63337K(2587392K), 0.0108619 secs] [Times: user=0.04 sys=0.00, real=0.01 secs] 
[2017-06-05 06:25:38,183] [GC (Allocation Failure) [ParNew: 272665K->50K(306688K), 0.0088269 secs] 335977K->63363K(2587392K), 0.0088929 secs] [Times: user=0.03 sys=0.00, real=0.01 secs] 
[2017-06-05 06:25:38,348] [GC (Allocation Failure) [ParNew: 272690K->43K(306688K), 0.0096720 secs] 336003K->63356K(2587392K), 0.0097439 secs] [Times: user=0.04 sys=0.00, real=0.01 secs] 
[2017-06-05 06:25:38,522] [GC (Allocation Failure) [ParNew: 272683K->40K(306688K), 0.0126495 secs] 335996K->63353K(2587392K), 0.0127714 secs] [Times: user=0.03 sys=0.01, real=0.02 secs] 
[2017-06-05 06:25:38,728] [GC (Allocation Failure) [ParNew: 272680K->28K(306688K), 0.0119225 secs] 335993K->63341K(2587392K), 0.0119774 secs] [Times: user=0.04 sys=0.00, real=0.01 secs] 
[2017-06-05 06:25:38,903] [GC (Allocation Failure) [ParNew: 272668K->24K(306688K), 0.0098274 secs] 335981K->63337K(2587392K), 0.0098848 secs] [Times: user=0.03 sys=0.00, real=0.01 secs] 
[2017-06-05 06:25:39,086] [GC (Allocation Failure) [ParNew: 272664K->30K(306688K), 0.0120665 secs] 335977K->63342K(2587392K), 0.0121228 secs] [Times: user=0.04 sys=0.00, real=0.01 secs] 
[2017-06-05 06:25:39,265] [GC (Allocation Failure) [ParNew: 272670K->52K(306688K), 0.0137787 secs] 335982K->63365K(2587392K), 0.0138327 secs] [Times: user=0.04 sys=0.00, real=0.01 secs] 
[2017-06-05 06:25:39,446] [GC (Allocation Failure) [ParNew: 272692K->42K(306688K), 0.0140318 secs] 336005K->63355K(2587392K), 0.0140811 secs] [Times: user=0.04 sys=0.00, real=0.01 secs] 
[2017-06-05 06:25:39,617] [GC (Allocation Failure) [ParNew: 272682K->26K(306688K), 0.0114742 secs] 335995K->63339K(2587392K), 0.0115458 secs] [Times: user=0.04 sys=0.00, real=0.01 secs] 
[2017-06-05 06:25:39,891] [GC (Allocation Failure) [ParNew: 272666K->61K(306688K), 0.0097669 secs] 335979K->63373K(2587392K), 0.0098587 secs] [Times: user=0.04 sys=0.00, real=0.01 secs] 
[2017-06-05 06:25:40,054] [GC (Allocation Failure) [ParNew: 272701K->28K(306688K), 0.0095752 secs] 336013K->63341K(2587392K), 0.0096365 secs] [Times: user=0.04 sys=0.00, real=0.01 secs] 
[2017-06-05 06:25:40,259] [GC (Allocation Failure) [ParNew: 272668K->25K(306688K), 0.0087026 secs] 335981K->63338K(2587392K), 0.0087584 secs] [Times: user=0.03 sys=0.00, real=0.01 secs] 
[2017-06-05 06:25:40,421] [GC (Allocation Failure) [ParNew: 272665K->67K(306688K), 0.0081279 secs] 335978K->63379K(2587392K), 0.0081757 secs] [Times: user=0.02 sys=0.00, real=0.01 secs] 
[2017-06-05 06:25:40,583] [GC (Allocation Failure) [ParNew: 272707K->43K(306688K), 0.0085033 secs] 336019K->63356K(2587392K), 0.0085543 secs] [Times: user=0.03 sys=0.00, real=0.01 secs] 
[2017-06-05 06:25:40,749] [GC (Allocation Failure) [ParNew: 272683K->27K(306688K), 0.0091474 secs] 335996K->63339K(2587392K), 0.0092063 secs] [Times: user=0.03 sys=0.00, real=0.01 secs] 
[2017-06-05 06:25:40,910] [GC (Allocation Failure) [ParNew: 272667K->44K(306688K), 0.0120410 secs] 335979K->63357K(2587392K), 0.0121016 secs] [Times: user=0.03 sys=0.00, real=0.01 secs] 
[2017-06-05 06:25:41,072] [GC (Allocation Failure) [ParNew: 272684K->28K(306688K), 0.0090576 secs] 335997K->63341K(2587392K), 0.0091345 secs] [Times: user=0.04 sys=0.00, real=0.01 secs] 
[2017-06-05 06:25:41,286] [GC (Allocation Failure) [ParNew: 272668K->46K(306688K), 0.0083778 secs] 335981K->63358K(2587392K), 0.0084282 secs] [Times: user=0.03 sys=0.00, real=0.01 secs] 
[2017-06-05 06:25:41,571] [GC (Allocation Failure) [ParNew: 272686K->41K(306688K), 0.0105338 secs] 335998K->63353K(2587392K), 0.0106005 secs] [Times: user=0.04 sys=0.00, real=0.01 secs] 
[2017-06-05 06:25:41,735] [GC (Allocation Failure) [ParNew: 272681K->38K(306688K), 0.0101294 secs] 335993K->63351K(2587392K), 0.0101864 secs] [Times: user=0.04 sys=0.00, real=0.01 secs] 
[2017-06-05 06:25:41,898] [GC (Allocation Failure) [ParNew: 272678K->52K(306688K), 0.0114197 secs] 335991K->63365K(2587392K), 0.0114851 secs] [Times: user=0.03 sys=0.00, real=0.01 secs] 
[2017-06-05 06:25:42,058] [GC (Allocation Failure) [ParNew: 272692K->31K(306688K), 0.0090503 secs] 336005K->63344K(2587392K), 0.0091154 secs] [Times: user=0.03 sys=0.00, real=0.01 secs] 
[2017-06-05 06:25:42,552] [GC (Allocation Failure) [ParNew: 272671K->24K(306688K), 0.0092617 secs] 335984K->63337K(2587392K), 0.0093373 secs] [Times: user=0.03 sys=0.00, real=0.01 secs] 
[2017-06-05 06:25:42,730] [GC (Allocation Failure) [ParNew: 272664K->28K(306688K), 0.0083410 secs] 335977K->63341K(2587392K), 0.0083906 secs] [Times: user=0.03 sys=0.00, real=0.00 secs] 
[2017-06-05 06:25:42,890] [GC (Allocation Failure) [ParNew: 272668K->28K(306688K), 0.0090932 secs] 335981K->63341K(2587392K), 0.0091562 secs] [Times: user=0.03 sys=0.00, real=0.00 secs] 
[2017-06-05 06:25:43,246] [GC (Allocation Failure) [ParNew: 272668K->25K(306688K), 0.0141141 secs] 335981K->63338K(2587392K), 0.0141687 secs] [Times: user=0.04 sys=0.00, real=0.01 secs] 
[2017-06-05 06:25:43,411] [GC (Allocation Failure) [ParNew: 272665K->50K(306688K), 0.0094236 secs] 335978K->63363K(2587392K), 0.0094814 secs] [Times: user=0.04 sys=0.00, real=0.01 secs] 
[2017-06-05 06:25:43,575] [GC (Allocation Failure) [ParNew: 272690K->25K(306688K), 0.0091488 secs] 336003K->63337K(2587392K), 0.0092910 secs] [Times: user=0.03 sys=0.00, real=0.01 secs] 
[2017-06-05 06:25:43,739] [GC (Allocation Failure) [ParNew: 272665K->27K(306688K), 0.0097181 secs] 335977K->63340K(2587392K), 0.0097809 secs] [Times: user=0.03 sys=0.00, real=0.01 secs] 
[2017-06-05 06:25:43,898] [GC (Allocation Failure) [ParNew: 272667K->28K(306688K), 0.0087543 secs] 335980K->63340K(2587392K), 0.0088182 secs] [Times: user=0.03 sys=0.00, real=0.01 secs] 
[2017-06-05 06:25:44,094] [GC (Allocation Failure) [ParNew: 272668K->40K(306688K), 0.0116048 secs] 335980K->63353K(2587392K), 0.0116623 secs] [Times: user=0.04 sys=0.00, real=0.01 secs] 
[2017-06-05 06:25:44,276] [GC (Allocation Failure) [ParNew: 272680K->25K(306688K), 0.0141946 secs] 335993K->63337K(2587392K), 0.0142498 secs] [Times: user=0.04 sys=0.00, real=0.01 secs] 
[2017-06-05 06:25:44,455] [GC (Allocation Failure) [ParNew: 272665K->28K(306688K), 0.0094741 secs] 335977K->63341K(2587392K), 0.0095603 secs] [Times: user=0.03 sys=0.00, real=0.01 secs] 
[2017-06-05 06:25:44,633] [GC (Allocation Failure) [ParNew: 272668K->32K(306688K), 0.0115626 secs] 335981K->63345K(2587392K), 0.0116406 secs] [Times: user=0.04 sys=0.00, real=0.02 secs] 
[2017-06-05 06:25:44,814] [GC (Allocation Failure) [ParNew: 272672K->59K(306688K), 0.0095477 secs] 335985K->63372K(2587392K), 0.0096093 secs] [Times: user=0.04 sys=0.00, real=0.01 secs] 
[2017-06-05 06:25:44,989] [GC (Allocation Failure) [ParNew: 272699K->55K(306688K), 0.0117122 secs] 336012K->63368K(2587392K), 0.0117834 secs] [Times: user=0.04 sys=0.00, real=0.01 secs] 
[2017-06-05 06:25:45,158] [GC (Allocation Failure) [ParNew: 272695K->30K(306688K), 0.0130603 secs] 336008K->63343K(2587392K), 0.0131119 secs] [Times: user=0.04 sys=0.00, real=0.01 secs] 
[2017-06-05 06:25:45,321] [GC (Allocation Failure) [ParNew: 272670K->39K(306688K), 0.0082040 secs] 335983K->63352K(2587392K), 0.0082541 secs] [Times: user=0.03 sys=0.00, real=0.00 secs] 
[2017-06-05 06:25:45,799] [GC (Allocation Failure) [ParNew: 272679K->41K(306688K), 0.0083008 secs] 335992K->63354K(2587392K), 0.0083605 secs] [Times: user=0.03 sys=0.00, real=0.01 secs] 
[2017-06-05 06:25:45,957] [GC (Allocation Failure) [ParNew: 272681K->30K(306688K), 0.0090100 secs] 335994K->63343K(2587392K), 0.0090755 secs] [Times: user=0.03 sys=0.00, real=0.01 secs] 
[2017-06-05 06:25:46,121] [GC (Allocation Failure) [ParNew: 272670K->108K(306688K), 0.0080099 secs] 335983K->63420K(2587392K), 0.0080587 secs] [Times: user=0.03 sys=0.00, real=0.00 secs] 
[2017-06-05 06:25:46,286] [GC (Allocation Failure) [ParNew: 272748K->42K(306688K), 0.0089403 secs] 336060K->63355K(2587392K), 0.0089925 secs] [Times: user=0.03 sys=0.00, real=0.01 secs] 
[2017-06-05 06:25:46,446] [GC (Allocation Failure) [ParNew: 272682K->45K(306688K), 0.0088660 secs] 335995K->63358K(2587392K), 0.0089153 secs] [Times: user=0.04 sys=0.00, real=0.01 secs] 
[2017-06-05 06:25:46,611] [GC (Allocation Failure) [ParNew: 272685K->39K(306688K), 0.0097900 secs] 335998K->63352K(2587392K), 0.0099467 secs] [Times: user=0.04 sys=0.00, real=0.01 secs] 
[2017-06-05 06:25:46,781] [GC (Allocation Failure) [ParNew: 272679K->45K(306688K), 0.0102723 secs] 335992K->63358K(2587392K), 0.0103791 secs] [Times: user=0.03 sys=0.00, real=0.01 secs] 
[2017-06-05 06:25:47,166] [GC (Allocation Failure) [ParNew: 272685K->47K(306688K), 0.0119715 secs] 335998K->63359K(2587392K), 0.0120269 secs] [Times: user=0.04 sys=0.00, real=0.01 secs] 
[2017-06-05 06:25:47,329] [GC (Allocation Failure) [ParNew: 272687K->33K(306688K), 0.0092563 secs] 335999K->63345K(2587392K), 0.0093076 secs] [Times: user=0.03 sys=0.01, real=0.01 secs] 
[2017-06-05 06:25:47,493] [GC (Allocation Failure) [ParNew: 272673K->47K(306688K), 0.0094554 secs] 335985K->63360K(2587392K), 0.0095434 secs] [Times: user=0.04 sys=0.00, real=0.01 secs] 
[2017-06-05 06:25:47,662] [GC (Allocation Failure) [ParNew: 272687K->32K(306688K), 0.0095243 secs] 336000K->63344K(2587392K), 0.0095985 secs] [Times: user=0.04 sys=0.01, real=0.01 secs] 
[2017-06-05 06:25:47,826] [GC (Allocation Failure) [ParNew: 272672K->46K(306688K), 0.0086825 secs] 335984K->63359K(2587392K), 0.0087406 secs] [Times: user=0.04 sys=0.00, real=0.01 secs] 
[2017-06-05 06:25:47,991] [GC (Allocation Failure) [ParNew: 272686K->35K(306688K), 0.0095304 secs] 335999K->63347K(2587392K), 0.0095843 secs] [Times: user=0.04 sys=0.00, real=0.01 secs] 
[2017-06-05 06:25:48,155] [GC (Allocation Failure) [ParNew: 272675K->36K(306688K), 0.0085457 secs] 335987K->63349K(2587392K), 0.0085996 secs] [Times: user=0.03 sys=0.00, real=0.01 secs] 
[2017-06-05 06:25:48,325] [GC (Allocation Failure) [ParNew: 272676K->26K(306688K), 0.0094108 secs] 335989K->63339K(2587392K), 0.0095490 secs] [Times: user=0.04 sys=0.00, real=0.01 secs] 
[2017-06-05 06:25:48,495] [GC (Allocation Failure) [ParNew: 272666K->33K(306688K), 0.0087492 secs] 335979K->63346K(2587392K), 0.0089491 secs] [Times: user=0.03 sys=0.00, real=0.01 secs] 
[2017-06-05 06:25:48,695] [GC (Allocation Failure) [ParNew: 272673K->63K(306688K), 0.0115525 secs] 335986K->63376K(2587392K), 0.0116015 secs] [Times: user=0.04 sys=0.00, real=0.01 secs] 
[2017-06-05 06:25:48,863] [GC (Allocation Failure) [ParNew: 272703K->30K(306688K), 0.0088113 secs] 336016K->63342K(2587392K), 0.0088712 secs] [Times: user=0.03 sys=0.00, real=0.01 secs] 
[2017-06-05 06:25:49,031] [GC (Allocation Failure) [ParNew: 272670K->24K(306688K), 0.0096856 secs] 335982K->63337K(2587392K), 0.0097466 secs] [Times: user=0.03 sys=0.00, real=0.01 secs] 
[2017-06-05 06:25:49,215] [GC (Allocation Failure) [ParNew: 272664K->61K(306688K), 0.0098568 secs] 335977K->63373K(2587392K), 0.0099206 secs] [Times: user=0.04 sys=0.00, real=0.01 secs] 
[2017-06-05 06:25:49,391] [GC (Allocation Failure) [ParNew: 272701K->46K(306688K), 0.0098117 secs] 336013K->63359K(2587392K), 0.0099533 secs] [Times: user=0.03 sys=0.00, real=0.01 secs] 
[2017-06-05 06:25:49,564] [GC (Allocation Failure) [ParNew: 272686K->51K(306688K), 0.0129466 secs] 335999K->63364K(2587392K), 0.0130454 secs] [Times: user=0.04 sys=0.00, real=0.02 secs] 
[2017-06-05 06:25:49,739] [GC (Allocation Failure) [ParNew: 272691K->31K(306688K), 0.0123099 secs] 336004K->63344K(2587392K), 0.0123870 secs] [Times: user=0.04 sys=0.00, real=0.01 secs] 
[2017-06-05 06:25:49,908] [GC (Allocation Failure) [ParNew: 272671K->45K(306688K), 0.0106873 secs] 335984K->63358K(2587392K), 0.0107395 secs] [Times: user=0.04 sys=0.00, real=0.01 secs] 
[2017-06-05 06:25:50,077] [GC (Allocation Failure) [ParNew: 272685K->31K(306688K), 0.0095749 secs] 335998K->63344K(2587392K), 0.0096304 secs] [Times: user=0.03 sys=0.00, real=0.01 secs] 
[2017-06-05 06:25:50,251] [GC (Allocation Failure) [ParNew: 272671K->62K(306688K), 0.0098673 secs] 335984K->63374K(2587392K), 0.0099241 secs] [Times: user=0.03 sys=0.00, real=0.01 secs] 
[2017-06-05 06:25:50,424] [GC (Allocation Failure) [ParNew: 272702K->47K(306688K), 0.0090698 secs] 336014K->63360K(2587392K), 0.0091511 secs] [Times: user=0.03 sys=0.00, real=0.01 secs] 
[2017-06-05 06:25:50,608] [GC (Allocation Failure) [ParNew: 272687K->64K(306688K), 0.0116633 secs] 336000K->63376K(2587392K), 0.0117191 secs] [Times: user=0.04 sys=0.00, real=0.01 secs] 
[2017-06-05 06:25:50,784] [GC (Allocation Failure) [ParNew: 272704K->46K(306688K), 0.0096409 secs] 336016K->63358K(2587392K), 0.0096899 secs] [Times: user=0.04 sys=0.00, real=0.01 secs] 
[2017-06-05 06:25:50,962] [GC (Allocation Failure) [ParNew: 272686K->43K(306688K), 0.0094390 secs] 335998K->63356K(2587392K), 0.0094976 secs] [Times: user=0.04 sys=0.00, real=0.01 secs] 
[2017-06-05 06:25:51,141] [GC (Allocation Failure) [ParNew: 272683K->30K(306688K), 0.0090601 secs] 335996K->63342K(2587392K), 0.0091123 secs] [Times: user=0.03 sys=0.00, real=0.01 secs] 
[2017-06-05 06:25:51,315] [GC (Allocation Failure) [ParNew: 272670K->50K(306688K), 0.0085221 secs] 335982K->63363K(2587392K), 0.0085817 secs] [Times: user=0.03 sys=0.00, real=0.01 secs] 
[2017-06-05 06:25:51,478] [GC (Allocation Failure) [ParNew: 272690K->45K(306688K), 0.0080737 secs] 336003K->63358K(2587392K), 0.0081242 secs] [Times: user=0.03 sys=0.00, real=0.01 secs] 
[2017-06-05 06:25:51,642] [GC (Allocation Failure) [ParNew: 272685K->27K(306688K), 0.0114986 secs] 335998K->63340K(2587392K), 0.0115539 secs] [Times: user=0.03 sys=0.00, real=0.01 secs] 
[2017-06-05 06:25:51,808] [GC (Allocation Failure) [ParNew: 272667K->27K(306688K), 0.0110088 secs] 335980K->63340K(2587392K), 0.0110866 secs] [Times: user=0.03 sys=0.01, real=0.01 secs] 
[2017-06-05 06:25:51,979] [GC (Allocation Failure) [ParNew: 272667K->22K(306688K), 0.0120124 secs] 335980K->63335K(2587392K), 0.0120706 secs] [Times: user=0.04 sys=0.00, real=0.01 secs] 
[2017-06-05 06:25:52,142] [GC (Allocation Failure) [ParNew: 272662K->24K(306688K), 0.0087914 secs] 335975K->63337K(2587392K), 0.0088466 secs] [Times: user=0.03 sys=0.00, real=0.00 secs] 
[2017-06-05 06:25:52,308] [GC (Allocation Failure) [ParNew: 272664K->38K(306688K), 0.0094736 secs] 335977K->63350K(2587392K), 0.0095280 secs] [Times: user=0.04 sys=0.00, real=0.01 secs] 
[2017-06-05 06:25:52,484] [GC (Allocation Failure) [ParNew: 272678K->28K(306688K), 0.0091337 secs] 335990K->63341K(2587392K), 0.0092678 secs] [Times: user=0.03 sys=0.00, real=0.01 secs] 
[2017-06-05 06:25:52,665] [GC (Allocation Failure) [ParNew: 272668K->27K(306688K), 0.0093801 secs] 335981K->63340K(2587392K), 0.0094325 secs] [Times: user=0.03 sys=0.00, real=0.01 secs] 
[2017-06-05 06:25:52,835] [GC (Allocation Failure) [ParNew: 272667K->49K(306688K), 0.0098220 secs] 335980K->63362K(2587392K), 0.0098865 secs] [Times: user=0.04 sys=0.00, real=0.01 secs] 
[2017-06-05 06:25:53,018] [GC (Allocation Failure) [ParNew: 272689K->39K(306688K), 0.0095097 secs] 336002K->63352K(2587392K), 0.0096313 secs] [Times: user=0.04 sys=0.00, real=0.01 secs] 
[2017-06-05 06:25:53,194] [GC (Allocation Failure) [ParNew: 272679K->43K(306688K), 0.0126144 secs] 335992K->63355K(2587392K), 0.0126759 secs] [Times: user=0.04 sys=0.00, real=0.02 secs] 
[2017-06-05 06:25:53,357] [GC (Allocation Failure) [ParNew: 272683K->44K(306688K), 0.0091905 secs] 335995K->63356K(2587392K), 0.0092499 secs] [Times: user=0.04 sys=0.00, real=0.01 secs] 
[2017-06-05 06:25:53,516] [GC (Allocation Failure) [ParNew: 272684K->64K(306688K), 0.0090107 secs] 335996K->63377K(2587392K), 0.0090611 secs] [Times: user=0.03 sys=0.00, real=0.01 secs] 
[2017-06-05 06:25:53,686] [GC (Allocation Failure) [ParNew: 272704K->24K(306688K), 0.0086032 secs] 336017K->63337K(2587392K), 0.0086572 secs] [Times: user=0.04 sys=0.00, real=0.01 secs] 
[2017-06-05 06:25:53,852] [GC (Allocation Failure) [ParNew: 272664K->54K(306688K), 0.0095750 secs] 335977K->63367K(2587392K), 0.0096457 secs] [Times: user=0.04 sys=0.01, real=0.01 secs] 
[2017-06-05 06:25:54,020] [GC (Allocation Failure) [ParNew: 272694K->47K(306688K), 0.0090962 secs] 336007K->63359K(2587392K), 0.0091543 secs] [Times: user=0.04 sys=0.00, real=0.01 secs] 
[2017-06-05 06:25:54,193] [GC (Allocation Failure) [ParNew: 272687K->47K(306688K), 0.0096757 secs] 335999K->63359K(2587392K), 0.0097373 secs] [Times: user=0.03 sys=0.01, real=0.01 secs] 
[2017-06-05 06:25:54,367] [GC (Allocation Failure) [ParNew: 272687K->35K(306688K), 0.0103920 secs] 335999K->63348K(2587392K), 0.0104534 secs] [Times: user=0.04 sys=0.00, real=0.01 secs] 
[2017-06-05 06:25:54,533] [GC (Allocation Failure) [ParNew: 272675K->25K(306688K), 0.0103874 secs] 335988K->63338K(2587392K), 0.0104631 secs] [Times: user=0.04 sys=0.00, real=0.01 secs] 
[2017-06-05 06:25:54,709] [GC (Allocation Failure) [ParNew: 272665K->26K(306688K), 0.0109811 secs] 335978K->63339K(2587392K), 0.0110399 secs] [Times: user=0.04 sys=0.00, real=0.01 secs] 
[2017-06-05 06:25:54,879] [GC (Allocation Failure) [ParNew: 272666K->50K(306688K), 0.0094362 secs] 335979K->63362K(2587392K), 0.0095663 secs] [Times: user=0.04 sys=0.00, real=0.01 secs] 
[2017-06-05 06:25:55,052] [GC (Allocation Failure) [ParNew: 272690K->21K(306688K), 0.0118646 secs] 336002K->63334K(2587392K), 0.0119130 secs] [Times: user=0.03 sys=0.00, real=0.01 secs] 
[2017-06-05 06:25:55,215] [GC (Allocation Failure) [ParNew: 272661K->43K(306688K), 0.0114348 secs] 335974K->63355K(2587392K), 0.0114858 secs] [Times: user=0.04 sys=0.00, real=0.01 secs] 
[2017-06-05 06:25:55,378] [GC (Allocation Failure) [ParNew: 272683K->45K(306688K), 0.0088621 secs] 335995K->63358K(2587392K), 0.0089324 secs] [Times: user=0.03 sys=0.00, real=0.01 secs] 
[2017-06-05 06:25:55,754] [GC (Allocation Failure) [ParNew: 272685K->29K(306688K), 0.0087189 secs] 335998K->63342K(2587392K), 0.0087741 secs] [Times: user=0.03 sys=0.00, real=0.01 secs] 
[2017-06-05 06:25:55,938] [GC (Allocation Failure) [ParNew: 272669K->33K(306688K), 0.0127113 secs] 335982K->63346K(2587392K), 0.0127823 secs] [Times: user=0.04 sys=0.00, real=0.01 secs] 
[2017-06-05 06:25:56,120] [GC (Allocation Failure) [ParNew: 272673K->55K(306688K), 0.0107978 secs] 335986K->63368K(2587392K), 0.0108757 secs] [Times: user=0.03 sys=0.00, real=0.01 secs] 
[2017-06-05 06:25:56,310] [GC (Allocation Failure) [ParNew: 272695K->45K(306688K), 0.0100287 secs] 336008K->63358K(2587392K), 0.0100865 secs] [Times: user=0.03 sys=0.00, real=0.01 secs] 
[2017-06-05 06:25:56,487] [GC (Allocation Failure) [ParNew: 272685K->27K(306688K), 0.0097614 secs] 335998K->63340K(2587392K), 0.0098219 secs] [Times: user=0.04 sys=0.00, real=0.01 secs] 
[2017-06-05 06:25:56,661] [GC (Allocation Failure) [ParNew: 272667K->44K(306688K), 0.0094660 secs] 335980K->63357K(2587392K), 0.0095951 secs] [Times: user=0.04 sys=0.00, real=0.01 secs] 
[2017-06-05 06:25:56,833] [GC (Allocation Failure) [ParNew: 272684K->32K(306688K), 0.0092616 secs] 335997K->63345K(2587392K), 0.0093227 secs] [Times: user=0.03 sys=0.01, real=0.01 secs] 
[2017-06-05 06:25:57,001] [GC (Allocation Failure) [ParNew: 272672K->29K(306688K), 0.0085600 secs] 335985K->63342K(2587392K), 0.0086165 secs] [Times: user=0.04 sys=0.00, real=0.01 secs] 
[2017-06-05 06:25:57,165] [GC (Allocation Failure) [ParNew: 272669K->81K(306688K), 0.0091502 secs] 335982K->63394K(2587392K), 0.0092321 secs] [Times: user=0.03 sys=0.00, real=0.01 secs] 
[2017-06-05 06:25:57,329] [GC (Allocation Failure) [ParNew: 272721K->41K(306688K), 0.0086383 secs] 336034K->63354K(2587392K), 0.0087625 secs] [Times: user=0.03 sys=0.00, real=0.01 secs] 
[2017-06-05 06:25:57,490] [GC (Allocation Failure) [ParNew: 272681K->40K(306688K), 0.0086270 secs] 335994K->63353K(2587392K), 0.0086797 secs] [Times: user=0.03 sys=0.00, real=0.01 secs] 
[2017-06-05 06:25:57,655] [GC (Allocation Failure) [ParNew: 272680K->29K(306688K), 0.0116111 secs] 335993K->63341K(2587392K), 0.0116627 secs] [Times: user=0.03 sys=0.00, real=0.02 secs] 
[2017-06-05 06:25:57,817] [GC (Allocation Failure) [ParNew: 272669K->57K(306688K), 0.0090028 secs] 335981K->63370K(2587392K), 0.0090643 secs] [Times: user=0.04 sys=0.00, real=0.01 secs] 
[2017-06-05 06:25:57,975] [GC (Allocation Failure) [ParNew: 272697K->29K(306688K), 0.0084422 secs] 336010K->63342K(2587392K), 0.0085098 secs] [Times: user=0.04 sys=0.00, real=0.01 secs] 
[2017-06-05 06:25:58,138] [GC (Allocation Failure) [ParNew: 272669K->45K(306688K), 0.0089819 secs] 335982K->63358K(2587392K), 0.0090370 secs] [Times: user=0.03 sys=0.00, real=0.01 secs] 
[2017-06-05 06:25:58,304] [GC (Allocation Failure) [ParNew: 272685K->29K(306688K), 0.0092017 secs] 335998K->63342K(2587392K), 0.0092538 secs] [Times: user=0.04 sys=0.00, real=0.01 secs] 
[2017-06-05 06:25:58,466] [GC (Allocation Failure) [ParNew: 272669K->60K(306688K), 0.0102350 secs] 335982K->63373K(2587392K), 0.0102980 secs] [Times: user=0.04 sys=0.00, real=0.01 secs] 
[2017-06-05 06:25:58,642] [GC (Allocation Failure) [ParNew: 272700K->25K(306688K), 0.0141091 secs] 336013K->63338K(2587392K), 0.0141719 secs] [Times: user=0.04 sys=0.00, real=0.01 secs] 
[2017-06-05 06:25:58,805] [GC (Allocation Failure) [ParNew: 272665K->44K(306688K), 0.0129949 secs] 335978K->63357K(2587392K), 0.0130490 secs] [Times: user=0.04 sys=0.00, real=0.02 secs] 
[2017-06-05 06:25:58,971] [GC (Allocation Failure) [ParNew: 272684K->50K(306688K), 0.0105657 secs] 335997K->63362K(2587392K), 0.0106440 secs] [Times: user=0.04 sys=0.00, real=0.01 secs] 
[2017-06-05 06:25:59,139] [GC (Allocation Failure) [ParNew: 272690K->57K(306688K), 0.0088796 secs] 336002K->63370K(2587392K), 0.0089370 secs] [Times: user=0.03 sys=0.00, real=0.01 secs] 
[2017-06-05 06:25:59,306] [GC (Allocation Failure) [ParNew: 272697K->35K(306688K), 0.0090116 secs] 336010K->63347K(2587392K), 0.0090739 secs] [Times: user=0.04 sys=0.00, real=0.01 secs] 
[2017-06-05 06:25:59,469] [GC (Allocation Failure) [ParNew: 272675K->42K(306688K), 0.0101905 secs] 335987K->63355K(2587392K), 0.0102573 secs] [Times: user=0.04 sys=0.01, real=0.01 secs] 
[2017-06-05 06:25:59,636] [GC (Allocation Failure) [ParNew: 272682K->40K(306688K), 0.0091025 secs] 335995K->63353K(2587392K), 0.0091630 secs] [Times: user=0.04 sys=0.00, real=0.01 secs] 
[2017-06-05 06:25:59,800] [GC (Allocation Failure) [ParNew: 272680K->24K(306688K), 0.0085537 secs] 335993K->63337K(2587392K), 0.0086386 secs] [Times: user=0.03 sys=0.00, real=0.01 secs] 
[2017-06-05 06:25:59,967] [GC (Allocation Failure) [ParNew: 272664K->43K(306688K), 0.0090644 secs] 335977K->63356K(2587392K), 0.0091189 secs] [Times: user=0.04 sys=0.00, real=0.01 secs] 
[2017-06-05 06:26:00,141] [GC (Allocation Failure) [ParNew: 272683K->60K(306688K), 0.0123194 secs] 335996K->63373K(2587392K), 0.0123791 secs] [Times: user=0.04 sys=0.00, real=0.01 secs] 
[2017-06-05 06:26:00,309] [GC (Allocation Failure) [ParNew: 272700K->32K(306688K), 0.0085357 secs] 336013K->63344K(2587392K), 0.0085933 secs] [Times: user=0.03 sys=0.00, real=0.01 secs] 
[2017-06-05 06:26:00,484] [GC (Allocation Failure) [ParNew: 272672K->47K(306688K), 0.0104336 secs] 335984K->63359K(2587392K), 0.0105474 secs] [Times: user=0.04 sys=0.00, real=0.02 secs] 
[2017-06-05 06:26:00,665] [GC (Allocation Failure) [ParNew: 272687K->25K(306688K), 0.0113324 secs] 335999K->63337K(2587392K), 0.0113938 secs] [Times: user=0.04 sys=0.00, real=0.01 secs] 
[2017-06-05 06:26:00,839] [GC (Allocation Failure) [ParNew: 272665K->29K(306688K), 0.0104713 secs] 335977K->63342K(2587392K), 0.0105303 secs] [Times: user=0.03 sys=0.00, real=0.01 secs] 
[2017-06-05 06:26:01,008] [GC (Allocation Failure) [ParNew: 272669K->30K(306688K), 0.0092800 secs] 335982K->63342K(2587392K), 0.0093330 secs] [Times: user=0.04 sys=0.00, real=0.01 secs] 
[2017-06-05 06:26:01,184] [GC (Allocation Failure) [ParNew: 272670K->41K(306688K), 0.0108105 secs] 335982K->63353K(2587392K), 0.0108654 secs] [Times: user=0.04 sys=0.00, real=0.02 secs] 
[2017-06-05 06:26:01,396] [GC (Allocation Failure) [ParNew: 272681K->28K(306688K), 0.0099444 secs] 335993K->63341K(2587392K), 0.0100552 secs] [Times: user=0.04 sys=0.00, real=0.01 secs] 
[2017-06-05 06:26:01,565] [GC (Allocation Failure) [ParNew: 272668K->33K(306688K), 0.0094072 secs] 335981K->63346K(2587392K), 0.0094696 secs] [Times: user=0.03 sys=0.00, real=0.01 secs] 
[2017-06-05 06:26:01,746] [GC (Allocation Failure) [ParNew: 272673K->33K(306688K), 0.0096472 secs] 335986K->63345K(2587392K), 0.0096987 secs] [Times: user=0.03 sys=0.00, real=0.01 secs] 
[2017-06-05 06:26:01,933] [GC (Allocation Failure) [ParNew: 272673K->39K(306688K), 0.0094761 secs] 335985K->63351K(2587392K), 0.0095436 secs] [Times: user=0.03 sys=0.00, real=0.00 secs] 
[2017-06-05 06:26:02,121] [GC (Allocation Failure) [ParNew: 272679K->45K(306688K), 0.0116691 secs] 335991K->63358K(2587392K), 0.0117418 secs] [Times: user=0.03 sys=0.00, real=0.01 secs] 
[2017-06-05 06:26:02,304] [GC (Allocation Failure) [ParNew: 272685K->46K(306688K), 0.0113964 secs] 335998K->63358K(2587392K), 0.0114506 secs] [Times: user=0.04 sys=0.00, real=0.02 secs] 
[2017-06-05 06:26:02,469] [GC (Allocation Failure) [ParNew: 272686K->28K(306688K), 0.0098684 secs] 335998K->63341K(2587392K), 0.0099220 secs] [Times: user=0.04 sys=0.00, real=0.01 secs] 
[2017-06-05 06:26:02,645] [GC (Allocation Failure) [ParNew: 272668K->27K(306688K), 0.0115072 secs] 335981K->63340K(2587392K), 0.0115595 secs] [Times: user=0.03 sys=0.00, real=0.02 secs] 
[2017-06-05 06:26:02,815] [GC (Allocation Failure) [ParNew: 272667K->29K(306688K), 0.0104011 secs] 335980K->63341K(2587392K), 0.0104711 secs] [Times: user=0.04 sys=0.00, real=0.01 secs] 
[2017-06-05 06:26:02,986] [GC (Allocation Failure) [ParNew: 272669K->45K(306688K), 0.0097591 secs] 335981K->63358K(2587392K), 0.0098278 secs] [Times: user=0.04 sys=0.00, real=0.01 secs] 
[2017-06-05 06:26:03,153] [GC (Allocation Failure) [ParNew: 272685K->28K(306688K), 0.0093652 secs] 335998K->63341K(2587392K), 0.0094405 secs] [Times: user=0.03 sys=0.00, real=0.01 secs] 
[2017-06-05 06:26:03,318] [GC (Allocation Failure) [ParNew: 272668K->39K(306688K), 0.0098038 secs] 335981K->63352K(2587392K), 0.0098659 secs] [Times: user=0.04 sys=0.00, real=0.01 secs] 
[2017-06-05 06:26:03,500] [GC (Allocation Failure) [ParNew: 272679K->44K(306688K), 0.0092558 secs] 335992K->63356K(2587392K), 0.0093254 secs] [Times: user=0.04 sys=0.00, real=0.01 secs] 
[2017-06-05 06:26:03,667] [GC (Allocation Failure) [ParNew: 272684K->23K(306688K), 0.0091527 secs] 335996K->63336K(2587392K), 0.0092250 secs] [Times: user=0.04 sys=0.00, real=0.01 secs] 
[2017-06-05 06:26:03,840] [GC (Allocation Failure) [ParNew: 272663K->28K(306688K), 0.0114881 secs] 335976K->63341K(2587392K), 0.0115352 secs] [Times: user=0.04 sys=0.00, real=0.01 secs] 
[2017-06-05 06:26:04,122] [GC (Allocation Failure) [ParNew: 272668K->55K(306688K), 0.0107654 secs] 335981K->63367K(2587392K), 0.0108248 secs] [Times: user=0.04 sys=0.00, real=0.01 secs] 
[2017-06-05 06:26:04,305] [GC (Allocation Failure) [ParNew: 272695K->55K(306688K), 0.0097226 secs] 336007K->63368K(2587392K), 0.0097882 secs] [Times: user=0.04 sys=0.00, real=0.01 secs] 
[2017-06-05 06:26:04,475] [GC (Allocation Failure) [ParNew: 272695K->41K(306688K), 0.0105097 secs] 336008K->63353K(2587392K), 0.0105677 secs] [Times: user=0.04 sys=0.00, real=0.02 secs] 
[2017-06-05 06:26:04,654] [GC (Allocation Failure) [ParNew: 272681K->44K(306688K), 0.0101148 secs] 335993K->63356K(2587392K), 0.0101801 secs] [Times: user=0.03 sys=0.00, real=0.01 secs] 
[2017-06-05 06:26:04,820] [GC (Allocation Failure) [ParNew: 272684K->49K(306688K), 0.0098111 secs] 335996K->63362K(2587392K), 0.0098658 secs] [Times: user=0.04 sys=0.00, real=0.01 secs] 
[2017-06-05 06:26:04,993] [GC (Allocation Failure) [ParNew: 272689K->39K(306688K), 0.0085000 secs] 336002K->63353K(2587392K), 0.0085608 secs] [Times: user=0.03 sys=0.00, real=0.01 secs] 
[2017-06-05 06:26:05,177] [GC (Allocation Failure) [ParNew: 272679K->28K(306688K), 0.0133184 secs] 335993K->63353K(2587392K), 0.0133751 secs] [Times: user=0.04 sys=0.00, real=0.02 secs] 
[2017-06-05 06:26:05,370] [GC (Allocation Failure) [ParNew: 272668K->39K(306688K), 0.0101213 secs] 335993K->63363K(2587392K), 0.0101794 secs] [Times: user=0.04 sys=0.00, real=0.01 secs] 
[2017-06-05 06:26:05,569] [GC (Allocation Failure) [ParNew: 272679K->37K(306688K), 0.0130442 secs] 336003K->63361K(2587392K), 0.0130981 secs] [Times: user=0.04 sys=0.00, real=0.01 secs] 
[2017-06-05 06:26:05,761] [GC (Allocation Failure) [ParNew: 272677K->30K(306688K), 0.0128966 secs] 336001K->63355K(2587392K), 0.0129454 secs] [Times: user=0.05 sys=0.00, real=0.01 secs] 
[2017-06-05 06:26:05,934] [GC (Allocation Failure) [ParNew: 272670K->36K(306688K), 0.0096781 secs] 335995K->63361K(2587392K), 0.0098190 secs] [Times: user=0.03 sys=0.00, real=0.01 secs] 
[2017-06-05 06:26:06,129] [GC (Allocation Failure) [ParNew: 272676K->44K(306688K), 0.0118578 secs] 336001K->63369K(2587392K), 0.0119792 secs] [Times: user=0.03 sys=0.01, real=0.01 secs] 
[2017-06-05 06:26:06,311] [GC (Allocation Failure) [ParNew: 272684K->33K(306688K), 0.0122299 secs] 336009K->63359K(2587392K), 0.0123191 secs] [Times: user=0.04 sys=0.00, real=0.01 secs] 
[2017-06-05 06:26:06,522] [GC (Allocation Failure) [ParNew: 272673K->29K(306688K), 0.0099049 secs] 335999K->63363K(2587392K), 0.0099884 secs] [Times: user=0.03 sys=0.00, real=0.01 secs] 
[2017-06-05 06:26:06,734] [GC (Allocation Failure) [ParNew: 272669K->38K(306688K), 0.0122740 secs] 336003K->63372K(2587392K), 0.0123514 secs] [Times: user=0.04 sys=0.00, real=0.01 secs] 
[2017-06-05 06:26:06,982] [GC (Allocation Failure) [ParNew: 272678K->58K(306688K), 0.0185970 secs] 336012K->63392K(2587392K), 0.0187373 secs] [Times: user=0.06 sys=0.00, real=0.02 secs] 
[2017-06-05 06:26:07,208] [GC (Allocation Failure) [ParNew: 272698K->32K(306688K), 0.0165139 secs] 336032K->63366K(2587392K), 0.0165820 secs] [Times: user=0.05 sys=0.00, real=0.02 secs] 
[2017-06-05 06:26:07,392] [GC (Allocation Failure) [ParNew: 272672K->48K(306688K), 0.0139385 secs] 336006K->63382K(2587392K), 0.0140071 secs] [Times: user=0.04 sys=0.00, real=0.01 secs] 
[2017-06-05 06:26:07,565] [GC (Allocation Failure) [ParNew: 272688K->34K(306688K), 0.0101169 secs] 336022K->63368K(2587392K), 0.0101697 secs] [Times: user=0.04 sys=0.00, real=0.01 secs] 
[2017-06-05 06:26:07,737] [GC (Allocation Failure) [ParNew: 272674K->40K(306688K), 0.0118115 secs] 336008K->63375K(2587392K), 0.0118614 secs] [Times: user=0.04 sys=0.00, real=0.01 secs] 
[2017-06-05 06:26:07,902] [GC (Allocation Failure) [ParNew: 272680K->41K(306688K), 0.0089576 secs] 336015K->63378K(2587392K), 0.0090215 secs] [Times: user=0.04 sys=0.00, real=0.01 secs] 
[2017-06-05 06:26:08,066] [GC (Allocation Failure) [ParNew: 272681K->36K(306688K), 0.0092281 secs] 336018K->63379K(2587392K), 0.0092830 secs] [Times: user=0.03 sys=0.00, real=0.01 secs] 
[2017-06-05 06:26:08,244] [GC (Allocation Failure) [ParNew: 272676K->26K(306688K), 0.0109872 secs] 336019K->63370K(2587392K), 0.0110509 secs] [Times: user=0.04 sys=0.00, real=0.02 secs] 
[2017-06-05 06:26:08,420] [GC (Allocation Failure) [ParNew: 272666K->31K(306688K), 0.0081943 secs] 336010K->63376K(2587392K), 0.0082469 secs] [Times: user=0.03 sys=0.01, real=0.01 secs] 
[2017-06-05 06:26:08,592] [GC (Allocation Failure) [ParNew: 272671K->18K(306688K), 0.0103945 secs] 336016K->63371K(2587392K), 0.0104532 secs] [Times: user=0.03 sys=0.00, real=0.01 secs] 
[2017-06-05 06:26:08,762] [GC (Allocation Failure) [ParNew: 272658K->13K(306688K), 0.0103663 secs] 336011K->63366K(2587392K), 0.0104216 secs] [Times: user=0.04 sys=0.01, real=0.01 secs] 
[2017-06-05 06:26:08,936] [GC (Allocation Failure) [ParNew: 272653K->32K(306688K), 0.0107818 secs] 336006K->63385K(2587392K), 0.0108373 secs] [Times: user=0.04 sys=0.01, real=0.01 secs] 
[2017-06-05 06:26:09,113] [GC (Allocation Failure) [ParNew: 272672K->19K(306688K), 0.0095184 secs] 336025K->63372K(2587392K), 0.0096336 secs] [Times: user=0.04 sys=0.00, real=0.01 secs] 
[2017-06-05 06:26:09,282] [GC (Allocation Failure) [ParNew: 272659K->18K(306688K), 0.0093022 secs] 336012K->63371K(2587392K), 0.0093589 secs] [Times: user=0.04 sys=0.00, real=0.01 secs] 
[2017-06-05 06:26:09,446] [GC (Allocation Failure) [ParNew: 272658K->16K(306688K), 0.0087720 secs] 336011K->63369K(2587392K), 0.0089751 secs] [Times: user=0.03 sys=0.00, real=0.01 secs] 
[2017-06-05 06:26:09,609] [GC (Allocation Failure) [ParNew: 272656K->16K(306688K), 0.0086714 secs] 336009K->63369K(2587392K), 0.0087313 secs] [Times: user=0.03 sys=0.00, real=0.01 secs] 
[2017-06-05 06:26:09,776] [GC (Allocation Failure) [ParNew: 272656K->18K(306688K), 0.0096931 secs] 336009K->63371K(2587392K), 0.0098226 secs] [Times: user=0.04 sys=0.00, real=0.01 secs] 
[2017-06-05 06:26:09,957] [GC (Allocation Failure) [ParNew: 272658K->17K(306688K), 0.0103903 secs] 336011K->63370K(2587392K), 0.0106000 secs] [Times: user=0.04 sys=0.00, real=0.01 secs] 
[2017-06-05 06:26:10,160] [GC (Allocation Failure) [ParNew: 272657K->19K(306688K), 0.0090506 secs] 336010K->63372K(2587392K), 0.0091089 secs] [Times: user=0.03 sys=0.00, real=0.01 secs] 
[2017-06-05 06:26:10,320] [GC (Allocation Failure) [ParNew: 272659K->21K(306688K), 0.0077868 secs] 336012K->63374K(2587392K), 0.0078402 secs] [Times: user=0.02 sys=0.00, real=0.01 secs] 
[2017-06-05 06:26:10,597] [GC (Allocation Failure) [ParNew: 272661K->16K(306688K), 0.0091504 secs] 336014K->63369K(2587392K), 0.0092575 secs] [Times: user=0.04 sys=0.00, real=0.01 secs] 
[2017-06-05 06:26:10,978] [GC (Allocation Failure) [ParNew: 272656K->15K(306688K), 0.0078461 secs] 336009K->63368K(2587392K), 0.0078952 secs] [Times: user=0.03 sys=0.00, real=0.01 secs] 
[2017-06-05 06:26:11,171] [GC (Allocation Failure) [ParNew: 272655K->26K(306688K), 0.0089896 secs] 336008K->63379K(2587392K), 0.0090480 secs] [Times: user=0.03 sys=0.00, real=0.01 secs] 
[2017-06-05 06:26:11,332] [GC (Allocation Failure) [ParNew: 272666K->36K(306688K), 0.0082671 secs] 336019K->63389K(2587392K), 0.0083177 secs] [Times: user=0.03 sys=0.00, real=0.01 secs] 
[2017-06-05 06:26:11,608] [GC (Allocation Failure) [ParNew: 272676K->54K(306688K), 0.0081545 secs] 336029K->63407K(2587392K), 0.0082163 secs] [Times: user=0.03 sys=0.00, real=0.01 secs] 
RACE_RESULT||sendNum=40000000||sendCost=78396
[2017-06-05 06:26:11,791] [2017-06-05 06:26:11,790] Produce Finished, sendNum 40000000, Cost 78396 ms
KILL_9 Produce
Finish Run SubTask[bash -c sh ../bin/produce.sh ], Cost 80336 ms
Run SubTask bash -c sh ../bin/consume.sh 
[2017-06-05 06:26:12,034] Start Consume =============================
[2017-06-05 06:26:12,127] consume pro_max 400000
[2017-06-05 06:26:12,128] consume store.path /home/admin/race2017/data
[2017-06-05 06:26:12,131] 
[2017-06-05 06:26:13,796] [GC (Allocation Failure) [ParNew: 272640K->2106K(306688K), 0.0138019 secs] 272640K->2106K(2587392K), 0.0139159 secs] [Times: user=0.05 sys=0.00, real=0.01 secs] 
[2017-06-05 06:26:14,536] [GC (Allocation Failure) [ParNew: 274746K->2241K(306688K), 0.0097089 secs] 274746K->2241K(2587392K), 0.0097698 secs] [Times: user=0.04 sys=0.00, real=0.01 secs] 
[2017-06-05 06:26:14,846] [GC (Allocation Failure) [ParNew: 274881K->2759K(306688K), 0.0098789 secs] 274881K->2759K(2587392K), 0.0099457 secs] [Times: user=0.04 sys=0.00, real=0.01 secs] 
[2017-06-05 06:26:15,068] [GC (Allocation Failure) [ParNew: 275399K->2959K(306688K), 0.0109773 secs] 275399K->2959K(2587392K), 0.0110607 secs] [Times: user=0.04 sys=0.00, real=0.01 secs] 
[2017-06-05 06:26:15,292] [GC (Allocation Failure) [ParNew: 275599K->2409K(306688K), 0.0079583 secs] 275599K->2409K(2587392K), 0.0080800 secs] [Times: user=0.03 sys=0.00, real=0.01 secs] 
[2017-06-05 06:26:15,500] [GC (Allocation Failure) [ParNew: 275049K->2733K(306688K), 0.0080939 secs] 275049K->2733K(2587392K), 0.0081451 secs] [Times: user=0.03 sys=0.00, real=0.01 secs] 
[2017-06-05 06:26:15,648] [GC (Allocation Failure) [ParNew: 275373K->1692K(306688K), 0.0183491 secs] 275373K->2886K(2587392K), 0.0183997 secs] [Times: user=0.06 sys=0.01, real=0.02 secs] 
[2017-06-05 06:26:15,827] [GC (Allocation Failure) [ParNew: 274332K->999K(306688K), 0.0086332 secs] 275526K->2194K(2587392K), 0.0087994 secs] [Times: user=0.03 sys=0.00, real=0.01 secs] 
[2017-06-05 06:26:16,050] [GC (Allocation Failure) [ParNew: 273639K->730K(306688K), 0.0116692 secs] 274834K->1926K(2587392K), 0.0118368 secs] [Times: user=0.04 sys=0.00, real=0.01 secs] 
[2017-06-05 06:26:16,336] [GC (Allocation Failure) [ParNew: 273370K->835K(306688K), 0.0145850 secs] 274566K->2032K(2587392K), 0.0146544 secs] [Times: user=0.05 sys=0.00, real=0.02 secs] 
[2017-06-05 06:26:16,575] [GC (Allocation Failure) [ParNew: 273475K->876K(306688K), 0.0117599 secs] 274672K->2073K(2587392K), 0.0118128 secs] [Times: user=0.03 sys=0.00, real=0.01 secs] 
[2017-06-05 06:26:16,729] [GC (Allocation Failure) [ParNew: 273516K->694K(306688K), 0.0120701 secs] 274713K->1891K(2587392K), 0.0121901 secs] [Times: user=0.04 sys=0.00, real=0.01 secs] 
[2017-06-05 06:26:16,843] [GC (Allocation Failure) [ParNew: 273334K->663K(306688K), 0.0073475 secs] 274531K->1860K(2587392K), 0.0073983 secs] [Times: user=0.03 sys=0.00, real=0.01 secs] 
[2017-06-05 06:26:16,955] [GC (Allocation Failure) [ParNew: 273303K->681K(306688K), 0.0084304 secs] 274500K->1878K(2587392K), 0.0084916 secs] [Times: user=0.03 sys=0.00, real=0.01 secs] 
[2017-06-05 06:26:17,061] [GC (Allocation Failure) [ParNew: 273321K->614K(306688K), 0.0082467 secs] 274518K->1811K(2587392K), 0.0083095 secs] [Times: user=0.03 sys=0.00, real=0.01 secs] 
[2017-06-05 06:26:17,164] [GC (Allocation Failure) [ParNew: 273254K->614K(306688K), 0.0073031 secs] 274451K->1811K(2587392K), 0.0073624 secs] [Times: user=0.03 sys=0.00, real=0.00 secs] 
[2017-06-05 06:26:17,279] [GC (Allocation Failure) [ParNew: 273254K->607K(306688K), 0.0080998 secs] 274451K->1804K(2587392K), 0.0081567 secs] [Times: user=0.03 sys=0.00, real=0.01 secs] 
[2017-06-05 06:26:17,391] [GC (Allocation Failure) [ParNew: 273247K->635K(306688K), 0.0099187 secs] 274444K->1832K(2587392K), 0.0099773 secs] [Times: user=0.03 sys=0.00, real=0.01 secs] 
[2017-06-05 06:26:17,504] [GC (Allocation Failure) [ParNew: 273275K->657K(306688K), 0.0101574 secs] 274472K->1854K(2587392K), 0.0102144 secs] [Times: user=0.03 sys=0.00, real=0.01 secs] 
[2017-06-05 06:26:17,613] [GC (Allocation Failure) [ParNew: 273297K->588K(306688K), 0.0078561 secs] 274494K->1786K(2587392K), 0.0079094 secs] [Times: user=0.03 sys=0.00, real=0.01 secs] 
[2017-06-05 06:26:17,717] [GC (Allocation Failure) [ParNew: 273228K->599K(306688K), 0.0081379 secs] 274426K->1797K(2587392K), 0.0081917 secs] [Times: user=0.03 sys=0.00, real=0.01 secs] 
[2017-06-05 06:26:17,825] [GC (Allocation Failure) [ParNew: 273239K->609K(306688K), 0.0082104 secs] 274437K->1806K(2587392K), 0.0082764 secs] [Times: user=0.03 sys=0.00, real=0.00 secs] 
[2017-06-05 06:26:17,936] [GC (Allocation Failure) [ParNew: 273249K->603K(306688K), 0.0105060 secs] 274446K->1800K(2587392K), 0.0105942 secs] [Times: user=0.03 sys=0.00, real=0.01 secs] 
[2017-06-05 06:26:18,059] [GC (Allocation Failure) [ParNew: 273243K->586K(306688K), 0.0145773 secs] 274440K->1784K(2587392K), 0.0146456 secs] [Times: user=0.04 sys=0.00, real=0.02 secs] 
[2017-06-05 06:26:18,193] [GC (Allocation Failure) [ParNew: 273226K->610K(306688K), 0.0119024 secs] 274424K->1807K(2587392K), 0.0119834 secs] [Times: user=0.04 sys=0.00, real=0.01 secs] 
[2017-06-05 06:26:18,320] [GC (Allocation Failure) [ParNew: 273250K->581K(306688K), 0.0091171 secs] 274447K->1779K(2587392K), 0.0091712 secs] [Times: user=0.04 sys=0.01, real=0.01 secs] 
[2017-06-05 06:26:18,444] [GC (Allocation Failure) [ParNew: 273221K->567K(306688K), 0.0117354 secs] 274419K->1765K(2587392K), 0.0117955 secs] [Times: user=0.04 sys=0.00, real=0.01 secs] 
[2017-06-05 06:26:18,579] [GC (Allocation Failure) [ParNew: 273207K->568K(306688K), 0.0088149 secs] 274405K->1766K(2587392K), 0.0089502 secs] [Times: user=0.03 sys=0.00, real=0.01 secs] 
[2017-06-05 06:26:18,709] [GC (Allocation Failure) [ParNew: 273208K->561K(306688K), 0.0102434 secs] 274406K->1759K(2587392K), 0.0102998 secs] [Times: user=0.03 sys=0.00, real=0.01 secs] 
[2017-06-05 06:26:18,829] [GC (Allocation Failure) [ParNew: 273201K->565K(306688K), 0.0080169 secs] 274399K->1763K(2587392K), 0.0080860 secs] [Times: user=0.03 sys=0.01, real=0.01 secs] 
[2017-06-05 06:26:18,952] [GC (Allocation Failure) [ParNew: 273205K->574K(306688K), 0.0088301 secs] 274403K->1773K(2587392K), 0.0089289 secs] [Times: user=0.03 sys=0.00, real=0.01 secs] 
[2017-06-05 06:26:19,059] [GC (Allocation Failure) [ParNew: 273214K->577K(306688K), 0.0070153 secs] 274413K->1775K(2587392K), 0.0070673 secs] [Times: user=0.03 sys=0.00, real=0.01 secs] 
[2017-06-05 06:26:19,172] [GC (Allocation Failure) [ParNew: 273217K->565K(306688K), 0.0097091 secs] 274415K->1763K(2587392K), 0.0098369 secs] [Times: user=0.03 sys=0.00, real=0.01 secs] 
[2017-06-05 06:26:19,282] [GC (Allocation Failure) [ParNew: 273205K->561K(306688K), 0.0087556 secs] 274403K->1760K(2587392K), 0.0088084 secs] [Times: user=0.03 sys=0.00, real=0.01 secs] 
[2017-06-05 06:26:19,389] [GC (Allocation Failure) [ParNew: 273201K->563K(306688K), 0.0114343 secs] 274400K->1762K(2587392K), 0.0114835 secs] [Times: user=0.04 sys=0.00, real=0.01 secs] 
[2017-06-05 06:26:19,494] [GC (Allocation Failure) [ParNew: 273203K->563K(306688K), 0.0088300 secs] 274402K->1761K(2587392K), 0.0088987 secs] [Times: user=0.03 sys=0.00, real=0.01 secs] 
[2017-06-05 06:26:19,601] [GC (Allocation Failure) [ParNew: 273203K->597K(306688K), 0.0086521 secs] 274401K->1796K(2587392K), 0.0087170 secs] [Times: user=0.03 sys=0.00, real=0.01 secs] 
[2017-06-05 06:26:19,708] [GC (Allocation Failure) [ParNew: 273237K->571K(306688K), 0.0092647 secs] 274436K->1770K(2587392K), 0.0093912 secs] [Times: user=0.03 sys=0.00, real=0.01 secs] 
[2017-06-05 06:26:19,825] [GC (Allocation Failure) [ParNew: 273211K->566K(306688K), 0.0133808 secs] 274410K->1765K(2587392K), 0.0134463 secs] [Times: user=0.04 sys=0.00, real=0.01 secs] 
[2017-06-05 06:26:19,935] [GC (Allocation Failure) [ParNew: 273206K->591K(306688K), 0.0113997 secs] 274405K->1790K(2587392K), 0.0114639 secs] [Times: user=0.03 sys=0.00, real=0.01 secs] 
[2017-06-05 06:26:20,042] [GC (Allocation Failure) [ParNew: 273231K->572K(306688K), 0.0107303 secs] 274430K->1771K(2587392K), 0.0108532 secs] [Times: user=0.03 sys=0.00, real=0.01 secs] 
[2017-06-05 06:26:20,148] [GC (Allocation Failure) [ParNew: 273212K->574K(306688K), 0.0079853 secs] 274411K->1773K(2587392K), 0.0080495 secs] [Times: user=0.02 sys=0.00, real=0.01 secs] 
[2017-06-05 06:26:20,262] [GC (Allocation Failure) [ParNew: 273214K->570K(306688K), 0.0130397 secs] 274413K->1769K(2587392K), 0.0131005 secs] [Times: user=0.04 sys=0.00, real=0.01 secs] 
[2017-06-05 06:26:20,373] [GC (Allocation Failure) [ParNew: 273210K->558K(306688K), 0.0080931 secs] 274409K->1758K(2587392K), 0.0081449 secs] [Times: user=0.03 sys=0.00, real=0.01 secs] 
[2017-06-05 06:26:20,501] [GC (Allocation Failure) [ParNew: 273198K->561K(306688K), 0.0091246 secs] 274398K->1760K(2587392K), 0.0091912 secs] [Times: user=0.04 sys=0.00, real=0.01 secs] 
[2017-06-05 06:26:20,637] [GC (Allocation Failure) [ParNew: 273201K->562K(306688K), 0.0086084 secs] 274400K->1762K(2587392K), 0.0086756 secs] [Times: user=0.03 sys=0.00, real=0.01 secs] 
[2017-06-05 06:26:20,750] [GC (Allocation Failure) [ParNew: 273202K->566K(306688K), 0.0091807 secs] 274402K->1766K(2587392K), 0.0092383 secs] [Times: user=0.04 sys=0.00, real=0.01 secs] 
[2017-06-05 06:26:20,866] [GC (Allocation Failure) [ParNew: 273206K->567K(306688K), 0.0092938 secs] 274406K->1766K(2587392K), 0.0094488 secs] [Times: user=0.03 sys=0.00, real=0.01 secs] 
[2017-06-05 06:26:20,975] [GC (Allocation Failure) [ParNew: 273207K->557K(306688K), 0.0080654 secs] 274406K->1757K(2587392K), 0.0081274 secs] [Times: user=0.03 sys=0.00, real=0.01 secs] 
[2017-06-05 06:26:21,078] [GC (Allocation Failure) [ParNew: 273197K->569K(306688K), 0.0081408 secs] 274397K->1769K(2587392K), 0.0082064 secs] [Times: user=0.03 sys=0.00, real=0.01 secs] 
[2017-06-05 06:26:21,187] [GC (Allocation Failure) [ParNew: 273209K->570K(306688K), 0.0095321 secs] 274409K->1769K(2587392K), 0.0095909 secs] [Times: user=0.04 sys=0.00, real=0.01 secs] 
[2017-06-05 06:26:21,291] [GC (Allocation Failure) [ParNew: 273210K->559K(306688K), 0.0085976 secs] 274409K->1759K(2587392K), 0.0086521 secs] [Times: user=0.03 sys=0.00, real=0.01 secs] 
[2017-06-05 06:26:21,395] [GC (Allocation Failure) [ParNew: 273199K->568K(306688K), 0.0091575 secs] 274399K->1768K(2587392K), 0.0092782 secs] [Times: user=0.03 sys=0.00, real=0.01 secs] 
[2017-06-05 06:26:21,514] [GC (Allocation Failure) [ParNew: 273208K->566K(306688K), 0.0251621 secs] 274408K->1766K(2587392K), 0.0252281 secs] [Times: user=0.07 sys=0.00, real=0.02 secs] 
[2017-06-05 06:26:21,624] [GC (Allocation Failure) [ParNew: 273206K->559K(306688K), 0.0114619 secs] 274406K->1759K(2587392K), 0.0115231 secs] [Times: user=0.03 sys=0.00, real=0.01 secs] 
[2017-06-05 06:26:21,733] [GC (Allocation Failure) [ParNew: 273199K->557K(306688K), 0.0087537 secs] 274399K->1757K(2587392K), 0.0089619 secs] [Times: user=0.03 sys=0.00, real=0.01 secs] 
[2017-06-05 06:26:21,835] [GC (Allocation Failure) [ParNew: 273197K->563K(306688K), 0.0085412 secs] 274397K->1763K(2587392K), 0.0085986 secs] [Times: user=0.03 sys=0.00, real=0.01 secs] 
[2017-06-05 06:26:21,943] [GC (Allocation Failure) [ParNew: 273203K->566K(306688K), 0.0086292 secs] 274403K->1766K(2587392K), 0.0086850 secs] [Times: user=0.04 sys=0.00, real=0.01 secs] 
[2017-06-05 06:26:22,049] [GC (Allocation Failure) [ParNew: 273206K->582K(306688K), 0.0076119 secs] 274406K->1782K(2587392K), 0.0076689 secs] [Times: user=0.03 sys=0.00, real=0.01 secs] 
[2017-06-05 06:26:22,162] [GC (Allocation Failure) [ParNew: 273222K->580K(306688K), 0.0084639 secs] 274422K->1780K(2587392K), 0.0085175 secs] [Times: user=0.03 sys=0.00, real=0.01 secs] 
[2017-06-05 06:26:22,260] [GC (Allocation Failure) [ParNew: 273220K->567K(306688K), 0.0072618 secs] 274420K->1767K(2587392K), 0.0073289 secs] [Times: user=0.03 sys=0.00, real=0.01 secs] 
[2017-06-05 06:26:22,367] [GC (Allocation Failure) [ParNew: 273207K->563K(306688K), 0.0075566 secs] 274407K->1763K(2587392K), 0.0076066 secs] [Times: user=0.03 sys=0.00, real=0.00 secs] 
[2017-06-05 06:26:22,467] [GC (Allocation Failure) [ParNew: 273203K->592K(306688K), 0.0069173 secs] 274403K->1792K(2587392K), 0.0069693 secs] [Times: user=0.03 sys=0.00, real=0.01 secs] 
[2017-06-05 06:26:22,569] [GC (Allocation Failure) [ParNew: 273232K->562K(306688K), 0.0091756 secs] 274432K->1763K(2587392K), 0.0092366 secs] [Times: user=0.03 sys=0.00, real=0.01 secs] 
[2017-06-05 06:26:22,676] [GC (Allocation Failure) [ParNew: 273202K->561K(306688K), 0.0072080 secs] 274403K->1762K(2587392K), 0.0072611 secs] [Times: user=0.03 sys=0.00, real=0.00 secs] 
[2017-06-05 06:26:22,782] [GC (Allocation Failure) [ParNew: 273201K->562K(306688K), 0.0113468 secs] 274402K->1763K(2587392K), 0.0114048 secs] [Times: user=0.03 sys=0.00, real=0.01 secs] 
[2017-06-05 06:26:22,885] [GC (Allocation Failure) [ParNew: 273202K->559K(306688K), 0.0077597 secs] 274403K->1760K(2587392K), 0.0078157 secs] [Times: user=0.02 sys=0.00, real=0.00 secs] 
[2017-06-05 06:26:22,983] [GC (Allocation Failure) [ParNew: 273199K->563K(306688K), 0.0079013 secs] 274400K->1764K(2587392K), 0.0079602 secs] [Times: user=0.03 sys=0.01, real=0.01 secs] 
[2017-06-05 06:26:23,085] [GC (Allocation Failure) [ParNew: 273203K->563K(306688K), 0.0080628 secs] 274404K->1764K(2587392K), 0.0081147 secs] [Times: user=0.03 sys=0.00, real=0.01 secs] 
[2017-06-05 06:26:23,185] [GC (Allocation Failure) [ParNew: 273203K->565K(306688K), 0.0078612 secs] 274404K->1766K(2587392K), 0.0079518 secs] [Times: user=0.02 sys=0.00, real=0.00 secs] 
[2017-06-05 06:26:23,291] [GC (Allocation Failure) [ParNew: 273205K->566K(306688K), 0.0078852 secs] 274406K->1767K(2587392K), 0.0079329 secs] [Times: user=0.03 sys=0.00, real=0.01 secs] 
[2017-06-05 06:26:23,402] [GC (Allocation Failure) [ParNew: 273206K->565K(306688K), 0.0095990 secs] 274407K->1767K(2587392K), 0.0097044 secs] [Times: user=0.03 sys=0.00, real=0.01 secs] 
[2017-06-05 06:26:23,502] [GC (Allocation Failure) [ParNew: 273205K->555K(306688K), 0.0075079 secs] 274407K->1757K(2587392K), 0.0077229 secs] [Times: user=0.03 sys=0.00, real=0.01 secs] 
[2017-06-05 06:26:23,605] [GC (Allocation Failure) [ParNew: 273195K->566K(306688K), 0.0130989 secs] 274397K->1767K(2587392K), 0.0131515 secs] [Times: user=0.04 sys=0.00, real=0.01 secs] 
[2017-06-05 06:26:23,706] [GC (Allocation Failure) [ParNew: 273206K->569K(306688K), 0.0114926 secs] 274407K->1771K(2587392K), 0.0115402 secs] [Times: user=0.03 sys=0.00, real=0.01 secs] 
[2017-06-05 06:26:23,812] [GC (Allocation Failure) [ParNew: 273209K->565K(306688K), 0.0112656 secs] 274411K->1767K(2587392K), 0.0113190 secs] [Times: user=0.04 sys=0.00, real=0.01 secs] 
[2017-06-05 06:26:23,919] [GC (Allocation Failure) [ParNew: 273205K->568K(306688K), 0.0145607 secs] 274407K->1770K(2587392K), 0.0146386 secs] [Times: user=0.03 sys=0.00, real=0.02 secs] 
[2017-06-05 06:26:24,031] [GC (Allocation Failure) [ParNew: 273208K->565K(306688K), 0.0107065 secs] 274410K->1767K(2587392K), 0.0107658 secs] [Times: user=0.03 sys=0.00, real=0.01 secs] 
[2017-06-05 06:26:24,137] [GC (Allocation Failure) [ParNew: 273205K->564K(306688K), 0.0086398 secs] 274407K->1766K(2587392K), 0.0087956 secs] [Times: user=0.03 sys=0.00, real=0.00 secs] 
[2017-06-05 06:26:24,241] [GC (Allocation Failure) [ParNew: 273204K->563K(306688K), 0.0083801 secs] 274406K->1765K(2587392K), 0.0085499 secs] [Times: user=0.04 sys=0.00, real=0.01 secs] 
[2017-06-05 06:26:24,352] [GC (Allocation Failure) [ParNew: 273203K->568K(306688K), 0.0089485 secs] 274405K->1770K(2587392K), 0.0090077 secs] [Times: user=0.03 sys=0.00, real=0.01 secs] 
[2017-06-05 06:26:24,456] [GC (Allocation Failure) [ParNew: 273208K->564K(306688K), 0.0086883 secs] 274410K->1766K(2587392K), 0.0087488 secs] [Times: user=0.04 sys=0.00, real=0.01 secs] 
[2017-06-05 06:26:24,562] [GC (Allocation Failure) [ParNew: 273204K->581K(306688K), 0.0082171 secs] 274406K->1783K(2587392K), 0.0082799 secs] [Times: user=0.02 sys=0.00, real=0.01 secs] 
[2017-06-05 06:26:24,669] [GC (Allocation Failure) [ParNew: 273221K->563K(306688K), 0.0080568 secs] 274423K->1765K(2587392K), 0.0081097 secs] [Times: user=0.03 sys=0.00, real=0.01 secs] 
[2017-06-05 06:26:24,774] [GC (Allocation Failure) [ParNew: 273203K->559K(306688K), 0.0086127 secs] 274405K->1761K(2587392K), 0.0086725 secs] [Times: user=0.04 sys=0.00, real=0.01 secs] 
[2017-06-05 06:26:24,883] [GC (Allocation Failure) [ParNew: 273199K->563K(306688K), 0.0086594 secs] 274401K->1766K(2587392K), 0.0088211 secs] [Times: user=0.03 sys=0.00, real=0.01 secs] 
[2017-06-05 06:26:24,999] [GC (Allocation Failure) [ParNew: 273203K->565K(306688K), 0.0087666 secs] 274406K->1767K(2587392K), 0.0088448 secs] [Times: user=0.03 sys=0.00, real=0.01 secs] 
[2017-06-05 06:26:25,103] [GC (Allocation Failure) [ParNew: 273205K->560K(306688K), 0.0084859 secs] 274407K->1762K(2587392K), 0.0085508 secs] [Times: user=0.03 sys=0.01, real=0.01 secs] 
[2017-06-05 06:26:25,212] [GC (Allocation Failure) [ParNew: 273200K->570K(306688K), 0.0091262 secs] 274402K->1773K(2587392K), 0.0092729 secs] [Times: user=0.03 sys=0.00, real=0.01 secs] 
[2017-06-05 06:26:25,323] [GC (Allocation Failure) [ParNew: 273210K->571K(306688K), 0.0093536 secs] 274413K->1774K(2587392K), 0.0094128 secs] [Times: user=0.03 sys=0.00, real=0.01 secs] 
[2017-06-05 06:26:25,429] [GC (Allocation Failure) [ParNew: 273211K->562K(306688K), 0.0080756 secs] 274414K->1764K(2587392K), 0.0082272 secs] [Times: user=0.03 sys=0.00, real=0.01 secs] 
[2017-06-05 06:26:25,535] [GC (Allocation Failure) [ParNew: 273202K->598K(306688K), 0.0091061 secs] 274404K->1801K(2587392K), 0.0091541 secs] [Times: user=0.03 sys=0.00, real=0.01 secs] 
[2017-06-05 06:26:25,641] [GC (Allocation Failure) [ParNew: 273238K->565K(306688K), 0.0083851 secs] 274441K->1768K(2587392K), 0.0084433 secs] [Times: user=0.03 sys=0.00, real=0.01 secs] 
[2017-06-05 06:26:25,749] [GC (Allocation Failure) [ParNew: 273205K->564K(306688K), 0.0086442 secs] 274408K->1767K(2587392K), 0.0088194 secs] [Times: user=0.03 sys=0.00, real=0.01 secs] 
[2017-06-05 06:26:25,855] [GC (Allocation Failure) [ParNew: 273204K->566K(306688K), 0.0086969 secs] 274407K->1769K(2587392K), 0.0088819 secs] [Times: user=0.03 sys=0.00, real=0.01 secs] 
[2017-06-05 06:26:25,963] [GC (Allocation Failure) [ParNew: 273206K->572K(306688K), 0.0084085 secs] 274409K->1775K(2587392K), 0.0084794 secs] [Times: user=0.03 sys=0.00, real=0.01 secs] 
[2017-06-05 06:26:26,082] [GC (Allocation Failure) [ParNew: 273212K->599K(306688K), 0.0084675 secs] 274415K->1803K(2587392K), 0.0085205 secs] [Times: user=0.04 sys=0.00, real=0.01 secs] 
[2017-06-05 06:26:26,187] [GC (Allocation Failure) [ParNew: 273239K->565K(306688K), 0.0089557 secs] 274443K->1769K(2587392K), 0.0090094 secs] [Times: user=0.03 sys=0.00, real=0.00 secs] 
[2017-06-05 06:26:26,307] [GC (Allocation Failure) [ParNew: 273205K->564K(306688K), 0.0107658 secs] 274409K->1767K(2587392K), 0.0108444 secs] [Times: user=0.03 sys=0.00, real=0.02 secs] 
[2017-06-05 06:26:26,425] [GC (Allocation Failure) [ParNew: 273204K->563K(306688K), 0.0115712 secs] 274407K->1766K(2587392K), 0.0116442 secs] [Times: user=0.04 sys=0.01, real=0.01 secs] 
[2017-06-05 06:26:26,533] [GC (Allocation Failure) [ParNew: 273203K->560K(306688K), 0.0098769 secs] 274406K->1763K(2587392K), 0.0099491 secs] [Times: user=0.03 sys=0.00, real=0.01 secs] 
[2017-06-05 06:26:26,659] [GC (Allocation Failure) [ParNew: 273200K->564K(306688K), 0.0104701 secs] 274403K->1767K(2587392K), 0.0105344 secs] [Times: user=0.04 sys=0.00, real=0.01 secs] 
[2017-06-05 06:26:26,782] [GC (Allocation Failure) [ParNew: 273204K->562K(306688K), 0.0107349 secs] 274407K->1766K(2587392K), 0.0107932 secs] [Times: user=0.04 sys=0.00, real=0.01 secs] 
[2017-06-05 06:26:26,909] [GC (Allocation Failure) [ParNew: 273202K->570K(306688K), 0.0088675 secs] 274406K->1774K(2587392K), 0.0089262 secs] [Times: user=0.03 sys=0.01, real=0.01 secs] 
[2017-06-05 06:26:27,032] [GC (Allocation Failure) [ParNew: 273210K->562K(306688K), 0.0084196 secs] 274414K->1766K(2587392K), 0.0084714 secs] [Times: user=0.03 sys=0.00, real=0.01 secs] 
[2017-06-05 06:26:27,141] [GC (Allocation Failure) [ParNew: 273202K->567K(306688K), 0.0083160 secs] 274406K->1771K(2587392K), 0.0083692 secs] [Times: user=0.03 sys=0.00, real=0.01 secs] 
[2017-06-05 06:26:27,252] [GC (Allocation Failure) [ParNew: 273207K->575K(306688K), 0.0088922 secs] 274411K->1779K(2587392K), 0.0090604 secs] [Times: user=0.03 sys=0.00, real=0.01 secs] 
[2017-06-05 06:26:27,363] [GC (Allocation Failure) [ParNew: 273215K->566K(306688K), 0.0105591 secs] 274419K->1770K(2587392K), 0.0106139 secs] [Times: user=0.04 sys=0.01, real=0.01 secs] 
[2017-06-05 06:26:27,465] [GC (Allocation Failure) [ParNew: 273206K->575K(306688K), 0.0079623 secs] 274410K->1779K(2587392K), 0.0080138 secs] [Times: user=0.03 sys=0.00, real=0.01 secs] 
[2017-06-05 06:26:27,567] [GC (Allocation Failure) [ParNew: 273215K->566K(306688K), 0.0083880 secs] 274419K->1770K(2587392K), 0.0084410 secs] [Times: user=0.03 sys=0.00, real=0.00 secs] 
[2017-06-05 06:26:27,687] [GC (Allocation Failure) [ParNew: 273206K->563K(306688K), 0.0106202 secs] 274410K->1767K(2587392K), 0.0107348 secs] [Times: user=0.03 sys=0.00, real=0.02 secs] 
[2017-06-05 06:26:27,796] [GC (Allocation Failure) [ParNew: 273203K->565K(306688K), 0.0085666 secs] 274407K->1770K(2587392K), 0.0086301 secs] [Times: user=0.03 sys=0.00, real=0.01 secs] 
[2017-06-05 06:26:27,905] [GC (Allocation Failure) [ParNew: 273205K->568K(306688K), 0.0086046 secs] 274410K->1772K(2587392K), 0.0086708 secs] [Times: user=0.03 sys=0.00, real=0.01 secs] 
[2017-06-05 06:26:28,014] [GC (Allocation Failure) [ParNew: 273208K->567K(306688K), 0.0126657 secs] 274412K->1771K(2587392K), 0.0127246 secs] [Times: user=0.03 sys=0.00, real=0.01 secs] 
[2017-06-05 06:26:28,118] [GC (Allocation Failure) [ParNew: 273207K->566K(306688K), 0.0079334 secs] 274411K->1771K(2587392K), 0.0079936 secs] [Times: user=0.02 sys=0.00, real=0.00 secs] 
[2017-06-05 06:26:28,220] [GC (Allocation Failure) [ParNew: 273206K->560K(306688K), 0.0080222 secs] 274411K->1764K(2587392K), 0.0080750 secs] [Times: user=0.03 sys=0.00, real=0.01 secs] 
[2017-06-05 06:26:28,322] [GC (Allocation Failure) [ParNew: 273200K->559K(306688K), 0.0075695 secs] 274404K->1764K(2587392K), 0.0076334 secs] [Times: user=0.02 sys=0.01, real=0.01 secs] 
[2017-06-05 06:26:28,424] [GC (Allocation Failure) [ParNew: 273199K->569K(306688K), 0.0080352 secs] 274404K->1774K(2587392K), 0.0080885 secs] [Times: user=0.03 sys=0.00, real=0.01 secs] 
[2017-06-05 06:26:28,529] [GC (Allocation Failure) [ParNew: 273209K->566K(306688K), 0.0080954 secs] 274414K->1771K(2587392K), 0.0081471 secs] [Times: user=0.02 sys=0.00, real=0.01 secs] 
[2017-06-05 06:26:28,629] [GC (Allocation Failure) [ParNew: 273206K->565K(306688K), 0.0081165 secs] 274411K->1770K(2587392K), 0.0082097 secs] [Times: user=0.03 sys=0.00, real=0.01 secs] 
[2017-06-05 06:26:28,736] [GC (Allocation Failure) [ParNew: 273205K->571K(306688K), 0.0087031 secs] 274410K->1776K(2587392K), 0.0087553 secs] [Times: user=0.03 sys=0.00, real=0.00 secs] 
[2017-06-05 06:26:28,842] [GC (Allocation Failure) [ParNew: 273211K->569K(306688K), 0.0105148 secs] 274416K->1774K(2587392K), 0.0105886 secs] [Times: user=0.03 sys=0.00, real=0.01 secs] 
[2017-06-05 06:26:28,944] [GC (Allocation Failure) [ParNew: 273209K->560K(306688K), 0.0109910 secs] 274414K->1765K(2587392K), 0.0110535 secs] [Times: user=0.04 sys=0.00, real=0.01 secs] 
[2017-06-05 06:26:29,042] [GC (Allocation Failure) [ParNew: 273200K->557K(306688K), 0.0075987 secs] 274405K->1762K(2587392K), 0.0076605 secs] [Times: user=0.03 sys=0.00, real=0.01 secs] 
[2017-06-05 06:26:29,157] [GC (Allocation Failure) [ParNew: 273197K->561K(306688K), 0.0103984 secs] 274402K->1767K(2587392K), 0.0104532 secs] [Times: user=0.03 sys=0.00, real=0.01 secs] 
[2017-06-05 06:26:29,259] [GC (Allocation Failure) [ParNew: 273201K->557K(306688K), 0.0080125 secs] 274407K->1763K(2587392K), 0.0080692 secs] [Times: user=0.03 sys=0.00, real=0.01 secs] 
[2017-06-05 06:26:29,366] [GC (Allocation Failure) [ParNew: 273197K->563K(306688K), 0.0088764 secs] 274403K->1768K(2587392K), 0.0089326 secs] [Times: user=0.04 sys=0.00, real=0.01 secs] 
[2017-06-05 06:26:29,473] [GC (Allocation Failure) [ParNew: 273203K->558K(306688K), 0.0081532 secs] 274408K->1763K(2587392K), 0.0082537 secs] [Times: user=0.04 sys=0.00, real=0.01 secs] 
[2017-06-05 06:26:29,579] [GC (Allocation Failure) [ParNew: 273198K->564K(306688K), 0.0085298 secs] 274403K->1769K(2587392K), 0.0086021 secs] [Times: user=0.03 sys=0.00, real=0.01 secs] 
[2017-06-05 06:26:29,681] [GC (Allocation Failure) [ParNew: 273204K->573K(306688K), 0.0073466 secs] 274409K->1779K(2587392K), 0.0074024 secs] [Times: user=0.03 sys=0.00, real=0.01 secs] 
[2017-06-05 06:26:29,784] [GC (Allocation Failure) [ParNew: 273213K->562K(306688K), 0.0078365 secs] 274419K->1767K(2587392K), 0.0079632 secs] [Times: user=0.03 sys=0.00, real=0.01 secs] 
[2017-06-05 06:26:29,890] [GC (Allocation Failure) [ParNew: 273202K->570K(306688K), 0.0079729 secs] 274407K->1776K(2587392K), 0.0080482 secs] [Times: user=0.03 sys=0.00, real=0.01 secs] 
[2017-06-05 06:26:29,992] [GC (Allocation Failure) [ParNew: 273210K->565K(306688K), 0.0079524 secs] 274416K->1771K(2587392K), 0.0080058 secs] [Times: user=0.03 sys=0.00, real=0.01 secs] 
[2017-06-05 06:26:30,099] [GC (Allocation Failure) [ParNew: 273205K->551K(306688K), 0.0079290 secs] 274411K->1757K(2587392K), 0.0081812 secs] [Times: user=0.03 sys=0.00, real=0.01 secs] 
[2017-06-05 06:26:30,206] [GC (Allocation Failure) [ParNew: 273191K->549K(306688K), 0.0103880 secs] 274397K->1755K(2587392K), 0.0104625 secs] [Times: user=0.04 sys=0.00, real=0.01 secs] 
[2017-06-05 06:26:30,330] [GC (Allocation Failure) [ParNew: 273189K->555K(306688K), 0.0099581 secs] 274395K->1761K(2587392K), 0.0101209 secs] [Times: user=0.02 sys=0.01, real=0.01 secs] 
[2017-06-05 06:26:30,502] [GC (Allocation Failure) [ParNew: 273195K->552K(306688K), 0.0265468 secs] 274401K->1758K(2587392K), 0.0266722 secs] [Times: user=0.04 sys=0.00, real=0.03 secs] 
[2017-06-05 06:26:30,692] [GC (Allocation Failure) [ParNew: 273192K->562K(306688K), 0.0249890 secs] 274398K->1768K(2587392K), 0.0250851 secs] [Times: user=0.04 sys=0.00, real=0.03 secs] 
[2017-06-05 06:26:30,857] [GC (Allocation Failure) [ParNew: 273202K->565K(306688K), 0.0132943 secs] 274408K->1771K(2587392K), 0.0133569 secs] [Times: user=0.03 sys=0.00, real=0.01 secs] 
[2017-06-05 06:26:30,976] [GC (Allocation Failure) [ParNew: 273205K->570K(306688K), 0.0092997 secs] 274411K->1776K(2587392K), 0.0093483 secs] [Times: user=0.04 sys=0.00, real=0.01 secs] 
[2017-06-05 06:26:31,101] [GC (Allocation Failure) [ParNew: 273210K->560K(306688K), 0.0085210 secs] 274416K->1766K(2587392K), 0.0086027 secs] [Times: user=0.03 sys=0.00, real=0.01 secs] 
[2017-06-05 06:26:31,226] [GC (Allocation Failure) [ParNew: 273200K->559K(306688K), 0.0110724 secs] 274406K->1765K(2587392K), 0.0111325 secs] [Times: user=0.03 sys=0.00, real=0.01 secs] 
[2017-06-05 06:26:31,340] [GC (Allocation Failure) [ParNew: 273199K->564K(306688K), 0.0113464 secs] 274405K->1771K(2587392K), 0.0113984 secs] [Times: user=0.03 sys=0.00, real=0.01 secs] 
[2017-06-05 06:26:31,454] [GC (Allocation Failure) [ParNew: 273204K->567K(306688K), 0.0116328 secs] 274411K->1774K(2587392K), 0.0116902 secs] [Times: user=0.04 sys=0.00, real=0.01 secs] 
[2017-06-05 06:26:31,562] [GC (Allocation Failure) [ParNew: 273207K->566K(306688K), 0.0110507 secs] 274414K->1773K(2587392K), 0.0110990 secs] [Times: user=0.03 sys=0.00, real=0.01 secs] 
[2017-06-05 06:26:31,670] [GC (Allocation Failure) [ParNew: 273206K->568K(306688K), 0.0081249 secs] 274413K->1775K(2587392K), 0.0081770 secs] [Times: user=0.03 sys=0.00, real=0.01 secs] 
[2017-06-05 06:26:31,772] [GC (Allocation Failure) [ParNew: 273208K->562K(306688K), 0.0076931 secs] 274415K->1768K(2587392K), 0.0077400 secs] [Times: user=0.03 sys=0.00, real=0.01 secs] 
[2017-06-05 06:26:31,875] [GC (Allocation Failure) [ParNew: 273202K->600K(306688K), 0.0080174 secs] 274408K->1807K(2587392K), 0.0081829 secs] [Times: user=0.03 sys=0.00, real=0.01 secs] 
[2017-06-05 06:26:31,979] [GC (Allocation Failure) [ParNew: 273240K->570K(306688K), 0.0083234 secs] 274447K->1777K(2587392K), 0.0083697 secs] [Times: user=0.03 sys=0.00, real=0.01 secs] 
[2017-06-05 06:26:32,094] [GC (Allocation Failure) [ParNew: 273210K->558K(306688K), 0.0079488 secs] 274417K->1765K(2587392K), 0.0080999 secs] [Times: user=0.03 sys=0.00, real=0.01 secs] 
[2017-06-05 06:26:32,197] [GC (Allocation Failure) [ParNew: 273198K->559K(306688K), 0.0089382 secs] 274405K->1766K(2587392K), 0.0090597 secs] [Times: user=0.03 sys=0.00, real=0.01 secs] 
[2017-06-05 06:26:32,309] [GC (Allocation Failure) [ParNew: 273199K->577K(306688K), 0.0075047 secs] 274406K->1784K(2587392K), 0.0075619 secs] [Times: user=0.03 sys=0.00, real=0.00 secs] 
[2017-06-05 06:26:32,431] [GC (Allocation Failure) [ParNew: 273217K->568K(306688K), 0.0097101 secs] 274424K->1775K(2587392K), 0.0097661 secs] [Times: user=0.03 sys=0.00, real=0.01 secs] 
[2017-06-05 06:26:32,531] [GC (Allocation Failure) [ParNew: 273208K->563K(306688K), 0.0077368 secs] 274415K->1770K(2587392K), 0.0077887 secs] [Times: user=0.03 sys=0.00, real=0.01 secs] 
[2017-06-05 06:26:32,644] [GC (Allocation Failure) [ParNew: 273203K->563K(306688K), 0.0123601 secs] 274410K->1771K(2587392K), 0.0124136 secs] [Times: user=0.04 sys=0.00, real=0.01 secs] 
[2017-06-05 06:26:32,754] [GC (Allocation Failure) [ParNew: 273203K->568K(306688K), 0.0077041 secs] 274411K->1775K(2587392K), 0.0077555 secs] [Times: user=0.03 sys=0.00, real=0.01 secs] 
[2017-06-05 06:26:32,859] [GC (Allocation Failure) [ParNew: 273208K->565K(306688K), 0.0081284 secs] 274415K->1773K(2587392K), 0.0081835 secs] [Times: user=0.03 sys=0.00, real=0.01 secs] 
[2017-06-05 06:26:32,970] [GC (Allocation Failure) [ParNew: 273205K->564K(306688K), 0.0089026 secs] 274413K->1772K(2587392K), 0.0089642 secs] [Times: user=0.04 sys=0.00, real=0.01 secs] 
[2017-06-05 06:26:33,072] [GC (Allocation Failure) [ParNew: 273204K->569K(306688K), 0.0079667 secs] 274412K->1777K(2587392K), 0.0080159 secs] [Times: user=0.03 sys=0.00, real=0.01 secs] 
[2017-06-05 06:26:33,177] [GC (Allocation Failure) [ParNew: 273209K->565K(306688K), 0.0091523 secs] 274417K->1773K(2587392K), 0.0092025 secs] [Times: user=0.03 sys=0.00, real=0.01 secs] 
[2017-06-05 06:26:33,282] [GC (Allocation Failure) [ParNew: 273205K->559K(306688K), 0.0080889 secs] 274413K->1767K(2587392K), 0.0081385 secs] [Times: user=0.03 sys=0.00, real=0.01 secs] 
[2017-06-05 06:26:33,393] [GC (Allocation Failure) [ParNew: 273199K->564K(306688K), 0.0106364 secs] 274407K->1772K(2587392K), 0.0106837 secs] [Times: user=0.03 sys=0.00, real=0.01 secs] 
[2017-06-05 06:26:33,504] [GC (Allocation Failure) [ParNew: 273204K->561K(306688K), 0.0094064 secs] 274412K->1769K(2587392K), 0.0095730 secs] [Times: user=0.03 sys=0.00, real=0.01 secs] 
[2017-06-05 06:26:33,619] [GC (Allocation Failure) [ParNew: 273201K->559K(306688K), 0.0077112 secs] 274409K->1768K(2587392K), 0.0077698 secs] [Times: user=0.02 sys=0.00, real=0.01 secs] 
[2017-06-05 06:26:33,726] [GC (Allocation Failure) [ParNew: 273199K->571K(306688K), 0.0103855 secs] 274408K->1779K(2587392K), 0.0104369 secs] [Times: user=0.03 sys=0.00, real=0.01 secs] 
[2017-06-05 06:26:33,832] [GC (Allocation Failure) [ParNew: 273211K->571K(306688K), 0.0080506 secs] 274419K->1779K(2587392K), 0.0081209 secs] [Times: user=0.03 sys=0.00, real=0.01 secs] 
[2017-06-05 06:26:33,942] [GC (Allocation Failure) [ParNew: 273211K->563K(306688K), 0.0081755 secs] 274419K->1771K(2587392K), 0.0082326 secs] [Times: user=0.03 sys=0.00, real=0.01 secs] 
[2017-06-05 06:26:34,060] [GC (Allocation Failure) [ParNew: 273203K->570K(306688K), 0.0111357 secs] 274411K->1779K(2587392K), 0.0111913 secs] [Times: user=0.03 sys=0.00, real=0.01 secs] 
[2017-06-05 06:26:34,170] [GC (Allocation Failure) [ParNew: 273210K->562K(306688K), 0.0107110 secs] 274419K->1771K(2587392K), 0.0107857 secs] [Times: user=0.03 sys=0.00, real=0.01 secs] 
[2017-06-05 06:26:34,282] [GC (Allocation Failure) [ParNew: 273202K->569K(306688K), 0.0103619 secs] 274411K->1778K(2587392K), 0.0104148 secs] [Times: user=0.03 sys=0.00, real=0.01 secs] 
[2017-06-05 06:26:34,394] [GC (Allocation Failure) [ParNew: 273209K->568K(306688K), 0.0083463 secs] 274418K->1776K(2587392K), 0.0084978 secs] [Times: user=0.04 sys=0.00, real=0.01 secs] 
[2017-06-05 06:26:34,498] [GC (Allocation Failure) [ParNew: 273208K->564K(306688K), 0.0076253 secs] 274416K->1772K(2587392K), 0.0076892 secs] [Times: user=0.03 sys=0.00, real=0.00 secs] 
[2017-06-05 06:26:34,603] [GC (Allocation Failure) [ParNew: 273204K->560K(306688K), 0.0105634 secs] 274412K->1769K(2587392K), 0.0106492 secs] [Times: user=0.03 sys=0.00, real=0.01 secs] 
[2017-06-05 06:26:34,713] [GC (Allocation Failure) [ParNew: 273200K->558K(306688K), 0.0087758 secs] 274409K->1767K(2587392K), 0.0089619 secs] [Times: user=0.03 sys=0.00, real=0.01 secs] 
[2017-06-05 06:26:34,816] [GC (Allocation Failure) [ParNew: 273198K->566K(306688K), 0.0084330 secs] 274407K->1775K(2587392K), 0.0085018 secs] [Times: user=0.03 sys=0.00, real=0.01 secs] 
[2017-06-05 06:26:34,930] [GC (Allocation Failure) [ParNew: 273206K->573K(306688K), 0.0110884 secs] 274415K->1782K(2587392K), 0.0111907 secs] [Times: user=0.03 sys=0.00, real=0.01 secs] 
[2017-06-05 06:26:35,037] [GC (Allocation Failure) [ParNew: 273213K->581K(306688K), 0.0074890 secs] 274422K->1790K(2587392K), 0.0075368 secs] [Times: user=0.03 sys=0.00, real=0.00 secs] 
[2017-06-05 06:26:35,139] [GC (Allocation Failure) [ParNew: 273221K->563K(306688K), 0.0081082 secs] 274430K->1773K(2587392K), 0.0081588 secs] [Times: user=0.03 sys=0.00, real=0.01 secs] 
[2017-06-05 06:26:35,240] [GC (Allocation Failure) [ParNew: 273203K->556K(306688K), 0.0077406 secs] 274413K->1765K(2587392K), 0.0078944 secs] [Times: user=0.03 sys=0.00, real=0.01 secs] 
[2017-06-05 06:26:35,346] [GC (Allocation Failure) [ParNew: 273196K->560K(306688K), 0.0080254 secs] 274405K->1769K(2587392K), 0.0080945 secs] [Times: user=0.03 sys=0.00, real=0.01 secs] 
[2017-06-05 06:26:35,451] [GC (Allocation Failure) [ParNew: 273200K->566K(306688K), 0.0097664 secs] 274409K->1776K(2587392K), 0.0098331 secs] [Times: user=0.03 sys=0.00, real=0.01 secs] 
[2017-06-05 06:26:35,552] [GC (Allocation Failure) [ParNew: 273206K->568K(306688K), 0.0081139 secs] 274416K->1777K(2587392K), 0.0081667 secs] [Times: user=0.03 sys=0.00, real=0.01 secs] 
[2017-06-05 06:26:35,655] [GC (Allocation Failure) [ParNew: 273208K->562K(306688K), 0.0088307 secs] 274417K->1772K(2587392K), 0.0088967 secs] [Times: user=0.03 sys=0.00, real=0.01 secs] 
[2017-06-05 06:26:35,763] [GC (Allocation Failure) [ParNew: 273202K->564K(306688K), 0.0081763 secs] 274412K->1774K(2587392K), 0.0082331 secs] [Times: user=0.03 sys=0.00, real=0.01 secs] 
[2017-06-05 06:26:35,873] [GC (Allocation Failure) [ParNew: 273204K->568K(306688K), 0.0077446 secs] 274414K->1777K(2587392K), 0.0078270 secs] [Times: user=0.03 sys=0.00, real=0.01 secs] 
[2017-06-05 06:26:35,975] [GC (Allocation Failure) [ParNew: 273208K->557K(306688K), 0.0082689 secs] 274417K->1766K(2587392K), 0.0083393 secs] [Times: user=0.03 sys=0.00, real=0.01 secs] 
[2017-06-05 06:26:36,083] [GC (Allocation Failure) [ParNew: 273197K->565K(306688K), 0.0087179 secs] 274406K->1775K(2587392K), 0.0087881 secs] [Times: user=0.03 sys=0.00, real=0.01 secs] 
[2017-06-05 06:26:36,190] [GC (Allocation Failure) [ParNew: 273205K->565K(306688K), 0.0077242 secs] 274415K->1775K(2587392K), 0.0077857 secs] [Times: user=0.03 sys=0.00, real=0.01 secs] 
[2017-06-05 06:26:36,293] [GC (Allocation Failure) [ParNew: 273205K->560K(306688K), 0.0082701 secs] 274415K->1770K(2587392K), 0.0083417 secs] [Times: user=0.03 sys=0.00, real=0.01 secs] 
[2017-06-05 06:26:36,398] [GC (Allocation Failure) [ParNew: 273200K->568K(306688K), 0.0074770 secs] 274410K->1778K(2587392K), 0.0075359 secs] [Times: user=0.03 sys=0.00, real=0.00 secs] 
[2017-06-05 06:26:36,506] [GC (Allocation Failure) [ParNew: 273208K->566K(306688K), 0.0088325 secs] 274418K->1776K(2587392K), 0.0088900 secs] [Times: user=0.03 sys=0.00, real=0.01 secs] 
[2017-06-05 06:26:36,614] [GC (Allocation Failure) [ParNew: 273206K->563K(306688K), 0.0085142 secs] 274416K->1773K(2587392K), 0.0086989 secs] [Times: user=0.03 sys=0.00, real=0.01 secs] 
[2017-06-05 06:26:36,733] [GC (Allocation Failure) [ParNew: 273203K->567K(306688K), 0.0087838 secs] 274413K->1777K(2587392K), 0.0089512 secs] [Times: user=0.03 sys=0.00, real=0.01 secs] 
[2017-06-05 06:26:36,840] [GC (Allocation Failure) [ParNew: 273207K->561K(306688K), 0.0080434 secs] 274417K->1772K(2587392K), 0.0081723 secs] [Times: user=0.03 sys=0.01, real=0.01 secs] 
[2017-06-05 06:26:36,947] [GC (Allocation Failure) [ParNew: 273201K->568K(306688K), 0.0078997 secs] 274412K->1778K(2587392K), 0.0079526 secs] [Times: user=0.03 sys=0.00, real=0.00 secs] 
[2017-06-05 06:26:37,053] [GC (Allocation Failure) [ParNew: 273208K->560K(306688K), 0.0095858 secs] 274418K->1770K(2587392K), 0.0096484 secs] [Times: user=0.03 sys=0.00, real=0.01 secs] 
[2017-06-05 06:26:37,162] [GC (Allocation Failure) [ParNew: 273200K->582K(306688K), 0.0071917 secs] 274410K->1792K(2587392K), 0.0072452 secs] [Times: user=0.02 sys=0.00, real=0.01 secs] 
[2017-06-05 06:26:37,273] [GC (Allocation Failure) [ParNew: 273222K->562K(306688K), 0.0080504 secs] 274432K->1773K(2587392K), 0.0081120 secs] [Times: user=0.03 sys=0.00, real=0.01 secs] 
[2017-06-05 06:26:37,397] [GC (Allocation Failure) [ParNew: 273202K->564K(306688K), 0.0091457 secs] 274413K->1775K(2587392K), 0.0092050 secs] [Times: user=0.03 sys=0.00, real=0.01 secs] 
[2017-06-05 06:26:37,514] [GC (Allocation Failure) [ParNew: 273204K->561K(306688K), 0.0076798 secs] 274415K->1772K(2587392K), 0.0077387 secs] [Times: user=0.03 sys=0.00, real=0.01 secs] 
[2017-06-05 06:26:37,632] [GC (Allocation Failure) [ParNew: 273201K->571K(306688K), 0.0080902 secs] 274412K->1782K(2587392K), 0.0081362 secs] [Times: user=0.04 sys=0.00, real=0.01 secs] 
[2017-06-05 06:26:37,742] [GC (Allocation Failure) [ParNew: 273211K->571K(306688K), 0.0084792 secs] 274422K->1782K(2587392K), 0.0085356 secs] [Times: user=0.03 sys=0.00, real=0.01 secs] 
[2017-06-05 06:26:37,857] [GC (Allocation Failure) [ParNew: 273211K->558K(306688K), 0.0084329 secs] 274422K->1769K(2587392K), 0.0086210 secs] [Times: user=0.03 sys=0.00, real=0.01 secs] 
[2017-06-05 06:26:37,962] [GC (Allocation Failure) [ParNew: 273198K->568K(306688K), 0.0079859 secs] 274409K->1779K(2587392K), 0.0081614 secs] [Times: user=0.02 sys=0.00, real=0.01 secs] 
[2017-06-05 06:26:38,072] [GC (Allocation Failure) [ParNew: 273208K->564K(306688K), 0.0087379 secs] 274419K->1776K(2587392K), 0.0088050 secs] [Times: user=0.03 sys=0.00, real=0.01 secs] 
[2017-06-05 06:26:38,180] [GC (Allocation Failure) [ParNew: 273204K->563K(306688K), 0.0081642 secs] 274416K->1774K(2587392K), 0.0082218 secs] [Times: user=0.03 sys=0.00, real=0.01 secs] 
[2017-06-05 06:26:38,283] [GC (Allocation Failure) [ParNew: 273203K->582K(306688K), 0.0098527 secs] 274414K->1793K(2587392K), 0.0099238 secs] [Times: user=0.03 sys=0.00, real=0.01 secs] 
[2017-06-05 06:26:38,398] [GC (Allocation Failure) [ParNew: 273222K->564K(306688K), 0.0091354 secs] 274433K->1775K(2587392K), 0.0091916 secs] [Times: user=0.04 sys=0.00, real=0.01 secs] 
[2017-06-05 06:26:38,503] [GC (Allocation Failure) [ParNew: 273204K->562K(306688K), 0.0081452 secs] 274415K->1774K(2587392K), 0.0081971 secs] [Times: user=0.03 sys=0.00, real=0.01 secs] 
[2017-06-05 06:26:38,612] [GC (Allocation Failure) [ParNew: 273202K->565K(306688K), 0.0097857 secs] 274414K->1777K(2587392K), 0.0099442 secs] [Times: user=0.03 sys=0.00, real=0.01 secs] 
[2017-06-05 06:26:38,718] [GC (Allocation Failure) [ParNew: 273205K->564K(306688K), 0.0099464 secs] 274417K->1775K(2587392K), 0.0099988 secs] [Times: user=0.03 sys=0.00, real=0.01 secs] 
[2017-06-05 06:26:38,817] [GC (Allocation Failure) [ParNew: 273204K->565K(306688K), 0.0081619 secs] 274415K->1777K(2587392K), 0.0082143 secs] [Times: user=0.03 sys=0.00, real=0.01 secs] 
[2017-06-05 06:26:38,922] [GC (Allocation Failure) [ParNew: 273205K->574K(306688K), 0.0079203 secs] 274417K->1786K(2587392K), 0.0079773 secs] [Times: user=0.03 sys=0.00, real=0.01 secs] 
[2017-06-05 06:26:39,026] [GC (Allocation Failure) [ParNew: 273214K->575K(306688K), 0.0078158 secs] 274426K->1786K(2587392K), 0.0078648 secs] [Times: user=0.03 sys=0.00, real=0.01 secs] 
[2017-06-05 06:26:39,135] [GC (Allocation Failure) [ParNew: 273215K->563K(306688K), 0.0088904 secs] 274426K->1775K(2587392K), 0.0089947 secs] [Times: user=0.03 sys=0.00, real=0.01 secs] 
[2017-06-05 06:26:39,237] [GC (Allocation Failure) [ParNew: 273203K->555K(306688K), 0.0083408 secs] 274415K->1767K(2587392K), 0.0083930 secs] [Times: user=0.03 sys=0.00, real=0.01 secs] 
[2017-06-05 06:26:39,347] [GC (Allocation Failure) [ParNew: 273195K->569K(306688K), 0.0079602 secs] 274407K->1781K(2587392K), 0.0080108 secs] [Times: user=0.03 sys=0.00, real=0.01 secs] 
[2017-06-05 06:26:39,456] [GC (Allocation Failure) [ParNew: 273209K->571K(306688K), 0.0091701 secs] 274421K->1783K(2587392K), 0.0092167 secs] [Times: user=0.03 sys=0.00, real=0.01 secs] 
[2017-06-05 06:26:39,562] [GC (Allocation Failure) [ParNew: 273211K->592K(306688K), 0.0077902 secs] 274423K->1804K(2587392K), 0.0078430 secs] [Times: user=0.03 sys=0.00, real=0.01 secs] 
[2017-06-05 06:26:39,663] [GC (Allocation Failure) [ParNew: 273232K->563K(306688K), 0.0081214 secs] 274444K->1775K(2587392K), 0.0081888 secs] [Times: user=0.03 sys=0.00, real=0.01 secs] 
[2017-06-05 06:26:39,769] [GC (Allocation Failure) [ParNew: 273203K->565K(306688K), 0.0077694 secs] 274415K->1777K(2587392K), 0.0078169 secs] [Times: user=0.03 sys=0.00, real=0.00 secs] 
[2017-06-05 06:26:39,879] [GC (Allocation Failure) [ParNew: 273205K->553K(306688K), 0.0108204 secs] 274417K->1766K(2587392K), 0.0108886 secs] [Times: user=0.03 sys=0.00, real=0.01 secs] 
[2017-06-05 06:26:39,977] [GC (Allocation Failure) [ParNew: 273193K->558K(306688K), 0.0072095 secs] 274406K->1770K(2587392K), 0.0072610 secs] [Times: user=0.03 sys=0.00, real=0.00 secs] 
[2017-06-05 06:26:40,078] [GC (Allocation Failure) [ParNew: 273198K->564K(306688K), 0.0082592 secs] 274410K->1777K(2587392K), 0.0083179 secs] [Times: user=0.03 sys=0.00, real=0.01 secs] 
[2017-06-05 06:26:40,181] [GC (Allocation Failure) [ParNew: 273204K->562K(306688K), 0.0081768 secs] 274417K->1775K(2587392K), 0.0082391 secs] [Times: user=0.03 sys=0.00, real=0.01 secs] 
[2017-06-05 06:26:40,282] [GC (Allocation Failure) [ParNew: 273202K->561K(306688K), 0.0079976 secs] 274415K->1773K(2587392K), 0.0080492 secs] [Times: user=0.03 sys=0.00, real=0.01 secs] 
[2017-06-05 06:26:40,390] [GC (Allocation Failure) [ParNew: 273201K->561K(306688K), 0.0086941 secs] 274413K->1774K(2587392K), 0.0087423 secs] [Times: user=0.03 sys=0.00, real=0.01 secs] 
[2017-06-05 06:26:40,498] [GC (Allocation Failure) [ParNew: 273201K->555K(306688K), 0.0086138 secs] 274414K->1768K(2587392K), 0.0086689 secs] [Times: user=0.04 sys=0.00, real=0.01 secs] 
[2017-06-05 06:26:40,610] [GC (Allocation Failure) [ParNew: 273195K->559K(306688K), 0.0076904 secs] 274408K->1772K(2587392K), 0.0078568 secs] [Times: user=0.03 sys=0.00, real=0.01 secs] 
[2017-06-05 06:26:40,713] [GC (Allocation Failure) [ParNew: 273199K->605K(306688K), 0.0076743 secs] 274412K->1818K(2587392K), 0.0077305 secs] [Times: user=0.03 sys=0.00, real=0.01 secs] 
[2017-06-05 06:26:40,818] [GC (Allocation Failure) [ParNew: 273245K->563K(306688K), 0.0078572 secs] 274458K->1776K(2587392K), 0.0079115 secs] [Times: user=0.03 sys=0.00, real=0.00 secs] 
[2017-06-05 06:26:40,923] [GC (Allocation Failure) [ParNew: 273203K->561K(306688K), 0.0077215 secs] 274416K->1774K(2587392K), 0.0077707 secs] [Times: user=0.03 sys=0.00, real=0.01 secs] 
[2017-06-05 06:26:41,024] [GC (Allocation Failure) [ParNew: 273201K->558K(306688K), 0.0084166 secs] 274414K->1771K(2587392K), 0.0084749 secs] [Times: user=0.04 sys=0.00, real=0.01 secs] 
[2017-06-05 06:26:41,132] [GC (Allocation Failure) [ParNew: 273198K->566K(306688K), 0.0083335 secs] 274411K->1779K(2587392K), 0.0083973 secs] [Times: user=0.03 sys=0.00, real=0.01 secs] 
[2017-06-05 06:26:41,234] [GC (Allocation Failure) [ParNew: 273206K->596K(306688K), 0.0080261 secs] 274419K->1809K(2587392K), 0.0080790 secs] [Times: user=0.03 sys=0.00, real=0.01 secs] 
[2017-06-05 06:26:41,338] [GC (Allocation Failure) [ParNew: 273236K->562K(306688K), 0.0081066 secs] 274449K->1775K(2587392K), 0.0081696 secs] [Times: user=0.03 sys=0.00, real=0.00 secs] 
[2017-06-05 06:26:41,454] [GC (Allocation Failure) [ParNew: 273202K->580K(306688K), 0.0079688 secs] 274415K->1794K(2587392K), 0.0080212 secs] [Times: user=0.03 sys=0.00, real=0.01 secs] 
[2017-06-05 06:26:41,559] [GC (Allocation Failure) [ParNew: 273220K->558K(306688K), 0.0075462 secs] 274434K->1771K(2587392K), 0.0076353 secs] [Times: user=0.03 sys=0.00, real=0.00 secs] 
[2017-06-05 06:26:41,664] [GC (Allocation Failure) [ParNew: 273198K->598K(306688K), 0.0076905 secs] 274411K->1811K(2587392K), 0.0077608 secs] [Times: user=0.03 sys=0.00, real=0.01 secs] 
[2017-06-05 06:26:41,769] [GC (Allocation Failure) [ParNew: 273238K->568K(306688K), 0.0083392 secs] 274451K->1782K(2587392K), 0.0083989 secs] [Times: user=0.03 sys=0.00, real=0.00 secs] 
[2017-06-05 06:26:41,873] [GC (Allocation Failure) [ParNew: 273208K->562K(306688K), 0.0083470 secs] 274422K->1776K(2587392K), 0.0084014 secs] [Times: user=0.03 sys=0.00, real=0.01 secs] 
[2017-06-05 06:26:41,970] [GC (Allocation Failure) [ParNew: 273202K->570K(306688K), 0.0083855 secs] 274416K->1784K(2587392K), 0.0084511 secs] [Times: user=0.03 sys=0.00, real=0.01 secs] 
[2017-06-05 06:26:42,073] [GC (Allocation Failure) [ParNew: 273210K->563K(306688K), 0.0086116 secs] 274424K->1777K(2587392K), 0.0087713 secs] [Times: user=0.04 sys=0.00, real=0.01 secs] 
[2017-06-05 06:26:42,189] [GC (Allocation Failure) [ParNew: 273203K->579K(306688K), 0.0079350 secs] 274417K->1793K(2587392K), 0.0079880 secs] [Times: user=0.03 sys=0.00, real=0.00 secs] 
[2017-06-05 06:26:42,301] [GC (Allocation Failure) [ParNew: 273219K->566K(306688K), 0.0084544 secs] 274433K->1780K(2587392K), 0.0085090 secs] [Times: user=0.03 sys=0.00, real=0.01 secs] 
[2017-06-05 06:26:42,424] [GC (Allocation Failure) [ParNew: 273206K->570K(306688K), 0.0081053 secs] 274420K->1784K(2587392K), 0.0081544 secs] [Times: user=0.03 sys=0.00, real=0.01 secs] 
[2017-06-05 06:26:42,535] [GC (Allocation Failure) [ParNew: 273210K->567K(306688K), 0.0087549 secs] 274424K->1781K(2587392K), 0.0088098 secs] [Times: user=0.03 sys=0.00, real=0.01 secs] 
[2017-06-05 06:26:42,664] [GC (Allocation Failure) [ParNew: 273207K->563K(306688K), 0.0091461 secs] 274421K->1777K(2587392K), 0.0092056 secs] [Times: user=0.03 sys=0.00, real=0.01 secs] 
[2017-06-05 06:26:42,769] [GC (Allocation Failure) [ParNew: 273203K->582K(306688K), 0.0074286 secs] 274417K->1796K(2587392K), 0.0074825 secs] [Times: user=0.03 sys=0.00, real=0.00 secs] 
[2017-06-05 06:26:42,873] [GC (Allocation Failure) [ParNew: 273222K->598K(306688K), 0.0088763 secs] 274436K->1812K(2587392K), 0.0089270 secs] [Times: user=0.04 sys=0.00, real=0.01 secs] 
[2017-06-05 06:26:42,977] [GC (Allocation Failure) [ParNew: 273238K->546K(306688K), 0.0084803 secs] 274452K->1761K(2587392K), 0.0085373 secs] [Times: user=0.04 sys=0.00, real=0.01 secs] 
[2017-06-05 06:26:43,089] [GC (Allocation Failure) [ParNew: 273186K->548K(306688K), 0.0097322 secs] 274401K->1762K(2587392K), 0.0097881 secs] [Times: user=0.03 sys=0.00, real=0.01 secs] 
[2017-06-05 06:26:43,195] [GC (Allocation Failure) [ParNew: 273188K->559K(306688K), 0.0079295 secs] 274402K->1773K(2587392K), 0.0079884 secs] [Times: user=0.02 sys=0.00, real=0.01 secs] 
[2017-06-05 06:26:43,299] [GC (Allocation Failure) [ParNew: 273199K->564K(306688K), 0.0111098 secs] 274413K->1779K(2587392K), 0.0111705 secs] [Times: user=0.03 sys=0.00, real=0.01 secs] 
[2017-06-05 06:26:43,403] [GC (Allocation Failure) [ParNew: 273204K->565K(306688K), 0.0109302 secs] 274419K->1780K(2587392K), 0.0110239 secs] [Times: user=0.03 sys=0.00, real=0.01 secs] 
[2017-06-05 06:26:43,507] [GC (Allocation Failure) [ParNew: 273205K->563K(306688K), 0.0104165 secs] 274420K->1778K(2587392K), 0.0104695 secs] [Times: user=0.04 sys=0.00, real=0.01 secs] 
[2017-06-05 06:26:43,609] [GC (Allocation Failure) [ParNew: 273203K->560K(306688K), 0.0090407 secs] 274418K->1775K(2587392K), 0.0090957 secs] [Times: user=0.04 sys=0.00, real=0.00 secs] 
[2017-06-05 06:26:43,705] [GC (Allocation Failure) [ParNew: 273200K->561K(306688K), 0.0082667 secs] 274415K->1776K(2587392K), 0.0083282 secs] [Times: user=0.03 sys=0.00, real=0.01 secs] 
[2017-06-05 06:26:43,813] [GC (Allocation Failure) [ParNew: 273201K->560K(306688K), 0.0074324 secs] 274416K->1775K(2587392K), 0.0074885 secs] [Times: user=0.03 sys=0.00, real=0.01 secs] 
[2017-06-05 06:26:43,913] [GC (Allocation Failure) [ParNew: 273200K->564K(306688K), 0.0078524 secs] 274415K->1779K(2587392K), 0.0079733 secs] [Times: user=0.03 sys=0.00, real=0.01 secs] 
[2017-06-05 06:26:44,028] [GC (Allocation Failure) [ParNew: 273204K->566K(306688K), 0.0080927 secs] 274419K->1781K(2587392K), 0.0081484 secs] [Times: user=0.04 sys=0.00, real=0.01 secs] 
[2017-06-05 06:26:44,134] [GC (Allocation Failure) [ParNew: 273206K->581K(306688K), 0.0085548 secs] 274421K->1796K(2587392K), 0.0086069 secs] [Times: user=0.03 sys=0.00, real=0.01 secs] 
[2017-06-05 06:26:44,243] [GC (Allocation Failure) [ParNew: 273221K->558K(306688K), 0.0084964 secs] 274436K->1774K(2587392K), 0.0085532 secs] [Times: user=0.03 sys=0.00, real=0.01 secs] 
[2017-06-05 06:26:44,353] [GC (Allocation Failure) [ParNew: 273198K->565K(306688K), 0.0095230 secs] 274414K->1781K(2587392K), 0.0095760 secs] [Times: user=0.03 sys=0.00, real=0.01 secs] 
[2017-06-05 06:26:44,460] [GC (Allocation Failure) [ParNew: 273205K->567K(306688K), 0.0084395 secs] 274421K->1782K(2587392K), 0.0084972 secs] [Times: user=0.03 sys=0.00, real=0.00 secs] 
[2017-06-05 06:26:44,571] [GC (Allocation Failure) [ParNew: 273207K->579K(306688K), 0.0087174 secs] 274422K->1795K(2587392K), 0.0088399 secs] [Times: user=0.03 sys=0.00, real=0.01 secs] 
[2017-06-05 06:26:44,675] [GC (Allocation Failure) [ParNew: 273219K->563K(306688K), 0.0081419 secs] 274435K->1779K(2587392K), 0.0082913 secs] [Times: user=0.03 sys=0.00, real=0.01 secs] 
[2017-06-05 06:26:44,780] [GC (Allocation Failure) [ParNew: 273203K->558K(306688K), 0.0087347 secs] 274419K->1774K(2587392K), 0.0088016 secs] [Times: user=0.03 sys=0.00, real=0.00 secs] 
[2017-06-05 06:26:44,888] [GC (Allocation Failure) [ParNew: 273198K->559K(306688K), 0.0081989 secs] 274414K->1775K(2587392K), 0.0082624 secs] [Times: user=0.03 sys=0.00, real=0.01 secs] 
[2017-06-05 06:26:45,006] [GC (Allocation Failure) [ParNew: 273199K->562K(306688K), 0.0123672 secs] 274415K->1778K(2587392K), 0.0124283 secs] [Times: user=0.04 sys=0.00, real=0.01 secs] 
[2017-06-05 06:26:45,111] [GC (Allocation Failure) [ParNew: 273202K->562K(306688K), 0.0071905 secs] 274418K->1778K(2587392K), 0.0072454 secs] [Times: user=0.03 sys=0.00, real=0.01 secs] 
[2017-06-05 06:26:45,225] [GC (Allocation Failure) [ParNew: 273202K->561K(306688K), 0.0103730 secs] 274418K->1777K(2587392K), 0.0104292 secs] [Times: user=0.03 sys=0.00, real=0.01 secs] 
[2017-06-05 06:26:45,330] [GC (Allocation Failure) [ParNew: 273201K->555K(306688K), 0.0096080 secs] 274417K->1772K(2587392K), 0.0096673 secs] [Times: user=0.04 sys=0.00, real=0.01 secs] 
[2017-06-05 06:26:45,435] [GC (Allocation Failure) [ParNew: 273195K->556K(306688K), 0.0080651 secs] 274412K->1772K(2587392K), 0.0081327 secs] [Times: user=0.03 sys=0.00, real=0.01 secs] 
[2017-06-05 06:26:45,539] [GC (Allocation Failure) [ParNew: 273196K->580K(306688K), 0.0078849 secs] 274412K->1796K(2587392K), 0.0080378 secs] [Times: user=0.03 sys=0.00, real=0.00 secs] 
[2017-06-05 06:26:45,650] [GC (Allocation Failure) [ParNew: 273220K->566K(306688K), 0.0077030 secs] 274436K->1782K(2587392K), 0.0077558 secs] [Times: user=0.02 sys=0.00, real=0.00 secs] 
[2017-06-05 06:26:45,771] [GC (Allocation Failure) [ParNew: 273206K->571K(306688K), 0.0152138 secs] 274422K->1787K(2587392K), 0.0152749 secs] [Times: user=0.04 sys=0.00, real=0.02 secs] 
[2017-06-05 06:26:45,927] [GC (Allocation Failure) [ParNew: 273211K->575K(306688K), 0.0097814 secs] 274427K->1791K(2587392K), 0.0098416 secs] [Times: user=0.03 sys=0.00, real=0.01 secs] 
[2017-06-05 06:26:46,054] [GC (Allocation Failure) [ParNew: 273215K->558K(306688K), 0.0106397 secs] 274431K->1775K(2587392K), 0.0106953 secs] [Times: user=0.03 sys=0.00, real=0.01 secs] 
[2017-06-05 06:26:46,203] [GC (Allocation Failure) [ParNew: 273198K->564K(306688K), 0.0157761 secs] 274415K->1780K(2587392K), 0.0158462 secs] [Times: user=0.06 sys=0.00, real=0.02 secs] 
[2017-06-05 06:26:46,336] [GC (Allocation Failure) [ParNew: 273204K->563K(306688K), 0.0089707 secs] 274420K->1779K(2587392K), 0.0091266 secs] [Times: user=0.03 sys=0.00, real=0.01 secs] 
[2017-06-05 06:26:46,446] [GC (Allocation Failure) [ParNew: 273203K->567K(306688K), 0.0083592 secs] 274419K->1784K(2587392K), 0.0084141 secs] [Times: user=0.04 sys=0.00, real=0.01 secs] 
[2017-06-05 06:26:46,548] [GC (Allocation Failure) [ParNew: 273207K->565K(306688K), 0.0074594 secs] 274424K->1781K(2587392K), 0.0075210 secs] [Times: user=0.03 sys=0.00, real=0.00 secs] 
[2017-06-05 06:26:46,654] [GC (Allocation Failure) [ParNew: 273205K->565K(306688K), 0.0079430 secs] 274421K->1782K(2587392K), 0.0079977 secs] [Times: user=0.03 sys=0.00, real=0.01 secs] 
[2017-06-05 06:26:46,764] [GC (Allocation Failure) [ParNew: 273205K->573K(306688K), 0.0087979 secs] 274422K->1790K(2587392K), 0.0088551 secs] [Times: user=0.03 sys=0.00, real=0.01 secs] 
[2017-06-05 06:26:46,871] [GC (Allocation Failure) [ParNew: 273213K->566K(306688K), 0.0084033 secs] 274430K->1783K(2587392K), 0.0086049 secs] [Times: user=0.03 sys=0.00, real=0.01 secs] 
[2017-06-05 06:26:46,978] [GC (Allocation Failure) [ParNew: 273206K->572K(306688K), 0.0084518 secs] 274423K->1789K(2587392K), 0.0085202 secs] [Times: user=0.03 sys=0.00, real=0.01 secs] 
[2017-06-05 06:26:47,089] [GC (Allocation Failure) [ParNew: 273212K->574K(306688K), 0.0103040 secs] 274429K->1791K(2587392K), 0.0103584 secs] [Times: user=0.03 sys=0.00, real=0.01 secs] 
[2017-06-05 06:26:47,203] [GC (Allocation Failure) [ParNew: 273214K->563K(306688K), 0.0083186 secs] 274431K->1780K(2587392K), 0.0084400 secs] [Times: user=0.03 sys=0.00, real=0.01 secs] 
[2017-06-05 06:26:47,310] [GC (Allocation Failure) [ParNew: 273203K->564K(306688K), 0.0080538 secs] 274420K->1781K(2587392K), 0.0081253 secs] [Times: user=0.03 sys=0.00, real=0.00 secs] 
[2017-06-05 06:26:47,429] [GC (Allocation Failure) [ParNew: 273204K->563K(306688K), 0.0085290 secs] 274421K->1780K(2587392K), 0.0086130 secs] [Times: user=0.03 sys=0.00, real=0.01 secs] 
[2017-06-05 06:26:47,536] [GC (Allocation Failure) [ParNew: 273203K->559K(306688K), 0.0091174 secs] 274420K->1776K(2587392K), 0.0091721 secs] [Times: user=0.03 sys=0.00, real=0.01 secs] 
[2017-06-05 06:26:47,644] [GC (Allocation Failure) [ParNew: 273199K->569K(306688K), 0.0084295 secs] 274416K->1787K(2587392K), 0.0084847 secs] [Times: user=0.03 sys=0.00, real=0.01 secs] 
[2017-06-05 06:26:47,755] [GC (Allocation Failure) [ParNew: 273209K->565K(306688K), 0.0080434 secs] 274427K->1782K(2587392K), 0.0080967 secs] [Times: user=0.03 sys=0.00, real=0.01 secs] 
[2017-06-05 06:26:47,860] [GC (Allocation Failure) [ParNew: 273205K->569K(306688K), 0.0080545 secs] 274422K->1786K(2587392K), 0.0081210 secs] [Times: user=0.03 sys=0.00, real=0.00 secs] 
[2017-06-05 06:26:47,966] [GC (Allocation Failure) [ParNew: 273209K->577K(306688K), 0.0072628 secs] 274426K->1795K(2587392K), 0.0073162 secs] [Times: user=0.03 sys=0.00, real=0.01 secs] 
[2017-06-05 06:26:48,072] [GC (Allocation Failure) [ParNew: 273217K->563K(306688K), 0.0079626 secs] 274435K->1781K(2587392K), 0.0080156 secs] [Times: user=0.03 sys=0.00, real=0.01 secs] 
[2017-06-05 06:26:48,186] [GC (Allocation Failure) [ParNew: 273203K->560K(306688K), 0.0083694 secs] 274421K->1778K(2587392K), 0.0084829 secs] [Times: user=0.03 sys=0.00, real=0.01 secs] 
[2017-06-05 06:26:48,293] [GC (Allocation Failure) [ParNew: 273200K->566K(306688K), 0.0088712 secs] 274418K->1784K(2587392K), 0.0089391 secs] [Times: user=0.03 sys=0.00, real=0.01 secs] 
[2017-06-05 06:26:48,405] [GC (Allocation Failure) [ParNew: 273206K->567K(306688K), 0.0097123 secs] 274424K->1785K(2587392K), 0.0097654 secs] [Times: user=0.03 sys=0.00, real=0.01 secs] 
[2017-06-05 06:26:48,517] [GC (Allocation Failure) [ParNew: 273207K->562K(306688K), 0.0081473 secs] 274425K->1780K(2587392K), 0.0082046 secs] [Times: user=0.03 sys=0.00, real=0.01 secs] 
[2017-06-05 06:26:48,627] [GC (Allocation Failure) [ParNew: 273202K->563K(306688K), 0.0083187 secs] 274420K->1781K(2587392K), 0.0083731 secs] [Times: user=0.03 sys=0.00, real=0.01 secs] 
[2017-06-05 06:26:48,736] [GC (Allocation Failure) [ParNew: 273203K->562K(306688K), 0.0086214 secs] 274421K->1781K(2587392K), 0.0086805 secs] [Times: user=0.03 sys=0.00, real=0.01 secs] 
[2017-06-05 06:26:48,848] [GC (Allocation Failure) [ParNew: 273202K->566K(306688K), 0.0081365 secs] 274421K->1784K(2587392K), 0.0082043 secs] [Times: user=0.03 sys=0.00, real=0.01 secs] 
[2017-06-05 06:26:48,962] [GC (Allocation Failure) [ParNew: 273206K->563K(306688K), 0.0084462 secs] 274424K->1782K(2587392K), 0.0085184 secs] [Times: user=0.03 sys=0.00, real=0.01 secs] 
[2017-06-05 06:26:49,081] [GC (Allocation Failure) [ParNew: 273203K->563K(306688K), 0.0084048 secs] 274422K->1781K(2587392K), 0.0084554 secs] [Times: user=0.03 sys=0.00, real=0.01 secs] 
[2017-06-05 06:26:49,206] [GC (Allocation Failure) [ParNew: 273203K->554K(306688K), 0.0079977 secs] 274421K->1773K(2587392K), 0.0080579 secs] [Times: user=0.03 sys=0.00, real=0.01 secs] 
[2017-06-05 06:26:49,318] [GC (Allocation Failure) [ParNew: 273194K->505K(306688K), 0.0079670 secs] 274413K->1778K(2587392K), 0.0080183 secs] [Times: user=0.03 sys=0.00, real=0.01 secs] 
[2017-06-05 06:26:49,433] [GC (Allocation Failure) [ParNew: 273145K->502K(306688K), 0.0089006 secs] 274418K->1775K(2587392K), 0.0089530 secs] [Times: user=0.03 sys=0.00, real=0.01 secs] 
[2017-06-05 06:26:49,540] [GC (Allocation Failure) [ParNew: 273142K->508K(306688K), 0.0089688 secs] 274415K->1781K(2587392K), 0.0090237 secs] [Times: user=0.04 sys=0.00, real=0.00 secs] 
[2017-06-05 06:26:49,652] [GC (Allocation Failure) [ParNew: 273148K->502K(306688K), 0.0092712 secs] 274421K->1776K(2587392K), 0.0093225 secs] [Times: user=0.04 sys=0.00, real=0.01 secs] 
[2017-06-05 06:26:49,771] [GC (Allocation Failure) [ParNew: 273142K->506K(306688K), 0.0101666 secs] 274416K->1780K(2587392K), 0.0102858 secs] [Times: user=0.04 sys=0.00, real=0.01 secs] 
[2017-06-05 06:26:49,885] [GC (Allocation Failure) [ParNew: 273146K->506K(306688K), 0.0094823 secs] 274420K->1779K(2587392K), 0.0095744 secs] [Times: user=0.03 sys=0.00, real=0.01 secs] 
[2017-06-05 06:26:49,991] [GC (Allocation Failure) [ParNew: 273146K->501K(306688K), 0.0087177 secs] 274419K->1775K(2587392K), 0.0088164 secs] [Times: user=0.03 sys=0.00, real=0.01 secs] 
[2017-06-05 06:26:50,103] [GC (Allocation Failure) [ParNew: 273141K->509K(306688K), 0.0097788 secs] 274415K->1783K(2587392K), 0.0098689 secs] [Times: user=0.03 sys=0.00, real=0.01 secs] 
[2017-06-05 06:26:50,217] [GC (Allocation Failure) [ParNew: 273149K->447K(306688K), 0.0089218 secs] 274423K->1775K(2587392K), 0.0089709 secs] [Times: user=0.03 sys=0.00, real=0.01 secs] 
[2017-06-05 06:26:50,323] [GC (Allocation Failure) [ParNew: 273087K->447K(306688K), 0.0091083 secs] 274415K->1775K(2587392K), 0.0091657 secs] [Times: user=0.03 sys=0.00, real=0.01 secs] 
[2017-06-05 06:26:50,464] [GC (Allocation Failure) [ParNew: 273087K->445K(306688K), 0.0082801 secs] 274415K->1774K(2587392K), 0.0083355 secs] [Times: user=0.03 sys=0.00, real=0.01 secs] 
[2017-06-05 06:26:50,648] [GC (Allocation Failure) [ParNew: 273085K->389K(306688K), 0.0086264 secs] 274414K->1772K(2587392K), 0.0087285 secs] [Times: user=0.04 sys=0.00, real=0.01 secs] 
RACE_RESULT||pullNum=40000000||pullCost=38303
KILL_9 Consumer
Finish Run SubTask[bash -c sh ../bin/consume.sh ], Cost 38901 ms
KILL_9 PipeTaskRunner
