{"gitpath":"git@code.aliyun.com:191836400\/open-messaging-demo.git","teamid":"78921","teamCode":"78921g1clv","isvalid":"1","type":"MQ","userid":"1095279144495","taskid":"188035","status":"1"}
Print SubTask:bash -c sh ../bin/download.sh 
Print SubTask:bash -c sh ../bin/compile.sh 
Print SubTask:bash -c sh ../bin/produce.sh 
Print SubTask:bash -c sh ../bin/consume.sh 
Run SubTask bash -c sh ../bin/download.sh 
[2017-06-05 00:00:44,391] Initialized empty Git repository in /home/admin/race2017/78921g1clv/code/.git/
Finish Run SubTask[bash -c sh ../bin/download.sh ], Cost 1697 ms
Run SubTask bash -c sh ../bin/compile.sh 
[2017-06-05 00:00:49,144] [INFO] Scanning for projects...
[2017-06-05 00:00:49,518] [INFO]                                                                         
[2017-06-05 00:00:49,519] [INFO] ------------------------------------------------------------------------
[2017-06-05 00:00:49,519] [INFO] Building open-messaging-demo 1.0
[2017-06-05 00:00:49,519] [INFO] ------------------------------------------------------------------------
[2017-06-05 00:00:49,770] [INFO] 
[2017-06-05 00:00:49,770] [INFO] --- maven-clean-plugin:2.5:clean (default-clean) @ open-messaging-demo ---
[2017-06-05 00:00:49,986] [INFO] 
[2017-06-05 00:00:49,987] [INFO] --- maven-resources-plugin:2.6:resources (default-resources) @ open-messaging-demo ---
[2017-06-05 00:00:50,556] [WARNING] Using platform encoding (UTF-8 actually) to copy filtered resources, i.e. build is platform dependent!
[2017-06-05 00:00:50,562] [INFO] Copying 1 resource
[2017-06-05 00:00:50,602] [INFO] 
[2017-06-05 00:00:50,603] [INFO] --- maven-compiler-plugin:2.3.2:compile (default-compile) @ open-messaging-demo ---
[2017-06-05 00:00:50,794] [INFO] Compiling 61 source files to /home/admin/race2017/78921g1clv/code/target/classes
[2017-06-05 00:00:53,819] [WARNING] /home/admin/race2017/78921g1clv/code/src/main/java/io/openmessaging/demo/snappy/UnsafeMemory.java:[20,15] Unsafe is internal proprietary API and may be removed in a future release
[2017-06-05 00:00:53,819] [WARNING] /home/admin/race2017/78921g1clv/code/src/main/java/io/openmessaging/demo/snappy/UnsafeMemory.java:[27,25] Unsafe is internal proprietary API and may be removed in a future release
[2017-06-05 00:00:53,820] [WARNING] /home/admin/race2017/78921g1clv/code/src/main/java/io/openmessaging/demo/snappy/UnsafeMemory.java:[31,30] Unsafe is internal proprietary API and may be removed in a future release
[2017-06-05 00:00:53,821] [WARNING] /home/admin/race2017/78921g1clv/code/src/main/java/io/openmessaging/demo/snappy/UnsafeMemory.java:[33,22] Unsafe is internal proprietary API and may be removed in a future release
[2017-06-05 00:00:53,821] [INFO] 
[2017-06-05 00:00:53,821] [INFO] --- maven-resources-plugin:2.6:testResources (default-testResources) @ open-messaging-demo ---
[2017-06-05 00:00:53,826] [INFO] Not copying test resources
[2017-06-05 00:00:53,826] [INFO] 
[2017-06-05 00:00:53,827] [INFO] --- maven-compiler-plugin:2.3.2:testCompile (default-testCompile) @ open-messaging-demo ---
[2017-06-05 00:00:53,831] [INFO] Not compiling test sources
[2017-06-05 00:00:53,831] [INFO] 
[2017-06-05 00:00:53,832] [INFO] --- maven-surefire-plugin:2.12.4:test (default-test) @ open-messaging-demo ---
[2017-06-05 00:00:54,246] [INFO] Tests are skipped.
[2017-06-05 00:00:54,247] [INFO] 
[2017-06-05 00:00:54,247] [INFO] --- maven-jar-plugin:2.4:jar (default-jar) @ open-messaging-demo ---
[2017-06-05 00:00:54,923] [INFO] Building jar: /home/admin/race2017/78921g1clv/code/target/open-messaging-demo-1.0.jar
[2017-06-05 00:00:55,014] [INFO] 
[2017-06-05 00:00:55,015] [INFO] --- maven-assembly-plugin:2.2.1:single (make-assembly) @ open-messaging-demo ---
[2017-06-05 00:00:56,146] [INFO] Reading assembly descriptor: src/main/resources/package.xml
[2017-06-05 00:00:56,680] [INFO] Copying files to /home/admin/race2017/78921g1clv/code/target/OpenMessagingDemo
[2017-06-05 00:00:56,748] [WARNING] Assembly file: /home/admin/race2017/78921g1clv/code/target/OpenMessagingDemo is not a regular file (it may be a directory). It cannot be attached to the project build for installation or deployment.
[2017-06-05 00:00:56,750] [INFO]                                                                         
[2017-06-05 00:00:56,750] [INFO] ------------------------------------------------------------------------
[2017-06-05 00:00:56,750] [INFO] Building open-messaging-demo 1.0
[2017-06-05 00:00:56,750] [INFO] ------------------------------------------------------------------------
[2017-06-05 00:00:56,751] [INFO] 
[2017-06-05 00:00:56,751] [INFO] >>> maven-assembly-plugin:2.2.1:assembly (default-cli) > package @ open-messaging-demo >>>
[2017-06-05 00:00:56,761] [INFO] 
[2017-06-05 00:00:56,761] [INFO] --- maven-resources-plugin:2.6:resources (default-resources) @ open-messaging-demo ---
[2017-06-05 00:00:56,764] [WARNING] Using platform encoding (UTF-8 actually) to copy filtered resources, i.e. build is platform dependent!
[2017-06-05 00:00:56,765] [INFO] Copying 1 resource
[2017-06-05 00:00:56,765] [INFO] 
[2017-06-05 00:00:56,765] [INFO] --- maven-compiler-plugin:2.3.2:compile (default-compile) @ open-messaging-demo ---
[2017-06-05 00:00:56,778] [INFO] Nothing to compile - all classes are up to date
[2017-06-05 00:00:56,779] [INFO] 
[2017-06-05 00:00:56,780] [INFO] --- maven-resources-plugin:2.6:testResources (default-testResources) @ open-messaging-demo ---
[2017-06-05 00:00:56,781] [INFO] Not copying test resources
[2017-06-05 00:00:56,782] [INFO] 
[2017-06-05 00:00:56,782] [INFO] --- maven-compiler-plugin:2.3.2:testCompile (default-testCompile) @ open-messaging-demo ---
[2017-06-05 00:00:56,784] [INFO] Not compiling test sources
[2017-06-05 00:00:56,784] [INFO] 
[2017-06-05 00:00:56,785] [INFO] --- maven-surefire-plugin:2.12.4:test (default-test) @ open-messaging-demo ---
[2017-06-05 00:00:56,789] [INFO] Tests are skipped.
[2017-06-05 00:00:56,789] [INFO] 
[2017-06-05 00:00:56,789] [INFO] --- maven-jar-plugin:2.4:jar (default-jar) @ open-messaging-demo ---
[2017-06-05 00:00:56,830] [INFO] 
[2017-06-05 00:00:56,831] [INFO] --- maven-assembly-plugin:2.2.1:single (make-assembly) @ open-messaging-demo ---
[2017-06-05 00:00:56,835] [INFO] Reading assembly descriptor: src/main/resources/package.xml
[2017-06-05 00:00:56,944] [INFO] Copying files to /home/admin/race2017/78921g1clv/code/target/OpenMessagingDemo
[2017-06-05 00:00:56,959] [WARNING] Assembly file: /home/admin/race2017/78921g1clv/code/target/OpenMessagingDemo is not a regular file (it may be a directory). It cannot be attached to the project build for installation or deployment.
[2017-06-05 00:00:56,959] [INFO] 
[2017-06-05 00:00:56,959] [INFO] <<< maven-assembly-plugin:2.2.1:assembly (default-cli) < package @ open-messaging-demo <<<
[2017-06-05 00:00:56,960] [INFO] 
[2017-06-05 00:00:56,960] [INFO] --- maven-assembly-plugin:2.2.1:assembly (default-cli) @ open-messaging-demo ---
[2017-06-05 00:00:56,965] [INFO] Reading assembly descriptor: src/main/resources/package.xml
[2017-06-05 00:00:57,060] [INFO] Copying files to /home/admin/race2017/78921g1clv/code/target/OpenMessagingDemo
[2017-06-05 00:00:57,074] [WARNING] Assembly file: /home/admin/race2017/78921g1clv/code/target/OpenMessagingDemo is not a regular file (it may be a directory). It cannot be attached to the project build for installation or deployment.
[2017-06-05 00:00:57,074] [INFO] ------------------------------------------------------------------------
[2017-06-05 00:00:57,074] [INFO] BUILD SUCCESS
[2017-06-05 00:00:57,074] [INFO] ------------------------------------------------------------------------
[2017-06-05 00:00:57,075] [INFO] Total time: 8.004 s
[2017-06-05 00:00:57,075] [INFO] Finished at: 2017-06-05T00:00:57+08:00
[2017-06-05 00:00:57,183] [INFO] Final Memory: 14M/60M
[2017-06-05 00:00:57,183] [INFO] ------------------------------------------------------------------------
[2017-06-05 00:00:57,257] cp: will not overwrite just-created `tmplib/open-messaging-demo-1.0.jar' with `code/target/OpenMessagingDemo/OpenMessagingDemo/lib/open-messaging-demo-1.0.jar'
Finish Run SubTask[bash -c sh ../bin/compile.sh ], Cost 11374 ms
Run SubTask bash -c sh ../bin/produce.sh 
[2017-06-05 00:00:57,280] Start Produce =============================
[2017-06-05 00:00:58,024] pro_max 400000
[2017-06-05 00:00:58,024] store.path /home/admin/race2017/data
[2017-06-05 00:00:58,026] 
[2017-06-05 00:00:58,854] [GC (Allocation Failure) [ParNew: 272640K->34048K(306688K), 0.1056500 secs] 272640K->166581K(2587392K), 0.1057473 secs] [Times: user=0.16 sys=0.15, real=0.11 secs] 
[2017-06-05 00:00:59,247] [GC (Allocation Failure) [ParNew: 306688K->3909K(306688K), 0.0340184 secs] 439221K->170485K(2587392K), 0.0340760 secs] [Times: user=0.09 sys=0.04, real=0.03 secs] 
[2017-06-05 00:00:59,581] [GC (Allocation Failure) [ParNew: 276549K->4711K(306688K), 0.0123023 secs] 443125K->171287K(2587392K), 0.0123723 secs] [Times: user=0.05 sys=0.00, real=0.01 secs] 
[2017-06-05 00:00:59,911] [GC (Allocation Failure) [ParNew: 277351K->4671K(306688K), 0.0286351 secs] 443927K->171247K(2587392K), 0.0287048 secs] [Times: user=0.10 sys=0.00, real=0.03 secs] 
[2017-06-05 00:01:00,179] [GC (Allocation Failure) [ParNew: 277311K->4828K(306688K), 0.0227570 secs] 443887K->171404K(2587392K), 0.0229167 secs] [Times: user=0.08 sys=0.00, real=0.02 secs] 
[2017-06-05 00:01:00,528] [GC (Allocation Failure) [ParNew: 277468K->4870K(306688K), 0.0210576 secs] 444044K->171446K(2587392K), 0.0211158 secs] [Times: user=0.06 sys=0.00, real=0.02 secs] 
[2017-06-05 00:01:00,911] [GC (Allocation Failure) [ParNew: 277510K->4878K(306688K), 0.0241773 secs] 444086K->171454K(2587392K), 0.0242758 secs] [Times: user=0.10 sys=0.00, real=0.02 secs] 
[2017-06-05 00:01:01,221] [GC (Allocation Failure) [ParNew: 277518K->3283K(306688K), 0.0269247 secs] 444094K->173092K(2587392K), 0.0269884 secs] [Times: user=0.09 sys=0.00, real=0.02 secs] 
[2017-06-05 00:01:01,623] [GC (Allocation Failure) [ParNew: 275923K->887K(306688K), 0.0086959 secs] 445732K->170698K(2587392K), 0.0087509 secs] [Times: user=0.03 sys=0.00, real=0.01 secs] 
[2017-06-05 00:01:01,869] [GC (Allocation Failure) [ParNew: 273527K->485K(306688K), 0.0120570 secs] 443338K->170296K(2587392K), 0.0121307 secs] [Times: user=0.04 sys=0.00, real=0.01 secs] 
[2017-06-05 00:01:02,042] [GC (Allocation Failure) [ParNew: 273125K->453K(306688K), 0.0086153 secs] 442936K->170264K(2587392K), 0.0087800 secs] [Times: user=0.03 sys=0.00, real=0.01 secs] 
[2017-06-05 00:01:02,212] [GC (Allocation Failure) [ParNew: 273093K->381K(306688K), 0.0121677 secs] 442904K->170192K(2587392K), 0.0123922 secs] [Times: user=0.04 sys=0.01, real=0.02 secs] 
[2017-06-05 00:01:02,380] [GC (Allocation Failure) [ParNew: 273021K->363K(306688K), 0.0094726 secs] 442832K->170174K(2587392K), 0.0095257 secs] [Times: user=0.03 sys=0.00, real=0.01 secs] 
[2017-06-05 00:01:02,534] [GC (Allocation Failure) [ParNew: 273003K->168K(306688K), 0.0113115 secs] 442814K->170182K(2587392K), 0.0113655 secs] [Times: user=0.04 sys=0.00, real=0.01 secs] 
[2017-06-05 00:01:02,706] [GC (Allocation Failure) [ParNew: 272808K->31K(306688K), 0.0092127 secs] 442822K->170173K(2587392K), 0.0092645 secs] [Times: user=0.04 sys=0.00, real=0.01 secs] 
[2017-06-05 00:01:02,888] [GC (Allocation Failure) [ParNew: 272671K->31K(306688K), 0.0083987 secs] 442813K->170172K(2587392K), 0.0084449 secs] [Times: user=0.03 sys=0.00, real=0.01 secs] 
[2017-06-05 00:01:03,049] [GC (Allocation Failure) [ParNew: 272671K->29K(306688K), 0.0085813 secs] 442812K->170171K(2587392K), 0.0086288 secs] [Times: user=0.03 sys=0.00, real=0.01 secs] 
[2017-06-05 00:01:03,197] [GC (Allocation Failure) [ParNew: 272527K->30K(306688K), 0.0085196 secs] 442669K->170172K(2587392K), 0.0085697 secs] [Times: user=0.03 sys=0.00, real=0.01 secs] 
[2017-06-05 00:01:03,358] [GC (Allocation Failure) [ParNew: 272670K->25K(306688K), 0.0091663 secs] 442812K->170166K(2587392K), 0.0092362 secs] [Times: user=0.04 sys=0.00, real=0.01 secs] 
[2017-06-05 00:01:03,537] [GC (Allocation Failure) [ParNew: 272665K->24K(306688K), 0.0144326 secs] 442806K->170166K(2587392K), 0.0144819 secs] [Times: user=0.03 sys=0.00, real=0.01 secs] 
[2017-06-05 00:01:03,713] [GC (Allocation Failure) [ParNew: 272664K->35K(306688K), 0.0123313 secs] 442806K->170177K(2587392K), 0.0123811 secs] [Times: user=0.04 sys=0.00, real=0.02 secs] 
[2017-06-05 00:01:03,890] [GC (Allocation Failure) [ParNew: 272675K->25K(306688K), 0.0082347 secs] 442817K->170167K(2587392K), 0.0082948 secs] [Times: user=0.04 sys=0.00, real=0.01 secs] 
[2017-06-05 00:01:04,050] [GC (Allocation Failure) [ParNew: 272665K->31K(306688K), 0.0082517 secs] 442807K->170173K(2587392K), 0.0083038 secs] [Times: user=0.04 sys=0.00, real=0.01 secs] 
[2017-06-05 00:01:04,210] [GC (Allocation Failure) [ParNew: 272671K->32K(306688K), 0.0088502 secs] 442813K->170174K(2587392K), 0.0091345 secs] [Times: user=0.03 sys=0.00, real=0.01 secs] 
[2017-06-05 00:01:04,367] [GC (Allocation Failure) [ParNew: 272672K->26K(306688K), 0.0083926 secs] 442814K->170168K(2587392K), 0.0085388 secs] [Times: user=0.03 sys=0.00, real=0.01 secs] 
[2017-06-05 00:01:04,520] [GC (Allocation Failure) [ParNew: 272666K->29K(306688K), 0.0110357 secs] 442808K->170171K(2587392K), 0.0111010 secs] [Times: user=0.04 sys=0.00, real=0.01 secs] 
[2017-06-05 00:01:04,671] [GC (Allocation Failure) [ParNew: 272669K->27K(306688K), 0.0077781 secs] 442811K->170169K(2587392K), 0.0078433 secs] [Times: user=0.02 sys=0.00, real=0.00 secs] 
[2017-06-05 00:01:04,827] [GC (Allocation Failure) [ParNew: 272667K->24K(306688K), 0.0080294 secs] 442809K->170165K(2587392K), 0.0080868 secs] [Times: user=0.03 sys=0.00, real=0.01 secs] 
[2017-06-05 00:01:04,990] [GC (Allocation Failure) [ParNew: 272664K->34K(306688K), 0.0084776 secs] 442805K->170175K(2587392K), 0.0085258 secs] [Times: user=0.03 sys=0.00, real=0.01 secs] 
[2017-06-05 00:01:05,153] [GC (Allocation Failure) [ParNew: 272674K->27K(306688K), 0.0091976 secs] 442815K->170169K(2587392K), 0.0092456 secs] [Times: user=0.04 sys=0.00, real=0.01 secs] 
[2017-06-05 00:01:05,314] [GC (Allocation Failure) [ParNew: 272667K->31K(306688K), 0.0107914 secs] 442809K->170173K(2587392K), 0.0108489 secs] [Times: user=0.04 sys=0.00, real=0.01 secs] 
[2017-06-05 00:01:05,461] [GC (Allocation Failure) [ParNew: 272671K->31K(306688K), 0.0084059 secs] 442813K->170172K(2587392K), 0.0084567 secs] [Times: user=0.03 sys=0.00, real=0.00 secs] 
[2017-06-05 00:01:05,608] [GC (Allocation Failure) [ParNew: 272671K->25K(306688K), 0.0073979 secs] 442812K->170167K(2587392K), 0.0074446 secs] [Times: user=0.03 sys=0.00, real=0.01 secs] 
[2017-06-05 00:01:05,767] [GC (Allocation Failure) [ParNew: 272665K->30K(306688K), 0.0077012 secs] 442807K->170171K(2587392K), 0.0079178 secs] [Times: user=0.03 sys=0.00, real=0.01 secs] 
[2017-06-05 00:01:05,928] [GC (Allocation Failure) [ParNew: 272670K->30K(306688K), 0.0116556 secs] 442811K->170171K(2587392K), 0.0117064 secs] [Times: user=0.04 sys=0.00, real=0.01 secs] 
[2017-06-05 00:01:06,087] [GC (Allocation Failure) [ParNew: 272670K->30K(306688K), 0.0082976 secs] 442811K->170171K(2587392K), 0.0083484 secs] [Times: user=0.03 sys=0.00, real=0.01 secs] 
[2017-06-05 00:01:06,275] [GC (Allocation Failure) [ParNew: 272670K->31K(306688K), 0.0117813 secs] 442811K->170173K(2587392K), 0.0119998 secs] [Times: user=0.04 sys=0.00, real=0.01 secs] 
[2017-06-05 00:01:06,446] [GC (Allocation Failure) [ParNew: 272671K->30K(306688K), 0.0114508 secs] 442813K->170172K(2587392K), 0.0115067 secs] [Times: user=0.04 sys=0.00, real=0.01 secs] 
[2017-06-05 00:01:06,611] [GC (Allocation Failure) [ParNew: 272670K->31K(306688K), 0.0093012 secs] 442812K->170172K(2587392K), 0.0093533 secs] [Times: user=0.04 sys=0.00, real=0.01 secs] 
[2017-06-05 00:01:06,781] [GC (Allocation Failure) [ParNew: 272671K->25K(306688K), 0.0102426 secs] 442812K->170167K(2587392K), 0.0103047 secs] [Times: user=0.04 sys=0.00, real=0.01 secs] 
[2017-06-05 00:01:06,961] [GC (Allocation Failure) [ParNew: 272665K->29K(306688K), 0.0099870 secs] 442807K->170171K(2587392K), 0.0100549 secs] [Times: user=0.04 sys=0.00, real=0.01 secs] 
[2017-06-05 00:01:07,149] [GC (Allocation Failure) [ParNew: 272669K->30K(306688K), 0.0093603 secs] 442811K->170172K(2587392K), 0.0094727 secs] [Times: user=0.03 sys=0.00, real=0.01 secs] 
[2017-06-05 00:01:07,313] [GC (Allocation Failure) [ParNew: 272670K->30K(306688K), 0.0112484 secs] 442812K->170172K(2587392K), 0.0113031 secs] [Times: user=0.04 sys=0.00, real=0.02 secs] 
[2017-06-05 00:01:07,468] [GC (Allocation Failure) [ParNew: 272670K->24K(306688K), 0.0093738 secs] 442812K->170166K(2587392K), 0.0094277 secs] [Times: user=0.03 sys=0.00, real=0.01 secs] 
[2017-06-05 00:01:07,630] [GC (Allocation Failure) [ParNew: 272664K->30K(306688K), 0.0088304 secs] 442806K->170171K(2587392K), 0.0088943 secs] [Times: user=0.03 sys=0.00, real=0.01 secs] 
[2017-06-05 00:01:07,789] [GC (Allocation Failure) [ParNew: 272670K->26K(306688K), 0.0092342 secs] 442811K->170168K(2587392K), 0.0092827 secs] [Times: user=0.03 sys=0.00, real=0.01 secs] 
[2017-06-05 00:01:08,040] [GC (Allocation Failure) [ParNew: 272666K->31K(306688K), 0.0074273 secs] 442808K->170173K(2587392K), 0.0074733 secs] [Times: user=0.03 sys=0.00, real=0.00 secs] 
[2017-06-05 00:01:08,202] [GC (Allocation Failure) [ParNew: 272671K->30K(306688K), 0.0090754 secs] 442813K->170171K(2587392K), 0.0091293 secs] [Times: user=0.03 sys=0.00, real=0.01 secs] 
[2017-06-05 00:01:08,360] [GC (Allocation Failure) [ParNew: 272670K->25K(306688K), 0.0080943 secs] 442811K->170167K(2587392K), 0.0082267 secs] [Times: user=0.03 sys=0.00, real=0.01 secs] 
[2017-06-05 00:01:08,512] [GC (Allocation Failure) [ParNew: 272665K->33K(306688K), 0.0083603 secs] 442807K->170174K(2587392K), 0.0084106 secs] [Times: user=0.03 sys=0.00, real=0.00 secs] 
[2017-06-05 00:01:08,671] [GC (Allocation Failure) [ParNew: 272673K->29K(306688K), 0.0112603 secs] 442814K->170171K(2587392K), 0.0113158 secs] [Times: user=0.04 sys=0.00, real=0.01 secs] 
[2017-06-05 00:01:08,830] [GC (Allocation Failure) [ParNew: 272669K->32K(306688K), 0.0079215 secs] 442811K->170173K(2587392K), 0.0079708 secs] [Times: user=0.03 sys=0.00, real=0.00 secs] 
[2017-06-05 00:01:08,988] [GC (Allocation Failure) [ParNew: 272672K->30K(306688K), 0.0095380 secs] 442813K->170172K(2587392K), 0.0095926 secs] [Times: user=0.03 sys=0.00, real=0.01 secs] 
[2017-06-05 00:01:09,147] [GC (Allocation Failure) [ParNew: 272670K->28K(306688K), 0.0083255 secs] 442812K->170169K(2587392K), 0.0083814 secs] [Times: user=0.03 sys=0.00, real=0.01 secs] 
[2017-06-05 00:01:09,302] [GC (Allocation Failure) [ParNew: 272668K->36K(306688K), 0.0084430 secs] 442809K->170178K(2587392K), 0.0084918 secs] [Times: user=0.04 sys=0.00, real=0.00 secs] 
[2017-06-05 00:01:09,458] [GC (Allocation Failure) [ParNew: 272676K->33K(306688K), 0.0081172 secs] 442818K->170174K(2587392K), 0.0081669 secs] [Times: user=0.04 sys=0.00, real=0.01 secs] 
[2017-06-05 00:01:09,616] [GC (Allocation Failure) [ParNew: 272673K->28K(306688K), 0.0115921 secs] 442814K->170170K(2587392K), 0.0116452 secs] [Times: user=0.03 sys=0.00, real=0.01 secs] 
[2017-06-05 00:01:09,783] [GC (Allocation Failure) [ParNew: 272668K->26K(306688K), 0.0110571 secs] 442810K->170168K(2587392K), 0.0111088 secs] [Times: user=0.04 sys=0.00, real=0.01 secs] 
[2017-06-05 00:01:09,952] [GC (Allocation Failure) [ParNew: 272666K->26K(306688K), 0.0075999 secs] 442808K->170168K(2587392K), 0.0076508 secs] [Times: user=0.03 sys=0.00, real=0.00 secs] 
[2017-06-05 00:01:10,120] [GC (Allocation Failure) [ParNew: 272666K->25K(306688K), 0.0091878 secs] 442808K->170167K(2587392K), 0.0092453 secs] [Times: user=0.04 sys=0.00, real=0.01 secs] 
[2017-06-05 00:01:10,278] [GC (Allocation Failure) [ParNew: 272665K->34K(306688K), 0.0091407 secs] 442807K->170176K(2587392K), 0.0091934 secs] [Times: user=0.04 sys=0.00, real=0.01 secs] 
[2017-06-05 00:01:10,437] [GC (Allocation Failure) [ParNew: 272674K->27K(306688K), 0.0088724 secs] 442816K->170168K(2587392K), 0.0089584 secs] [Times: user=0.03 sys=0.00, real=0.01 secs] 
[2017-06-05 00:01:10,591] [GC (Allocation Failure) [ParNew: 272667K->31K(306688K), 0.0079441 secs] 442808K->170172K(2587392K), 0.0079950 secs] [Times: user=0.03 sys=0.00, real=0.01 secs] 
[2017-06-05 00:01:10,748] [GC (Allocation Failure) [ParNew: 272671K->28K(306688K), 0.0089508 secs] 442812K->170169K(2587392K), 0.0090112 secs] [Times: user=0.03 sys=0.00, real=0.01 secs] 
[2017-06-05 00:01:10,905] [GC (Allocation Failure) [ParNew: 272668K->42K(306688K), 0.0093897 secs] 442809K->170183K(2587392K), 0.0095869 secs] [Times: user=0.03 sys=0.00, real=0.01 secs] 
[2017-06-05 00:01:11,066] [GC (Allocation Failure) [ParNew: 272682K->28K(306688K), 0.0085128 secs] 442823K->170170K(2587392K), 0.0085632 secs] [Times: user=0.03 sys=0.00, real=0.01 secs] 
[2017-06-05 00:01:11,230] [GC (Allocation Failure) [ParNew: 272668K->30K(306688K), 0.0122436 secs] 442810K->170172K(2587392K), 0.0123042 secs] [Times: user=0.03 sys=0.00, real=0.01 secs] 
[2017-06-05 00:01:11,388] [GC (Allocation Failure) [ParNew: 272670K->37K(306688K), 0.0085015 secs] 442812K->170179K(2587392K), 0.0085559 secs] [Times: user=0.03 sys=0.00, real=0.01 secs] 
[2017-06-05 00:01:11,545] [GC (Allocation Failure) [ParNew: 272677K->29K(306688K), 0.0084019 secs] 442819K->170171K(2587392K), 0.0084926 secs] [Times: user=0.03 sys=0.00, real=0.01 secs] 
[2017-06-05 00:01:11,701] [GC (Allocation Failure) [ParNew: 272669K->42K(306688K), 0.0085138 secs] 442811K->170183K(2587392K), 0.0085807 secs] [Times: user=0.03 sys=0.00, real=0.01 secs] 
[2017-06-05 00:01:11,859] [GC (Allocation Failure) [ParNew: 272682K->35K(306688K), 0.0098709 secs] 442823K->170177K(2587392K), 0.0100642 secs] [Times: user=0.04 sys=0.00, real=0.01 secs] 
[2017-06-05 00:01:12,023] [GC (Allocation Failure) [ParNew: 272675K->23K(306688K), 0.0080628 secs] 442817K->170164K(2587392K), 0.0081248 secs] [Times: user=0.03 sys=0.00, real=0.00 secs] 
[2017-06-05 00:01:12,194] [GC (Allocation Failure) [ParNew: 272663K->37K(306688K), 0.0081587 secs] 442804K->170179K(2587392K), 0.0082211 secs] [Times: user=0.03 sys=0.00, real=0.01 secs] 
[2017-06-05 00:01:12,357] [GC (Allocation Failure) [ParNew: 272677K->27K(306688K), 0.0088268 secs] 442819K->170169K(2587392K), 0.0088973 secs] [Times: user=0.03 sys=0.00, real=0.01 secs] 
[2017-06-05 00:01:12,512] [GC (Allocation Failure) [ParNew: 272667K->32K(306688K), 0.0091832 secs] 442809K->170173K(2587392K), 0.0093932 secs] [Times: user=0.03 sys=0.00, real=0.01 secs] 
[2017-06-05 00:01:12,667] [GC (Allocation Failure) [ParNew: 272672K->30K(306688K), 0.0087644 secs] 442813K->170171K(2587392K), 0.0088150 secs] [Times: user=0.03 sys=0.01, real=0.01 secs] 
[2017-06-05 00:01:12,825] [GC (Allocation Failure) [ParNew: 272670K->30K(306688K), 0.0093974 secs] 442811K->170172K(2587392K), 0.0094575 secs] [Times: user=0.04 sys=0.00, real=0.01 secs] 
[2017-06-05 00:01:12,988] [GC (Allocation Failure) [ParNew: 272670K->28K(306688K), 0.0083447 secs] 442812K->170169K(2587392K), 0.0085420 secs] [Times: user=0.02 sys=0.00, real=0.01 secs] 
[2017-06-05 00:01:13,144] [GC (Allocation Failure) [ParNew: 272668K->30K(306688K), 0.0091064 secs] 442809K->170172K(2587392K), 0.0091553 secs] [Times: user=0.04 sys=0.00, real=0.01 secs] 
[2017-06-05 00:01:13,304] [GC (Allocation Failure) [ParNew: 272670K->31K(306688K), 0.0080525 secs] 442812K->170172K(2587392K), 0.0081021 secs] [Times: user=0.03 sys=0.00, real=0.01 secs] 
[2017-06-05 00:01:13,461] [GC (Allocation Failure) [ParNew: 272671K->26K(306688K), 0.0091210 secs] 442812K->170167K(2587392K), 0.0091743 secs] [Times: user=0.04 sys=0.00, real=0.01 secs] 
[2017-06-05 00:01:13,613] [GC (Allocation Failure) [ParNew: 272666K->34K(306688K), 0.0081094 secs] 442807K->170176K(2587392K), 0.0081624 secs] [Times: user=0.03 sys=0.00, real=0.00 secs] 
[2017-06-05 00:01:13,769] [GC (Allocation Failure) [ParNew: 272674K->22K(306688K), 0.0109950 secs] 442816K->170163K(2587392K), 0.0110515 secs] [Times: user=0.04 sys=0.00, real=0.01 secs] 
[2017-06-05 00:01:13,922] [GC (Allocation Failure) [ParNew: 272662K->31K(306688K), 0.0082088 secs] 442803K->170173K(2587392K), 0.0082655 secs] [Times: user=0.03 sys=0.00, real=0.00 secs] 
[2017-06-05 00:01:14,077] [GC (Allocation Failure) [ParNew: 272671K->40K(306688K), 0.0104076 secs] 442813K->170181K(2587392K), 0.0105049 secs] [Times: user=0.03 sys=0.00, real=0.01 secs] 
[2017-06-05 00:01:14,293] [GC (Allocation Failure) [ParNew: 272680K->24K(306688K), 0.0085481 secs] 442821K->170165K(2587392K), 0.0086137 secs] [Times: user=0.03 sys=0.00, real=0.00 secs] 
[2017-06-05 00:01:14,640] [GC (Allocation Failure) [ParNew: 272664K->30K(306688K), 0.0108112 secs] 442805K->170172K(2587392K), 0.0108582 secs] [Times: user=0.03 sys=0.00, real=0.01 secs] 
[2017-06-05 00:01:14,810] [GC (Allocation Failure) [ParNew: 272670K->28K(306688K), 0.0089178 secs] 442812K->170170K(2587392K), 0.0089738 secs] [Times: user=0.03 sys=0.00, real=0.01 secs] 
[2017-06-05 00:01:14,970] [GC (Allocation Failure) [ParNew: 272668K->33K(306688K), 0.0088394 secs] 442810K->170175K(2587392K), 0.0089000 secs] [Times: user=0.03 sys=0.00, real=0.01 secs] 
[2017-06-05 00:01:15,130] [GC (Allocation Failure) [ParNew: 272673K->30K(306688K), 0.0095630 secs] 442815K->170171K(2587392K), 0.0096165 secs] [Times: user=0.03 sys=0.00, real=0.01 secs] 
[2017-06-05 00:01:15,409] [GC (Allocation Failure) [ParNew: 272670K->25K(306688K), 0.0085436 secs] 442811K->170167K(2587392K), 0.0085965 secs] [Times: user=0.03 sys=0.00, real=0.01 secs] 
[2017-06-05 00:01:15,678] [GC (Allocation Failure) [ParNew: 272665K->23K(306688K), 0.0089735 secs] 442807K->170165K(2587392K), 0.0090241 secs] [Times: user=0.03 sys=0.00, real=0.01 secs] 
[2017-06-05 00:01:15,840] [GC (Allocation Failure) [ParNew: 272663K->32K(306688K), 0.0082060 secs] 442805K->170174K(2587392K), 0.0082571 secs] [Times: user=0.03 sys=0.00, real=0.01 secs] 
[2017-06-05 00:01:16,010] [GC (Allocation Failure) [ParNew: 272672K->34K(306688K), 0.0102473 secs] 442814K->170176K(2587392K), 0.0103164 secs] [Times: user=0.04 sys=0.00, real=0.01 secs] 
[2017-06-05 00:01:16,169] [GC (Allocation Failure) [ParNew: 272674K->28K(306688K), 0.0083871 secs] 442816K->170170K(2587392K), 0.0084419 secs] [Times: user=0.03 sys=0.00, real=0.01 secs] 
[2017-06-05 00:01:16,337] [GC (Allocation Failure) [ParNew: 272668K->21K(306688K), 0.0080257 secs] 442810K->170163K(2587392K), 0.0081826 secs] [Times: user=0.03 sys=0.00, real=0.01 secs] 
[2017-06-05 00:01:16,498] [GC (Allocation Failure) [ParNew: 272661K->37K(306688K), 0.0088917 secs] 442803K->170179K(2587392K), 0.0089451 secs] [Times: user=0.03 sys=0.00, real=0.01 secs] 
[2017-06-05 00:01:16,656] [GC (Allocation Failure) [ParNew: 272677K->34K(306688K), 0.0088056 secs] 442819K->170175K(2587392K), 0.0088591 secs] [Times: user=0.03 sys=0.00, real=0.01 secs] 
[2017-06-05 00:01:16,809] [GC (Allocation Failure) [ParNew: 272674K->25K(306688K), 0.0084749 secs] 442815K->170166K(2587392K), 0.0086865 secs] [Times: user=0.03 sys=0.00, real=0.01 secs] 
[2017-06-05 00:01:16,973] [GC (Allocation Failure) [ParNew: 272665K->27K(306688K), 0.0088423 secs] 442806K->170169K(2587392K), 0.0089021 secs] [Times: user=0.04 sys=0.00, real=0.01 secs] 
[2017-06-05 00:01:17,138] [GC (Allocation Failure) [ParNew: 272667K->32K(306688K), 0.0098780 secs] 442809K->170174K(2587392K), 0.0099272 secs] [Times: user=0.03 sys=0.00, real=0.01 secs] 
[2017-06-05 00:01:17,300] [GC (Allocation Failure) [ParNew: 272672K->29K(306688K), 0.0077802 secs] 442814K->170171K(2587392K), 0.0078763 secs] [Times: user=0.03 sys=0.00, real=0.01 secs] 
[2017-06-05 00:01:17,459] [GC (Allocation Failure) [ParNew: 272669K->35K(306688K), 0.0101774 secs] 442811K->170177K(2587392K), 0.0102412 secs] [Times: user=0.04 sys=0.00, real=0.01 secs] 
[2017-06-05 00:01:17,608] [GC (Allocation Failure) [ParNew: 272675K->25K(306688K), 0.0084580 secs] 442817K->170167K(2587392K), 0.0085078 secs] [Times: user=0.03 sys=0.00, real=0.01 secs] 
[2017-06-05 00:01:17,762] [GC (Allocation Failure) [ParNew: 272665K->27K(306688K), 0.0081443 secs] 442807K->170169K(2587392K), 0.0081969 secs] [Times: user=0.04 sys=0.00, real=0.01 secs] 
[2017-06-05 00:01:17,928] [GC (Allocation Failure) [ParNew: 272667K->36K(306688K), 0.0090166 secs] 442809K->170177K(2587392K), 0.0090693 secs] [Times: user=0.03 sys=0.00, real=0.01 secs] 
[2017-06-05 00:01:18,093] [GC (Allocation Failure) [ParNew: 272676K->34K(306688K), 0.0082237 secs] 442817K->170176K(2587392K), 0.0082739 secs] [Times: user=0.03 sys=0.00, real=0.00 secs] 
[2017-06-05 00:01:18,261] [GC (Allocation Failure) [ParNew: 272674K->38K(306688K), 0.0117144 secs] 442816K->170180K(2587392K), 0.0117659 secs] [Times: user=0.03 sys=0.00, real=0.01 secs] 
[2017-06-05 00:01:18,411] [GC (Allocation Failure) [ParNew: 272678K->25K(306688K), 0.0112975 secs] 442820K->170166K(2587392K), 0.0113572 secs] [Times: user=0.03 sys=0.00, real=0.01 secs] 
[2017-06-05 00:01:18,574] [GC (Allocation Failure) [ParNew: 272665K->28K(306688K), 0.0086211 secs] 442806K->170170K(2587392K), 0.0086702 secs] [Times: user=0.03 sys=0.00, real=0.00 secs] 
[2017-06-05 00:01:18,734] [GC (Allocation Failure) [ParNew: 272668K->25K(306688K), 0.0109289 secs] 442810K->170167K(2587392K), 0.0109797 secs] [Times: user=0.03 sys=0.00, real=0.01 secs] 
[2017-06-05 00:01:18,891] [GC (Allocation Failure) [ParNew: 272665K->33K(306688K), 0.0086143 secs] 442807K->170175K(2587392K), 0.0086628 secs] [Times: user=0.03 sys=0.00, real=0.01 secs] 
[2017-06-05 00:01:19,054] [GC (Allocation Failure) [ParNew: 272673K->30K(306688K), 0.0103109 secs] 442815K->170171K(2587392K), 0.0103659 secs] [Times: user=0.03 sys=0.00, real=0.01 secs] 
[2017-06-05 00:01:19,213] [GC (Allocation Failure) [ParNew: 272670K->29K(306688K), 0.0081657 secs] 442811K->170171K(2587392K), 0.0082144 secs] [Times: user=0.03 sys=0.00, real=0.00 secs] 
[2017-06-05 00:01:19,369] [GC (Allocation Failure) [ParNew: 272669K->28K(306688K), 0.0109658 secs] 442811K->170170K(2587392K), 0.0110160 secs] [Times: user=0.04 sys=0.00, real=0.01 secs] 
[2017-06-05 00:01:19,530] [GC (Allocation Failure) [ParNew: 272668K->29K(306688K), 0.0086914 secs] 442810K->170171K(2587392K), 0.0087456 secs] [Times: user=0.03 sys=0.00, real=0.01 secs] 
[2017-06-05 00:01:19,691] [GC (Allocation Failure) [ParNew: 272669K->25K(306688K), 0.0079057 secs] 442811K->170166K(2587392K), 0.0079561 secs] [Times: user=0.03 sys=0.01, real=0.01 secs] 
[2017-06-05 00:01:19,854] [GC (Allocation Failure) [ParNew: 272665K->25K(306688K), 0.0096697 secs] 442806K->170166K(2587392K), 0.0097165 secs] [Times: user=0.03 sys=0.00, real=0.01 secs] 
[2017-06-05 00:01:20,015] [GC (Allocation Failure) [ParNew: 272665K->29K(306688K), 0.0097647 secs] 442806K->170171K(2587392K), 0.0098140 secs] [Times: user=0.03 sys=0.00, real=0.01 secs] 
[2017-06-05 00:01:20,170] [GC (Allocation Failure) [ParNew: 272669K->36K(306688K), 0.0108912 secs] 442811K->170178K(2587392K), 0.0109480 secs] [Times: user=0.03 sys=0.00, real=0.01 secs] 
[2017-06-05 00:01:20,328] [GC (Allocation Failure) [ParNew: 272676K->29K(306688K), 0.0083661 secs] 442818K->170171K(2587392K), 0.0084138 secs] [Times: user=0.04 sys=0.00, real=0.01 secs] 
[2017-06-05 00:01:20,496] [GC (Allocation Failure) [ParNew: 272669K->33K(306688K), 0.0086465 secs] 442811K->170174K(2587392K), 0.0086951 secs] [Times: user=0.03 sys=0.00, real=0.01 secs] 
[2017-06-05 00:01:20,656] [GC (Allocation Failure) [ParNew: 272673K->25K(306688K), 0.0081770 secs] 442814K->170167K(2587392K), 0.0082258 secs] [Times: user=0.03 sys=0.00, real=0.01 secs] 
[2017-06-05 00:01:20,812] [GC (Allocation Failure) [ParNew: 272665K->36K(306688K), 0.0113660 secs] 442807K->170178K(2587392K), 0.0114486 secs] [Times: user=0.04 sys=0.00, real=0.01 secs] 
[2017-06-05 00:01:20,970] [GC (Allocation Failure) [ParNew: 272676K->35K(306688K), 0.0081627 secs] 442818K->170177K(2587392K), 0.0082212 secs] [Times: user=0.03 sys=0.00, real=0.01 secs] 
[2017-06-05 00:01:21,133] [GC (Allocation Failure) [ParNew: 272675K->23K(306688K), 0.0093908 secs] 442817K->170165K(2587392K), 0.0094404 secs] [Times: user=0.04 sys=0.00, real=0.01 secs] 
[2017-06-05 00:01:21,289] [GC (Allocation Failure) [ParNew: 272663K->29K(306688K), 0.0084675 secs] 442805K->170171K(2587392K), 0.0085247 secs] [Times: user=0.03 sys=0.00, real=0.01 secs] 
[2017-06-05 00:01:21,447] [GC (Allocation Failure) [ParNew: 272669K->34K(306688K), 0.0081446 secs] 442811K->170176K(2587392K), 0.0081938 secs] [Times: user=0.03 sys=0.00, real=0.01 secs] 
[2017-06-05 00:01:21,599] [GC (Allocation Failure) [ParNew: 272674K->24K(306688K), 0.0080297 secs] 442816K->170166K(2587392K), 0.0080846 secs] [Times: user=0.03 sys=0.00, real=0.01 secs] 
[2017-06-05 00:01:21,760] [GC (Allocation Failure) [ParNew: 272664K->32K(306688K), 0.0083269 secs] 442806K->170174K(2587392K), 0.0083790 secs] [Times: user=0.03 sys=0.00, real=0.01 secs] 
[2017-06-05 00:01:21,931] [GC (Allocation Failure) [ParNew: 272672K->26K(306688K), 0.0087140 secs] 442814K->170168K(2587392K), 0.0088884 secs] [Times: user=0.02 sys=0.00, real=0.01 secs] 
[2017-06-05 00:01:22,101] [GC (Allocation Failure) [ParNew: 272666K->26K(306688K), 0.0126538 secs] 442808K->170168K(2587392K), 0.0128091 secs] [Times: user=0.03 sys=0.00, real=0.01 secs] 
[2017-06-05 00:01:22,262] [GC (Allocation Failure) [ParNew: 272666K->24K(306688K), 0.0104822 secs] 442808K->170165K(2587392K), 0.0105322 secs] [Times: user=0.03 sys=0.00, real=0.01 secs] 
[2017-06-05 00:01:22,417] [GC (Allocation Failure) [ParNew: 272664K->41K(306688K), 0.0078660 secs] 442805K->170183K(2587392K), 0.0079187 secs] [Times: user=0.03 sys=0.00, real=0.01 secs] 
[2017-06-05 00:01:22,564] [GC (Allocation Failure) [ParNew: 272681K->37K(306688K), 0.0078947 secs] 442823K->170179K(2587392K), 0.0079406 secs] [Times: user=0.03 sys=0.00, real=0.00 secs] 
[2017-06-05 00:01:22,717] [GC (Allocation Failure) [ParNew: 272677K->45K(306688K), 0.0077919 secs] 442819K->170186K(2587392K), 0.0078390 secs] [Times: user=0.03 sys=0.00, real=0.01 secs] 
[2017-06-05 00:01:22,875] [GC (Allocation Failure) [ParNew: 272685K->27K(306688K), 0.0081092 secs] 442826K->170168K(2587392K), 0.0082017 secs] [Times: user=0.03 sys=0.00, real=0.00 secs] 
[2017-06-05 00:01:23,029] [GC (Allocation Failure) [ParNew: 272667K->26K(306688K), 0.0078002 secs] 442808K->170168K(2587392K), 0.0078483 secs] [Times: user=0.03 sys=0.00, real=0.01 secs] 
[2017-06-05 00:01:23,184] [GC (Allocation Failure) [ParNew: 272666K->35K(306688K), 0.0084054 secs] 442808K->170177K(2587392K), 0.0084542 secs] [Times: user=0.03 sys=0.00, real=0.00 secs] 
[2017-06-05 00:01:23,338] [GC (Allocation Failure) [ParNew: 272675K->22K(306688K), 0.0084343 secs] 442817K->170164K(2587392K), 0.0086195 secs] [Times: user=0.03 sys=0.00, real=0.01 secs] 
[2017-06-05 00:01:23,490] [GC (Allocation Failure) [ParNew: 272662K->34K(306688K), 0.0086828 secs] 442804K->170175K(2587392K), 0.0087303 secs] [Times: user=0.04 sys=0.00, real=0.01 secs] 
[2017-06-05 00:01:23,654] [GC (Allocation Failure) [ParNew: 272674K->27K(306688K), 0.0156329 secs] 442815K->170169K(2587392K), 0.0156848 secs] [Times: user=0.04 sys=0.00, real=0.01 secs] 
[2017-06-05 00:01:23,808] [GC (Allocation Failure) [ParNew: 272667K->26K(306688K), 0.0086463 secs] 442809K->170168K(2587392K), 0.0086984 secs] [Times: user=0.03 sys=0.00, real=0.01 secs] 
[2017-06-05 00:01:23,969] [GC (Allocation Failure) [ParNew: 272666K->26K(306688K), 0.0083757 secs] 442808K->170168K(2587392K), 0.0084280 secs] [Times: user=0.03 sys=0.00, real=0.01 secs] 
[2017-06-05 00:01:24,129] [GC (Allocation Failure) [ParNew: 272666K->32K(306688K), 0.0081652 secs] 442808K->170174K(2587392K), 0.0082155 secs] [Times: user=0.03 sys=0.00, real=0.01 secs] 
[2017-06-05 00:01:24,291] [GC (Allocation Failure) [ParNew: 272672K->30K(306688K), 0.0149576 secs] 442814K->170171K(2587392K), 0.0150076 secs] [Times: user=0.03 sys=0.00, real=0.01 secs] 
[2017-06-05 00:01:24,451] [GC (Allocation Failure) [ParNew: 272670K->25K(306688K), 0.0106570 secs] 442811K->170167K(2587392K), 0.0107143 secs] [Times: user=0.03 sys=0.01, real=0.01 secs] 
[2017-06-05 00:01:24,604] [GC (Allocation Failure) [ParNew: 272665K->29K(306688K), 0.0085098 secs] 442807K->170170K(2587392K), 0.0085571 secs] [Times: user=0.03 sys=0.00, real=0.01 secs] 
[2017-06-05 00:01:24,756] [GC (Allocation Failure) [ParNew: 272669K->34K(306688K), 0.0086969 secs] 442810K->170176K(2587392K), 0.0087614 secs] [Times: user=0.03 sys=0.00, real=0.01 secs] 
[2017-06-05 00:01:24,910] [GC (Allocation Failure) [ParNew: 272674K->25K(306688K), 0.0078276 secs] 442816K->170167K(2587392K), 0.0078778 secs] [Times: user=0.02 sys=0.00, real=0.01 secs] 
[2017-06-05 00:01:25,069] [GC (Allocation Failure) [ParNew: 272665K->29K(306688K), 0.0092020 secs] 442807K->170171K(2587392K), 0.0092552 secs] [Times: user=0.04 sys=0.00, real=0.01 secs] 
[2017-06-05 00:01:25,235] [GC (Allocation Failure) [ParNew: 272669K->32K(306688K), 0.0124068 secs] 442811K->170173K(2587392K), 0.0124630 secs] [Times: user=0.04 sys=0.00, real=0.01 secs] 
[2017-06-05 00:01:25,392] [GC (Allocation Failure) [ParNew: 272672K->30K(306688K), 0.0081688 secs] 442813K->170172K(2587392K), 0.0082345 secs] [Times: user=0.03 sys=0.00, real=0.01 secs] 
[2017-06-05 00:01:25,549] [GC (Allocation Failure) [ParNew: 272670K->35K(306688K), 0.0086040 secs] 442812K->170177K(2587392K), 0.0086528 secs] [Times: user=0.03 sys=0.00, real=0.01 secs] 
[2017-06-05 00:01:25,699] [GC (Allocation Failure) [ParNew: 272675K->26K(306688K), 0.0079122 secs] 442817K->170168K(2587392K), 0.0079792 secs] [Times: user=0.03 sys=0.00, real=0.01 secs] 
[2017-06-05 00:01:25,866] [GC (Allocation Failure) [ParNew: 272666K->26K(306688K), 0.0108749 secs] 442808K->170168K(2587392K), 0.0109387 secs] [Times: user=0.04 sys=0.00, real=0.01 secs] 
[2017-06-05 00:01:26,032] [GC (Allocation Failure) [ParNew: 272666K->23K(306688K), 0.0081022 secs] 442808K->170164K(2587392K), 0.0081547 secs] [Times: user=0.03 sys=0.00, real=0.01 secs] 
[2017-06-05 00:01:26,187] [GC (Allocation Failure) [ParNew: 272663K->28K(306688K), 0.0083165 secs] 442804K->170170K(2587392K), 0.0083658 secs] [Times: user=0.04 sys=0.00, real=0.01 secs] 
[2017-06-05 00:01:26,343] [GC (Allocation Failure) [ParNew: 272668K->29K(306688K), 0.0084128 secs] 442810K->170171K(2587392K), 0.0084639 secs] [Times: user=0.03 sys=0.00, real=0.01 secs] 
[2017-06-05 00:01:26,505] [GC (Allocation Failure) [ParNew: 272669K->26K(306688K), 0.0088730 secs] 442811K->170167K(2587392K), 0.0089307 secs] [Times: user=0.03 sys=0.00, real=0.00 secs] 
[2017-06-05 00:01:26,662] [GC (Allocation Failure) [ParNew: 272666K->30K(306688K), 0.0079771 secs] 442807K->170172K(2587392K), 0.0081525 secs] [Times: user=0.03 sys=0.00, real=0.01 secs] 
[2017-06-05 00:01:26,820] [GC (Allocation Failure) [ParNew: 272670K->25K(306688K), 0.0081599 secs] 442812K->170167K(2587392K), 0.0082268 secs] [Times: user=0.03 sys=0.00, real=0.01 secs] 
[2017-06-05 00:01:26,977] [GC (Allocation Failure) [ParNew: 272665K->29K(306688K), 0.0082827 secs] 442807K->170171K(2587392K), 0.0083313 secs] [Times: user=0.03 sys=0.00, real=0.01 secs] 
[2017-06-05 00:01:27,129] [GC (Allocation Failure) [ParNew: 272669K->30K(306688K), 0.0078178 secs] 442811K->170174K(2587392K), 0.0079016 secs] [Times: user=0.03 sys=0.01, real=0.01 secs] 
[2017-06-05 00:01:27,282] [GC (Allocation Failure) [ParNew: 272670K->25K(306688K), 0.0075776 secs] 442814K->170169K(2587392K), 0.0076318 secs] [Times: user=0.02 sys=0.00, real=0.01 secs] 
[2017-06-05 00:01:27,470] [GC (Allocation Failure) [ParNew: 272665K->32K(306688K), 0.0073989 secs] 442809K->170176K(2587392K), 0.0074536 secs] [Times: user=0.03 sys=0.00, real=0.01 secs] 
[2017-06-05 00:01:27,626] [GC (Allocation Failure) [ParNew: 272672K->35K(306688K), 0.0100548 secs] 442816K->170179K(2587392K), 0.0101063 secs] [Times: user=0.04 sys=0.00, real=0.01 secs] 
[2017-06-05 00:01:27,789] [GC (Allocation Failure) [ParNew: 272675K->35K(306688K), 0.0085342 secs] 442819K->170179K(2587392K), 0.0085912 secs] [Times: user=0.03 sys=0.00, real=0.01 secs] 
[2017-06-05 00:01:27,949] [GC (Allocation Failure) [ParNew: 272675K->35K(306688K), 0.0075721 secs] 442819K->170179K(2587392K), 0.0076247 secs] [Times: user=0.03 sys=0.00, real=0.01 secs] 
[2017-06-05 00:01:28,346] [GC (Allocation Failure) [ParNew: 272675K->24K(306688K), 0.0074766 secs] 442819K->170169K(2587392K), 0.0075246 secs] [Times: user=0.03 sys=0.00, real=0.01 secs] 
[2017-06-05 00:01:28,514] [GC (Allocation Failure) [ParNew: 272664K->23K(306688K), 0.0077446 secs] 442809K->170167K(2587392K), 0.0077968 secs] [Times: user=0.03 sys=0.00, real=0.00 secs] 
[2017-06-05 00:01:28,713] [GC (Allocation Failure) [ParNew: 272663K->33K(306688K), 0.0090349 secs] 442807K->170177K(2587392K), 0.0091046 secs] [Times: user=0.03 sys=0.00, real=0.01 secs] 
[2017-06-05 00:01:28,867] [GC (Allocation Failure) [ParNew: 272673K->30K(306688K), 0.0087756 secs] 442817K->170174K(2587392K), 0.0088225 secs] [Times: user=0.03 sys=0.00, real=0.01 secs] 
[2017-06-05 00:01:29,181] [GC (Allocation Failure) [ParNew: 272670K->30K(306688K), 0.0088804 secs] 442814K->170174K(2587392K), 0.0089346 secs] [Times: user=0.03 sys=0.00, real=0.01 secs] 
[2017-06-05 00:01:29,459] [GC (Allocation Failure) [ParNew: 272670K->30K(306688K), 0.0084833 secs] 442814K->170175K(2587392K), 0.0085342 secs] [Times: user=0.03 sys=0.00, real=0.01 secs] 
[2017-06-05 00:01:29,652] [GC (Allocation Failure) [ParNew: 272670K->25K(306688K), 0.0087061 secs] 442815K->170169K(2587392K), 0.0087578 secs] [Times: user=0.04 sys=0.00, real=0.01 secs] 
[2017-06-05 00:01:29,827] [GC (Allocation Failure) [ParNew: 272665K->29K(306688K), 0.0078627 secs] 442809K->170173K(2587392K), 0.0079119 secs] [Times: user=0.03 sys=0.00, real=0.01 secs] 
[2017-06-05 00:01:30,086] [GC (Allocation Failure) [ParNew: 272669K->33K(306688K), 0.0080304 secs] 442813K->170178K(2587392K), 0.0080800 secs] [Times: user=0.04 sys=0.00, real=0.00 secs] 
[2017-06-05 00:01:30,262] [GC (Allocation Failure) [ParNew: 272673K->25K(306688K), 0.0085509 secs] 442818K->170169K(2587392K), 0.0087119 secs] [Times: user=0.03 sys=0.00, real=0.01 secs] 
[2017-06-05 00:01:30,436] [GC (Allocation Failure) [ParNew: 272665K->33K(306688K), 0.0114554 secs] 442809K->170177K(2587392K), 0.0115033 secs] [Times: user=0.04 sys=0.01, real=0.01 secs] 
[2017-06-05 00:01:30,605] [GC (Allocation Failure) [ParNew: 272673K->26K(306688K), 0.0073863 secs] 442817K->170171K(2587392K), 0.0074352 secs] [Times: user=0.02 sys=0.00, real=0.00 secs] 
[2017-06-05 00:01:30,782] [GC (Allocation Failure) [ParNew: 272666K->33K(306688K), 0.0086383 secs] 442811K->170178K(2587392K), 0.0087032 secs] [Times: user=0.03 sys=0.00, real=0.01 secs] 
[2017-06-05 00:01:30,965] [GC (Allocation Failure) [ParNew: 272673K->23K(306688K), 0.0090706 secs] 442818K->170168K(2587392K), 0.0091254 secs] [Times: user=0.03 sys=0.00, real=0.01 secs] 
[2017-06-05 00:01:31,139] [GC (Allocation Failure) [ParNew: 272663K->25K(306688K), 0.0087115 secs] 442808K->170170K(2587392K), 0.0087627 secs] [Times: user=0.03 sys=0.00, real=0.01 secs] 
[2017-06-05 00:01:31,300] [GC (Allocation Failure) [ParNew: 272665K->31K(306688K), 0.0085939 secs] 442810K->170176K(2587392K), 0.0086481 secs] [Times: user=0.03 sys=0.00, real=0.01 secs] 
[2017-06-05 00:01:31,453] [GC (Allocation Failure) [ParNew: 272671K->33K(306688K), 0.0098040 secs] 442816K->170177K(2587392K), 0.0098550 secs] [Times: user=0.04 sys=0.00, real=0.01 secs] 
[2017-06-05 00:01:31,606] [GC (Allocation Failure) [ParNew: 272673K->33K(306688K), 0.0074801 secs] 442817K->170177K(2587392K), 0.0075804 secs] [Times: user=0.03 sys=0.00, real=0.00 secs] 
[2017-06-05 00:01:31,760] [GC (Allocation Failure) [ParNew: 272673K->25K(306688K), 0.0111991 secs] 442817K->170170K(2587392K), 0.0112451 secs] [Times: user=0.03 sys=0.00, real=0.01 secs] 
[2017-06-05 00:01:31,927] [GC (Allocation Failure) [ParNew: 272665K->28K(306688K), 0.0100344 secs] 442810K->170172K(2587392K), 0.0101813 secs] [Times: user=0.04 sys=0.00, real=0.01 secs] 
[2017-06-05 00:01:32,084] [GC (Allocation Failure) [ParNew: 272668K->29K(306688K), 0.0088604 secs] 442812K->170174K(2587392K), 0.0089101 secs] [Times: user=0.03 sys=0.00, real=0.01 secs] 
[2017-06-05 00:01:32,235] [GC (Allocation Failure) [ParNew: 272669K->34K(306688K), 0.0082288 secs] 442814K->170178K(2587392K), 0.0082779 secs] [Times: user=0.04 sys=0.00, real=0.00 secs] 
[2017-06-05 00:01:32,390] [GC (Allocation Failure) [ParNew: 272674K->24K(306688K), 0.0084586 secs] 442818K->170168K(2587392K), 0.0085075 secs] [Times: user=0.03 sys=0.00, real=0.01 secs] 
[2017-06-05 00:01:32,552] [GC (Allocation Failure) [ParNew: 272664K->32K(306688K), 0.0088547 secs] 442808K->170176K(2587392K), 0.0089077 secs] [Times: user=0.03 sys=0.00, real=0.01 secs] 
[2017-06-05 00:01:32,707] [GC (Allocation Failure) [ParNew: 272672K->23K(306688K), 0.0092603 secs] 442816K->170167K(2587392K), 0.0093076 secs] [Times: user=0.04 sys=0.00, real=0.01 secs] 
[2017-06-05 00:01:32,861] [GC (Allocation Failure) [ParNew: 272663K->33K(306688K), 0.0082696 secs] 442807K->170177K(2587392K), 0.0083152 secs] [Times: user=0.03 sys=0.00, real=0.01 secs] 
[2017-06-05 00:01:33,022] [GC (Allocation Failure) [ParNew: 272673K->30K(306688K), 0.0074752 secs] 442817K->170174K(2587392K), 0.0075363 secs] [Times: user=0.03 sys=0.00, real=0.01 secs] 
[2017-06-05 00:01:33,181] [GC (Allocation Failure) [ParNew: 272670K->29K(306688K), 0.0079378 secs] 442814K->170173K(2587392K), 0.0079867 secs] [Times: user=0.03 sys=0.00, real=0.01 secs] 
[2017-06-05 00:01:33,337] [GC (Allocation Failure) [ParNew: 272669K->28K(306688K), 0.0081570 secs] 442813K->170172K(2587392K), 0.0082082 secs] [Times: user=0.03 sys=0.00, real=0.01 secs] 
[2017-06-05 00:01:33,492] [GC (Allocation Failure) [ParNew: 272668K->29K(306688K), 0.0080317 secs] 442812K->170173K(2587392K), 0.0080794 secs] [Times: user=0.03 sys=0.00, real=0.01 secs] 
[2017-06-05 00:01:33,647] [GC (Allocation Failure) [ParNew: 272669K->30K(306688K), 0.0075186 secs] 442813K->170175K(2587392K), 0.0075806 secs] [Times: user=0.03 sys=0.00, real=0.01 secs] 
[2017-06-05 00:01:33,803] [GC (Allocation Failure) [ParNew: 272670K->24K(306688K), 0.0115847 secs] 442815K->170169K(2587392K), 0.0116419 secs] [Times: user=0.03 sys=0.00, real=0.01 secs] 
[2017-06-05 00:01:33,975] [GC (Allocation Failure) [ParNew: 272664K->29K(306688K), 0.0110271 secs] 442809K->170173K(2587392K), 0.0110813 secs] [Times: user=0.03 sys=0.01, real=0.01 secs] 
[2017-06-05 00:01:34,135] [GC (Allocation Failure) [ParNew: 272669K->29K(306688K), 0.0083133 secs] 442813K->170173K(2587392K), 0.0083689 secs] [Times: user=0.03 sys=0.01, real=0.00 secs] 
[2017-06-05 00:01:34,295] [GC (Allocation Failure) [ParNew: 272669K->37K(306688K), 0.0079802 secs] 442813K->170182K(2587392K), 0.0080284 secs] [Times: user=0.03 sys=0.00, real=0.00 secs] 
[2017-06-05 00:01:34,452] [GC (Allocation Failure) [ParNew: 272677K->35K(306688K), 0.0090662 secs] 442822K->170179K(2587392K), 0.0092247 secs] [Times: user=0.03 sys=0.00, real=0.01 secs] 
[2017-06-05 00:01:34,602] [GC (Allocation Failure) [ParNew: 272675K->30K(306688K), 0.0076414 secs] 442819K->170175K(2587392K), 0.0076898 secs] [Times: user=0.03 sys=0.00, real=0.01 secs] 
[2017-06-05 00:01:34,754] [GC (Allocation Failure) [ParNew: 272670K->29K(306688K), 0.0076411 secs] 442815K->170173K(2587392K), 0.0076885 secs] [Times: user=0.03 sys=0.00, real=0.01 secs] 
[2017-06-05 00:01:34,908] [GC (Allocation Failure) [ParNew: 272669K->32K(306688K), 0.0083945 secs] 442813K->170177K(2587392K), 0.0084422 secs] [Times: user=0.03 sys=0.01, real=0.01 secs] 
[2017-06-05 00:01:35,069] [GC (Allocation Failure) [ParNew: 272672K->30K(306688K), 0.0121543 secs] 442817K->170174K(2587392K), 0.0122047 secs] [Times: user=0.04 sys=0.00, real=0.01 secs] 
[2017-06-05 00:01:35,232] [GC (Allocation Failure) [ParNew: 272670K->28K(306688K), 0.0102052 secs] 442814K->170172K(2587392K), 0.0102583 secs] [Times: user=0.03 sys=0.00, real=0.01 secs] 
[2017-06-05 00:01:35,394] [GC (Allocation Failure) [ParNew: 272668K->31K(306688K), 0.0111665 secs] 442812K->170175K(2587392K), 0.0112545 secs] [Times: user=0.03 sys=0.00, real=0.01 secs] 
[2017-06-05 00:01:35,556] [GC (Allocation Failure) [ParNew: 272671K->26K(306688K), 0.0085573 secs] 442815K->170170K(2587392K), 0.0087028 secs] [Times: user=0.03 sys=0.00, real=0.00 secs] 
[2017-06-05 00:01:35,713] [GC (Allocation Failure) [ParNew: 272666K->29K(306688K), 0.0123395 secs] 442810K->170173K(2587392K), 0.0123923 secs] [Times: user=0.03 sys=0.00, real=0.01 secs] 
[2017-06-05 00:01:35,878] [GC (Allocation Failure) [ParNew: 272669K->36K(306688K), 0.0086797 secs] 442813K->170180K(2587392K), 0.0087388 secs] [Times: user=0.03 sys=0.00, real=0.01 secs] 
[2017-06-05 00:01:36,040] [GC (Allocation Failure) [ParNew: 272676K->30K(306688K), 0.0088344 secs] 442820K->170174K(2587392K), 0.0088836 secs] [Times: user=0.04 sys=0.00, real=0.01 secs] 
[2017-06-05 00:01:36,200] [GC (Allocation Failure) [ParNew: 272670K->30K(306688K), 0.0106469 secs] 442814K->170175K(2587392K), 0.0106984 secs] [Times: user=0.04 sys=0.00, real=0.01 secs] 
[2017-06-05 00:01:36,359] [GC (Allocation Failure) [ParNew: 272670K->26K(306688K), 0.0088267 secs] 442815K->170170K(2587392K), 0.0089041 secs] [Times: user=0.04 sys=0.00, real=0.01 secs] 
[2017-06-05 00:01:36,517] [GC (Allocation Failure) [ParNew: 272666K->26K(306688K), 0.0083152 secs] 442810K->170170K(2587392K), 0.0083652 secs] [Times: user=0.03 sys=0.00, real=0.00 secs] 
[2017-06-05 00:01:36,675] [GC (Allocation Failure) [ParNew: 272666K->24K(306688K), 0.0085874 secs] 442810K->170168K(2587392K), 0.0086358 secs] [Times: user=0.03 sys=0.00, real=0.01 secs] 
[2017-06-05 00:01:36,847] [GC (Allocation Failure) [ParNew: 272664K->30K(306688K), 0.0089261 secs] 442808K->170175K(2587392K), 0.0089780 secs] [Times: user=0.03 sys=0.00, real=0.00 secs] 
[2017-06-05 00:01:37,008] [GC (Allocation Failure) [ParNew: 272670K->24K(306688K), 0.0085236 secs] 442815K->170168K(2587392K), 0.0085758 secs] [Times: user=0.03 sys=0.00, real=0.01 secs] 
[2017-06-05 00:01:37,170] [GC (Allocation Failure) [ParNew: 272664K->30K(306688K), 0.0083144 secs] 442808K->170174K(2587392K), 0.0083661 secs] [Times: user=0.03 sys=0.01, real=0.01 secs] 
[2017-06-05 00:01:37,331] [GC (Allocation Failure) [ParNew: 272670K->29K(306688K), 0.0089555 secs] 442814K->170174K(2587392K), 0.0090070 secs] [Times: user=0.04 sys=0.00, real=0.01 secs] 
[2017-06-05 00:01:37,490] [GC (Allocation Failure) [ParNew: 272669K->30K(306688K), 0.0081214 secs] 442814K->170175K(2587392K), 0.0082734 secs] [Times: user=0.03 sys=0.00, real=0.01 secs] 
[2017-06-05 00:01:37,650] [GC (Allocation Failure) [ParNew: 272670K->32K(306688K), 0.0079748 secs] 442815K->170176K(2587392K), 0.0080282 secs] [Times: user=0.03 sys=0.00, real=0.01 secs] 
[2017-06-05 00:01:37,804] [GC (Allocation Failure) [ParNew: 272672K->30K(306688K), 0.0088049 secs] 442816K->170174K(2587392K), 0.0089110 secs] [Times: user=0.03 sys=0.00, real=0.01 secs] 
[2017-06-05 00:01:37,959] [GC (Allocation Failure) [ParNew: 272670K->25K(306688K), 0.0092190 secs] 442814K->170170K(2587392K), 0.0092721 secs] [Times: user=0.04 sys=0.00, real=0.01 secs] 
[2017-06-05 00:01:38,118] [GC (Allocation Failure) [ParNew: 272665K->31K(306688K), 0.0078047 secs] 442810K->170175K(2587392K), 0.0078548 secs] [Times: user=0.03 sys=0.00, real=0.01 secs] 
[2017-06-05 00:01:38,270] [GC (Allocation Failure) [ParNew: 272671K->21K(306688K), 0.0080538 secs] 442815K->170166K(2587392K), 0.0081012 secs] [Times: user=0.03 sys=0.00, real=0.01 secs] 
[2017-06-05 00:01:38,421] [GC (Allocation Failure) [ParNew: 272661K->35K(306688K), 0.0083988 secs] 442806K->170179K(2587392K), 0.0084562 secs] [Times: user=0.03 sys=0.00, real=0.01 secs] 
[2017-06-05 00:01:38,576] [GC (Allocation Failure) [ParNew: 272675K->27K(306688K), 0.0115506 secs] 442819K->170172K(2587392K), 0.0116045 secs] [Times: user=0.04 sys=0.00, real=0.01 secs] 
[2017-06-05 00:01:38,730] [GC (Allocation Failure) [ParNew: 272667K->23K(306688K), 0.0105932 secs] 442812K->170167K(2587392K), 0.0106406 secs] [Times: user=0.03 sys=0.00, real=0.01 secs] 
[2017-06-05 00:01:38,883] [GC (Allocation Failure) [ParNew: 272663K->34K(306688K), 0.0075589 secs] 442807K->170179K(2587392K), 0.0076061 secs] [Times: user=0.03 sys=0.00, real=0.01 secs] 
[2017-06-05 00:01:39,034] [GC (Allocation Failure) [ParNew: 272674K->39K(306688K), 0.0076592 secs] 442819K->170183K(2587392K), 0.0077106 secs] [Times: user=0.03 sys=0.00, real=0.01 secs] 
[2017-06-05 00:01:39,187] [GC (Allocation Failure) [ParNew: 272679K->29K(306688K), 0.0077607 secs] 442823K->170174K(2587392K), 0.0078092 secs] [Times: user=0.03 sys=0.00, real=0.00 secs] 
[2017-06-05 00:01:39,338] [GC (Allocation Failure) [ParNew: 272669K->30K(306688K), 0.0082638 secs] 442814K->170174K(2587392K), 0.0083256 secs] [Times: user=0.02 sys=0.00, real=0.01 secs] 
[2017-06-05 00:01:39,491] [GC (Allocation Failure) [ParNew: 272670K->34K(306688K), 0.0087884 secs] 442814K->170178K(2587392K), 0.0088985 secs] [Times: user=0.04 sys=0.00, real=0.01 secs] 
[2017-06-05 00:01:39,649] [GC (Allocation Failure) [ParNew: 272674K->26K(306688K), 0.0087635 secs] 442818K->170170K(2587392K), 0.0088815 secs] [Times: user=0.03 sys=0.00, real=0.01 secs] 
[2017-06-05 00:01:39,809] [GC (Allocation Failure) [ParNew: 272666K->33K(306688K), 0.0085387 secs] 442810K->170177K(2587392K), 0.0085866 secs] [Times: user=0.03 sys=0.00, real=0.01 secs] 
[2017-06-05 00:01:40,145] [GC (Allocation Failure) [ParNew: 272673K->25K(306688K), 0.0086780 secs] 442817K->170169K(2587392K), 0.0087276 secs] [Times: user=0.03 sys=0.00, real=0.01 secs] 
[2017-06-05 00:01:40,525] [GC (Allocation Failure) [ParNew: 272665K->34K(306688K), 0.0092336 secs] 442809K->170178K(2587392K), 0.0092967 secs] [Times: user=0.03 sys=0.00, real=0.01 secs] 
[2017-06-05 00:01:40,683] [GC (Allocation Failure) [ParNew: 272674K->35K(306688K), 0.0086674 secs] 442818K->170179K(2587392K), 0.0087160 secs] [Times: user=0.03 sys=0.00, real=0.01 secs] 
[2017-06-05 00:01:40,837] [GC (Allocation Failure) [ParNew: 272675K->27K(306688K), 0.0078990 secs] 442819K->170171K(2587392K), 0.0079471 secs] [Times: user=0.03 sys=0.00, real=0.00 secs] 
[2017-06-05 00:01:40,996] [GC (Allocation Failure) [ParNew: 272667K->26K(306688K), 0.0088818 secs] 442811K->170170K(2587392K), 0.0089494 secs] [Times: user=0.03 sys=0.00, real=0.01 secs] 
[2017-06-05 00:01:41,150] [GC (Allocation Failure) [ParNew: 272666K->25K(306688K), 0.0076445 secs] 442810K->170170K(2587392K), 0.0076990 secs] [Times: user=0.03 sys=0.00, real=0.01 secs] 
[2017-06-05 00:01:41,367] [GC (Allocation Failure) [ParNew: 272665K->33K(306688K), 0.0089113 secs] 442810K->170177K(2587392K), 0.0089704 secs] [Times: user=0.03 sys=0.00, real=0.01 secs] 
[2017-06-05 00:01:41,527] [GC (Allocation Failure) [ParNew: 272673K->23K(306688K), 0.0097475 secs] 442817K->170168K(2587392K), 0.0097968 secs] [Times: user=0.04 sys=0.00, real=0.01 secs] 
[2017-06-05 00:01:41,682] [GC (Allocation Failure) [ParNew: 272663K->34K(306688K), 0.0082816 secs] 442808K->170179K(2587392K), 0.0083307 secs] [Times: user=0.03 sys=0.00, real=0.01 secs] 
[2017-06-05 00:01:41,850] [GC (Allocation Failure) [ParNew: 272674K->30K(306688K), 0.0090862 secs] 442819K->170174K(2587392K), 0.0091654 secs] [Times: user=0.03 sys=0.00, real=0.01 secs] 
[2017-06-05 00:01:42,014] [GC (Allocation Failure) [ParNew: 272670K->29K(306688K), 0.0087998 secs] 442814K->170173K(2587392K), 0.0088553 secs] [Times: user=0.04 sys=0.00, real=0.01 secs] 
[2017-06-05 00:01:42,168] [GC (Allocation Failure) [ParNew: 272669K->30K(306688K), 0.0081338 secs] 442813K->170174K(2587392K), 0.0081846 secs] [Times: user=0.03 sys=0.00, real=0.01 secs] 
[2017-06-05 00:01:42,324] [GC (Allocation Failure) [ParNew: 272670K->25K(306688K), 0.0082971 secs] 442814K->170170K(2587392K), 0.0083700 secs] [Times: user=0.03 sys=0.00, real=0.01 secs] 
[2017-06-05 00:01:42,498] [GC (Allocation Failure) [ParNew: 272665K->30K(306688K), 0.0149680 secs] 442810K->170174K(2587392K), 0.0150172 secs] [Times: user=0.04 sys=0.00, real=0.01 secs] 
[2017-06-05 00:01:42,648] [GC (Allocation Failure) [ParNew: 272670K->29K(306688K), 0.0077189 secs] 442814K->170173K(2587392K), 0.0077671 secs] [Times: user=0.03 sys=0.00, real=0.00 secs] 
[2017-06-05 00:01:42,801] [GC (Allocation Failure) [ParNew: 272669K->23K(306688K), 0.0084703 secs] 442813K->170168K(2587392K), 0.0085196 secs] [Times: user=0.03 sys=0.00, real=0.01 secs] 
[2017-06-05 00:01:42,960] [GC (Allocation Failure) [ParNew: 272663K->30K(306688K), 0.0086585 secs] 442808K->170174K(2587392K), 0.0087068 secs] [Times: user=0.04 sys=0.01, real=0.01 secs] 
[2017-06-05 00:01:43,174] [GC (Allocation Failure) [ParNew: 272670K->28K(306688K), 0.0092636 secs] 442814K->170173K(2587392K), 0.0093206 secs] [Times: user=0.04 sys=0.00, real=0.01 secs] 
[2017-06-05 00:01:43,328] [GC (Allocation Failure) [ParNew: 272668K->29K(306688K), 0.0079601 secs] 442813K->170174K(2587392K), 0.0080122 secs] [Times: user=0.03 sys=0.00, real=0.01 secs] 
[2017-06-05 00:01:43,487] [GC (Allocation Failure) [ParNew: 272669K->36K(306688K), 0.0099839 secs] 442814K->170180K(2587392K), 0.0100334 secs] [Times: user=0.04 sys=0.00, real=0.01 secs] 
[2017-06-05 00:01:43,665] [GC (Allocation Failure) [ParNew: 272676K->26K(306688K), 0.0086107 secs] 442820K->170171K(2587392K), 0.0087682 secs] [Times: user=0.03 sys=0.00, real=0.01 secs] 
[2017-06-05 00:01:43,819] [GC (Allocation Failure) [ParNew: 272666K->30K(306688K), 0.0081121 secs] 442811K->170174K(2587392K), 0.0081594 secs] [Times: user=0.03 sys=0.00, real=0.01 secs] 
[2017-06-05 00:01:43,982] [GC (Allocation Failure) [ParNew: 272670K->32K(306688K), 0.0092002 secs] 442814K->170176K(2587392K), 0.0092500 secs] [Times: user=0.03 sys=0.00, real=0.01 secs] 
[2017-06-05 00:01:44,144] [GC (Allocation Failure) [ParNew: 272672K->33K(306688K), 0.0087516 secs] 442816K->170178K(2587392K), 0.0088005 secs] [Times: user=0.03 sys=0.00, real=0.01 secs] 
[2017-06-05 00:01:44,302] [GC (Allocation Failure) [ParNew: 272673K->25K(306688K), 0.0080797 secs] 442818K->170169K(2587392K), 0.0082341 secs] [Times: user=0.03 sys=0.00, real=0.01 secs] 
[2017-06-05 00:01:44,460] [GC (Allocation Failure) [ParNew: 272665K->39K(306688K), 0.0087171 secs] 442809K->170183K(2587392K), 0.0088982 secs] [Times: user=0.03 sys=0.00, real=0.01 secs] 
[2017-06-05 00:01:44,618] [GC (Allocation Failure) [ParNew: 272361K->33K(306688K), 0.0079524 secs] 442506K->170177K(2587392K), 0.0080035 secs] [Times: user=0.04 sys=0.00, real=0.00 secs] 
[2017-06-05 00:01:44,774] [GC (Allocation Failure) [ParNew: 272673K->34K(306688K), 0.0076085 secs] 442817K->170178K(2587392K), 0.0076560 secs] [Times: user=0.03 sys=0.00, real=0.01 secs] 
[2017-06-05 00:01:44,929] [GC (Allocation Failure) [ParNew: 272674K->26K(306688K), 0.0100545 secs] 442818K->170170K(2587392K), 0.0101105 secs] [Times: user=0.04 sys=0.00, real=0.01 secs] 
[2017-06-05 00:01:45,085] [GC (Allocation Failure) [ParNew: 272666K->27K(306688K), 0.0082776 secs] 442810K->170172K(2587392K), 0.0083278 secs] [Times: user=0.03 sys=0.00, real=0.01 secs] 
[2017-06-05 00:01:45,248] [GC (Allocation Failure) [ParNew: 272667K->29K(306688K), 0.0106060 secs] 442812K->170174K(2587392K), 0.0106543 secs] [Times: user=0.03 sys=0.00, real=0.01 secs] 
[2017-06-05 00:01:45,404] [GC (Allocation Failure) [ParNew: 272669K->37K(306688K), 0.0107513 secs] 442814K->170181K(2587392K), 0.0108014 secs] [Times: user=0.03 sys=0.00, real=0.01 secs] 
[2017-06-05 00:01:45,559] [GC (Allocation Failure) [ParNew: 272677K->26K(306688K), 0.0089927 secs] 442821K->170171K(2587392K), 0.0090450 secs] [Times: user=0.03 sys=0.00, real=0.01 secs] 
[2017-06-05 00:01:45,744] [GC (Allocation Failure) [ParNew: 272666K->36K(306688K), 0.0081549 secs] 442811K->170180K(2587392K), 0.0082631 secs] [Times: user=0.03 sys=0.00, real=0.01 secs] 
[2017-06-05 00:01:45,923] [GC (Allocation Failure) [ParNew: 272676K->24K(306688K), 0.0080817 secs] 442820K->170169K(2587392K), 0.0081378 secs] [Times: user=0.03 sys=0.00, real=0.01 secs] 
[2017-06-05 00:01:46,088] [GC (Allocation Failure) [ParNew: 272664K->26K(306688K), 0.0094705 secs] 442809K->170170K(2587392K), 0.0095825 secs] [Times: user=0.03 sys=0.00, real=0.01 secs] 
[2017-06-05 00:01:46,674] [GC (Allocation Failure) [ParNew: 272666K->35K(306688K), 0.0104323 secs] 442810K->170179K(2587392K), 0.0104904 secs] [Times: user=0.04 sys=0.00, real=0.01 secs] 
[2017-06-05 00:01:46,835] [GC (Allocation Failure) [ParNew: 272675K->26K(306688K), 0.0096611 secs] 442819K->170170K(2587392K), 0.0097087 secs] [Times: user=0.03 sys=0.00, real=0.01 secs] 
[2017-06-05 00:01:46,997] [GC (Allocation Failure) [ParNew: 272666K->27K(306688K), 0.0101679 secs] 442810K->170171K(2587392K), 0.0102214 secs] [Times: user=0.03 sys=0.00, real=0.01 secs] 
[2017-06-05 00:01:47,159] [GC (Allocation Failure) [ParNew: 272667K->32K(306688K), 0.0083811 secs] 442811K->170176K(2587392K), 0.0084299 secs] [Times: user=0.03 sys=0.00, real=0.01 secs] 
[2017-06-05 00:01:47,351] [GC (Allocation Failure) [ParNew: 272672K->27K(306688K), 0.0092045 secs] 442816K->170171K(2587392K), 0.0092575 secs] [Times: user=0.03 sys=0.00, real=0.01 secs] 
[2017-06-05 00:01:47,515] [GC (Allocation Failure) [ParNew: 272667K->30K(306688K), 0.0136005 secs] 442811K->170174K(2587392K), 0.0136568 secs] [Times: user=0.04 sys=0.00, real=0.01 secs] 
[2017-06-05 00:01:47,791] [GC (Allocation Failure) [ParNew: 272670K->34K(306688K), 0.0079169 secs] 442814K->170178K(2587392K), 0.0079656 secs] [Times: user=0.03 sys=0.00, real=0.01 secs] 
[2017-06-05 00:01:47,945] [GC (Allocation Failure) [ParNew: 272674K->30K(306688K), 0.0081581 secs] 442818K->170174K(2587392K), 0.0082248 secs] [Times: user=0.03 sys=0.00, real=0.01 secs] 
[2017-06-05 00:01:48,110] [GC (Allocation Failure) [ParNew: 272670K->25K(306688K), 0.0092473 secs] 442814K->170169K(2587392K), 0.0093035 secs] [Times: user=0.04 sys=0.00, real=0.01 secs] 
[2017-06-05 00:01:48,266] [GC (Allocation Failure) [ParNew: 272665K->29K(306688K), 0.0085790 secs] 442809K->170174K(2587392K), 0.0086575 secs] [Times: user=0.03 sys=0.00, real=0.01 secs] 
[2017-06-05 00:01:48,428] [GC (Allocation Failure) [ParNew: 272669K->37K(306688K), 0.0119537 secs] 442814K->170181K(2587392K), 0.0120002 secs] [Times: user=0.04 sys=0.00, real=0.01 secs] 
[2017-06-05 00:01:48,594] [GC (Allocation Failure) [ParNew: 272677K->31K(306688K), 0.0150061 secs] 442821K->170175K(2587392K), 0.0150567 secs] [Times: user=0.05 sys=0.00, real=0.01 secs] 
[2017-06-05 00:01:48,757] [GC (Allocation Failure) [ParNew: 272671K->30K(306688K), 0.0114367 secs] 442815K->170174K(2587392K), 0.0114836 secs] [Times: user=0.03 sys=0.00, real=0.01 secs] 
[2017-06-05 00:01:48,914] [GC (Allocation Failure) [ParNew: 272670K->29K(306688K), 0.0091837 secs] 442814K->170174K(2587392K), 0.0092329 secs] [Times: user=0.04 sys=0.00, real=0.01 secs] 
[2017-06-05 00:01:49,075] [GC (Allocation Failure) [ParNew: 272669K->31K(306688K), 0.0085922 secs] 442814K->170175K(2587392K), 0.0086424 secs] [Times: user=0.03 sys=0.00, real=0.01 secs] 
[2017-06-05 00:01:49,232] [GC (Allocation Failure) [ParNew: 272671K->26K(306688K), 0.0090163 secs] 442815K->170170K(2587392K), 0.0090940 secs] [Times: user=0.03 sys=0.00, real=0.01 secs] 
[2017-06-05 00:01:49,392] [GC (Allocation Failure) [ParNew: 272666K->26K(306688K), 0.0122967 secs] 442810K->170170K(2587392K), 0.0123535 secs] [Times: user=0.04 sys=0.00, real=0.01 secs] 
[2017-06-05 00:01:49,548] [GC (Allocation Failure) [ParNew: 272666K->30K(306688K), 0.0089600 secs] 442810K->170175K(2587392K), 0.0090112 secs] [Times: user=0.03 sys=0.00, real=0.01 secs] 
[2017-06-05 00:01:49,718] [GC (Allocation Failure) [ParNew: 272670K->38K(306688K), 0.0106260 secs] 442815K->170182K(2587392K), 0.0107351 secs] [Times: user=0.03 sys=0.00, real=0.01 secs] 
[2017-06-05 00:01:49,875] [GC (Allocation Failure) [ParNew: 272678K->30K(306688K), 0.0088478 secs] 442822K->170174K(2587392K), 0.0089036 secs] [Times: user=0.04 sys=0.00, real=0.01 secs] 
[2017-06-05 00:01:50,037] [GC (Allocation Failure) [ParNew: 272670K->29K(306688K), 0.0122683 secs] 442814K->170174K(2587392K), 0.0123308 secs] [Times: user=0.04 sys=0.00, real=0.01 secs] 
[2017-06-05 00:01:50,193] [GC (Allocation Failure) [ParNew: 272669K->31K(306688K), 0.0083333 secs] 442814K->170175K(2587392K), 0.0083842 secs] [Times: user=0.03 sys=0.00, real=0.01 secs] 
[2017-06-05 00:01:50,350] [GC (Allocation Failure) [ParNew: 272671K->26K(306688K), 0.0080148 secs] 442815K->170171K(2587392K), 0.0080610 secs] [Times: user=0.03 sys=0.00, real=0.01 secs] 
[2017-06-05 00:01:50,512] [GC (Allocation Failure) [ParNew: 272666K->30K(306688K), 0.0086830 secs] 442811K->170174K(2587392K), 0.0087315 secs] [Times: user=0.03 sys=0.00, real=0.01 secs] 
[2017-06-05 00:01:50,670] [GC (Allocation Failure) [ParNew: 272670K->31K(306688K), 0.0085256 secs] 442814K->170175K(2587392K), 0.0086645 secs] [Times: user=0.03 sys=0.00, real=0.01 secs] 
[2017-06-05 00:01:50,830] [GC (Allocation Failure) [ParNew: 272671K->25K(306688K), 0.0081122 secs] 442815K->170170K(2587392K), 0.0081710 secs] [Times: user=0.03 sys=0.00, real=0.01 secs] 
[2017-06-05 00:01:50,987] [GC (Allocation Failure) [ParNew: 272665K->24K(306688K), 0.0086078 secs] 442810K->170169K(2587392K), 0.0086573 secs] [Times: user=0.04 sys=0.00, real=0.01 secs] 
[2017-06-05 00:01:51,150] [GC (Allocation Failure) [ParNew: 272664K->23K(306688K), 0.0089142 secs] 442809K->170167K(2587392K), 0.0089605 secs] [Times: user=0.03 sys=0.00, real=0.01 secs] 
[2017-06-05 00:01:51,309] [GC (Allocation Failure) [ParNew: 272663K->33K(306688K), 0.0086547 secs] 442807K->170178K(2587392K), 0.0087031 secs] [Times: user=0.04 sys=0.00, real=0.01 secs] 
[2017-06-05 00:01:51,463] [GC (Allocation Failure) [ParNew: 272673K->24K(306688K), 0.0084708 secs] 442818K->170168K(2587392K), 0.0085215 secs] [Times: user=0.04 sys=0.00, real=0.01 secs] 
[2017-06-05 00:01:51,619] [GC (Allocation Failure) [ParNew: 272664K->37K(306688K), 0.0088002 secs] 442808K->170181K(2587392K), 0.0088500 secs] [Times: user=0.03 sys=0.00, real=0.00 secs] 
[2017-06-05 00:01:51,777] [GC (Allocation Failure) [ParNew: 272677K->32K(306688K), 0.0084882 secs] 442821K->170176K(2587392K), 0.0085534 secs] [Times: user=0.03 sys=0.00, real=0.01 secs] 
[2017-06-05 00:01:52,457] [GC (Allocation Failure) [ParNew: 272672K->25K(306688K), 0.0085685 secs] 442816K->170170K(2587392K), 0.0086166 secs] [Times: user=0.03 sys=0.00, real=0.01 secs] 
[2017-06-05 00:01:52,827] [GC (Allocation Failure) [ParNew: 272665K->29K(306688K), 0.0103267 secs] 442810K->170174K(2587392K), 0.0103862 secs] [Times: user=0.03 sys=0.00, real=0.01 secs] 
[2017-06-05 00:01:52,980] [GC (Allocation Failure) [ParNew: 272669K->28K(306688K), 0.0086525 secs] 442814K->170173K(2587392K), 0.0087100 secs] [Times: user=0.03 sys=0.00, real=0.01 secs] 
[2017-06-05 00:01:53,149] [GC (Allocation Failure) [ParNew: 272668K->28K(306688K), 0.0109250 secs] 442813K->170173K(2587392K), 0.0109713 secs] [Times: user=0.03 sys=0.00, real=0.01 secs] 
[2017-06-05 00:01:53,313] [GC (Allocation Failure) [ParNew: 272668K->34K(306688K), 0.0137609 secs] 442813K->170178K(2587392K), 0.0138098 secs] [Times: user=0.04 sys=0.00, real=0.01 secs] 
[2017-06-05 00:01:53,478] [GC (Allocation Failure) [ParNew: 272674K->27K(306688K), 0.0118512 secs] 442818K->170171K(2587392K), 0.0119668 secs] [Times: user=0.03 sys=0.00, real=0.01 secs] 
[2017-06-05 00:01:53,634] [GC (Allocation Failure) [ParNew: 272667K->26K(306688K), 0.0088387 secs] 442811K->170170K(2587392K), 0.0088872 secs] [Times: user=0.03 sys=0.00, real=0.01 secs] 
[2017-06-05 00:01:53,791] [GC (Allocation Failure) [ParNew: 272666K->28K(306688K), 0.0079540 secs] 442810K->170173K(2587392K), 0.0080015 secs] [Times: user=0.03 sys=0.00, real=0.01 secs] 
[2017-06-05 00:01:53,949] [GC (Allocation Failure) [ParNew: 272668K->31K(306688K), 0.0104763 secs] 442813K->170175K(2587392K), 0.0105292 secs] [Times: user=0.03 sys=0.00, real=0.02 secs] 
[2017-06-05 00:01:54,118] [GC (Allocation Failure) [ParNew: 272671K->36K(306688K), 0.0113130 secs] 442815K->170180K(2587392K), 0.0113650 secs] [Times: user=0.03 sys=0.00, real=0.01 secs] 
[2017-06-05 00:01:54,565] [GC (Allocation Failure) [ParNew: 272676K->24K(306688K), 0.0086281 secs] 442820K->170169K(2587392K), 0.0086795 secs] [Times: user=0.03 sys=0.00, real=0.01 secs] 
[2017-06-05 00:01:54,721] [GC (Allocation Failure) [ParNew: 272664K->30K(306688K), 0.0088330 secs] 442809K->170175K(2587392K), 0.0088812 secs] [Times: user=0.03 sys=0.00, real=0.01 secs] 
[2017-06-05 00:01:54,879] [GC (Allocation Failure) [ParNew: 272670K->23K(306688K), 0.0082187 secs] 442815K->170167K(2587392K), 0.0082659 secs] [Times: user=0.02 sys=0.00, real=0.01 secs] 
[2017-06-05 00:01:55,045] [GC (Allocation Failure) [ParNew: 272663K->33K(306688K), 0.0085846 secs] 442807K->170177K(2587392K), 0.0087479 secs] [Times: user=0.03 sys=0.00, real=0.01 secs] 
[2017-06-05 00:01:55,284] [GC (Allocation Failure) [ParNew: 272673K->24K(306688K), 0.0080428 secs] 442817K->170169K(2587392K), 0.0080948 secs] [Times: user=0.03 sys=0.00, real=0.01 secs] 
[2017-06-05 00:01:55,445] [GC (Allocation Failure) [ParNew: 272664K->32K(306688K), 0.0093546 secs] 442809K->170177K(2587392K), 0.0094140 secs] [Times: user=0.03 sys=0.00, real=0.01 secs] 
[2017-06-05 00:01:55,603] [GC (Allocation Failure) [ParNew: 272672K->29K(306688K), 0.0085703 secs] 442817K->170174K(2587392K), 0.0086310 secs] [Times: user=0.03 sys=0.00, real=0.01 secs] 
[2017-06-05 00:01:55,755] [GC (Allocation Failure) [ParNew: 272669K->35K(306688K), 0.0080291 secs] 442814K->170179K(2587392K), 0.0080749 secs] [Times: user=0.04 sys=0.00, real=0.01 secs] 
[2017-06-05 00:01:56,842] [GC (Allocation Failure) [ParNew: 272675K->27K(306688K), 0.0116311 secs] 442819K->170172K(2587392K), 0.0117124 secs] [Times: user=0.04 sys=0.00, real=0.01 secs] 
[2017-06-05 00:01:57,017] [GC (Allocation Failure) [ParNew: 272667K->25K(306688K), 0.0092150 secs] 442812K->170169K(2587392K), 0.0092649 secs] [Times: user=0.04 sys=0.00, real=0.01 secs] 
[2017-06-05 00:01:57,180] [GC (Allocation Failure) [ParNew: 272665K->24K(306688K), 0.0112901 secs] 442809K->170168K(2587392K), 0.0113659 secs] [Times: user=0.03 sys=0.00, real=0.01 secs] 
[2017-06-05 00:01:57,337] [GC (Allocation Failure) [ParNew: 272664K->33K(306688K), 0.0120862 secs] 442808K->170177K(2587392K), 0.0121439 secs] [Times: user=0.03 sys=0.00, real=0.01 secs] 
[2017-06-05 00:01:57,496] [GC (Allocation Failure) [ParNew: 272673K->27K(306688K), 0.0135183 secs] 442817K->170172K(2587392K), 0.0135802 secs] [Times: user=0.05 sys=0.00, real=0.01 secs] 
[2017-06-05 00:01:57,882] [GC (Allocation Failure) [ParNew: 272667K->30K(306688K), 0.0077691 secs] 442812K->170174K(2587392K), 0.0078689 secs] [Times: user=0.03 sys=0.00, real=0.01 secs] 
[2017-06-05 00:01:58,263] [GC (Allocation Failure) [ParNew: 272670K->24K(306688K), 0.0089905 secs] 442814K->170168K(2587392K), 0.0090417 secs] [Times: user=0.04 sys=0.00, real=0.01 secs] 
[2017-06-05 00:01:58,474] [GC (Allocation Failure) [ParNew: 272664K->33K(306688K), 0.0112891 secs] 442808K->170178K(2587392K), 0.0113376 secs] [Times: user=0.04 sys=0.00, real=0.01 secs] 
[2017-06-05 00:01:58,629] [GC (Allocation Failure) [ParNew: 272673K->33K(306688K), 0.0086185 secs] 442818K->170177K(2587392K), 0.0086637 secs] [Times: user=0.03 sys=0.00, real=0.00 secs] 
[2017-06-05 00:01:58,782] [GC (Allocation Failure) [ParNew: 272673K->25K(306688K), 0.0076975 secs] 442817K->170169K(2587392K), 0.0077444 secs] [Times: user=0.03 sys=0.00, real=0.01 secs] 
[2017-06-05 00:01:58,938] [GC (Allocation Failure) [ParNew: 272665K->34K(306688K), 0.0074160 secs] 442809K->170178K(2587392K), 0.0074628 secs] [Times: user=0.03 sys=0.00, real=0.00 secs] 
[2017-06-05 00:01:59,094] [GC (Allocation Failure) [ParNew: 272674K->35K(306688K), 0.0086064 secs] 442818K->170180K(2587392K), 0.0086544 secs] [Times: user=0.03 sys=0.00, real=0.01 secs] 
[2017-06-05 00:01:59,245] [GC (Allocation Failure) [ParNew: 272675K->22K(306688K), 0.0084044 secs] 442820K->170166K(2587392K), 0.0084561 secs] [Times: user=0.03 sys=0.00, real=0.01 secs] 
[2017-06-05 00:01:59,505] [GC (Allocation Failure) [ParNew: 272662K->33K(306688K), 0.0077909 secs] 442806K->170177K(2587392K), 0.0078462 secs] [Times: user=0.02 sys=0.00, real=0.01 secs] 
[2017-06-05 00:01:59,969] [GC (Allocation Failure) [ParNew: 272673K->25K(306688K), 0.0086465 secs] 442817K->170169K(2587392K), 0.0086960 secs] [Times: user=0.03 sys=0.00, real=0.00 secs] 
[2017-06-05 00:02:00,211] [GC (Allocation Failure) [ParNew: 272665K->23K(306688K), 0.0087938 secs] 442809K->170168K(2587392K), 0.0088590 secs] [Times: user=0.04 sys=0.00, real=0.01 secs] 
[2017-06-05 00:02:00,370] [GC (Allocation Failure) [ParNew: 272663K->32K(306688K), 0.0080601 secs] 442808K->170176K(2587392K), 0.0081094 secs] [Times: user=0.03 sys=0.00, real=0.00 secs] 
[2017-06-05 00:02:00,528] [GC (Allocation Failure) [ParNew: 272672K->28K(306688K), 0.0094781 secs] 442816K->170173K(2587392K), 0.0095287 secs] [Times: user=0.04 sys=0.00, real=0.01 secs] 
[2017-06-05 00:02:00,693] [GC (Allocation Failure) [ParNew: 272668K->26K(306688K), 0.0090393 secs] 442813K->170170K(2587392K), 0.0091053 secs] [Times: user=0.03 sys=0.00, real=0.01 secs] 
[2017-06-05 00:02:00,882] [GC (Allocation Failure) [ParNew: 272666K->33K(306688K), 0.0081633 secs] 442810K->170177K(2587392K), 0.0082149 secs] [Times: user=0.03 sys=0.00, real=0.01 secs] 
[2017-06-05 00:02:01,068] [GC (Allocation Failure) [ParNew: 272673K->23K(306688K), 0.0132751 secs] 442817K->170168K(2587392K), 0.0133878 secs] [Times: user=0.05 sys=0.00, real=0.01 secs] 
[2017-06-05 00:02:01,299] [GC (Allocation Failure) [ParNew: 272663K->29K(306688K), 0.0140357 secs] 442808K->170174K(2587392K), 0.0141094 secs] [Times: user=0.04 sys=0.00, real=0.01 secs] 
[2017-06-05 00:02:01,610] [GC (Allocation Failure) [ParNew: 272669K->36K(306688K), 0.0128758 secs] 442814K->170180K(2587392K), 0.0129314 secs] [Times: user=0.05 sys=0.00, real=0.01 secs] 
[2017-06-05 00:02:01,878] [GC (Allocation Failure) [ParNew: 272676K->38K(306688K), 0.0109689 secs] 442820K->170183K(2587392K), 0.0110478 secs] [Times: user=0.04 sys=0.00, real=0.01 secs] 
[2017-06-05 00:02:02,126] [GC (Allocation Failure) [ParNew: 272678K->47K(306688K), 0.0102232 secs] 442823K->170191K(2587392K), 0.0103320 secs] [Times: user=0.04 sys=0.00, real=0.01 secs] 
[2017-06-05 00:02:02,374] [GC (Allocation Failure) [ParNew: 272687K->38K(306688K), 0.0132587 secs] 442831K->170183K(2587392K), 0.0133105 secs] [Times: user=0.03 sys=0.01, real=0.02 secs] 
[2017-06-05 00:02:02,633] [GC (Allocation Failure) [ParNew: 272678K->50K(306688K), 0.0084048 secs] 442823K->170195K(2587392K), 0.0084581 secs] [Times: user=0.03 sys=0.00, real=0.01 secs] 
[2017-06-05 00:02:03,220] [GC (Allocation Failure) [ParNew: 272690K->67K(306688K), 0.0091181 secs] 442835K->170216K(2587392K), 0.0091707 secs] [Times: user=0.03 sys=0.00, real=0.01 secs] 
[2017-06-05 00:02:03,568] [GC (Allocation Failure) [ParNew: 272707K->40K(306688K), 0.0087341 secs] 442856K->170196K(2587392K), 0.0087851 secs] [Times: user=0.04 sys=0.00, real=0.01 secs] 
[2017-06-05 00:02:04,012] [GC (Allocation Failure) [ParNew: 272680K->49K(306688K), 0.0080082 secs] 442836K->170205K(2587392K), 0.0080646 secs] [Times: user=0.03 sys=0.00, real=0.01 secs] 
[2017-06-05 00:02:04,397] [GC (Allocation Failure) [ParNew: 272689K->46K(306688K), 0.0080146 secs] 442845K->170202K(2587392K), 0.0080731 secs] [Times: user=0.03 sys=0.00, real=0.01 secs] 
[2017-06-05 00:02:04,726] [GC (Allocation Failure) [ParNew: 272686K->45K(306688K), 0.0082538 secs] 442842K->170202K(2587392K), 0.0083039 secs] [Times: user=0.03 sys=0.00, real=0.01 secs] 
[2017-06-05 00:02:05,012] [GC (Allocation Failure) [ParNew: 272685K->38K(306688K), 0.0082079 secs] 442842K->170204K(2587392K), 0.0083301 secs] [Times: user=0.04 sys=0.00, real=0.01 secs] 
[2017-06-05 00:02:05,311] [GC (Allocation Failure) [ParNew: 272678K->31K(306688K), 0.0081139 secs] 442844K->170206K(2587392K), 0.0081755 secs] [Times: user=0.03 sys=0.00, real=0.00 secs] 
[2017-06-05 00:02:06,554] [GC (Allocation Failure) [ParNew: 272671K->22K(306688K), 0.0076628 secs] 442846K->170197K(2587392K), 0.0077154 secs] [Times: user=0.02 sys=0.00, real=0.01 secs] 
[2017-06-05 00:02:07,032] [GC (Allocation Failure) [ParNew: 272662K->30K(306688K), 0.0093946 secs] 442837K->170206K(2587392K), 0.0094507 secs] [Times: user=0.04 sys=0.00, real=0.01 secs] 
[2017-06-05 00:02:07,413] [GC (Allocation Failure) [ParNew: 272670K->36K(306688K), 0.0086965 secs] 442846K->170211K(2587392K), 0.0087511 secs] [Times: user=0.03 sys=0.00, real=0.01 secs] 
[2017-06-05 00:02:07,747] [GC (Allocation Failure) [ParNew: 272676K->26K(306688K), 0.0078534 secs] 442851K->170201K(2587392K), 0.0080091 secs] [Times: user=0.03 sys=0.00, real=0.01 secs] 
[2017-06-05 00:02:07,954] [GC (Allocation Failure) [ParNew: 272666K->31K(306688K), 0.0095134 secs] 442841K->170207K(2587392K), 0.0095638 secs] [Times: user=0.03 sys=0.00, real=0.01 secs] 
[2017-06-05 00:02:08,276] [GC (Allocation Failure) [ParNew: 272671K->20K(306688K), 0.0079369 secs] 442847K->170205K(2587392K), 0.0079913 secs] [Times: user=0.03 sys=0.00, real=0.01 secs] 
[2017-06-05 00:02:08,664] [GC (Allocation Failure) [ParNew: 272660K->23K(306688K), 0.0070900 secs] 442845K->170208K(2587392K), 0.0071372 secs] [Times: user=0.03 sys=0.00, real=0.01 secs] 
[2017-06-05 00:02:08,823] [GC (Allocation Failure) [ParNew: 272663K->28K(306688K), 0.0095994 secs] 442848K->170213K(2587392K), 0.0096528 secs] [Times: user=0.03 sys=0.00, real=0.01 secs] 
[2017-06-05 00:02:08,976] [GC (Allocation Failure) [ParNew: 272668K->23K(306688K), 0.0076137 secs] 442853K->170208K(2587392K), 0.0076619 secs] [Times: user=0.03 sys=0.00, real=0.01 secs] 
[2017-06-05 00:02:09,134] [GC (Allocation Failure) [ParNew: 272663K->27K(306688K), 0.0073696 secs] 442848K->170211K(2587392K), 0.0074356 secs] [Times: user=0.03 sys=0.00, real=0.01 secs] 
[2017-06-05 00:02:09,294] [GC (Allocation Failure) [ParNew: 272667K->27K(306688K), 0.0078506 secs] 442851K->170212K(2587392K), 0.0078996 secs] [Times: user=0.03 sys=0.00, real=0.01 secs] 
[2017-06-05 00:02:09,446] [GC (Allocation Failure) [ParNew: 272667K->33K(306688K), 0.0079908 secs] 442852K->170218K(2587392K), 0.0080401 secs] [Times: user=0.03 sys=0.00, real=0.01 secs] 
[2017-06-05 00:02:09,605] [GC (Allocation Failure) [ParNew: 272673K->14K(306688K), 0.0084761 secs] 442858K->170208K(2587392K), 0.0085242 secs] [Times: user=0.03 sys=0.00, real=0.01 secs] 
[2017-06-05 00:02:09,764] [GC (Allocation Failure) [ParNew: 272654K->12K(306688K), 0.0086171 secs] 442848K->170206K(2587392K), 0.0086648 secs] [Times: user=0.04 sys=0.00, real=0.01 secs] 
[2017-06-05 00:02:09,923] [GC (Allocation Failure) [ParNew: 272652K->12K(306688K), 0.0114878 secs] 442846K->170206K(2587392K), 0.0115380 secs] [Times: user=0.03 sys=0.00, real=0.02 secs] 
[2017-06-05 00:02:10,099] [GC (Allocation Failure) [ParNew: 272652K->15K(306688K), 0.0093058 secs] 442846K->170209K(2587392K), 0.0093715 secs] [Times: user=0.04 sys=0.00, real=0.01 secs] 
[2017-06-05 00:02:10,260] [GC (Allocation Failure) [ParNew: 272655K->14K(306688K), 0.0080681 secs] 442849K->170208K(2587392K), 0.0082746 secs] [Times: user=0.03 sys=0.00, real=0.01 secs] 
[2017-06-05 00:02:10,421] [GC (Allocation Failure) [ParNew: 272654K->17K(306688K), 0.0080606 secs] 442848K->170211K(2587392K), 0.0082140 secs] [Times: user=0.03 sys=0.00, real=0.00 secs] 
[2017-06-05 00:02:10,581] [GC (Allocation Failure) [ParNew: 272657K->12K(306688K), 0.0102763 secs] 442851K->170206K(2587392K), 0.0103188 secs] [Times: user=0.03 sys=0.00, real=0.01 secs] 
[2017-06-05 00:02:10,734] [GC (Allocation Failure) [ParNew: 272652K->16K(306688K), 0.0075083 secs] 442846K->170210K(2587392K), 0.0075539 secs] [Times: user=0.02 sys=0.00, real=0.01 secs] 
[2017-06-05 00:02:10,892] [GC (Allocation Failure) [ParNew: 272656K->12K(306688K), 0.0073876 secs] 442850K->170206K(2587392K), 0.0074331 secs] [Times: user=0.03 sys=0.00, real=0.00 secs] 
[2017-06-05 00:02:11,046] [GC (Allocation Failure) [ParNew: 272652K->14K(306688K), 0.0072597 secs] 442846K->170208K(2587392K), 0.0073065 secs] [Times: user=0.03 sys=0.00, real=0.01 secs] 
[2017-06-05 00:02:11,202] [GC (Allocation Failure) [ParNew: 272654K->14K(306688K), 0.0078844 secs] 442848K->170208K(2587392K), 0.0079351 secs] [Times: user=0.03 sys=0.00, real=0.00 secs] 
[2017-06-05 00:02:11,357] [GC (Allocation Failure) [ParNew: 272654K->14K(306688K), 0.0094174 secs] 442848K->170208K(2587392K), 0.0094638 secs] [Times: user=0.03 sys=0.00, real=0.01 secs] 
[2017-06-05 00:02:11,513] [GC (Allocation Failure) [ParNew: 272654K->15K(306688K), 0.0086500 secs] 442848K->170209K(2587392K), 0.0087034 secs] [Times: user=0.03 sys=0.00, real=0.01 secs] 
[2017-06-05 00:02:11,673] [GC (Allocation Failure) [ParNew: 272655K->13K(306688K), 0.0096109 secs] 442849K->170207K(2587392K), 0.0096595 secs] [Times: user=0.03 sys=0.00, real=0.01 secs] 
[2017-06-05 00:02:11,836] [GC (Allocation Failure) [ParNew: 272653K->22K(306688K), 0.0077093 secs] 442847K->170216K(2587392K), 0.0077573 secs] [Times: user=0.03 sys=0.00, real=0.01 secs] 
[2017-06-05 00:02:12,044] [GC (Allocation Failure) [ParNew: 272662K->28K(306688K), 0.0086082 secs] 442856K->170222K(2587392K), 0.0086590 secs] [Times: user=0.02 sys=0.00, real=0.01 secs] 
RACE_RESULT||sendNum=40000000||sendCost=73952
[2017-06-05 00:02:12,245] [2017-06-05 00:02:12,244] Produce Finished, sendNum 40000000, Cost 73952 ms
KILL_9 Produce
Finish Run SubTask[bash -c sh ../bin/produce.sh ], Cost 74991 ms
Run SubTask bash -c sh ../bin/consume.sh 
[2017-06-05 00:02:12,370] Start Consume =============================
[2017-06-05 00:02:12,464] consume pro_max 400000
[2017-06-05 00:02:12,464] consume store.path /home/admin/race2017/data
[2017-06-05 00:02:12,467] 
[2017-06-05 00:02:14,189] [GC (Allocation Failure) [ParNew: 272640K->3080K(306688K), 0.0160571 secs] 272640K->3080K(2587392K), 0.0161546 secs] [Times: user=0.06 sys=0.00, real=0.01 secs] 
[2017-06-05 00:02:14,658] [GC (Allocation Failure) [ParNew: 275720K->3291K(306688K), 0.0121278 secs] 275720K->3291K(2587392K), 0.0122208 secs] [Times: user=0.04 sys=0.01, real=0.01 secs] 
[2017-06-05 00:02:14,931] [GC (Allocation Failure) [ParNew: 275931K->3568K(306688K), 0.0108308 secs] 275931K->3568K(2587392K), 0.0108818 secs] [Times: user=0.03 sys=0.00, real=0.01 secs] 
[2017-06-05 00:02:15,250] [GC (Allocation Failure) [ParNew: 276208K->4147K(306688K), 0.0128490 secs] 276208K->4147K(2587392K), 0.0129010 secs] [Times: user=0.05 sys=0.00, real=0.01 secs] 
[2017-06-05 00:02:15,455] [GC (Allocation Failure) [ParNew: 276787K->3940K(306688K), 0.0166575 secs] 276787K->3940K(2587392K), 0.0167131 secs] [Times: user=0.06 sys=0.00, real=0.02 secs] 
[2017-06-05 00:02:15,650] [GC (Allocation Failure) [ParNew: 276580K->4035K(306688K), 0.0099855 secs] 276580K->4035K(2587392K), 0.0101551 secs] [Times: user=0.03 sys=0.00, real=0.01 secs] 
[2017-06-05 00:02:15,886] [GC (Allocation Failure) [ParNew: 276675K->2705K(306688K), 0.0198915 secs] 276675K->3902K(2587392K), 0.0199430 secs] [Times: user=0.06 sys=0.01, real=0.02 secs] 
[2017-06-05 00:02:16,175] [GC (Allocation Failure) [ParNew: 275345K->2386K(306688K), 0.0115596 secs] 276542K->3584K(2587392K), 0.0116100 secs] [Times: user=0.04 sys=0.00, real=0.01 secs] 
[2017-06-05 00:02:16,343] [GC (Allocation Failure) [ParNew: 275026K->1914K(306688K), 0.0079419 secs] 276224K->3112K(2587392K), 0.0079955 secs] [Times: user=0.03 sys=0.01, real=0.00 secs] 
[2017-06-05 00:02:16,459] [GC (Allocation Failure) [ParNew: 274554K->2520K(306688K), 0.0085497 secs] 275752K->3719K(2587392K), 0.0086963 secs] [Times: user=0.03 sys=0.00, real=0.01 secs] 
[2017-06-05 00:02:16,570] [GC (Allocation Failure) [ParNew: 275160K->1845K(306688K), 0.0079040 secs] 276359K->3045K(2587392K), 0.0079827 secs] [Times: user=0.03 sys=0.00, real=0.01 secs] 
[2017-06-05 00:02:16,680] [GC (Allocation Failure) [ParNew: 274485K->2075K(306688K), 0.0110684 secs] 275685K->3275K(2587392K), 0.0111199 secs] [Times: user=0.04 sys=0.00, real=0.01 secs] 
[2017-06-05 00:02:16,781] [GC (Allocation Failure) [ParNew: 274715K->1609K(306688K), 0.0072192 secs] 275915K->2809K(2587392K), 0.0072760 secs] [Times: user=0.03 sys=0.00, real=0.00 secs] 
[2017-06-05 00:02:16,890] [GC (Allocation Failure) [ParNew: 274249K->1960K(306688K), 0.0116091 secs] 275449K->3160K(2587392K), 0.0116701 secs] [Times: user=0.04 sys=0.00, real=0.01 secs] 
[2017-06-05 00:02:16,992] [GC (Allocation Failure) [ParNew: 274600K->1823K(306688K), 0.0101898 secs] 275800K->3023K(2587392K), 0.0102403 secs] [Times: user=0.03 sys=0.00, real=0.01 secs] 
[2017-06-05 00:02:17,097] [GC (Allocation Failure) [ParNew: 274463K->2145K(306688K), 0.0093429 secs] 275663K->3345K(2587392K), 0.0094106 secs] [Times: user=0.03 sys=0.00, real=0.01 secs] 
[2017-06-05 00:02:17,194] [GC (Allocation Failure) [ParNew: 274785K->1639K(306688K), 0.0071897 secs] 275985K->2839K(2587392K), 0.0072545 secs] [Times: user=0.03 sys=0.00, real=0.01 secs] 
[2017-06-05 00:02:17,301] [GC (Allocation Failure) [ParNew: 274279K->1711K(306688K), 0.0074162 secs] 275479K->2912K(2587392K), 0.0075045 secs] [Times: user=0.03 sys=0.00, real=0.00 secs] 
[2017-06-05 00:02:17,406] [GC (Allocation Failure) [ParNew: 274351K->1841K(306688K), 0.0076272 secs] 275552K->3041K(2587392K), 0.0076804 secs] [Times: user=0.02 sys=0.00, real=0.01 secs] 
[2017-06-05 00:02:17,508] [GC (Allocation Failure) [ParNew: 274481K->1937K(306688K), 0.0077703 secs] 275681K->3137K(2587392K), 0.0078239 secs] [Times: user=0.03 sys=0.00, real=0.01 secs] 
[2017-06-05 00:02:17,617] [GC (Allocation Failure) [ParNew: 274577K->1925K(306688K), 0.0077763 secs] 275777K->3126K(2587392K), 0.0078301 secs] [Times: user=0.03 sys=0.00, real=0.01 secs] 
[2017-06-05 00:02:17,716] [GC (Allocation Failure) [ParNew: 274565K->1929K(306688K), 0.0082990 secs] 275766K->3130K(2587392K), 0.0083473 secs] [Times: user=0.02 sys=0.00, real=0.01 secs] 
[2017-06-05 00:02:17,814] [GC (Allocation Failure) [ParNew: 274569K->2192K(306688K), 0.0077001 secs] 275770K->3393K(2587392K), 0.0077505 secs] [Times: user=0.03 sys=0.00, real=0.01 secs] 
[2017-06-05 00:02:17,918] [GC (Allocation Failure) [ParNew: 274832K->1900K(306688K), 0.0102667 secs] 276033K->3101K(2587392K), 0.0103206 secs] [Times: user=0.03 sys=0.00, real=0.01 secs] 
[2017-06-05 00:02:18,017] [GC (Allocation Failure) [ParNew: 274540K->1725K(306688K), 0.0096110 secs] 275741K->2926K(2587392K), 0.0096615 secs] [Times: user=0.03 sys=0.00, real=0.01 secs] 
[2017-06-05 00:02:18,117] [GC (Allocation Failure) [ParNew: 274365K->1566K(306688K), 0.0079607 secs] 275566K->2767K(2587392K), 0.0080119 secs] [Times: user=0.03 sys=0.00, real=0.01 secs] 
[2017-06-05 00:02:18,229] [GC (Allocation Failure) [ParNew: 274206K->1570K(306688K), 0.0080837 secs] 275407K->2772K(2587392K), 0.0081366 secs] [Times: user=0.03 sys=0.00, real=0.01 secs] 
[2017-06-05 00:02:18,339] [GC (Allocation Failure) [ParNew: 274210K->1612K(306688K), 0.0108650 secs] 275412K->2813K(2587392K), 0.0109170 secs] [Times: user=0.03 sys=0.00, real=0.01 secs] 
[2017-06-05 00:02:18,445] [GC (Allocation Failure) [ParNew: 274252K->1567K(306688K), 0.0097098 secs] 275453K->2768K(2587392K), 0.0097615 secs] [Times: user=0.04 sys=0.00, real=0.01 secs] 
[2017-06-05 00:02:18,553] [GC (Allocation Failure) [ParNew: 274207K->1596K(306688K), 0.0116174 secs] 275408K->2798K(2587392K), 0.0116705 secs] [Times: user=0.03 sys=0.00, real=0.02 secs] 
[2017-06-05 00:02:18,658] [GC (Allocation Failure) [ParNew: 274236K->1559K(306688K), 0.0097085 secs] 275438K->2761K(2587392K), 0.0097616 secs] [Times: user=0.03 sys=0.00, real=0.01 secs] 
[2017-06-05 00:02:18,774] [GC (Allocation Failure) [ParNew: 274199K->1561K(306688K), 0.0147124 secs] 275401K->2762K(2587392K), 0.0147620 secs] [Times: user=0.04 sys=0.00, real=0.02 secs] 
[2017-06-05 00:02:18,878] [GC (Allocation Failure) [ParNew: 274201K->1545K(306688K), 0.0084410 secs] 275402K->2746K(2587392K), 0.0084991 secs] [Times: user=0.03 sys=0.00, real=0.01 secs] 
[2017-06-05 00:02:18,978] [GC (Allocation Failure) [ParNew: 274185K->1542K(306688K), 0.0072182 secs] 275386K->2743K(2587392K), 0.0072767 secs] [Times: user=0.02 sys=0.00, real=0.01 secs] 
[2017-06-05 00:02:19,082] [GC (Allocation Failure) [ParNew: 274182K->1546K(306688K), 0.0084306 secs] 275383K->2748K(2587392K), 0.0084861 secs] [Times: user=0.03 sys=0.00, real=0.00 secs] 
[2017-06-05 00:02:19,178] [GC (Allocation Failure) [ParNew: 274186K->1549K(306688K), 0.0080970 secs] 275388K->2751K(2587392K), 0.0081505 secs] [Times: user=0.03 sys=0.00, real=0.01 secs] 
[2017-06-05 00:02:19,289] [GC (Allocation Failure) [ParNew: 274189K->1542K(306688K), 0.0087995 secs] 275391K->2744K(2587392K), 0.0088529 secs] [Times: user=0.03 sys=0.00, real=0.01 secs] 
[2017-06-05 00:02:19,401] [GC (Allocation Failure) [ParNew: 274182K->1546K(306688K), 0.0105748 secs] 275384K->2748K(2587392K), 0.0107147 secs] [Times: user=0.03 sys=0.00, real=0.01 secs] 
[2017-06-05 00:02:19,510] [GC (Allocation Failure) [ParNew: 274186K->1545K(306688K), 0.0156982 secs] 275388K->2747K(2587392K), 0.0157574 secs] [Times: user=0.05 sys=0.00, real=0.01 secs] 
[2017-06-05 00:02:19,610] [GC (Allocation Failure) [ParNew: 274185K->1545K(306688K), 0.0108792 secs] 275387K->2747K(2587392K), 0.0109284 secs] [Times: user=0.03 sys=0.00, real=0.01 secs] 
[2017-06-05 00:02:19,714] [GC (Allocation Failure) [ParNew: 274185K->1546K(306688K), 0.0117051 secs] 275387K->2749K(2587392K), 0.0117564 secs] [Times: user=0.03 sys=0.00, real=0.02 secs] 
[2017-06-05 00:02:19,816] [GC (Allocation Failure) [ParNew: 274186K->1541K(306688K), 0.0091222 secs] 275389K->2744K(2587392K), 0.0091759 secs] [Times: user=0.04 sys=0.00, real=0.01 secs] 
[2017-06-05 00:02:19,925] [GC (Allocation Failure) [ParNew: 274181K->1548K(306688K), 0.0111093 secs] 275384K->2750K(2587392K), 0.0112177 secs] [Times: user=0.04 sys=0.00, real=0.01 secs] 
[2017-06-05 00:02:20,028] [GC (Allocation Failure) [ParNew: 274188K->1556K(306688K), 0.0106755 secs] 275390K->2758K(2587392K), 0.0107241 secs] [Times: user=0.03 sys=0.00, real=0.01 secs] 
[2017-06-05 00:02:20,180] [GC (Allocation Failure) [ParNew: 274196K->1549K(306688K), 0.0101678 secs] 275398K->2752K(2587392K), 0.0102209 secs] [Times: user=0.03 sys=0.00, real=0.01 secs] 
[2017-06-05 00:02:20,335] [GC (Allocation Failure) [ParNew: 274189K->1544K(306688K), 0.0102721 secs] 275392K->2746K(2587392K), 0.0103434 secs] [Times: user=0.03 sys=0.00, real=0.01 secs] 
[2017-06-05 00:02:20,432] [GC (Allocation Failure) [ParNew: 274184K->1542K(306688K), 0.0072316 secs] 275386K->2744K(2587392K), 0.0072847 secs] [Times: user=0.02 sys=0.00, real=0.00 secs] 
[2017-06-05 00:02:20,530] [GC (Allocation Failure) [ParNew: 274182K->1542K(306688K), 0.0083800 secs] 275384K->2745K(2587392K), 0.0084377 secs] [Times: user=0.03 sys=0.00, real=0.01 secs] 
[2017-06-05 00:02:20,633] [GC (Allocation Failure) [ParNew: 274182K->1543K(306688K), 0.0082915 secs] 275385K->2746K(2587392K), 0.0084402 secs] [Times: user=0.03 sys=0.00, real=0.01 secs] 
[2017-06-05 00:02:20,737] [GC (Allocation Failure) [ParNew: 274183K->1547K(306688K), 0.0077819 secs] 275386K->2750K(2587392K), 0.0079496 secs] [Times: user=0.03 sys=0.00, real=0.01 secs] 
[2017-06-05 00:02:20,836] [GC (Allocation Failure) [ParNew: 274187K->1549K(306688K), 0.0085877 secs] 275390K->2752K(2587392K), 0.0086521 secs] [Times: user=0.03 sys=0.00, real=0.01 secs] 
[2017-06-05 00:02:20,942] [GC (Allocation Failure) [ParNew: 274189K->1543K(306688K), 0.0083483 secs] 275392K->2747K(2587392K), 0.0085025 secs] [Times: user=0.03 sys=0.00, real=0.00 secs] 
[2017-06-05 00:02:21,038] [GC (Allocation Failure) [ParNew: 274183K->1548K(306688K), 0.0078157 secs] 275387K->2751K(2587392K), 0.0078811 secs] [Times: user=0.02 sys=0.00, real=0.01 secs] 
[2017-06-05 00:02:21,143] [GC (Allocation Failure) [ParNew: 274188K->1543K(306688K), 0.0110081 secs] 275391K->2746K(2587392K), 0.0110737 secs] [Times: user=0.03 sys=0.00, real=0.01 secs] 
[2017-06-05 00:02:21,245] [GC (Allocation Failure) [ParNew: 274183K->1545K(306688K), 0.0080335 secs] 275386K->2748K(2587392K), 0.0081444 secs] [Times: user=0.03 sys=0.00, real=0.01 secs] 
[2017-06-05 00:02:21,343] [GC (Allocation Failure) [ParNew: 274185K->1547K(306688K), 0.0076198 secs] 275388K->2751K(2587392K), 0.0076702 secs] [Times: user=0.03 sys=0.00, real=0.00 secs] 
[2017-06-05 00:02:21,440] [GC (Allocation Failure) [ParNew: 274187K->1539K(306688K), 0.0103103 secs] 275391K->2743K(2587392K), 0.0103618 secs] [Times: user=0.03 sys=0.00, real=0.01 secs] 
[2017-06-05 00:02:21,537] [GC (Allocation Failure) [ParNew: 274179K->1543K(306688K), 0.0078912 secs] 275383K->2747K(2587392K), 0.0079424 secs] [Times: user=0.03 sys=0.00, real=0.01 secs] 
[2017-06-05 00:02:21,637] [GC (Allocation Failure) [ParNew: 274183K->1544K(306688K), 0.0076467 secs] 275387K->2748K(2587392K), 0.0076964 secs] [Times: user=0.03 sys=0.00, real=0.01 secs] 
[2017-06-05 00:02:21,735] [GC (Allocation Failure) [ParNew: 274184K->1542K(306688K), 0.0076432 secs] 275388K->2746K(2587392K), 0.0076921 secs] [Times: user=0.03 sys=0.01, real=0.01 secs] 
[2017-06-05 00:02:21,832] [GC (Allocation Failure) [ParNew: 274182K->1546K(306688K), 0.0081607 secs] 275386K->2750K(2587392K), 0.0082192 secs] [Times: user=0.02 sys=0.01, real=0.01 secs] 
[2017-06-05 00:02:21,945] [GC (Allocation Failure) [ParNew: 274186K->1560K(306688K), 0.0080829 secs] 275390K->2764K(2587392K), 0.0081308 secs] [Times: user=0.03 sys=0.00, real=0.01 secs] 
[2017-06-05 00:02:22,060] [GC (Allocation Failure) [ParNew: 274200K->1545K(306688K), 0.0111915 secs] 275404K->2749K(2587392K), 0.0112415 secs] [Times: user=0.03 sys=0.00, real=0.01 secs] 
[2017-06-05 00:02:22,160] [GC (Allocation Failure) [ParNew: 274185K->1541K(306688K), 0.0079696 secs] 275389K->2745K(2587392K), 0.0080207 secs] [Times: user=0.03 sys=0.00, real=0.01 secs] 
[2017-06-05 00:02:22,261] [GC (Allocation Failure) [ParNew: 274181K->1544K(306688K), 0.0078448 secs] 275385K->2749K(2587392K), 0.0078941 secs] [Times: user=0.03 sys=0.00, real=0.01 secs] 
[2017-06-05 00:02:22,362] [GC (Allocation Failure) [ParNew: 274184K->1546K(306688K), 0.0074873 secs] 275389K->2751K(2587392K), 0.0075672 secs] [Times: user=0.03 sys=0.00, real=0.00 secs] 
[2017-06-05 00:02:22,469] [GC (Allocation Failure) [ParNew: 274186K->1544K(306688K), 0.0080061 secs] 275391K->2748K(2587392K), 0.0081687 secs] [Times: user=0.03 sys=0.00, real=0.01 secs] 
[2017-06-05 00:02:22,570] [GC (Allocation Failure) [ParNew: 274184K->1546K(306688K), 0.0070295 secs] 275388K->2750K(2587392K), 0.0070810 secs] [Times: user=0.03 sys=0.00, real=0.01 secs] 
[2017-06-05 00:02:22,667] [GC (Allocation Failure) [ParNew: 274186K->1547K(306688K), 0.0073696 secs] 275390K->2751K(2587392K), 0.0074201 secs] [Times: user=0.03 sys=0.00, real=0.01 secs] 
[2017-06-05 00:02:22,768] [GC (Allocation Failure) [ParNew: 274187K->1545K(306688K), 0.0080371 secs] 275391K->2749K(2587392K), 0.0080887 secs] [Times: user=0.03 sys=0.00, real=0.01 secs] 
[2017-06-05 00:02:22,867] [GC (Allocation Failure) [ParNew: 274185K->1539K(306688K), 0.0100576 secs] 275389K->2744K(2587392K), 0.0101112 secs] [Times: user=0.04 sys=0.00, real=0.01 secs] 
[2017-06-05 00:02:22,968] [GC (Allocation Failure) [ParNew: 274179K->1538K(306688K), 0.0076246 secs] 275384K->2743K(2587392K), 0.0076759 secs] [Times: user=0.02 sys=0.00, real=0.01 secs] 
[2017-06-05 00:02:23,066] [GC (Allocation Failure) [ParNew: 274178K->1544K(306688K), 0.0076770 secs] 275383K->2748K(2587392K), 0.0077273 secs] [Times: user=0.03 sys=0.00, real=0.01 secs] 
[2017-06-05 00:02:23,164] [GC (Allocation Failure) [ParNew: 274184K->1545K(306688K), 0.0073992 secs] 275388K->2750K(2587392K), 0.0074506 secs] [Times: user=0.03 sys=0.00, real=0.01 secs] 
[2017-06-05 00:02:23,263] [GC (Allocation Failure) [ParNew: 274185K->1544K(306688K), 0.0072002 secs] 275390K->2749K(2587392K), 0.0072509 secs] [Times: user=0.03 sys=0.00, real=0.00 secs] 
[2017-06-05 00:02:23,360] [GC (Allocation Failure) [ParNew: 274184K->1544K(306688K), 0.0075635 secs] 275389K->2749K(2587392K), 0.0076144 secs] [Times: user=0.03 sys=0.00, real=0.01 secs] 
[2017-06-05 00:02:23,459] [GC (Allocation Failure) [ParNew: 274184K->1543K(306688K), 0.0078493 secs] 275389K->2748K(2587392K), 0.0078986 secs] [Times: user=0.03 sys=0.00, real=0.01 secs] 
[2017-06-05 00:02:23,558] [GC (Allocation Failure) [ParNew: 274183K->1540K(306688K), 0.0081279 secs] 275388K->2745K(2587392K), 0.0082844 secs] [Times: user=0.03 sys=0.00, real=0.01 secs] 
[2017-06-05 00:02:23,656] [GC (Allocation Failure) [ParNew: 274180K->1542K(306688K), 0.0074081 secs] 275385K->2747K(2587392K), 0.0074760 secs] [Times: user=0.03 sys=0.00, real=0.01 secs] 
[2017-06-05 00:02:23,760] [GC (Allocation Failure) [ParNew: 274182K->1547K(306688K), 0.0081169 secs] 275387K->2752K(2587392K), 0.0081821 secs] [Times: user=0.03 sys=0.00, real=0.01 secs] 
[2017-06-05 00:02:23,865] [GC (Allocation Failure) [ParNew: 274187K->1545K(306688K), 0.0094099 secs] 275392K->2750K(2587392K), 0.0094719 secs] [Times: user=0.03 sys=0.00, real=0.01 secs] 
[2017-06-05 00:02:23,966] [GC (Allocation Failure) [ParNew: 274185K->1555K(306688K), 0.0090732 secs] 275390K->2761K(2587392K), 0.0091310 secs] [Times: user=0.04 sys=0.00, real=0.01 secs] 
[2017-06-05 00:02:24,072] [GC (Allocation Failure) [ParNew: 274195K->1542K(306688K), 0.0103998 secs] 275401K->2747K(2587392K), 0.0104495 secs] [Times: user=0.03 sys=0.00, real=0.01 secs] 
[2017-06-05 00:02:24,172] [GC (Allocation Failure) [ParNew: 274182K->1559K(306688K), 0.0079153 secs] 275387K->2764K(2587392K), 0.0079677 secs] [Times: user=0.03 sys=0.00, real=0.01 secs] 
[2017-06-05 00:02:24,272] [GC (Allocation Failure) [ParNew: 274199K->1551K(306688K), 0.0076083 secs] 275404K->2756K(2587392K), 0.0076582 secs] [Times: user=0.03 sys=0.00, real=0.00 secs] 
[2017-06-05 00:02:24,378] [GC (Allocation Failure) [ParNew: 274191K->1544K(306688K), 0.0071433 secs] 275396K->2750K(2587392K), 0.0072010 secs] [Times: user=0.03 sys=0.00, real=0.01 secs] 
[2017-06-05 00:02:24,475] [GC (Allocation Failure) [ParNew: 274184K->1548K(306688K), 0.0083508 secs] 275390K->2754K(2587392K), 0.0084168 secs] [Times: user=0.03 sys=0.00, real=0.01 secs] 
[2017-06-05 00:02:24,571] [GC (Allocation Failure) [ParNew: 274188K->1545K(306688K), 0.0082622 secs] 275394K->2751K(2587392K), 0.0083168 secs] [Times: user=0.03 sys=0.00, real=0.01 secs] 
[2017-06-05 00:02:24,667] [GC (Allocation Failure) [ParNew: 274185K->1543K(306688K), 0.0078970 secs] 275391K->2749K(2587392K), 0.0079470 secs] [Times: user=0.03 sys=0.00, real=0.01 secs] 
[2017-06-05 00:02:24,765] [GC (Allocation Failure) [ParNew: 274183K->1547K(306688K), 0.0079300 secs] 275389K->2753K(2587392K), 0.0080236 secs] [Times: user=0.03 sys=0.00, real=0.01 secs] 
[2017-06-05 00:02:24,868] [GC (Allocation Failure) [ParNew: 274187K->1545K(306688K), 0.0104107 secs] 275393K->2751K(2587392K), 0.0104678 secs] [Times: user=0.04 sys=0.00, real=0.01 secs] 
[2017-06-05 00:02:24,970] [GC (Allocation Failure) [ParNew: 274185K->1541K(306688K), 0.0074108 secs] 275391K->2747K(2587392K), 0.0075614 secs] [Times: user=0.03 sys=0.00, real=0.01 secs] 
[2017-06-05 00:02:25,072] [GC (Allocation Failure) [ParNew: 274181K->1552K(306688K), 0.0089954 secs] 275387K->2758K(2587392K), 0.0090443 secs] [Times: user=0.03 sys=0.00, real=0.01 secs] 
[2017-06-05 00:02:25,170] [GC (Allocation Failure) [ParNew: 274192K->1541K(306688K), 0.0079341 secs] 275398K->2747K(2587392K), 0.0079930 secs] [Times: user=0.02 sys=0.00, real=0.01 secs] 
[2017-06-05 00:02:25,275] [GC (Allocation Failure) [ParNew: 274181K->1543K(306688K), 0.0075289 secs] 275387K->2749K(2587392K), 0.0076095 secs] [Times: user=0.03 sys=0.00, real=0.01 secs] 
[2017-06-05 00:02:25,374] [GC (Allocation Failure) [ParNew: 274183K->1546K(306688K), 0.0084149 secs] 275389K->2752K(2587392K), 0.0084780 secs] [Times: user=0.03 sys=0.00, real=0.01 secs] 
[2017-06-05 00:02:25,472] [GC (Allocation Failure) [ParNew: 274186K->1543K(306688K), 0.0079551 secs] 275392K->2750K(2587392K), 0.0080215 secs] [Times: user=0.03 sys=0.00, real=0.00 secs] 
[2017-06-05 00:02:25,569] [GC (Allocation Failure) [ParNew: 274183K->1546K(306688K), 0.0079299 secs] 275390K->2753K(2587392K), 0.0079803 secs] [Times: user=0.03 sys=0.00, real=0.01 secs] 
[2017-06-05 00:02:25,668] [GC (Allocation Failure) [ParNew: 274186K->1547K(306688K), 0.0080737 secs] 275393K->2754K(2587392K), 0.0081251 secs] [Times: user=0.03 sys=0.00, real=0.01 secs] 
[2017-06-05 00:02:25,768] [GC (Allocation Failure) [ParNew: 274187K->1547K(306688K), 0.0071008 secs] 275394K->2754K(2587392K), 0.0071513 secs] [Times: user=0.03 sys=0.00, real=0.01 secs] 
[2017-06-05 00:02:25,868] [GC (Allocation Failure) [ParNew: 274187K->1548K(306688K), 0.0094818 secs] 275394K->2755K(2587392K), 0.0095408 secs] [Times: user=0.03 sys=0.00, real=0.01 secs] 
[2017-06-05 00:02:25,971] [GC (Allocation Failure) [ParNew: 274188K->1541K(306688K), 0.0075920 secs] 275395K->2749K(2587392K), 0.0076443 secs] [Times: user=0.03 sys=0.00, real=0.01 secs] 
[2017-06-05 00:02:26,070] [GC (Allocation Failure) [ParNew: 274181K->1544K(306688K), 0.0080521 secs] 275389K->2752K(2587392K), 0.0081218 secs] [Times: user=0.03 sys=0.00, real=0.01 secs] 
[2017-06-05 00:02:26,173] [GC (Allocation Failure) [ParNew: 274184K->1560K(306688K), 0.0076444 secs] 275392K->2767K(2587392K), 0.0077030 secs] [Times: user=0.03 sys=0.00, real=0.00 secs] 
[2017-06-05 00:02:26,281] [GC (Allocation Failure) [ParNew: 274200K->1542K(306688K), 0.0076109 secs] 275407K->2750K(2587392K), 0.0076603 secs] [Times: user=0.03 sys=0.00, real=0.01 secs] 
[2017-06-05 00:02:26,387] [GC (Allocation Failure) [ParNew: 274182K->1540K(306688K), 0.0088381 secs] 275390K->2747K(2587392K), 0.0088917 secs] [Times: user=0.03 sys=0.00, real=0.01 secs] 
[2017-06-05 00:02:26,484] [GC (Allocation Failure) [ParNew: 274180K->1542K(306688K), 0.0072991 secs] 275387K->2749K(2587392K), 0.0073639 secs] [Times: user=0.03 sys=0.01, real=0.00 secs] 
[2017-06-05 00:02:26,585] [GC (Allocation Failure) [ParNew: 274182K->1543K(306688K), 0.0076093 secs] 275389K->2751K(2587392K), 0.0076596 secs] [Times: user=0.03 sys=0.00, real=0.01 secs] 
[2017-06-05 00:02:26,688] [GC (Allocation Failure) [ParNew: 274183K->1545K(306688K), 0.0081300 secs] 275391K->2752K(2587392K), 0.0081908 secs] [Times: user=0.03 sys=0.00, real=0.01 secs] 
[2017-06-05 00:02:26,788] [GC (Allocation Failure) [ParNew: 273636K->1541K(306688K), 0.0071446 secs] 274843K->2748K(2587392K), 0.0072077 secs] [Times: user=0.03 sys=0.00, real=0.01 secs] 
[2017-06-05 00:02:26,900] [GC (Allocation Failure) [ParNew: 274181K->1545K(306688K), 0.0149762 secs] 275388K->2753K(2587392K), 0.0150361 secs] [Times: user=0.05 sys=0.00, real=0.01 secs] 
[2017-06-05 00:02:27,001] [GC (Allocation Failure) [ParNew: 274185K->1539K(306688K), 0.0072945 secs] 275393K->2747K(2587392K), 0.0073460 secs] [Times: user=0.03 sys=0.00, real=0.01 secs] 
[2017-06-05 00:02:27,100] [GC (Allocation Failure) [ParNew: 274179K->1541K(306688K), 0.0076264 secs] 275387K->2749K(2587392K), 0.0076950 secs] [Times: user=0.03 sys=0.00, real=0.01 secs] 
[2017-06-05 00:02:27,200] [GC (Allocation Failure) [ParNew: 274181K->1539K(306688K), 0.0082225 secs] 275389K->2747K(2587392K), 0.0083813 secs] [Times: user=0.04 sys=0.00, real=0.01 secs] 
[2017-06-05 00:02:27,303] [GC (Allocation Failure) [ParNew: 274179K->1548K(306688K), 0.0074316 secs] 275387K->2756K(2587392K), 0.0075955 secs] [Times: user=0.02 sys=0.00, real=0.00 secs] 
[2017-06-05 00:02:27,402] [GC (Allocation Failure) [ParNew: 274188K->1545K(306688K), 0.0070683 secs] 275396K->2754K(2587392K), 0.0071298 secs] [Times: user=0.02 sys=0.00, real=0.00 secs] 
[2017-06-05 00:02:27,499] [GC (Allocation Failure) [ParNew: 274185K->1544K(306688K), 0.0077531 secs] 275394K->2753K(2587392K), 0.0078089 secs] [Times: user=0.03 sys=0.00, real=0.01 secs] 
[2017-06-05 00:02:27,602] [GC (Allocation Failure) [ParNew: 274184K->1541K(306688K), 0.0092361 secs] 275393K->2749K(2587392K), 0.0092997 secs] [Times: user=0.04 sys=0.00, real=0.01 secs] 
[2017-06-05 00:02:27,705] [GC (Allocation Failure) [ParNew: 274181K->1545K(306688K), 0.0085150 secs] 275389K->2754K(2587392K), 0.0085676 secs] [Times: user=0.03 sys=0.00, real=0.01 secs] 
[2017-06-05 00:02:27,806] [GC (Allocation Failure) [ParNew: 274185K->1543K(306688K), 0.0078532 secs] 275394K->2752K(2587392K), 0.0079308 secs] [Times: user=0.02 sys=0.00, real=0.01 secs] 
[2017-06-05 00:02:27,913] [GC (Allocation Failure) [ParNew: 274183K->1543K(306688K), 0.0083020 secs] 275392K->2751K(2587392K), 0.0083572 secs] [Times: user=0.03 sys=0.00, real=0.00 secs] 
[2017-06-05 00:02:28,014] [GC (Allocation Failure) [ParNew: 274183K->1546K(306688K), 0.0074677 secs] 275391K->2755K(2587392K), 0.0075180 secs] [Times: user=0.02 sys=0.00, real=0.00 secs] 
[2017-06-05 00:02:28,125] [GC (Allocation Failure) [ParNew: 274186K->1545K(306688K), 0.0111246 secs] 275395K->2754K(2587392K), 0.0111788 secs] [Times: user=0.04 sys=0.01, real=0.02 secs] 
[2017-06-05 00:02:28,232] [GC (Allocation Failure) [ParNew: 274185K->1543K(306688K), 0.0146704 secs] 275394K->2752K(2587392K), 0.0147241 secs] [Times: user=0.04 sys=0.00, real=0.01 secs] 
[2017-06-05 00:02:28,342] [GC (Allocation Failure) [ParNew: 274183K->1543K(306688K), 0.0108612 secs] 275392K->2752K(2587392K), 0.0109175 secs] [Times: user=0.04 sys=0.00, real=0.01 secs] 
[2017-06-05 00:02:28,442] [GC (Allocation Failure) [ParNew: 274183K->1543K(306688K), 0.0071112 secs] 275392K->2752K(2587392K), 0.0071612 secs] [Times: user=0.03 sys=0.00, real=0.01 secs] 
[2017-06-05 00:02:28,539] [GC (Allocation Failure) [ParNew: 274183K->1539K(306688K), 0.0074526 secs] 275392K->2748K(2587392K), 0.0075033 secs] [Times: user=0.03 sys=0.00, real=0.01 secs] 
[2017-06-05 00:02:28,645] [GC (Allocation Failure) [ParNew: 274179K->1544K(306688K), 0.0120614 secs] 275388K->2753K(2587392K), 0.0121132 secs] [Times: user=0.04 sys=0.00, real=0.01 secs] 
[2017-06-05 00:02:28,747] [GC (Allocation Failure) [ParNew: 274184K->1543K(306688K), 0.0079762 secs] 275393K->2752K(2587392K), 0.0080283 secs] [Times: user=0.03 sys=0.00, real=0.01 secs] 
[2017-06-05 00:02:28,846] [GC (Allocation Failure) [ParNew: 274183K->1545K(306688K), 0.0084467 secs] 275392K->2755K(2587392K), 0.0085007 secs] [Times: user=0.03 sys=0.00, real=0.01 secs] 
[2017-06-05 00:02:28,953] [GC (Allocation Failure) [ParNew: 274185K->1544K(306688K), 0.0110203 secs] 275395K->2754K(2587392K), 0.0111151 secs] [Times: user=0.04 sys=0.00, real=0.01 secs] 
[2017-06-05 00:02:29,056] [GC (Allocation Failure) [ParNew: 274184K->1550K(306688K), 0.0102260 secs] 275394K->2759K(2587392K), 0.0102790 secs] [Times: user=0.03 sys=0.01, real=0.01 secs] 
[2017-06-05 00:02:29,150] [GC (Allocation Failure) [ParNew: 274008K->1547K(306688K), 0.0069366 secs] 275218K->2756K(2587392K), 0.0069862 secs] [Times: user=0.03 sys=0.00, real=0.01 secs] 
[2017-06-05 00:02:29,246] [GC (Allocation Failure) [ParNew: 274187K->1546K(306688K), 0.0084702 secs] 275396K->2755K(2587392K), 0.0085602 secs] [Times: user=0.04 sys=0.00, real=0.01 secs] 
[2017-06-05 00:02:29,354] [GC (Allocation Failure) [ParNew: 274186K->1547K(306688K), 0.0101661 secs] 275395K->2756K(2587392K), 0.0102325 secs] [Times: user=0.03 sys=0.00, real=0.01 secs] 
[2017-06-05 00:02:29,454] [GC (Allocation Failure) [ParNew: 274187K->1798K(306688K), 0.0105077 secs] 275396K->3007K(2587392K), 0.0105583 secs] [Times: user=0.03 sys=0.00, real=0.01 secs] 
[2017-06-05 00:02:29,591] [GC (Allocation Failure) [ParNew: 274438K->1548K(306688K), 0.0125367 secs] 275647K->2758K(2587392K), 0.0126821 secs] [Times: user=0.03 sys=0.00, real=0.01 secs] 
[2017-06-05 00:02:29,741] [GC (Allocation Failure) [ParNew: 274188K->1544K(306688K), 0.0149702 secs] 275398K->2754K(2587392K), 0.0151538 secs] [Times: user=0.03 sys=0.00, real=0.01 secs] 
[2017-06-05 00:02:29,904] [GC (Allocation Failure) [ParNew: 274184K->1547K(306688K), 0.0169838 secs] 275394K->2757K(2587392K), 0.0171334 secs] [Times: user=0.03 sys=0.00, real=0.01 secs] 
[2017-06-05 00:02:30,018] [GC (Allocation Failure) [ParNew: 274187K->1544K(306688K), 0.0085012 secs] 275397K->2754K(2587392K), 0.0085548 secs] [Times: user=0.03 sys=0.00, real=0.01 secs] 
[2017-06-05 00:02:30,118] [GC (Allocation Failure) [ParNew: 274184K->1539K(306688K), 0.0105971 secs] 275394K->2749K(2587392K), 0.0106617 secs] [Times: user=0.03 sys=0.00, real=0.01 secs] 
[2017-06-05 00:02:30,217] [GC (Allocation Failure) [ParNew: 274179K->1543K(306688K), 0.0087162 secs] 275389K->2753K(2587392K), 0.0087966 secs] [Times: user=0.04 sys=0.00, real=0.01 secs] 
[2017-06-05 00:02:30,327] [GC (Allocation Failure) [ParNew: 274183K->1546K(306688K), 0.0075412 secs] 275393K->2756K(2587392K), 0.0075931 secs] [Times: user=0.03 sys=0.00, real=0.01 secs] 
[2017-06-05 00:02:30,434] [GC (Allocation Failure) [ParNew: 274186K->1544K(306688K), 0.0082411 secs] 275396K->2754K(2587392K), 0.0083987 secs] [Times: user=0.03 sys=0.00, real=0.00 secs] 
[2017-06-05 00:02:30,534] [GC (Allocation Failure) [ParNew: 274184K->1541K(306688K), 0.0114481 secs] 275394K->2752K(2587392K), 0.0114964 secs] [Times: user=0.03 sys=0.00, real=0.01 secs] 
[2017-06-05 00:02:30,632] [GC (Allocation Failure) [ParNew: 274181K->1545K(306688K), 0.0075320 secs] 275392K->2755K(2587392K), 0.0075856 secs] [Times: user=0.03 sys=0.01, real=0.01 secs] 
[2017-06-05 00:02:30,728] [GC (Allocation Failure) [ParNew: 274185K->1543K(306688K), 0.0076951 secs] 275395K->2753K(2587392K), 0.0077488 secs] [Times: user=0.03 sys=0.00, real=0.01 secs] 
[2017-06-05 00:02:30,828] [GC (Allocation Failure) [ParNew: 274183K->1535K(306688K), 0.0082578 secs] 275393K->2746K(2587392K), 0.0083165 secs] [Times: user=0.04 sys=0.00, real=0.01 secs] 
[2017-06-05 00:02:30,927] [GC (Allocation Failure) [ParNew: 274175K->1540K(306688K), 0.0082050 secs] 275386K->2751K(2587392K), 0.0083651 secs] [Times: user=0.03 sys=0.00, real=0.01 secs] 
[2017-06-05 00:02:31,028] [GC (Allocation Failure) [ParNew: 274180K->1674K(306688K), 0.0087248 secs] 275391K->2885K(2587392K), 0.0087897 secs] [Times: user=0.03 sys=0.00, real=0.01 secs] 
[2017-06-05 00:02:31,131] [GC (Allocation Failure) [ParNew: 274314K->1544K(306688K), 0.0076375 secs] 275525K->2754K(2587392K), 0.0077034 secs] [Times: user=0.03 sys=0.00, real=0.01 secs] 
[2017-06-05 00:02:31,228] [GC (Allocation Failure) [ParNew: 274184K->1543K(306688K), 0.0073869 secs] 275394K->2754K(2587392K), 0.0074414 secs] [Times: user=0.03 sys=0.00, real=0.01 secs] 
[2017-06-05 00:02:31,333] [GC (Allocation Failure) [ParNew: 274183K->1546K(306688K), 0.0087961 secs] 275394K->2757K(2587392K), 0.0088600 secs] [Times: user=0.03 sys=0.00, real=0.01 secs] 
[2017-06-05 00:02:31,434] [GC (Allocation Failure) [ParNew: 274186K->1549K(306688K), 0.0078047 secs] 275397K->2760K(2587392K), 0.0078565 secs] [Times: user=0.03 sys=0.00, real=0.00 secs] 
[2017-06-05 00:02:31,537] [GC (Allocation Failure) [ParNew: 274189K->1538K(306688K), 0.0136823 secs] 275400K->2749K(2587392K), 0.0137318 secs] [Times: user=0.03 sys=0.00, real=0.02 secs] 
[2017-06-05 00:02:31,643] [GC (Allocation Failure) [ParNew: 274178K->1542K(306688K), 0.0111613 secs] 275389K->2753K(2587392K), 0.0112112 secs] [Times: user=0.04 sys=0.00, real=0.01 secs] 
[2017-06-05 00:02:31,742] [GC (Allocation Failure) [ParNew: 274182K->1543K(306688K), 0.0076336 secs] 275393K->2754K(2587392K), 0.0076840 secs] [Times: user=0.02 sys=0.00, real=0.01 secs] 
[2017-06-05 00:02:31,840] [GC (Allocation Failure) [ParNew: 274183K->1542K(306688K), 0.0081801 secs] 275394K->2753K(2587392K), 0.0082320 secs] [Times: user=0.03 sys=0.00, real=0.01 secs] 
[2017-06-05 00:02:31,953] [GC (Allocation Failure) [ParNew: 274182K->1676K(306688K), 0.0074642 secs] 275393K->2887K(2587392K), 0.0075731 secs] [Times: user=0.02 sys=0.00, real=0.01 secs] 
[2017-06-05 00:02:32,054] [GC (Allocation Failure) [ParNew: 274316K->1540K(306688K), 0.0071649 secs] 275527K->2751K(2587392K), 0.0072151 secs] [Times: user=0.02 sys=0.00, real=0.00 secs] 
[2017-06-05 00:02:32,151] [GC (Allocation Failure) [ParNew: 274180K->1540K(306688K), 0.0077691 secs] 275391K->2752K(2587392K), 0.0078300 secs] [Times: user=0.02 sys=0.00, real=0.01 secs] 
[2017-06-05 00:02:32,257] [GC (Allocation Failure) [ParNew: 274180K->1545K(306688K), 0.0133801 secs] 275392K->2756K(2587392K), 0.0134380 secs] [Times: user=0.04 sys=0.00, real=0.02 secs] 
[2017-06-05 00:02:32,367] [GC (Allocation Failure) [ParNew: 274185K->1548K(306688K), 0.0109403 secs] 275396K->2759K(2587392K), 0.0110496 secs] [Times: user=0.03 sys=0.00, real=0.01 secs] 
[2017-06-05 00:02:32,469] [GC (Allocation Failure) [ParNew: 274188K->1542K(306688K), 0.0101467 secs] 275399K->2753K(2587392K), 0.0102329 secs] [Times: user=0.03 sys=0.00, real=0.01 secs] 
[2017-06-05 00:02:32,576] [GC (Allocation Failure) [ParNew: 274182K->1545K(306688K), 0.0087382 secs] 275393K->2756K(2587392K), 0.0087862 secs] [Times: user=0.03 sys=0.00, real=0.01 secs] 
[2017-06-05 00:02:32,690] [GC (Allocation Failure) [ParNew: 274185K->1540K(306688K), 0.0099211 secs] 275396K->2752K(2587392K), 0.0099687 secs] [Times: user=0.03 sys=0.00, real=0.01 secs] 
[2017-06-05 00:02:32,785] [GC (Allocation Failure) [ParNew: 274180K->1551K(306688K), 0.0082146 secs] 275392K->2763K(2587392K), 0.0082729 secs] [Times: user=0.03 sys=0.00, real=0.00 secs] 
[2017-06-05 00:02:32,892] [GC (Allocation Failure) [ParNew: 274191K->1538K(306688K), 0.0105609 secs] 275403K->2750K(2587392K), 0.0106213 secs] [Times: user=0.03 sys=0.00, real=0.01 secs] 
[2017-06-05 00:02:32,998] [GC (Allocation Failure) [ParNew: 274178K->1548K(306688K), 0.0120821 secs] 275390K->2760K(2587392K), 0.0121362 secs] [Times: user=0.02 sys=0.00, real=0.01 secs] 
[2017-06-05 00:02:33,108] [GC (Allocation Failure) [ParNew: 274188K->1548K(306688K), 0.0120826 secs] 275400K->2760K(2587392K), 0.0121891 secs] [Times: user=0.03 sys=0.00, real=0.01 secs] 
[2017-06-05 00:02:33,205] [GC (Allocation Failure) [ParNew: 274188K->1544K(306688K), 0.0104618 secs] 275400K->2756K(2587392K), 0.0105258 secs] [Times: user=0.04 sys=0.00, real=0.02 secs] 
[2017-06-05 00:02:33,304] [GC (Allocation Failure) [ParNew: 274184K->1548K(306688K), 0.0080835 secs] 275396K->2760K(2587392K), 0.0081518 secs] [Times: user=0.04 sys=0.00, real=0.00 secs] 
[2017-06-05 00:02:33,411] [GC (Allocation Failure) [ParNew: 274188K->1548K(306688K), 0.0144421 secs] 275400K->2760K(2587392K), 0.0145569 secs] [Times: user=0.04 sys=0.00, real=0.01 secs] 
[2017-06-05 00:02:33,510] [GC (Allocation Failure) [ParNew: 274188K->1545K(306688K), 0.0080504 secs] 275400K->2757K(2587392K), 0.0081014 secs] [Times: user=0.02 sys=0.00, real=0.01 secs] 
[2017-06-05 00:02:33,606] [GC (Allocation Failure) [ParNew: 274185K->1546K(306688K), 0.0076603 secs] 275397K->2759K(2587392K), 0.0077110 secs] [Times: user=0.03 sys=0.00, real=0.01 secs] 
[2017-06-05 00:02:33,705] [GC (Allocation Failure) [ParNew: 274186K->1556K(306688K), 0.0081287 secs] 275399K->2768K(2587392K), 0.0081772 secs] [Times: user=0.03 sys=0.00, real=0.00 secs] 
[2017-06-05 00:02:33,801] [GC (Allocation Failure) [ParNew: 274196K->1544K(306688K), 0.0078628 secs] 275408K->2756K(2587392K), 0.0079139 secs] [Times: user=0.03 sys=0.00, real=0.01 secs] 
[2017-06-05 00:02:33,907] [GC (Allocation Failure) [ParNew: 274184K->1542K(306688K), 0.0103669 secs] 275396K->2755K(2587392K), 0.0104786 secs] [Times: user=0.04 sys=0.00, real=0.01 secs] 
[2017-06-05 00:02:34,017] [GC (Allocation Failure) [ParNew: 274182K->1544K(306688K), 0.0106724 secs] 275395K->2757K(2587392K), 0.0107226 secs] [Times: user=0.03 sys=0.00, real=0.01 secs] 
[2017-06-05 00:02:34,119] [GC (Allocation Failure) [ParNew: 274184K->1544K(306688K), 0.0080124 secs] 275397K->2757K(2587392K), 0.0080782 secs] [Times: user=0.03 sys=0.00, real=0.01 secs] 
[2017-06-05 00:02:34,216] [GC (Allocation Failure) [ParNew: 274184K->1543K(306688K), 0.0078391 secs] 275397K->2756K(2587392K), 0.0078919 secs] [Times: user=0.02 sys=0.00, real=0.01 secs] 
[2017-06-05 00:02:34,314] [GC (Allocation Failure) [ParNew: 274183K->1546K(306688K), 0.0074366 secs] 275396K->2759K(2587392K), 0.0074862 secs] [Times: user=0.03 sys=0.00, real=0.00 secs] 
[2017-06-05 00:02:34,416] [GC (Allocation Failure) [ParNew: 274186K->1544K(306688K), 0.0077175 secs] 275399K->2757K(2587392K), 0.0077718 secs] [Times: user=0.03 sys=0.00, real=0.01 secs] 
[2017-06-05 00:02:34,514] [GC (Allocation Failure) [ParNew: 274184K->1541K(306688K), 0.0080526 secs] 275397K->2754K(2587392K), 0.0081050 secs] [Times: user=0.03 sys=0.00, real=0.00 secs] 
[2017-06-05 00:02:34,610] [GC (Allocation Failure) [ParNew: 274079K->1544K(306688K), 0.0073786 secs] 275292K->2757K(2587392K), 0.0074295 secs] [Times: user=0.02 sys=0.00, real=0.01 secs] 
[2017-06-05 00:02:34,705] [GC (Allocation Failure) [ParNew: 274184K->1547K(306688K), 0.0076131 secs] 275397K->2760K(2587392K), 0.0076715 secs] [Times: user=0.03 sys=0.00, real=0.01 secs] 
[2017-06-05 00:02:34,803] [GC (Allocation Failure) [ParNew: 274187K->1542K(306688K), 0.0093160 secs] 275400K->2755K(2587392K), 0.0093746 secs] [Times: user=0.04 sys=0.00, real=0.01 secs] 
[2017-06-05 00:02:34,900] [GC (Allocation Failure) [ParNew: 274182K->1542K(306688K), 0.0075223 secs] 275395K->2755K(2587392K), 0.0075987 secs] [Times: user=0.03 sys=0.00, real=0.01 secs] 
[2017-06-05 00:02:35,005] [GC (Allocation Failure) [ParNew: 274182K->1541K(306688K), 0.0070179 secs] 275395K->2755K(2587392K), 0.0070670 secs] [Times: user=0.02 sys=0.00, real=0.00 secs] 
[2017-06-05 00:02:35,111] [GC (Allocation Failure) [ParNew: 274181K->1539K(306688K), 0.0078810 secs] 275395K->2752K(2587392K), 0.0079299 secs] [Times: user=0.03 sys=0.00, real=0.01 secs] 
[2017-06-05 00:02:35,212] [GC (Allocation Failure) [ParNew: 274179K->1545K(306688K), 0.0088571 secs] 275392K->2759K(2587392K), 0.0090158 secs] [Times: user=0.03 sys=0.00, real=0.01 secs] 
[2017-06-05 00:02:35,312] [GC (Allocation Failure) [ParNew: 274185K->1543K(306688K), 0.0084320 secs] 275399K->2757K(2587392K), 0.0084804 secs] [Times: user=0.03 sys=0.00, real=0.01 secs] 
[2017-06-05 00:02:35,409] [GC (Allocation Failure) [ParNew: 274183K->1546K(306688K), 0.0087247 secs] 275397K->2760K(2587392K), 0.0087762 secs] [Times: user=0.03 sys=0.00, real=0.01 secs] 
[2017-06-05 00:02:35,510] [GC (Allocation Failure) [ParNew: 274186K->1540K(306688K), 0.0102044 secs] 275400K->2754K(2587392K), 0.0102558 secs] [Times: user=0.04 sys=0.00, real=0.01 secs] 
[2017-06-05 00:02:35,604] [GC (Allocation Failure) [ParNew: 274180K->1543K(306688K), 0.0077220 secs] 275394K->2757K(2587392K), 0.0077700 secs] [Times: user=0.03 sys=0.00, real=0.00 secs] 
[2017-06-05 00:02:35,704] [GC (Allocation Failure) [ParNew: 274183K->1544K(306688K), 0.0073817 secs] 275397K->2758K(2587392K), 0.0075290 secs] [Times: user=0.03 sys=0.00, real=0.00 secs] 
[2017-06-05 00:02:35,800] [GC (Allocation Failure) [ParNew: 274184K->1542K(306688K), 0.0081820 secs] 275398K->2756K(2587392K), 0.0082335 secs] [Times: user=0.03 sys=0.00, real=0.01 secs] 
[2017-06-05 00:02:35,906] [GC (Allocation Failure) [ParNew: 274182K->1541K(306688K), 0.0102587 secs] 275396K->2755K(2587392K), 0.0103079 secs] [Times: user=0.04 sys=0.00, real=0.01 secs] 
[2017-06-05 00:02:36,005] [GC (Allocation Failure) [ParNew: 274181K->1548K(306688K), 0.0076476 secs] 275395K->2763K(2587392K), 0.0076963 secs] [Times: user=0.03 sys=0.00, real=0.00 secs] 
[2017-06-05 00:02:36,105] [GC (Allocation Failure) [ParNew: 274188K->1545K(306688K), 0.0076264 secs] 275403K->2760K(2587392K), 0.0077744 secs] [Times: user=0.03 sys=0.00, real=0.00 secs] 
[2017-06-05 00:02:36,207] [GC (Allocation Failure) [ParNew: 274185K->1550K(306688K), 0.0077650 secs] 275400K->2764K(2587392K), 0.0078177 secs] [Times: user=0.03 sys=0.00, real=0.01 secs] 
[2017-06-05 00:02:36,307] [GC (Allocation Failure) [ParNew: 274190K->1543K(306688K), 0.0071850 secs] 275404K->2757K(2587392K), 0.0072464 secs] [Times: user=0.03 sys=0.00, real=0.01 secs] 
[2017-06-05 00:02:36,413] [GC (Allocation Failure) [ParNew: 274183K->1552K(306688K), 0.0081601 secs] 275397K->2767K(2587392K), 0.0082177 secs] [Times: user=0.03 sys=0.00, real=0.01 secs] 
[2017-06-05 00:02:36,517] [GC (Allocation Failure) [ParNew: 274192K->1547K(306688K), 0.0078217 secs] 275407K->2761K(2587392K), 0.0079923 secs] [Times: user=0.03 sys=0.00, real=0.01 secs] 
[2017-06-05 00:02:36,615] [GC (Allocation Failure) [ParNew: 274187K->1541K(306688K), 0.0081955 secs] 275401K->2755K(2587392K), 0.0082712 secs] [Times: user=0.03 sys=0.00, real=0.00 secs] 
[2017-06-05 00:02:36,711] [GC (Allocation Failure) [ParNew: 274181K->1545K(306688K), 0.0074169 secs] 275395K->2760K(2587392K), 0.0074702 secs] [Times: user=0.03 sys=0.00, real=0.01 secs] 
[2017-06-05 00:02:36,812] [GC (Allocation Failure) [ParNew: 274185K->1543K(306688K), 0.0072449 secs] 275400K->2758K(2587392K), 0.0073379 secs] [Times: user=0.03 sys=0.00, real=0.01 secs] 
[2017-06-05 00:02:36,915] [GC (Allocation Failure) [ParNew: 274183K->1541K(306688K), 0.0106493 secs] 275398K->2756K(2587392K), 0.0107231 secs] [Times: user=0.04 sys=0.00, real=0.01 secs] 
[2017-06-05 00:02:37,017] [GC (Allocation Failure) [ParNew: 274181K->1798K(306688K), 0.0073414 secs] 275396K->3013K(2587392K), 0.0074867 secs] [Times: user=0.03 sys=0.00, real=0.01 secs] 
[2017-06-05 00:02:37,122] [GC (Allocation Failure) [ParNew: 274438K->2187K(306688K), 0.0077204 secs] 275653K->3402K(2587392K), 0.0079529 secs] [Times: user=0.02 sys=0.00, real=0.01 secs] 
[2017-06-05 00:02:37,221] [GC (Allocation Failure) [ParNew: 274827K->1674K(306688K), 0.0078797 secs] 276042K->2889K(2587392K), 0.0080257 secs] [Times: user=0.04 sys=0.00, real=0.01 secs] 
[2017-06-05 00:02:37,324] [GC (Allocation Failure) [ParNew: 274314K->1549K(306688K), 0.0082512 secs] 275529K->2764K(2587392K), 0.0083019 secs] [Times: user=0.03 sys=0.00, real=0.01 secs] 
[2017-06-05 00:02:37,425] [GC (Allocation Failure) [ParNew: 274189K->1543K(306688K), 0.0079948 secs] 275404K->2758K(2587392K), 0.0080480 secs] [Times: user=0.03 sys=0.00, real=0.00 secs] 
[2017-06-05 00:02:37,529] [GC (Allocation Failure) [ParNew: 274183K->1545K(306688K), 0.0086278 secs] 275398K->2761K(2587392K), 0.0087124 secs] [Times: user=0.03 sys=0.00, real=0.01 secs] 
[2017-06-05 00:02:37,631] [GC (Allocation Failure) [ParNew: 274185K->1544K(306688K), 0.0093921 secs] 275401K->2759K(2587392K), 0.0094536 secs] [Times: user=0.03 sys=0.00, real=0.01 secs] 
[2017-06-05 00:02:37,730] [GC (Allocation Failure) [ParNew: 274184K->1543K(306688K), 0.0089951 secs] 275399K->2758K(2587392K), 0.0090534 secs] [Times: user=0.03 sys=0.00, real=0.01 secs] 
[2017-06-05 00:02:37,830] [GC (Allocation Failure) [ParNew: 274183K->1555K(306688K), 0.0071803 secs] 275398K->2771K(2587392K), 0.0073722 secs] [Times: user=0.03 sys=0.00, real=0.01 secs] 
[2017-06-05 00:02:37,931] [GC (Allocation Failure) [ParNew: 274195K->1546K(306688K), 0.0090543 secs] 275411K->2762K(2587392K), 0.0092049 secs] [Times: user=0.03 sys=0.00, real=0.01 secs] 
[2017-06-05 00:02:38,032] [GC (Allocation Failure) [ParNew: 274186K->1547K(306688K), 0.0081020 secs] 275402K->2763K(2587392K), 0.0081638 secs] [Times: user=0.03 sys=0.00, real=0.01 secs] 
[2017-06-05 00:02:38,133] [GC (Allocation Failure) [ParNew: 274187K->1542K(306688K), 0.0078719 secs] 275403K->2758K(2587392K), 0.0079672 secs] [Times: user=0.04 sys=0.00, real=0.01 secs] 
[2017-06-05 00:02:38,234] [GC (Allocation Failure) [ParNew: 274182K->1545K(306688K), 0.0081620 secs] 275398K->2761K(2587392K), 0.0082162 secs] [Times: user=0.04 sys=0.00, real=0.01 secs] 
[2017-06-05 00:02:38,338] [GC (Allocation Failure) [ParNew: 274185K->1544K(306688K), 0.0073333 secs] 275401K->2760K(2587392K), 0.0073856 secs] [Times: user=0.02 sys=0.00, real=0.01 secs] 
[2017-06-05 00:02:38,431] [GC (Allocation Failure) [ParNew: 274184K->1544K(306688K), 0.0070381 secs] 275400K->2760K(2587392K), 0.0070894 secs] [Times: user=0.03 sys=0.00, real=0.01 secs] 
[2017-06-05 00:02:38,527] [GC (Allocation Failure) [ParNew: 274184K->1548K(306688K), 0.0069410 secs] 275400K->2764K(2587392K), 0.0069917 secs] [Times: user=0.02 sys=0.00, real=0.01 secs] 
[2017-06-05 00:02:38,625] [GC (Allocation Failure) [ParNew: 274188K->1544K(306688K), 0.0078042 secs] 275404K->2761K(2587392K), 0.0078528 secs] [Times: user=0.03 sys=0.00, real=0.00 secs] 
[2017-06-05 00:02:38,720] [GC (Allocation Failure) [ParNew: 274184K->1547K(306688K), 0.0084004 secs] 275401K->2764K(2587392K), 0.0084517 secs] [Times: user=0.03 sys=0.00, real=0.01 secs] 
[2017-06-05 00:02:38,823] [GC (Allocation Failure) [ParNew: 274187K->1546K(306688K), 0.0072946 secs] 275404K->2762K(2587392K), 0.0074126 secs] [Times: user=0.02 sys=0.00, real=0.01 secs] 
[2017-06-05 00:02:38,925] [GC (Allocation Failure) [ParNew: 274186K->1544K(306688K), 0.0082562 secs] 275402K->2760K(2587392K), 0.0083082 secs] [Times: user=0.03 sys=0.00, real=0.00 secs] 
[2017-06-05 00:02:39,031] [GC (Allocation Failure) [ParNew: 274184K->1544K(306688K), 0.0108355 secs] 275400K->2761K(2587392K), 0.0108894 secs] [Times: user=0.04 sys=0.00, real=0.01 secs] 
[2017-06-05 00:02:39,132] [GC (Allocation Failure) [ParNew: 274184K->1551K(306688K), 0.0082208 secs] 275401K->2767K(2587392K), 0.0083765 secs] [Times: user=0.04 sys=0.00, real=0.01 secs] 
[2017-06-05 00:02:39,231] [GC (Allocation Failure) [ParNew: 274191K->1548K(306688K), 0.0104133 secs] 275407K->2765K(2587392K), 0.0104648 secs] [Times: user=0.03 sys=0.00, real=0.01 secs] 
[2017-06-05 00:02:39,334] [GC (Allocation Failure) [ParNew: 274188K->1540K(306688K), 0.0076142 secs] 275405K->2757K(2587392K), 0.0077741 secs] [Times: user=0.03 sys=0.00, real=0.01 secs] 
[2017-06-05 00:02:39,436] [GC (Allocation Failure) [ParNew: 274180K->1548K(306688K), 0.0094644 secs] 275397K->2765K(2587392K), 0.0096727 secs] [Times: user=0.04 sys=0.00, real=0.01 secs] 
[2017-06-05 00:02:39,535] [GC (Allocation Failure) [ParNew: 274188K->1546K(306688K), 0.0078412 secs] 275405K->2763K(2587392K), 0.0078899 secs] [Times: user=0.03 sys=0.00, real=0.00 secs] 
[2017-06-05 00:02:39,633] [GC (Allocation Failure) [ParNew: 274186K->1538K(306688K), 0.0071290 secs] 275403K->2755K(2587392K), 0.0071788 secs] [Times: user=0.03 sys=0.00, real=0.01 secs] 
[2017-06-05 00:02:39,726] [GC (Allocation Failure) [ParNew: 274178K->1543K(306688K), 0.0071915 secs] 275395K->2760K(2587392K), 0.0072409 secs] [Times: user=0.03 sys=0.00, real=0.00 secs] 
[2017-06-05 00:02:39,825] [GC (Allocation Failure) [ParNew: 274183K->1546K(306688K), 0.0077196 secs] 275400K->2764K(2587392K), 0.0078268 secs] [Times: user=0.03 sys=0.00, real=0.00 secs] 
[2017-06-05 00:02:39,924] [GC (Allocation Failure) [ParNew: 274186K->1545K(306688K), 0.0076554 secs] 275404K->2762K(2587392K), 0.0077049 secs] [Times: user=0.03 sys=0.00, real=0.00 secs] 
[2017-06-05 00:02:40,032] [GC (Allocation Failure) [ParNew: 274185K->1549K(306688K), 0.0086457 secs] 275402K->2767K(2587392K), 0.0086984 secs] [Times: user=0.02 sys=0.00, real=0.01 secs] 
[2017-06-05 00:02:40,144] [GC (Allocation Failure) [ParNew: 274189K->1540K(306688K), 0.0082027 secs] 275407K->2757K(2587392K), 0.0082539 secs] [Times: user=0.03 sys=0.00, real=0.01 secs] 
[2017-06-05 00:02:40,249] [GC (Allocation Failure) [ParNew: 274180K->1544K(306688K), 0.0082388 secs] 275397K->2762K(2587392K), 0.0082930 secs] [Times: user=0.03 sys=0.00, real=0.01 secs] 
[2017-06-05 00:02:40,349] [GC (Allocation Failure) [ParNew: 274184K->1542K(306688K), 0.0081073 secs] 275402K->2760K(2587392K), 0.0081567 secs] [Times: user=0.03 sys=0.00, real=0.01 secs] 
[2017-06-05 00:02:40,446] [GC (Allocation Failure) [ParNew: 274182K->1545K(306688K), 0.0074435 secs] 275400K->2763K(2587392K), 0.0075431 secs] [Times: user=0.03 sys=0.00, real=0.00 secs] 
[2017-06-05 00:02:40,546] [GC (Allocation Failure) [ParNew: 274185K->1548K(306688K), 0.0100311 secs] 275403K->2766K(2587392K), 0.0100808 secs] [Times: user=0.03 sys=0.00, real=0.01 secs] 
[2017-06-05 00:02:40,647] [GC (Allocation Failure) [ParNew: 274188K->1546K(306688K), 0.0075422 secs] 275406K->2764K(2587392K), 0.0075951 secs] [Times: user=0.02 sys=0.00, real=0.01 secs] 
[2017-06-05 00:02:40,745] [GC (Allocation Failure) [ParNew: 274186K->1541K(306688K), 0.0070766 secs] 275404K->2758K(2587392K), 0.0071251 secs] [Times: user=0.03 sys=0.00, real=0.00 secs] 
[2017-06-05 00:02:40,842] [GC (Allocation Failure) [ParNew: 274181K->1541K(306688K), 0.0071290 secs] 275398K->2759K(2587392K), 0.0072009 secs] [Times: user=0.03 sys=0.00, real=0.01 secs] 
[2017-06-05 00:02:40,939] [GC (Allocation Failure) [ParNew: 274181K->1540K(306688K), 0.0073669 secs] 275399K->2758K(2587392K), 0.0074154 secs] [Times: user=0.03 sys=0.00, real=0.01 secs] 
[2017-06-05 00:02:41,044] [GC (Allocation Failure) [ParNew: 274180K->1544K(306688K), 0.0071383 secs] 275398K->2762K(2587392K), 0.0071893 secs] [Times: user=0.03 sys=0.00, real=0.00 secs] 
[2017-06-05 00:02:41,141] [GC (Allocation Failure) [ParNew: 274184K->1542K(306688K), 0.0076820 secs] 275402K->2760K(2587392K), 0.0077331 secs] [Times: user=0.03 sys=0.00, real=0.01 secs] 
[2017-06-05 00:02:41,241] [GC (Allocation Failure) [ParNew: 274182K->1539K(306688K), 0.0090569 secs] 275400K->2758K(2587392K), 0.0091358 secs] [Times: user=0.03 sys=0.01, real=0.01 secs] 
[2017-06-05 00:02:41,338] [GC (Allocation Failure) [ParNew: 274179K->1541K(306688K), 0.0069881 secs] 275398K->2760K(2587392K), 0.0070394 secs] [Times: user=0.03 sys=0.00, real=0.01 secs] 
[2017-06-05 00:02:41,436] [GC (Allocation Failure) [ParNew: 274181K->1545K(306688K), 0.0077500 secs] 275400K->2763K(2587392K), 0.0078059 secs] [Times: user=0.03 sys=0.00, real=0.00 secs] 
[2017-06-05 00:02:41,535] [GC (Allocation Failure) [ParNew: 274185K->1539K(306688K), 0.0071684 secs] 275403K->2758K(2587392K), 0.0072212 secs] [Times: user=0.03 sys=0.00, real=0.00 secs] 
[2017-06-05 00:02:41,633] [GC (Allocation Failure) [ParNew: 274179K->1546K(306688K), 0.0076860 secs] 275398K->2765K(2587392K), 0.0078498 secs] [Times: user=0.03 sys=0.00, real=0.01 secs] 
[2017-06-05 00:02:41,728] [GC (Allocation Failure) [ParNew: 274186K->1550K(306688K), 0.0077415 secs] 275405K->2768K(2587392K), 0.0078121 secs] [Times: user=0.02 sys=0.00, real=0.01 secs] 
[2017-06-05 00:02:41,829] [GC (Allocation Failure) [ParNew: 274190K->1544K(306688K), 0.0086021 secs] 275408K->2762K(2587392K), 0.0086635 secs] [Times: user=0.04 sys=0.00, real=0.01 secs] 
[2017-06-05 00:02:41,930] [GC (Allocation Failure) [ParNew: 274184K->1569K(306688K), 0.0116216 secs] 275402K->2788K(2587392K), 0.0116711 secs] [Times: user=0.03 sys=0.00, real=0.01 secs] 
[2017-06-05 00:02:42,034] [GC (Allocation Failure) [ParNew: 274209K->1675K(306688K), 0.0097273 secs] 275428K->2894K(2587392K), 0.0097773 secs] [Times: user=0.03 sys=0.00, real=0.01 secs] 
[2017-06-05 00:02:42,133] [GC (Allocation Failure) [ParNew: 274315K->1545K(306688K), 0.0077446 secs] 275534K->2764K(2587392K), 0.0077934 secs] [Times: user=0.03 sys=0.00, real=0.01 secs] 
[2017-06-05 00:02:42,234] [GC (Allocation Failure) [ParNew: 274185K->1548K(306688K), 0.0077269 secs] 275404K->2767K(2587392K), 0.0077956 secs] [Times: user=0.03 sys=0.00, real=0.01 secs] 
[2017-06-05 00:02:42,339] [GC (Allocation Failure) [ParNew: 274188K->1542K(306688K), 0.0073414 secs] 275407K->2761K(2587392K), 0.0075131 secs] [Times: user=0.03 sys=0.00, real=0.01 secs] 
[2017-06-05 00:02:42,435] [GC (Allocation Failure) [ParNew: 274182K->1539K(306688K), 0.0069608 secs] 275401K->2758K(2587392K), 0.0070094 secs] [Times: user=0.03 sys=0.00, real=0.00 secs] 
[2017-06-05 00:02:42,530] [GC (Allocation Failure) [ParNew: 274179K->1550K(306688K), 0.0073376 secs] 275398K->2769K(2587392K), 0.0073957 secs] [Times: user=0.02 sys=0.00, real=0.01 secs] 
[2017-06-05 00:02:42,632] [GC (Allocation Failure) [ParNew: 274190K->1558K(306688K), 0.0102144 secs] 275409K->2778K(2587392K), 0.0102663 secs] [Times: user=0.03 sys=0.00, real=0.01 secs] 
[2017-06-05 00:02:42,735] [GC (Allocation Failure) [ParNew: 274198K->1542K(306688K), 0.0074434 secs] 275418K->2761K(2587392K), 0.0075551 secs] [Times: user=0.02 sys=0.00, real=0.00 secs] 
[2017-06-05 00:02:42,833] [GC (Allocation Failure) [ParNew: 274182K->1539K(306688K), 0.0072157 secs] 275401K->2759K(2587392K), 0.0072739 secs] [Times: user=0.02 sys=0.00, real=0.01 secs] 
[2017-06-05 00:02:42,933] [GC (Allocation Failure) [ParNew: 274179K->1545K(306688K), 0.0076462 secs] 275399K->2765K(2587392K), 0.0077073 secs] [Times: user=0.03 sys=0.00, real=0.01 secs] 
[2017-06-05 00:02:43,037] [GC (Allocation Failure) [ParNew: 274185K->1669K(306688K), 0.0078386 secs] 275405K->2888K(2587392K), 0.0078937 secs] [Times: user=0.03 sys=0.00, real=0.01 secs] 
[2017-06-05 00:02:43,141] [GC (Allocation Failure) [ParNew: 274309K->1545K(306688K), 0.0103585 secs] 275528K->2764K(2587392K), 0.0104158 secs] [Times: user=0.04 sys=0.00, real=0.01 secs] 
[2017-06-05 00:02:43,241] [GC (Allocation Failure) [ParNew: 274185K->1545K(306688K), 0.0101184 secs] 275404K->2765K(2587392K), 0.0101728 secs] [Times: user=0.03 sys=0.00, real=0.01 secs] 
[2017-06-05 00:02:43,343] [GC (Allocation Failure) [ParNew: 274185K->1540K(306688K), 0.0077765 secs] 275405K->2760K(2587392K), 0.0078313 secs] [Times: user=0.03 sys=0.00, real=0.01 secs] 
[2017-06-05 00:02:43,442] [GC (Allocation Failure) [ParNew: 274180K->1543K(306688K), 0.0077478 secs] 275400K->2762K(2587392K), 0.0078006 secs] [Times: user=0.03 sys=0.00, real=0.01 secs] 
[2017-06-05 00:02:43,544] [GC (Allocation Failure) [ParNew: 274183K->1542K(306688K), 0.0080048 secs] 275402K->2762K(2587392K), 0.0080664 secs] [Times: user=0.03 sys=0.00, real=0.01 secs] 
[2017-06-05 00:02:43,643] [GC (Allocation Failure) [ParNew: 274182K->1539K(306688K), 0.0074630 secs] 275402K->2759K(2587392K), 0.0075151 secs] [Times: user=0.03 sys=0.00, real=0.01 secs] 
[2017-06-05 00:02:43,747] [GC (Allocation Failure) [ParNew: 274179K->1540K(306688K), 0.0076933 secs] 275399K->2760K(2587392K), 0.0078061 secs] [Times: user=0.02 sys=0.00, real=0.01 secs] 
[2017-06-05 00:02:43,848] [GC (Allocation Failure) [ParNew: 274180K->1541K(306688K), 0.0075182 secs] 275400K->2761K(2587392K), 0.0075851 secs] [Times: user=0.03 sys=0.00, real=0.01 secs] 
[2017-06-05 00:02:43,951] [GC (Allocation Failure) [ParNew: 274181K->1543K(306688K), 0.0116174 secs] 275401K->2763K(2587392K), 0.0116745 secs] [Times: user=0.03 sys=0.00, real=0.01 secs] 
[2017-06-05 00:02:44,058] [GC (Allocation Failure) [ParNew: 274183K->1542K(306688K), 0.0084233 secs] 275403K->2762K(2587392K), 0.0085183 secs] [Times: user=0.04 sys=0.00, real=0.01 secs] 
[2017-06-05 00:02:44,156] [GC (Allocation Failure) [ParNew: 274182K->1540K(306688K), 0.0079681 secs] 275402K->2760K(2587392K), 0.0080216 secs] [Times: user=0.03 sys=0.00, real=0.00 secs] 
[2017-06-05 00:02:44,263] [GC (Allocation Failure) [ParNew: 274180K->1545K(306688K), 0.0078706 secs] 275400K->2765K(2587392K), 0.0079504 secs] [Times: user=0.03 sys=0.00, real=0.01 secs] 
[2017-06-05 00:02:44,366] [GC (Allocation Failure) [ParNew: 274185K->1547K(306688K), 0.0076788 secs] 275405K->2768K(2587392K), 0.0077293 secs] [Times: user=0.03 sys=0.00, real=0.00 secs] 
[2017-06-05 00:02:44,468] [GC (Allocation Failure) [ParNew: 274187K->1545K(306688K), 0.0081176 secs] 275408K->2765K(2587392K), 0.0081679 secs] [Times: user=0.03 sys=0.00, real=0.01 secs] 
[2017-06-05 00:02:44,566] [GC (Allocation Failure) [ParNew: 274185K->1545K(306688K), 0.0076483 secs] 275405K->2766K(2587392K), 0.0076992 secs] [Times: user=0.03 sys=0.00, real=0.00 secs] 
[2017-06-05 00:02:44,688] [GC (Allocation Failure) [ParNew: 274185K->1539K(306688K), 0.0077439 secs] 275406K->2759K(2587392K), 0.0077997 secs] [Times: user=0.03 sys=0.00, real=0.01 secs] 
[2017-06-05 00:02:44,815] [GC (Allocation Failure) [ParNew: 274179K->1540K(306688K), 0.0086855 secs] 275399K->2761K(2587392K), 0.0087359 secs] [Times: user=0.03 sys=0.01, real=0.01 secs] 
[2017-06-05 00:02:44,973] [GC (Allocation Failure) [ParNew: 274180K->1544K(306688K), 0.0096356 secs] 275401K->2764K(2587392K), 0.0098014 secs] [Times: user=0.03 sys=0.00, real=0.01 secs] 
[2017-06-05 00:02:45,156] [GC (Allocation Failure) [ParNew: 274184K->1547K(306688K), 0.0103647 secs] 275404K->2768K(2587392K), 0.0105458 secs] [Times: user=0.04 sys=0.01, real=0.01 secs] 
[2017-06-05 00:02:45,320] [GC (Allocation Failure) [ParNew: 274187K->1548K(306688K), 0.0081257 secs] 275408K->2769K(2587392K), 0.0082698 secs] [Times: user=0.04 sys=0.00, real=0.01 secs] 
[2017-06-05 00:02:45,511] [GC (Allocation Failure) [ParNew: 274188K->1544K(306688K), 0.0107827 secs] 275409K->2765K(2587392K), 0.0108644 secs] [Times: user=0.04 sys=0.00, real=0.01 secs] 
[2017-06-05 00:02:45,685] [GC (Allocation Failure) [ParNew: 274184K->1543K(306688K), 0.0088641 secs] 275405K->2765K(2587392K), 0.0089131 secs] [Times: user=0.03 sys=0.00, real=0.01 secs] 
[2017-06-05 00:02:45,813] [GC (Allocation Failure) [ParNew: 274183K->1543K(306688K), 0.0084310 secs] 275405K->2764K(2587392K), 0.0084885 secs] [Times: user=0.03 sys=0.00, real=0.01 secs] 
[2017-06-05 00:02:45,927] [GC (Allocation Failure) [ParNew: 274183K->1549K(306688K), 0.0079956 secs] 275404K->2770K(2587392K), 0.0080481 secs] [Times: user=0.03 sys=0.00, real=0.00 secs] 
[2017-06-05 00:02:46,034] [GC (Allocation Failure) [ParNew: 274189K->1680K(306688K), 0.0115368 secs] 275410K->2902K(2587392K), 0.0115876 secs] [Times: user=0.03 sys=0.00, real=0.01 secs] 
[2017-06-05 00:02:46,137] [GC (Allocation Failure) [ParNew: 274320K->1542K(306688K), 0.0089713 secs] 275542K->2763K(2587392K), 0.0090337 secs] [Times: user=0.03 sys=0.00, real=0.01 secs] 
[2017-06-05 00:02:46,241] [GC (Allocation Failure) [ParNew: 274182K->1550K(306688K), 0.0105134 secs] 275403K->2771K(2587392K), 0.0105771 secs] [Times: user=0.03 sys=0.00, real=0.01 secs] 
[2017-06-05 00:02:46,341] [GC (Allocation Failure) [ParNew: 274190K->1542K(306688K), 0.0080553 secs] 275411K->2764K(2587392K), 0.0081287 secs] [Times: user=0.03 sys=0.00, real=0.01 secs] 
[2017-06-05 00:02:46,439] [GC (Allocation Failure) [ParNew: 274182K->1542K(306688K), 0.0078353 secs] 275404K->2764K(2587392K), 0.0078855 secs] [Times: user=0.03 sys=0.01, real=0.01 secs] 
[2017-06-05 00:02:46,537] [GC (Allocation Failure) [ParNew: 274182K->1544K(306688K), 0.0095787 secs] 275404K->2766K(2587392K), 0.0096435 secs] [Times: user=0.03 sys=0.00, real=0.00 secs] 
[2017-06-05 00:02:46,636] [GC (Allocation Failure) [ParNew: 274184K->1542K(306688K), 0.0083165 secs] 275406K->2764K(2587392K), 0.0083689 secs] [Times: user=0.03 sys=0.00, real=0.00 secs] 
[2017-06-05 00:02:46,734] [GC (Allocation Failure) [ParNew: 274182K->1546K(306688K), 0.0070989 secs] 275404K->2768K(2587392K), 0.0071555 secs] [Times: user=0.02 sys=0.00, real=0.01 secs] 
[2017-06-05 00:02:46,830] [GC (Allocation Failure) [ParNew: 274186K->1545K(306688K), 0.0091637 secs] 275408K->2767K(2587392K), 0.0092235 secs] [Times: user=0.03 sys=0.01, real=0.01 secs] 
[2017-06-05 00:02:46,931] [GC (Allocation Failure) [ParNew: 274185K->1538K(306688K), 0.0091719 secs] 275407K->2760K(2587392K), 0.0092229 secs] [Times: user=0.03 sys=0.00, real=0.01 secs] 
[2017-06-05 00:02:47,036] [GC (Allocation Failure) [ParNew: 274178K->1546K(306688K), 0.0121312 secs] 275400K->2768K(2587392K), 0.0122019 secs] [Times: user=0.04 sys=0.00, real=0.01 secs] 
[2017-06-05 00:02:47,138] [GC (Allocation Failure) [ParNew: 274186K->1546K(306688K), 0.0074227 secs] 275408K->2768K(2587392K), 0.0074699 secs] [Times: user=0.03 sys=0.00, real=0.01 secs] 
[2017-06-05 00:02:47,237] [GC (Allocation Failure) [ParNew: 274186K->1543K(306688K), 0.0076749 secs] 275408K->2766K(2587392K), 0.0077379 secs] [Times: user=0.03 sys=0.00, real=0.00 secs] 
[2017-06-05 00:02:47,334] [GC (Allocation Failure) [ParNew: 274183K->1541K(306688K), 0.0074687 secs] 275406K->2763K(2587392K), 0.0075237 secs] [Times: user=0.02 sys=0.00, real=0.01 secs] 
[2017-06-05 00:02:47,433] [GC (Allocation Failure) [ParNew: 274181K->1545K(306688K), 0.0080761 secs] 275403K->2768K(2587392K), 0.0081281 secs] [Times: user=0.03 sys=0.00, real=0.01 secs] 
[2017-06-05 00:02:47,534] [GC (Allocation Failure) [ParNew: 274185K->1547K(306688K), 0.0082985 secs] 275408K->2769K(2587392K), 0.0083531 secs] [Times: user=0.04 sys=0.00, real=0.01 secs] 
[2017-06-05 00:02:47,632] [GC (Allocation Failure) [ParNew: 274187K->1544K(306688K), 0.0074153 secs] 275409K->2767K(2587392K), 0.0074702 secs] [Times: user=0.02 sys=0.00, real=0.01 secs] 
[2017-06-05 00:02:47,740] [GC (Allocation Failure) [ParNew: 274184K->1550K(306688K), 0.0103104 secs] 275407K->2772K(2587392K), 0.0104563 secs] [Times: user=0.04 sys=0.00, real=0.01 secs] 
[2017-06-05 00:02:47,833] [GC (Allocation Failure) [ParNew: 274190K->1543K(306688K), 0.0070451 secs] 275412K->2766K(2587392K), 0.0070968 secs] [Times: user=0.02 sys=0.00, real=0.01 secs] 
[2017-06-05 00:02:47,928] [GC (Allocation Failure) [ParNew: 274183K->1554K(306688K), 0.0079710 secs] 275406K->2777K(2587392K), 0.0080215 secs] [Times: user=0.02 sys=0.00, real=0.01 secs] 
[2017-06-05 00:02:48,026] [GC (Allocation Failure) [ParNew: 274194K->1545K(306688K), 0.0080594 secs] 275417K->2768K(2587392K), 0.0081121 secs] [Times: user=0.03 sys=0.00, real=0.00 secs] 
[2017-06-05 00:02:48,124] [GC (Allocation Failure) [ParNew: 274185K->1539K(306688K), 0.0079322 secs] 275408K->2762K(2587392K), 0.0079821 secs] [Times: user=0.03 sys=0.00, real=0.01 secs] 
[2017-06-05 00:02:48,222] [GC (Allocation Failure) [ParNew: 274179K->1544K(306688K), 0.0079506 secs] 275402K->2767K(2587392K), 0.0080077 secs] [Times: user=0.03 sys=0.00, real=0.01 secs] 
[2017-06-05 00:02:48,319] [GC (Allocation Failure) [ParNew: 274184K->1535K(306688K), 0.0068983 secs] 275407K->2758K(2587392K), 0.0069479 secs] [Times: user=0.03 sys=0.00, real=0.01 secs] 
[2017-06-05 00:02:48,418] [GC (Allocation Failure) [ParNew: 274175K->1539K(306688K), 0.0079743 secs] 275398K->2763K(2587392K), 0.0080232 secs] [Times: user=0.03 sys=0.00, real=0.00 secs] 
[2017-06-05 00:02:48,549] [GC (Allocation Failure) [ParNew: 274179K->1384K(306688K), 0.0119814 secs] 275403K->2760K(2587392K), 0.0120312 secs] [Times: user=0.02 sys=0.00, real=0.02 secs] 
RACE_RESULT||pullNum=40000000||pullCost=35995
KILL_9 Consumer
Finish Run SubTask[bash -c sh ../bin/consume.sh ], Cost 36467 ms
KILL_9 PipeTaskRunner
