{"gitpath":"git@code.aliyun.com:sdlwwlp\/open-messaging-demo.git","teamid":"78921","teamCode":"78921g1clv","isvalid":"1","type":"MQ","userid":"1095279142813","taskid":"187350","status":"1"}
Print SubTask:bash -c sh ../bin/download.sh 
Print SubTask:bash -c sh ../bin/compile.sh 
Print SubTask:bash -c sh ../bin/produce.sh 
Print SubTask:bash -c sh ../bin/consume.sh 
Run SubTask bash -c sh ../bin/download.sh 
[2017-06-04 16:59:14,659] Initialized empty Git repository in /home/admin/race2017/78921g1clv/code/.git/
Finish Run SubTask[bash -c sh ../bin/download.sh ], Cost 1298 ms
Run SubTask bash -c sh ../bin/compile.sh 
[2017-06-04 16:59:19,743] [INFO] Scanning for projects...
[2017-06-04 16:59:20,215] [INFO]                                                                         
[2017-06-04 16:59:20,216] [INFO] ------------------------------------------------------------------------
[2017-06-04 16:59:20,216] [INFO] Building open-messaging-demo 1.0
[2017-06-04 16:59:20,216] [INFO] ------------------------------------------------------------------------
[2017-06-04 16:59:20,900] [INFO] 
[2017-06-04 16:59:20,901] [INFO] --- maven-clean-plugin:2.5:clean (default-clean) @ open-messaging-demo ---
[2017-06-04 16:59:21,284] [INFO] 
[2017-06-04 16:59:21,285] [INFO] --- maven-resources-plugin:2.6:resources (default-resources) @ open-messaging-demo ---
[2017-06-04 16:59:23,174] [WARNING] Using platform encoding (UTF-8 actually) to copy filtered resources, i.e. build is platform dependent!
[2017-06-04 16:59:23,184] [INFO] Copying 1 resource
[2017-06-04 16:59:23,206] [INFO] 
[2017-06-04 16:59:23,207] [INFO] --- maven-compiler-plugin:2.3.2:compile (default-compile) @ open-messaging-demo ---
[2017-06-04 16:59:23,613] [INFO] Compiling 43 source files to /home/admin/race2017/78921g1clv/code/target/classes
[2017-06-04 16:59:27,919] [INFO] 
[2017-06-04 16:59:27,919] [INFO] --- maven-resources-plugin:2.6:testResources (default-testResources) @ open-messaging-demo ---
[2017-06-04 16:59:27,924] [INFO] Not copying test resources
[2017-06-04 16:59:27,924] [INFO] 
[2017-06-04 16:59:27,924] [INFO] --- maven-compiler-plugin:2.3.2:testCompile (default-testCompile) @ open-messaging-demo ---
[2017-06-04 16:59:27,952] [INFO] Not compiling test sources
[2017-06-04 16:59:27,953] [INFO] 
[2017-06-04 16:59:27,954] [INFO] --- maven-surefire-plugin:2.12.4:test (default-test) @ open-messaging-demo ---
[2017-06-04 16:59:28,563] [INFO] Tests are skipped.
[2017-06-04 16:59:28,563] [INFO] 
[2017-06-04 16:59:28,564] [INFO] --- maven-jar-plugin:2.4:jar (default-jar) @ open-messaging-demo ---
[2017-06-04 16:59:29,086] [INFO] Building jar: /home/admin/race2017/78921g1clv/code/target/open-messaging-demo-1.0.jar
[2017-06-04 16:59:29,150] [INFO] 
[2017-06-04 16:59:29,150] [INFO] --- maven-assembly-plugin:2.2.1:single (make-assembly) @ open-messaging-demo ---
[2017-06-04 16:59:31,055] [INFO] Reading assembly descriptor: src/main/resources/package.xml
[2017-06-04 16:59:31,965] [INFO] Copying files to /home/admin/race2017/78921g1clv/code/target/OpenMessagingDemo
[2017-06-04 16:59:32,028] [WARNING] Assembly file: /home/admin/race2017/78921g1clv/code/target/OpenMessagingDemo is not a regular file (it may be a directory). It cannot be attached to the project build for installation or deployment.
[2017-06-04 16:59:32,028] [INFO]                                                                         
[2017-06-04 16:59:32,028] [INFO] ------------------------------------------------------------------------
[2017-06-04 16:59:32,028] [INFO] Building open-messaging-demo 1.0
[2017-06-04 16:59:32,028] [INFO] ------------------------------------------------------------------------
[2017-06-04 16:59:32,033] [INFO] 
[2017-06-04 16:59:32,033] [INFO] >>> maven-assembly-plugin:2.2.1:assembly (default-cli) > package @ open-messaging-demo >>>
[2017-06-04 16:59:32,044] [INFO] 
[2017-06-04 16:59:32,044] [INFO] --- maven-resources-plugin:2.6:resources (default-resources) @ open-messaging-demo ---
[2017-06-04 16:59:32,049] [WARNING] Using platform encoding (UTF-8 actually) to copy filtered resources, i.e. build is platform dependent!
[2017-06-04 16:59:32,050] [INFO] Copying 1 resource
[2017-06-04 16:59:32,050] [INFO] 
[2017-06-04 16:59:32,051] [INFO] --- maven-compiler-plugin:2.3.2:compile (default-compile) @ open-messaging-demo ---
[2017-06-04 16:59:32,073] [INFO] Nothing to compile - all classes are up to date
[2017-06-04 16:59:32,073] [INFO] 
[2017-06-04 16:59:32,074] [INFO] --- maven-resources-plugin:2.6:testResources (default-testResources) @ open-messaging-demo ---
[2017-06-04 16:59:32,076] [INFO] Not copying test resources
[2017-06-04 16:59:32,076] [INFO] 
[2017-06-04 16:59:32,077] [INFO] --- maven-compiler-plugin:2.3.2:testCompile (default-testCompile) @ open-messaging-demo ---
[2017-06-04 16:59:32,080] [INFO] Not compiling test sources
[2017-06-04 16:59:32,081] [INFO] 
[2017-06-04 16:59:32,081] [INFO] --- maven-surefire-plugin:2.12.4:test (default-test) @ open-messaging-demo ---
[2017-06-04 16:59:32,086] [INFO] Tests are skipped.
[2017-06-04 16:59:32,086] [INFO] 
[2017-06-04 16:59:32,087] [INFO] --- maven-jar-plugin:2.4:jar (default-jar) @ open-messaging-demo ---
[2017-06-04 16:59:32,122] [INFO] 
[2017-06-04 16:59:32,123] [INFO] --- maven-assembly-plugin:2.2.1:single (make-assembly) @ open-messaging-demo ---
[2017-06-04 16:59:32,127] [INFO] Reading assembly descriptor: src/main/resources/package.xml
[2017-06-04 16:59:32,283] [INFO] Copying files to /home/admin/race2017/78921g1clv/code/target/OpenMessagingDemo
[2017-06-04 16:59:32,284] [WARNING] Assembly file: /home/admin/race2017/78921g1clv/code/target/OpenMessagingDemo is not a regular file (it may be a directory). It cannot be attached to the project build for installation or deployment.
[2017-06-04 16:59:32,286] [INFO] 
[2017-06-04 16:59:32,286] [INFO] <<< maven-assembly-plugin:2.2.1:assembly (default-cli) < package @ open-messaging-demo <<<
[2017-06-04 16:59:32,286] [INFO] 
[2017-06-04 16:59:32,287] [INFO] --- maven-assembly-plugin:2.2.1:assembly (default-cli) @ open-messaging-demo ---
[2017-06-04 16:59:32,288] [INFO] Reading assembly descriptor: src/main/resources/package.xml
[2017-06-04 16:59:32,443] [INFO] Copying files to /home/admin/race2017/78921g1clv/code/target/OpenMessagingDemo
[2017-06-04 16:59:32,443] [WARNING] Assembly file: /home/admin/race2017/78921g1clv/code/target/OpenMessagingDemo is not a regular file (it may be a directory). It cannot be attached to the project build for installation or deployment.
[2017-06-04 16:59:32,443] [INFO] ------------------------------------------------------------------------
[2017-06-04 16:59:32,443] [INFO] BUILD SUCCESS
[2017-06-04 16:59:32,443] [INFO] ------------------------------------------------------------------------
[2017-06-04 16:59:32,443] [INFO] Total time: 12.800 s
[2017-06-04 16:59:32,444] [INFO] Finished at: 2017-06-04T16:59:32+08:00
[2017-06-04 16:59:32,579] [INFO] Final Memory: 14M/60M
[2017-06-04 16:59:32,579] [INFO] ------------------------------------------------------------------------
[2017-06-04 16:59:32,697] cp: will not overwrite just-created `tmplib/open-messaging-demo-1.0.jar' with `code/target/OpenMessagingDemo/OpenMessagingDemo/lib/open-messaging-demo-1.0.jar'
Finish Run SubTask[bash -c sh ../bin/compile.sh ], Cost 17052 ms
Run SubTask bash -c sh ../bin/produce.sh 
[2017-06-04 16:59:32,715] Start Produce =============================
[2017-06-04 16:59:33,766] pro_max 400000
[2017-06-04 16:59:33,766] store.path /home/admin/race2017/data
[2017-06-04 16:59:33,769] 
[2017-06-04 16:59:35,237] [GC (Allocation Failure) [ParNew: 272640K->31699K(306688K), 0.0402817 secs] 272640K->31699K(2587392K), 0.0404083 secs] [Times: user=0.10 sys=0.04, real=0.04 secs] 
[2017-06-04 16:59:36,189] [GC (GCLocker Initiated GC) [ParNew: 304505K->5115K(306688K), 0.1594290 secs] 304505K->36449K(2587392K), 0.1595881 secs] [Times: user=0.25 sys=0.09, real=0.16 secs] 
[2017-06-04 16:59:36,791] [GC (Allocation Failure) [ParNew: 277777K->1709K(306688K), 0.0153811 secs] 309112K->33044K(2587392K), 0.0155591 secs] [Times: user=0.06 sys=0.00, real=0.02 secs] 
[2017-06-04 16:59:37,365] [GC (GCLocker Initiated GC) [ParNew: 274357K->431K(306688K), 0.0202618 secs] 305692K->31766K(2587392K), 0.0203285 secs] [Times: user=0.07 sys=0.00, real=0.02 secs] 
[2017-06-04 16:59:37,941] [GC (Allocation Failure) [ParNew: 273215K->111K(306688K), 0.0122828 secs] 304550K->31446K(2587392K), 0.0124565 secs] [Times: user=0.04 sys=0.00, real=0.02 secs] 
[2017-06-04 16:59:38,527] [GC (GCLocker Initiated GC) [ParNew: 272846K->39K(306688K), 0.0173880 secs] 304180K->31374K(2587392K), 0.0174535 secs] [Times: user=0.07 sys=0.00, real=0.02 secs] 
[2017-06-04 16:59:39,184] [GC (Allocation Failure) [ParNew: 272776K->30K(306688K), 0.0166314 secs] 304111K->31365K(2587392K), 0.0168617 secs] [Times: user=0.06 sys=0.00, real=0.02 secs] 
[2017-06-04 16:59:39,675] [GC (GCLocker Initiated GC) [ParNew: 272851K->28K(306688K), 0.0158627 secs] 304186K->31363K(2587392K), 0.0159368 secs] [Times: user=0.06 sys=0.00, real=0.02 secs] 
[2017-06-04 16:59:40,158] [GC (GCLocker Initiated GC) [ParNew: 272887K->23K(306688K), 0.0138852 secs] 304222K->31360K(2587392K), 0.0139579 secs] [Times: user=0.05 sys=0.00, real=0.01 secs] 
[2017-06-04 16:59:40,615] [GC (GCLocker Initiated GC) [ParNew: 272679K->27K(306688K), 0.0187306 secs] 304015K->31364K(2587392K), 0.0188019 secs] [Times: user=0.07 sys=0.00, real=0.02 secs] 
[2017-06-04 16:59:41,020] [GC (Allocation Failure) [ParNew: 272667K->27K(306688K), 0.0143240 secs] 304004K->31364K(2587392K), 0.0143805 secs] [Times: user=0.04 sys=0.00, real=0.01 secs] 
[2017-06-04 16:59:41,395] [GC (GCLocker Initiated GC) [ParNew: 272814K->37K(306688K), 0.0102150 secs] 304150K->31373K(2587392K), 0.0102767 secs] [Times: user=0.04 sys=0.00, real=0.01 secs] 
[2017-06-04 16:59:41,749] [GC (GCLocker Initiated GC) [ParNew: 272707K->27K(306688K), 0.0099359 secs] 304043K->31363K(2587392K), 0.0099968 secs] [Times: user=0.03 sys=0.00, real=0.01 secs] 
[2017-06-04 16:59:42,115] [GC (Allocation Failure) [ParNew: 272978K->39K(306688K), 0.0124219 secs] 304314K->31375K(2587392K), 0.0125739 secs] [Times: user=0.04 sys=0.00, real=0.01 secs] 
[2017-06-04 16:59:42,499] [GC (Allocation Failure) [ParNew: 272753K->25K(306688K), 0.0140635 secs] 304090K->31361K(2587392K), 0.0141446 secs] [Times: user=0.05 sys=0.00, real=0.01 secs] 
[2017-06-04 16:59:42,837] [GC (GCLocker Initiated GC) [ParNew: 272703K->31K(306688K), 0.0109613 secs] 304039K->31367K(2587392K), 0.0110340 secs] [Times: user=0.04 sys=0.00, real=0.01 secs] 
[2017-06-04 16:59:43,177] [GC (GCLocker Initiated GC) [ParNew: 272671K->30K(306688K), 0.0150683 secs] 304007K->31366K(2587392K), 0.0151446 secs] [Times: user=0.04 sys=0.00, real=0.01 secs] 
[2017-06-04 16:59:43,516] [GC (GCLocker Initiated GC) [ParNew: 272691K->31K(306688K), 0.0129017 secs] 304028K->31368K(2587392K), 0.0129610 secs] [Times: user=0.03 sys=0.00, real=0.01 secs] 
[2017-06-04 16:59:43,849] [GC (Allocation Failure) [ParNew: 272713K->31K(306688K), 0.0122791 secs] 304049K->31368K(2587392K), 0.0123355 secs] [Times: user=0.04 sys=0.00, real=0.01 secs] 
[2017-06-04 16:59:44,188] [GC (Allocation Failure) [ParNew: 272675K->30K(306688K), 0.0122557 secs] 304012K->31366K(2587392K), 0.0124229 secs] [Times: user=0.04 sys=0.00, real=0.01 secs] 
[2017-06-04 16:59:44,539] [GC (Allocation Failure) [ParNew: 272670K->29K(306688K), 0.0092180 secs] 304006K->31366K(2587392K), 0.0092735 secs] [Times: user=0.03 sys=0.00, real=0.01 secs] 
[2017-06-04 16:59:44,902] [GC (GCLocker Initiated GC) [ParNew: 272730K->25K(306688K), 0.0108310 secs] 304066K->31361K(2587392K), 0.0108898 secs] [Times: user=0.04 sys=0.00, real=0.02 secs] 
[2017-06-04 16:59:45,235] [GC (Allocation Failure) [ParNew: 272665K->24K(306688K), 0.0130996 secs] 304001K->31360K(2587392K), 0.0131841 secs] [Times: user=0.04 sys=0.00, real=0.01 secs] 
[2017-06-04 16:59:45,542] [GC (GCLocker Initiated GC) [ParNew: 272728K->23K(306688K), 0.0095764 secs] 304065K->31360K(2587392K), 0.0096458 secs] [Times: user=0.03 sys=0.00, real=0.01 secs] 
[2017-06-04 16:59:45,888] [GC (GCLocker Initiated GC) [ParNew: 273038K->23K(306688K), 0.0116022 secs] 304375K->31360K(2587392K), 0.0116673 secs] [Times: user=0.04 sys=0.00, real=0.01 secs] 
[2017-06-04 16:59:46,234] [GC (GCLocker Initiated GC) [ParNew: 272959K->23K(306688K), 0.0130226 secs] 304296K->31359K(2587392K), 0.0130828 secs] [Times: user=0.04 sys=0.00, real=0.02 secs] 
[2017-06-04 16:59:46,573] [GC (Allocation Failure) [ParNew: 272726K->27K(306688K), 0.0147611 secs] 304062K->31364K(2587392K), 0.0148149 secs] [Times: user=0.05 sys=0.00, real=0.02 secs] 
[2017-06-04 16:59:46,904] [GC (GCLocker Initiated GC) [ParNew: 272729K->27K(306688K), 0.0140978 secs] 304065K->31363K(2587392K), 0.0141506 secs] [Times: user=0.04 sys=0.00, real=0.02 secs] 
[2017-06-04 16:59:47,229] [GC (Allocation Failure) [ParNew: 272970K->30K(306688K), 0.0149703 secs] 304306K->31367K(2587392K), 0.0150288 secs] [Times: user=0.04 sys=0.00, real=0.01 secs] 
[2017-06-04 16:59:47,575] [GC (GCLocker Initiated GC) [ParNew: 273006K->26K(306688K), 0.0095458 secs] 304343K->31363K(2587392K), 0.0096066 secs] [Times: user=0.03 sys=0.00, real=0.01 secs] 
[2017-06-04 16:59:47,908] [GC (GCLocker Initiated GC) [ParNew: 272698K->30K(306688K), 0.0132345 secs] 304035K->31367K(2587392K), 0.0132957 secs] [Times: user=0.04 sys=0.00, real=0.01 secs] 
[2017-06-04 16:59:48,274] [GC (GCLocker Initiated GC) [ParNew: 272846K->27K(306688K), 0.0110138 secs] 304182K->31364K(2587392K), 0.0110739 secs] [Times: user=0.04 sys=0.00, real=0.01 secs] 
[2017-06-04 16:59:48,640] [GC (Allocation Failure) [ParNew: 272849K->27K(306688K), 0.0146780 secs] 304186K->31364K(2587392K), 0.0147365 secs] [Times: user=0.04 sys=0.00, real=0.01 secs] 
[2017-06-04 16:59:48,974] [GC (GCLocker Initiated GC) [ParNew: 272723K->28K(306688K), 0.0111309 secs] 304060K->31364K(2587392K), 0.0112109 secs] [Times: user=0.04 sys=0.00, real=0.01 secs] 
[2017-06-04 16:59:49,343] [GC (Allocation Failure) [ParNew: 272706K->32K(306688K), 0.0095441 secs] 304043K->31369K(2587392K), 0.0095997 secs] [Times: user=0.03 sys=0.00, real=0.01 secs] 
[2017-06-04 16:59:49,686] [GC (Allocation Failure) [ParNew: 272699K->36K(306688K), 0.0094314 secs] 304036K->31373K(2587392K), 0.0095054 secs] [Times: user=0.03 sys=0.00, real=0.01 secs] 
[2017-06-04 16:59:50,276] [GC (GCLocker Initiated GC) [ParNew: 272860K->28K(306688K), 0.0096214 secs] 304196K->31364K(2587392K), 0.0097688 secs] [Times: user=0.04 sys=0.00, real=0.01 secs] 
[2017-06-04 16:59:50,608] [GC (GCLocker Initiated GC) [ParNew: 272711K->25K(306688K), 0.0100960 secs] 304048K->31361K(2587392K), 0.0101656 secs] [Times: user=0.04 sys=0.00, real=0.01 secs] 
[2017-06-04 16:59:50,976] [GC (GCLocker Initiated GC) [ParNew: 272733K->25K(306688K), 0.0124652 secs] 304069K->31362K(2587392K), 0.0125223 secs] [Times: user=0.03 sys=0.00, real=0.01 secs] 
[2017-06-04 16:59:51,309] [GC (Allocation Failure) [ParNew: 272760K->27K(306688K), 0.0145229 secs] 304097K->31364K(2587392K), 0.0146621 secs] [Times: user=0.04 sys=0.00, real=0.01 secs] 
[2017-06-04 16:59:51,627] [GC (Allocation Failure) [ParNew: 272667K->31K(306688K), 0.0094772 secs] 304004K->31368K(2587392K), 0.0095351 secs] [Times: user=0.03 sys=0.00, real=0.01 secs] 
[2017-06-04 16:59:51,937] [GC (GCLocker Initiated GC) [ParNew: 272793K->28K(306688K), 0.0096311 secs] 304129K->31365K(2587392K), 0.0098561 secs] [Times: user=0.03 sys=0.00, real=0.01 secs] 
[2017-06-04 16:59:52,251] [GC (GCLocker Initiated GC) [ParNew: 272871K->33K(306688K), 0.0090805 secs] 304207K->31369K(2587392K), 0.0091437 secs] [Times: user=0.03 sys=0.00, real=0.01 secs] 
[2017-06-04 16:59:52,589] [GC (GCLocker Initiated GC) [ParNew: 272926K->29K(306688K), 0.0112988 secs] 304263K->31366K(2587392K), 0.0113757 secs] [Times: user=0.04 sys=0.00, real=0.01 secs] 
[2017-06-04 16:59:52,928] [GC (Allocation Failure) [ParNew: 272765K->28K(306688K), 0.0107673 secs] 304101K->31365K(2587392K), 0.0108258 secs] [Times: user=0.05 sys=0.00, real=0.01 secs] 
[2017-06-04 16:59:53,237] [GC (Allocation Failure) [ParNew: 272713K->33K(306688K), 0.0130186 secs] 304049K->31370K(2587392K), 0.0130834 secs] [Times: user=0.03 sys=0.00, real=0.01 secs] 
[2017-06-04 16:59:53,562] [GC (GCLocker Initiated GC) [ParNew: 272774K->27K(306688K), 0.0103218 secs] 304110K->31364K(2587392K), 0.0103809 secs] [Times: user=0.03 sys=0.00, real=0.01 secs] 
[2017-06-04 16:59:53,878] [GC (Allocation Failure) [ParNew: 272667K->30K(306688K), 0.0112464 secs] 304004K->31367K(2587392K), 0.0113316 secs] [Times: user=0.03 sys=0.00, real=0.01 secs] 
[2017-06-04 16:59:54,189] [GC (Allocation Failure) [ParNew: 272715K->34K(306688K), 0.0100843 secs] 304052K->31371K(2587392K), 0.0101496 secs] [Times: user=0.04 sys=0.00, real=0.01 secs] 
[2017-06-04 16:59:54,509] [GC (GCLocker Initiated GC) [ParNew: 272677K->29K(306688K), 0.0107507 secs] 304014K->31366K(2587392K), 0.0108048 secs] [Times: user=0.04 sys=0.00, real=0.01 secs] 
[2017-06-04 16:59:54,837] [GC (GCLocker Initiated GC) [ParNew: 272760K->25K(306688K), 0.0106767 secs] 304097K->31362K(2587392K), 0.0108259 secs] [Times: user=0.04 sys=0.00, real=0.01 secs] 
[2017-06-04 16:59:55,151] [GC (Allocation Failure) [ParNew: 272743K->27K(306688K), 0.0119458 secs] 304080K->31364K(2587392K), 0.0120156 secs] [Times: user=0.04 sys=0.00, real=0.01 secs] 
[2017-06-04 16:59:55,489] [GC (Allocation Failure) [ParNew: 272673K->27K(306688K), 0.0095841 secs] 304010K->31363K(2587392K), 0.0096457 secs] [Times: user=0.04 sys=0.00, real=0.01 secs] 
[2017-06-04 16:59:55,832] [GC (GCLocker Initiated GC) [ParNew: 272681K->25K(306688K), 0.0154635 secs] 304017K->31361K(2587392K), 0.0155904 secs] [Times: user=0.04 sys=0.00, real=0.01 secs] 
[2017-06-04 16:59:56,185] [GC (Allocation Failure) [ParNew: 272909K->29K(306688K), 0.0124773 secs] 304245K->31365K(2587392K), 0.0125422 secs] [Times: user=0.04 sys=0.00, real=0.02 secs] 
[2017-06-04 16:59:56,503] [GC (Allocation Failure) [ParNew: 272669K->32K(306688K), 0.0099726 secs] 304005K->31369K(2587392K), 0.0100478 secs] [Times: user=0.04 sys=0.00, real=0.01 secs] 
[2017-06-04 16:59:56,845] [GC (Allocation Failure) [ParNew: 272751K->26K(306688K), 0.0099127 secs] 304087K->31363K(2587392K), 0.0099838 secs] [Times: user=0.03 sys=0.00, real=0.01 secs] 
[2017-06-04 16:59:57,188] [GC (GCLocker Initiated GC) [ParNew: 272957K->35K(306688K), 0.0152014 secs] 304294K->31371K(2587392K), 0.0153530 secs] [Times: user=0.04 sys=0.00, real=0.02 secs] 
[2017-06-04 16:59:57,538] [GC (Allocation Failure) [ParNew: 273129K->28K(306688K), 0.0109943 secs] 304466K->31364K(2587392K), 0.0110525 secs] [Times: user=0.04 sys=0.00, real=0.01 secs] 
[2017-06-04 16:59:57,852] [GC (Allocation Failure) [ParNew: 272724K->33K(306688K), 0.0090804 secs] 304061K->31369K(2587392K), 0.0091340 secs] [Times: user=0.04 sys=0.00, real=0.01 secs] 
[2017-06-04 16:59:58,170] [GC (GCLocker Initiated GC) [ParNew: 272747K->29K(306688K), 0.0098330 secs] 304084K->31365K(2587392K), 0.0099325 secs] [Times: user=0.03 sys=0.00, real=0.01 secs] 
[2017-06-04 16:59:58,503] [GC (Allocation Failure) [ParNew: 272673K->29K(306688K), 0.0088287 secs] 304010K->31366K(2587392K), 0.0088858 secs] [Times: user=0.04 sys=0.00, real=0.00 secs] 
[2017-06-04 16:59:58,921] [GC (GCLocker Initiated GC) [ParNew: 272681K->37K(306688K), 0.0101903 secs] 304017K->31374K(2587392K), 0.0103134 secs] [Times: user=0.03 sys=0.00, real=0.01 secs] 
[2017-06-04 16:59:59,246] [GC (Allocation Failure) [ParNew: 272756K->35K(306688K), 0.0088857 secs] 304093K->31371K(2587392K), 0.0089529 secs] [Times: user=0.03 sys=0.00, real=0.01 secs] 
[2017-06-04 16:59:59,559] [GC (GCLocker Initiated GC) [ParNew: 272826K->25K(306688K), 0.0098453 secs] 304163K->31362K(2587392K), 0.0098995 secs] [Times: user=0.04 sys=0.00, real=0.01 secs] 
[2017-06-04 16:59:59,885] [GC (GCLocker Initiated GC) [ParNew: 272698K->27K(306688K), 0.0097529 secs] 304034K->31363K(2587392K), 0.0098092 secs] [Times: user=0.03 sys=0.00, real=0.01 secs] 
[2017-06-04 17:00:00,238] [GC (GCLocker Initiated GC) [ParNew: 272676K->32K(306688K), 0.0100047 secs] 304012K->31369K(2587392K), 0.0100677 secs] [Times: user=0.04 sys=0.00, real=0.01 secs] 
[2017-06-04 17:00:00,572] [GC (GCLocker Initiated GC) [ParNew: 272711K->21K(306688K), 0.0100723 secs] 304048K->31357K(2587392K), 0.0101342 secs] [Times: user=0.04 sys=0.00, real=0.01 secs] 
[2017-06-04 17:00:00,897] [GC (Allocation Failure) [ParNew: 272667K->28K(306688K), 0.0097638 secs] 304003K->31365K(2587392K), 0.0098438 secs] [Times: user=0.04 sys=0.00, real=0.01 secs] 
[2017-06-04 17:00:01,247] [GC (Allocation Failure) [ParNew: 272727K->32K(306688K), 0.0142588 secs] 304064K->31369K(2587392K), 0.0143607 secs] [Times: user=0.03 sys=0.00, real=0.02 secs] 
[2017-06-04 17:00:01,620] [GC (Allocation Failure) [ParNew: 272753K->27K(306688K), 0.0143959 secs] 304089K->31364K(2587392K), 0.0144639 secs] [Times: user=0.04 sys=0.00, real=0.01 secs] 
[2017-06-04 17:00:02,046] [GC (GCLocker Initiated GC) [ParNew: 272770K->34K(306688K), 0.0119533 secs] 304107K->31370K(2587392K), 0.0120613 secs] [Times: user=0.04 sys=0.00, real=0.01 secs] 
[2017-06-04 17:00:02,402] [GC (GCLocker Initiated GC) [ParNew: 272742K->26K(306688K), 0.0091607 secs] 304078K->31363K(2587392K), 0.0092301 secs] [Times: user=0.04 sys=0.00, real=0.01 secs] 
[2017-06-04 17:00:02,732] [GC (Allocation Failure) [ParNew: 272725K->31K(306688K), 0.0091836 secs] 304062K->31368K(2587392K), 0.0092677 secs] [Times: user=0.03 sys=0.00, real=0.01 secs] 
[2017-06-04 17:00:03,056] [GC (Allocation Failure) [ParNew: 272702K->33K(306688K), 0.0092374 secs] 304039K->31370K(2587392K), 0.0093002 secs] [Times: user=0.03 sys=0.00, real=0.01 secs] 
[2017-06-04 17:00:03,391] [GC (GCLocker Initiated GC) [ParNew: 272754K->24K(306688K), 0.0095784 secs] 304090K->31360K(2587392K), 0.0096296 secs] [Times: user=0.04 sys=0.00, real=0.01 secs] 
[2017-06-04 17:00:03,731] [GC (GCLocker Initiated GC) [ParNew: 272785K->30K(306688K), 0.0104242 secs] 304122K->31366K(2587392K), 0.0104894 secs] [Times: user=0.04 sys=0.00, real=0.01 secs] 
[2017-06-04 17:00:04,062] [GC (GCLocker Initiated GC) [ParNew: 272723K->32K(306688K), 0.0104654 secs] 304060K->31369K(2587392K), 0.0105294 secs] [Times: user=0.03 sys=0.00, real=0.01 secs] 
[2017-06-04 17:00:04,433] [GC (Allocation Failure) [ParNew: 272812K->30K(306688K), 0.0162198 secs] 304149K->31367K(2587392K), 0.0162794 secs] [Times: user=0.05 sys=0.00, real=0.01 secs] 
[2017-06-04 17:00:04,798] [GC (Allocation Failure) [ParNew: 272675K->26K(306688K), 0.0125469 secs] 304012K->31362K(2587392K), 0.0126025 secs] [Times: user=0.05 sys=0.00, real=0.01 secs] 
[2017-06-04 17:00:05,147] [GC (Allocation Failure) [ParNew: 272778K->28K(306688K), 0.0096272 secs] 304115K->31365K(2587392K), 0.0096865 secs] [Times: user=0.04 sys=0.00, real=0.01 secs] 
[2017-06-04 17:00:05,504] [GC (Allocation Failure) [ParNew: 272679K->33K(306688K), 0.0094034 secs] 304016K->31370K(2587392K), 0.0094823 secs] [Times: user=0.03 sys=0.00, real=0.00 secs] 
[2017-06-04 17:00:05,865] [GC (GCLocker Initiated GC) [ParNew: 272751K->32K(306688K), 0.0104141 secs] 304088K->31369K(2587392K), 0.0104821 secs] [Times: user=0.04 sys=0.00, real=0.01 secs] 
[2017-06-04 17:00:06,265] [GC (Allocation Failure) [ParNew: 272879K->24K(306688K), 0.0206328 secs] 304215K->31361K(2587392K), 0.0207029 secs] [Times: user=0.05 sys=0.00, real=0.03 secs] 
[2017-06-04 17:00:06,817] [GC (GCLocker Initiated GC) [ParNew: 272664K->28K(306688K), 0.0241807 secs] 304001K->31365K(2587392K), 0.0244122 secs] [Times: user=0.07 sys=0.01, real=0.03 secs] 
[2017-06-04 17:00:07,281] [GC (GCLocker Initiated GC) [ParNew: 272711K->26K(306688K), 0.0162863 secs] 304048K->31363K(2587392K), 0.0163711 secs] [Times: user=0.04 sys=0.00, real=0.01 secs] 
[2017-06-04 17:00:07,633] [GC (Allocation Failure) [ParNew: 272674K->28K(306688K), 0.0107871 secs] 304011K->31365K(2587392K), 0.0108694 secs] [Times: user=0.04 sys=0.00, real=0.01 secs] 
[2017-06-04 17:00:07,964] [GC (Allocation Failure) [ParNew: 272803K->32K(306688K), 0.0094918 secs] 304140K->31369K(2587392K), 0.0095616 secs] [Times: user=0.04 sys=0.00, real=0.01 secs] 
[2017-06-04 17:00:08,342] [GC (GCLocker Initiated GC) [ParNew: 272700K->29K(306688K), 0.0129461 secs] 304037K->31365K(2587392K), 0.0130112 secs] [Times: user=0.04 sys=0.00, real=0.01 secs] 
[2017-06-04 17:00:08,683] [GC (Allocation Failure) [ParNew: 273256K->23K(306688K), 0.0139211 secs] 304593K->31360K(2587392K), 0.0139803 secs] [Times: user=0.05 sys=0.00, real=0.01 secs] 
[2017-06-04 17:00:09,018] [GC (GCLocker Initiated GC) [ParNew: 272989K->31K(306688K), 0.0101077 secs] 304326K->31368K(2587392K), 0.0101636 secs] [Times: user=0.04 sys=0.00, real=0.01 secs] 
[2017-06-04 17:00:09,354] [GC (GCLocker Initiated GC) [ParNew: 272672K->26K(306688K), 0.0104975 secs] 304008K->31363K(2587392K), 0.0105937 secs] [Times: user=0.04 sys=0.00, real=0.01 secs] 
[2017-06-04 17:00:09,703] [GC (GCLocker Initiated GC) [ParNew: 272856K->31K(306688K), 0.0104958 secs] 304193K->31368K(2587392K), 0.0105563 secs] [Times: user=0.04 sys=0.00, real=0.01 secs] 
[2017-06-04 17:00:10,087] [GC (GCLocker Initiated GC) [ParNew: 272768K->25K(306688K), 0.0167762 secs] 304105K->31362K(2587392K), 0.0168386 secs] [Times: user=0.05 sys=0.00, real=0.02 secs] 
[2017-06-04 17:00:10,455] [GC (GCLocker Initiated GC) [ParNew: 272699K->31K(306688K), 0.0107880 secs] 304036K->31367K(2587392K), 0.0108493 secs] [Times: user=0.04 sys=0.00, real=0.01 secs] 
[2017-06-04 17:00:10,808] [GC (Allocation Failure) [ParNew: 272772K->29K(306688K), 0.0107385 secs] 304109K->31366K(2587392K), 0.0108009 secs] [Times: user=0.04 sys=0.00, real=0.01 secs] 
[2017-06-04 17:00:11,146] [GC (Allocation Failure) [ParNew: 272669K->27K(306688K), 0.0100346 secs] 304006K->31364K(2587392K), 0.0101184 secs] [Times: user=0.04 sys=0.00, real=0.01 secs] 
[2017-06-04 17:00:11,486] [GC (Allocation Failure) [ParNew: 272690K->28K(306688K), 0.0112668 secs] 304027K->31365K(2587392K), 0.0113494 secs] [Times: user=0.04 sys=0.01, real=0.02 secs] 
[2017-06-04 17:00:11,830] [GC (GCLocker Initiated GC) [ParNew: 272698K->32K(306688K), 0.0104836 secs] 304034K->31369K(2587392K), 0.0106964 secs] [Times: user=0.04 sys=0.00, real=0.01 secs] 
[2017-06-04 17:00:12,200] [GC (Allocation Failure) [ParNew: 272740K->26K(306688K), 0.0113506 secs] 304076K->31363K(2587392K), 0.0114142 secs] [Times: user=0.04 sys=0.00, real=0.01 secs] 
[2017-06-04 17:00:12,548] [GC (GCLocker Initiated GC) [ParNew: 272768K->25K(306688K), 0.0106995 secs] 304105K->31362K(2587392K), 0.0107633 secs] [Times: user=0.04 sys=0.00, real=0.01 secs] 
[2017-06-04 17:00:12,884] [GC (GCLocker Initiated GC) [ParNew: 272687K->30K(306688K), 0.0092946 secs] 304024K->31367K(2587392K), 0.0093608 secs] [Times: user=0.04 sys=0.00, real=0.01 secs] 
[2017-06-04 17:00:13,218] [GC (GCLocker Initiated GC) [ParNew: 272672K->28K(306688K), 0.0117447 secs] 304009K->31365K(2587392K), 0.0118027 secs] [Times: user=0.03 sys=0.00, real=0.01 secs] 
[2017-06-04 17:00:13,574] [GC (GCLocker Initiated GC) [ParNew: 272678K->28K(306688K), 0.0121153 secs] 304014K->31365K(2587392K), 0.0122699 secs] [Times: user=0.05 sys=0.00, real=0.01 secs] 
[2017-06-04 17:00:13,938] [GC (Allocation Failure) [ParNew: 272776K->32K(306688K), 0.0123958 secs] 304112K->31369K(2587392K), 0.0125051 secs] [Times: user=0.04 sys=0.00, real=0.02 secs] 
[2017-06-04 17:00:14,281] [GC (Allocation Failure) [ParNew: 272797K->23K(306688K), 0.0135695 secs] 304134K->31360K(2587392K), 0.0136291 secs] [Times: user=0.03 sys=0.00, real=0.01 secs] 
[2017-06-04 17:00:14,616] [GC (Allocation Failure) [ParNew: 272875K->25K(306688K), 0.0094017 secs] 304212K->31362K(2587392K), 0.0094527 secs] [Times: user=0.03 sys=0.00, real=0.01 secs] 
[2017-06-04 17:00:14,960] [GC (GCLocker Initiated GC) [ParNew: 272755K->31K(306688K), 0.0133825 secs] 304092K->31368K(2587392K), 0.0134358 secs] [Times: user=0.04 sys=0.00, real=0.01 secs] 
[2017-06-04 17:00:15,285] [GC (Allocation Failure) [ParNew: 272675K->25K(306688K), 0.0101771 secs] 304012K->31362K(2587392K), 0.0102261 secs] [Times: user=0.04 sys=0.00, real=0.01 secs] 
[2017-06-04 17:00:15,634] [GC (GCLocker Initiated GC) [ParNew: 272706K->31K(306688K), 0.0107776 secs] 304043K->31367K(2587392K), 0.0108427 secs] [Times: user=0.04 sys=0.00, real=0.01 secs] 
[2017-06-04 17:00:15,961] [GC (GCLocker Initiated GC) [ParNew: 272818K->29K(306688K), 0.0096370 secs] 304155K->31366K(2587392K), 0.0097054 secs] [Times: user=0.03 sys=0.00, real=0.01 secs] 
[2017-06-04 17:00:16,323] [GC (GCLocker Initiated GC) [ParNew: 272878K->27K(306688K), 0.0097122 secs] 304215K->31364K(2587392K), 0.0097724 secs] [Times: user=0.04 sys=0.00, real=0.01 secs] 
[2017-06-04 17:00:16,652] [GC (GCLocker Initiated GC) [ParNew: 272711K->31K(306688K), 0.0131763 secs] 304048K->31368K(2587392K), 0.0132317 secs] [Times: user=0.04 sys=0.00, real=0.01 secs] 
[2017-06-04 17:00:17,004] [GC (GCLocker Initiated GC) [ParNew: 272788K->23K(306688K), 0.0111061 secs] 304125K->31360K(2587392K), 0.0111708 secs] [Times: user=0.03 sys=0.00, real=0.01 secs] 
[2017-06-04 17:00:17,352] [GC (Allocation Failure) [ParNew: 272937K->27K(306688K), 0.0100586 secs] 304274K->31364K(2587392K), 0.0101484 secs] [Times: user=0.04 sys=0.00, real=0.01 secs] 
[2017-06-04 17:00:17,689] [GC (Allocation Failure) [ParNew: 272684K->28K(306688K), 0.0117152 secs] 304021K->31365K(2587392K), 0.0117740 secs] [Times: user=0.04 sys=0.00, real=0.01 secs] 
[2017-06-04 17:00:18,039] [GC (GCLocker Initiated GC) [ParNew: 272705K->37K(306688K), 0.0107185 secs] 304042K->31373K(2587392K), 0.0108393 secs] [Times: user=0.04 sys=0.00, real=0.01 secs] 
[2017-06-04 17:00:18,400] [GC (GCLocker Initiated GC) [ParNew: 272768K->34K(306688K), 0.0110944 secs] 304105K->31370K(2587392K), 0.0111499 secs] [Times: user=0.04 sys=0.00, real=0.01 secs] 
[2017-06-04 17:00:18,738] [GC (Allocation Failure) [ParNew: 272697K->22K(306688K), 0.0105089 secs] 304034K->31359K(2587392K), 0.0105676 secs] [Times: user=0.04 sys=0.00, real=0.01 secs] 
[2017-06-04 17:00:19,154] [GC (Allocation Failure) [ParNew: 272711K->28K(306688K), 0.0101839 secs] 304048K->31365K(2587392K), 0.0102365 secs] [Times: user=0.03 sys=0.00, real=0.01 secs] 
[2017-06-04 17:00:19,490] [GC (GCLocker Initiated GC) [ParNew: 272801K->29K(306688K), 0.0105127 secs] 304138K->31366K(2587392K), 0.0105769 secs] [Times: user=0.04 sys=0.00, real=0.01 secs] 
[2017-06-04 17:00:19,818] [GC (GCLocker Initiated GC) [ParNew: 272702K->24K(306688K), 0.0126202 secs] 304038K->31361K(2587392K), 0.0127400 secs] [Times: user=0.04 sys=0.00, real=0.02 secs] 
[2017-06-04 17:00:20,188] [GC (GCLocker Initiated GC) [ParNew: 272716K->37K(306688K), 0.0098670 secs] 304053K->31374K(2587392K), 0.0099485 secs] [Times: user=0.04 sys=0.00, real=0.01 secs] 
[2017-06-04 17:00:20,518] [GC (GCLocker Initiated GC) [ParNew: 272754K->30K(306688K), 0.0095040 secs] 304091K->31367K(2587392K), 0.0095684 secs] [Times: user=0.04 sys=0.00, real=0.01 secs] 
[2017-06-04 17:00:20,849] [GC (GCLocker Initiated GC) [ParNew: 273387K->33K(306688K), 0.0097563 secs] 304724K->31370K(2587392K), 0.0098148 secs] [Times: user=0.03 sys=0.00, real=0.01 secs] 
[2017-06-04 17:00:21,193] [GC (GCLocker Initiated GC) [ParNew: 272702K->27K(306688K), 0.0105295 secs] 304039K->31364K(2587392K), 0.0105820 secs] [Times: user=0.04 sys=0.00, real=0.01 secs] 
[2017-06-04 17:00:21,573] [GC (GCLocker Initiated GC) [ParNew: 272773K->33K(306688K), 0.0103197 secs] 304109K->31370K(2587392K), 0.0104837 secs] [Times: user=0.04 sys=0.00, real=0.01 secs] 
[2017-06-04 17:00:21,910] [GC (GCLocker Initiated GC) [ParNew: 272790K->30K(306688K), 0.0098181 secs] 304127K->31367K(2587392K), 0.0099166 secs] [Times: user=0.04 sys=0.00, real=0.01 secs] 
[2017-06-04 17:00:22,234] [GC (GCLocker Initiated GC) [ParNew: 272708K->29K(306688K), 0.0091492 secs] 304045K->31365K(2587392K), 0.0092181 secs] [Times: user=0.03 sys=0.00, real=0.01 secs] 
[2017-06-04 17:00:22,565] [GC (Allocation Failure) [ParNew: 272764K->28K(306688K), 0.0107779 secs] 304101K->31365K(2587392K), 0.0108575 secs] [Times: user=0.04 sys=0.00, real=0.01 secs] 
[2017-06-04 17:00:22,905] [GC (GCLocker Initiated GC) [ParNew: 272831K->28K(306688K), 0.0091445 secs] 304168K->31365K(2587392K), 0.0092105 secs] [Times: user=0.03 sys=0.00, real=0.01 secs] 
[2017-06-04 17:00:23,225] [GC (GCLocker Initiated GC) [ParNew: 272786K->27K(306688K), 0.0115011 secs] 304123K->31364K(2587392K), 0.0115596 secs] [Times: user=0.03 sys=0.00, real=0.01 secs] 
[2017-06-04 17:00:23,546] [GC (GCLocker Initiated GC) [ParNew: 272754K->25K(306688K), 0.0095908 secs] 304091K->31361K(2587392K), 0.0096499 secs] [Times: user=0.03 sys=0.00, real=0.01 secs] 
[2017-06-04 17:00:23,865] [GC (Allocation Failure) [ParNew: 272743K->29K(306688K), 0.0093940 secs] 304080K->31366K(2587392K), 0.0094492 secs] [Times: user=0.03 sys=0.00, real=0.01 secs] 
[2017-06-04 17:00:24,206] [GC (Allocation Failure) [ParNew: 272775K->25K(306688K), 0.0100675 secs] 304112K->31362K(2587392K), 0.0101325 secs] [Times: user=0.03 sys=0.00, real=0.01 secs] 
[2017-06-04 17:00:24,556] [GC (Allocation Failure) [ParNew: 272684K->29K(306688K), 0.0135968 secs] 304021K->31366K(2587392K), 0.0136543 secs] [Times: user=0.04 sys=0.00, real=0.01 secs] 
[2017-06-04 17:00:24,880] [GC (Allocation Failure) [ParNew: 272725K->27K(306688K), 0.0120459 secs] 304062K->31364K(2587392K), 0.0121276 secs] [Times: user=0.03 sys=0.00, real=0.01 secs] 
[2017-06-04 17:00:25,241] [GC (Allocation Failure) [ParNew: 272667K->28K(306688K), 0.0099608 secs] 304004K->31365K(2587392K), 0.0101078 secs] [Times: user=0.04 sys=0.01, real=0.01 secs] 
[2017-06-04 17:00:25,593] [GC (GCLocker Initiated GC) [ParNew: 272677K->24K(306688K), 0.0103702 secs] 304014K->31361K(2587392K), 0.0104338 secs] [Times: user=0.03 sys=0.00, real=0.01 secs] 
[2017-06-04 17:00:25,927] [GC (GCLocker Initiated GC) [ParNew: 272710K->29K(306688K), 0.0103229 secs] 304047K->31366K(2587392K), 0.0103861 secs] [Times: user=0.04 sys=0.00, real=0.01 secs] 
[2017-06-04 17:00:26,255] [GC (Allocation Failure) [ParNew: 272725K->32K(306688K), 0.0133589 secs] 304062K->31369K(2587392K), 0.0134669 secs] [Times: user=0.05 sys=0.00, real=0.01 secs] 
[2017-06-04 17:00:26,615] [GC (Allocation Failure) [ParNew: 273014K->25K(306688K), 0.0109327 secs] 304352K->31363K(2587392K), 0.0110151 secs] [Times: user=0.04 sys=0.00, real=0.01 secs] 
[2017-06-04 17:00:26,977] [GC (GCLocker Initiated GC) [ParNew: 272867K->30K(306688K), 0.0145148 secs] 304204K->31367K(2587392K), 0.0145722 secs] [Times: user=0.04 sys=0.00, real=0.01 secs] 
[2017-06-04 17:00:27,343] [GC (GCLocker Initiated GC) [ParNew: 273096K->27K(306688K), 0.0123947 secs] 304433K->31365K(2587392K), 0.0124659 secs] [Times: user=0.04 sys=0.00, real=0.01 secs] 
[2017-06-04 17:00:27,653] [GC (Allocation Failure) [ParNew: 272766K->29K(306688K), 0.0094368 secs] 304103K->31366K(2587392K), 0.0094957 secs] [Times: user=0.04 sys=0.00, real=0.01 secs] 
[2017-06-04 17:00:27,968] [GC (Allocation Failure) [ParNew: 272709K->35K(306688K), 0.0098720 secs] 304046K->31372K(2587392K), 0.0099391 secs] [Times: user=0.04 sys=0.00, real=0.01 secs] 
[2017-06-04 17:00:28,318] [GC (GCLocker Initiated GC) [ParNew: 273510K->27K(306688K), 0.0095560 secs] 304847K->31364K(2587392K), 0.0096106 secs] [Times: user=0.04 sys=0.00, real=0.01 secs] 
[2017-06-04 17:00:28,656] [GC (Allocation Failure) [ParNew: 272822K->27K(306688K), 0.0107434 secs] 304160K->31364K(2587392K), 0.0108042 secs] [Times: user=0.04 sys=0.00, real=0.01 secs] 
[2017-06-04 17:00:28,976] [GC (Allocation Failure) [ParNew: 272792K->28K(306688K), 0.0099502 secs] 304130K->31366K(2587392K), 0.0099989 secs] [Times: user=0.03 sys=0.00, real=0.01 secs] 
[2017-06-04 17:00:29,300] [GC (GCLocker Initiated GC) [ParNew: 272954K->29K(306688K), 0.0088823 secs] 304291K->31366K(2587392K), 0.0089530 secs] [Times: user=0.03 sys=0.00, real=0.01 secs] 
[2017-06-04 17:00:29,626] [GC (GCLocker Initiated GC) [ParNew: 272813K->22K(306688K), 0.0095143 secs] 304151K->31359K(2587392K), 0.0095827 secs] [Times: user=0.03 sys=0.00, real=0.01 secs] 
[2017-06-04 17:00:29,948] [GC (Allocation Failure) [ParNew: 272735K->29K(306688K), 0.0092844 secs] 304072K->31366K(2587392K), 0.0093674 secs] [Times: user=0.03 sys=0.00, real=0.01 secs] 
[2017-06-04 17:00:30,294] [GC (Allocation Failure) [ParNew: 272752K->28K(306688K), 0.0097790 secs] 304089K->31365K(2587392K), 0.0098620 secs] [Times: user=0.03 sys=0.00, real=0.01 secs] 
[2017-06-04 17:00:30,648] [GC (GCLocker Initiated GC) [ParNew: 272873K->24K(306688K), 0.0152437 secs] 304210K->31361K(2587392K), 0.0153040 secs] [Times: user=0.04 sys=0.00, real=0.01 secs] 
[2017-06-04 17:00:31,003] [GC (Allocation Failure) [ParNew: 272668K->28K(306688K), 0.0103798 secs] 304005K->31365K(2587392K), 0.0104339 secs] [Times: user=0.03 sys=0.00, real=0.01 secs] 
[2017-06-04 17:00:31,369] [GC (GCLocker Initiated GC) [ParNew: 272837K->28K(306688K), 0.0129277 secs] 304174K->31365K(2587392K), 0.0129865 secs] [Times: user=0.04 sys=0.00, real=0.02 secs] 
[2017-06-04 17:00:31,723] [GC (Allocation Failure) [ParNew: 272760K->24K(306688K), 0.0105818 secs] 304097K->31361K(2587392K), 0.0106345 secs] [Times: user=0.04 sys=0.00, real=0.01 secs] 
[2017-06-04 17:00:32,055] [GC (GCLocker Initiated GC) [ParNew: 272733K->25K(306688K), 0.0104482 secs] 304070K->31362K(2587392K), 0.0105032 secs] [Times: user=0.04 sys=0.00, real=0.01 secs] 
[2017-06-04 17:00:32,397] [GC (GCLocker Initiated GC) [ParNew: 272757K->29K(306688K), 0.0113996 secs] 304095K->31366K(2587392K), 0.0114592 secs] [Times: user=0.04 sys=0.01, real=0.01 secs] 
[2017-06-04 17:00:32,735] [GC (GCLocker Initiated GC) [ParNew: 273293K->30K(306688K), 0.0091797 secs] 304631K->31367K(2587392K), 0.0092317 secs] [Times: user=0.03 sys=0.00, real=0.01 secs] 
[2017-06-04 17:00:33,081] [GC (Allocation Failure) [ParNew: 272833K->38K(306688K), 0.0095480 secs] 304171K->31375K(2587392K), 0.0096120 secs] [Times: user=0.04 sys=0.00, real=0.01 secs] 
[2017-06-04 17:00:33,440] [GC (Allocation Failure) [ParNew: 272832K->22K(306688K), 0.0107448 secs] 304170K->31360K(2587392K), 0.0108253 secs] [Times: user=0.04 sys=0.00, real=0.01 secs] 
[2017-06-04 17:00:33,794] [GC (Allocation Failure) [ParNew: 272662K->34K(306688K), 0.0118339 secs] 304000K->31371K(2587392K), 0.0119711 secs] [Times: user=0.03 sys=0.00, real=0.01 secs] 
[2017-06-04 17:00:34,154] [GC (GCLocker Initiated GC) [ParNew: 272782K->23K(306688K), 0.0106308 secs] 304120K->31360K(2587392K), 0.0106950 secs] [Times: user=0.04 sys=0.00, real=0.01 secs] 
[2017-06-04 17:00:34,515] [GC (Allocation Failure) [ParNew: 272673K->25K(306688K), 0.0107876 secs] 304010K->31363K(2587392K), 0.0108470 secs] [Times: user=0.03 sys=0.01, real=0.01 secs] 
[2017-06-04 17:00:34,845] [GC (GCLocker Initiated GC) [ParNew: 272748K->32K(306688K), 0.0105968 secs] 304085K->31369K(2587392K), 0.0106631 secs] [Times: user=0.04 sys=0.00, real=0.01 secs] 
[2017-06-04 17:00:35,205] [GC (GCLocker Initiated GC) [ParNew: 272689K->25K(306688K), 0.0150673 secs] 304026K->31363K(2587392K), 0.0151342 secs] [Times: user=0.05 sys=0.00, real=0.01 secs] 
[2017-06-04 17:00:35,557] [GC (Allocation Failure) [ParNew: 272666K->29K(306688K), 0.0100656 secs] 304004K->31367K(2587392K), 0.0101255 secs] [Times: user=0.04 sys=0.00, real=0.01 secs] 
[2017-06-04 17:00:35,907] [GC (GCLocker Initiated GC) [ParNew: 272687K->28K(306688K), 0.0101095 secs] 304025K->31366K(2587392K), 0.0103137 secs] [Times: user=0.03 sys=0.00, real=0.01 secs] 
[2017-06-04 17:00:36,251] [GC (Allocation Failure) [ParNew: 272685K->28K(306688K), 0.0103266 secs] 304023K->31366K(2587392K), 0.0104570 secs] [Times: user=0.04 sys=0.00, real=0.01 secs] 
[2017-06-04 17:00:36,591] [GC (Allocation Failure) [ParNew: 272790K->28K(306688K), 0.0203304 secs] 304127K->31365K(2587392K), 0.0203856 secs] [Times: user=0.06 sys=0.00, real=0.02 secs] 
[2017-06-04 17:00:36,939] [GC (Allocation Failure) [ParNew: 272764K->28K(306688K), 0.0106160 secs] 304102K->31365K(2587392K), 0.0107270 secs] [Times: user=0.04 sys=0.00, real=0.01 secs] 
[2017-06-04 17:00:37,286] [GC (GCLocker Initiated GC) [ParNew: 272676K->32K(306688K), 0.0116802 secs] 304014K->31370K(2587392K), 0.0117500 secs] [Times: user=0.05 sys=0.00, real=0.01 secs] 
[2017-06-04 17:00:37,659] [GC (GCLocker Initiated GC) [ParNew: 272799K->30K(306688K), 0.0096275 secs] 304137K->31367K(2587392K), 0.0096830 secs] [Times: user=0.04 sys=0.00, real=0.00 secs] 
[2017-06-04 17:00:37,991] [GC (GCLocker Initiated GC) [ParNew: 272670K->24K(306688K), 0.0130180 secs] 304008K->31362K(2587392K), 0.0130881 secs] [Times: user=0.04 sys=0.00, real=0.02 secs] 
[2017-06-04 17:00:38,322] [GC (Allocation Failure) [ParNew: 273053K->32K(306688K), 0.0095005 secs] 304391K->31370K(2587392K), 0.0095797 secs] [Times: user=0.03 sys=0.00, real=0.01 secs] 
[2017-06-04 17:00:38,663] [GC (GCLocker Initiated GC) [ParNew: 272778K->23K(306688K), 0.0104882 secs] 304116K->31360K(2587392K), 0.0105504 secs] [Times: user=0.03 sys=0.00, real=0.01 secs] 
[2017-06-04 17:00:39,008] [GC (GCLocker Initiated GC) [ParNew: 272848K->26K(306688K), 0.0124748 secs] 304186K->31363K(2587392K), 0.0125298 secs] [Times: user=0.04 sys=0.00, real=0.01 secs] 
[2017-06-04 17:00:39,364] [GC (Allocation Failure) [ParNew: 272666K->32K(306688K), 0.0100312 secs] 304003K->31370K(2587392K), 0.0100912 secs] [Times: user=0.04 sys=0.00, real=0.01 secs] 
[2017-06-04 17:00:39,723] [GC (Allocation Failure) [ParNew: 272673K->24K(306688K), 0.0097002 secs] 304010K->31361K(2587392K), 0.0100681 secs] [Times: user=0.04 sys=0.00, real=0.01 secs] 
[2017-06-04 17:00:40,055] [GC (GCLocker Initiated GC) [ParNew: 272771K->30K(306688K), 0.0099577 secs] 304109K->31368K(2587392K), 0.0100248 secs] [Times: user=0.04 sys=0.00, real=0.01 secs] 
[2017-06-04 17:00:40,381] [GC (Allocation Failure) [ParNew: 272767K->22K(306688K), 0.0094953 secs] 304105K->31360K(2587392K), 0.0095583 secs] [Times: user=0.04 sys=0.00, real=0.01 secs] 
[2017-06-04 17:00:40,715] [GC (GCLocker Initiated GC) [ParNew: 272766K->29K(306688K), 0.0104592 secs] 304104K->31367K(2587392K), 0.0105188 secs] [Times: user=0.04 sys=0.00, real=0.01 secs] 
[2017-06-04 17:00:41,056] [GC (Allocation Failure) [ParNew: 272766K->27K(306688K), 0.0106025 secs] 304104K->31365K(2587392K), 0.0106619 secs] [Times: user=0.04 sys=0.00, real=0.01 secs] 
[2017-06-04 17:00:41,390] [GC (GCLocker Initiated GC) [ParNew: 272771K->31K(306688K), 0.0119880 secs] 304109K->31369K(2587392K), 0.0120430 secs] [Times: user=0.05 sys=0.00, real=0.02 secs] 
[2017-06-04 17:00:41,738] [GC (Allocation Failure) [ParNew: 272671K->34K(306688K), 0.0102410 secs] 304009K->31371K(2587392K), 0.0103075 secs] [Times: user=0.04 sys=0.00, real=0.01 secs] 
[2017-06-04 17:00:42,085] [GC (GCLocker Initiated GC) [ParNew: 272726K->25K(306688K), 0.0105009 secs] 304064K->31363K(2587392K), 0.0105629 secs] [Times: user=0.04 sys=0.00, real=0.01 secs] 
[2017-06-04 17:00:42,427] [GC (GCLocker Initiated GC) [ParNew: 272679K->28K(306688K), 0.0110521 secs] 304017K->31366K(2587392K), 0.0111209 secs] [Times: user=0.04 sys=0.00, real=0.01 secs] 
[2017-06-04 17:00:42,788] [GC (Allocation Failure) [ParNew: 272728K->23K(306688K), 0.0093675 secs] 304065K->31361K(2587392K), 0.0094206 secs] [Times: user=0.03 sys=0.00, real=0.01 secs] 
[2017-06-04 17:00:43,122] [GC (GCLocker Initiated GC) [ParNew: 272750K->32K(306688K), 0.0105237 secs] 304087K->31370K(2587392K), 0.0105861 secs] [Times: user=0.04 sys=0.00, real=0.01 secs] 
[2017-06-04 17:00:43,485] [GC (Allocation Failure) [ParNew: 272707K->26K(306688K), 0.0099096 secs] 304045K->31364K(2587392K), 0.0099731 secs] [Times: user=0.03 sys=0.01, real=0.01 secs] 
[2017-06-04 17:00:43,841] [GC (Allocation Failure) [ParNew: 272864K->25K(306688K), 0.0126961 secs] 304202K->31363K(2587392K), 0.0127635 secs] [Times: user=0.04 sys=0.00, real=0.02 secs] 
[2017-06-04 17:00:44,185] [GC (GCLocker Initiated GC) [ParNew: 272691K->23K(306688K), 0.0115898 secs] 304029K->31361K(2587392K), 0.0116625 secs] [Times: user=0.04 sys=0.00, real=0.01 secs] 
[2017-06-04 17:00:44,531] [GC (GCLocker Initiated GC) [ParNew: 272762K->28K(306688K), 0.0105740 secs] 304100K->31366K(2587392K), 0.0106447 secs] [Times: user=0.04 sys=0.00, real=0.01 secs] 
[2017-06-04 17:00:44,846] [GC (GCLocker Initiated GC) [ParNew: 272775K->28K(306688K), 0.0097134 secs] 304113K->31366K(2587392K), 0.0097933 secs] [Times: user=0.04 sys=0.01, real=0.01 secs] 
[2017-06-04 17:00:45,155] [GC (GCLocker Initiated GC) [ParNew: 272835K->32K(306688K), 0.0091890 secs] 304173K->31369K(2587392K), 0.0092529 secs] [Times: user=0.04 sys=0.00, real=0.01 secs] 
[2017-06-04 17:00:45,478] [GC (GCLocker Initiated GC) [ParNew: 272818K->23K(306688K), 0.0104384 secs] 304156K->31361K(2587392K), 0.0104909 secs] [Times: user=0.04 sys=0.00, real=0.01 secs] 
[2017-06-04 17:00:45,814] [GC (Allocation Failure) [ParNew: 272890K->26K(306688K), 0.0100647 secs] 304228K->31364K(2587392K), 0.0101220 secs] [Times: user=0.04 sys=0.00, real=0.01 secs] 
[2017-06-04 17:00:46,146] [GC (GCLocker Initiated GC) [ParNew: 272785K->32K(306688K), 0.0098682 secs] 304123K->31370K(2587392K), 0.0099212 secs] [Times: user=0.03 sys=0.00, real=0.01 secs] 
[2017-06-04 17:00:46,491] [GC (GCLocker Initiated GC) [ParNew: 272756K->24K(306688K), 0.0122316 secs] 304094K->31362K(2587392K), 0.0122859 secs] [Times: user=0.05 sys=0.00, real=0.02 secs] 
[2017-06-04 17:00:46,845] [GC (Allocation Failure) [ParNew: 272664K->32K(306688K), 0.0154074 secs] 304002K->31370K(2587392K), 0.0154912 secs] [Times: user=0.04 sys=0.01, real=0.02 secs] 
[2017-06-04 17:00:47,199] [GC (GCLocker Initiated GC) [ParNew: 272843K->29K(306688K), 0.0118621 secs] 304181K->31366K(2587392K), 0.0119358 secs] [Times: user=0.04 sys=0.00, real=0.01 secs] 
[2017-06-04 17:00:47,555] [GC (Allocation Failure) [ParNew: 272719K->28K(306688K), 0.0096940 secs] 304057K->31366K(2587392K), 0.0097558 secs] [Times: user=0.03 sys=0.00, real=0.01 secs] 
[2017-06-04 17:00:47,919] [GC (GCLocker Initiated GC) [ParNew: 273266K->35K(306688K), 0.0106016 secs] 304604K->31372K(2587392K), 0.0106625 secs] [Times: user=0.04 sys=0.00, real=0.01 secs] 
[2017-06-04 17:00:48,257] [GC (Allocation Failure) [ParNew: 272675K->28K(306688K), 0.0101662 secs] 304012K->31366K(2587392K), 0.0102245 secs] [Times: user=0.04 sys=0.00, real=0.01 secs] 
[2017-06-04 17:00:48,622] [GC (Allocation Failure) [ParNew: 272738K->29K(306688K), 0.0106700 secs] 304076K->31367K(2587392K), 0.0107306 secs] [Times: user=0.04 sys=0.00, real=0.01 secs] 
[2017-06-04 17:00:48,954] [GC (GCLocker Initiated GC) [ParNew: 272670K->28K(306688K), 0.0102294 secs] 304008K->31366K(2587392K), 0.0102915 secs] [Times: user=0.04 sys=0.00, real=0.01 secs] 
[2017-06-04 17:00:49,286] [GC (GCLocker Initiated GC) [ParNew: 272709K->32K(306688K), 0.0100630 secs] 304047K->31370K(2587392K), 0.0101198 secs] [Times: user=0.04 sys=0.00, real=0.01 secs] 
[2017-06-04 17:00:49,629] [GC (Allocation Failure) [ParNew: 272914K->24K(306688K), 0.0090429 secs] 304252K->31362K(2587392K), 0.0090974 secs] [Times: user=0.03 sys=0.00, real=0.01 secs] 
[2017-06-04 17:00:49,956] [GC (GCLocker Initiated GC) [ParNew: 272762K->40K(306688K), 0.0094508 secs] 304100K->31378K(2587392K), 0.0095027 secs] [Times: user=0.03 sys=0.00, real=0.01 secs] 
[2017-06-04 17:00:50,287] [GC (GCLocker Initiated GC) [ParNew: 272690K->30K(306688K), 0.0092365 secs] 304028K->31368K(2587392K), 0.0092984 secs] [Times: user=0.03 sys=0.00, real=0.01 secs] 
[2017-06-04 17:00:50,608] [GC (Allocation Failure) [ParNew: 272771K->30K(306688K), 0.0098752 secs] 304108K->31368K(2587392K), 0.0099393 secs] [Times: user=0.03 sys=0.00, real=0.01 secs] 
[2017-06-04 17:00:50,939] [GC (Allocation Failure) [ParNew: 272778K->33K(306688K), 0.0096915 secs] 304116K->31371K(2587392K), 0.0098259 secs] [Times: user=0.04 sys=0.00, real=0.01 secs] 
[2017-06-04 17:00:51,251] [GC (Allocation Failure) [ParNew: 272878K->31K(306688K), 0.0097783 secs] 304215K->31369K(2587392K), 0.0098338 secs] [Times: user=0.04 sys=0.00, real=0.01 secs] 
[2017-06-04 17:00:51,595] [GC (GCLocker Initiated GC) [ParNew: 272823K->24K(306688K), 0.0108081 secs] 304161K->31362K(2587392K), 0.0109283 secs] [Times: user=0.03 sys=0.00, real=0.01 secs] 
[2017-06-04 17:00:51,941] [GC (Allocation Failure) [ParNew: 272992K->28K(306688K), 0.0103503 secs] 304330K->31366K(2587392K), 0.0104097 secs] [Times: user=0.04 sys=0.00, real=0.01 secs] 
[2017-06-04 17:00:52,278] [GC (GCLocker Initiated GC) [ParNew: 272889K->31K(306688K), 0.0100148 secs] 304227K->31369K(2587392K), 0.0100944 secs] [Times: user=0.04 sys=0.00, real=0.01 secs] 
[2017-06-04 17:00:52,615] [GC (GCLocker Initiated GC) [ParNew: 272711K->28K(306688K), 0.0099555 secs] 304049K->31366K(2587392K), 0.0100130 secs] [Times: user=0.04 sys=0.00, real=0.01 secs] 
[2017-06-04 17:00:52,941] [GC (Allocation Failure) [ParNew: 272673K->29K(306688K), 0.0107436 secs] 304011K->31367K(2587392K), 0.0108043 secs] [Times: user=0.04 sys=0.00, real=0.01 secs] 
[2017-06-04 17:00:53,278] [GC (GCLocker Initiated GC) [ParNew: 272678K->34K(306688K), 0.0107973 secs] 304016K->31372K(2587392K), 0.0108689 secs] [Times: user=0.04 sys=0.00, real=0.01 secs] 
[2017-06-04 17:00:53,625] [GC (GCLocker Initiated GC) [ParNew: 272739K->27K(306688K), 0.0103122 secs] 304077K->31365K(2587392K), 0.0103663 secs] [Times: user=0.04 sys=0.01, real=0.01 secs] 
[2017-06-04 17:00:53,965] [GC (Allocation Failure) [ParNew: 273001K->33K(306688K), 0.0122117 secs] 304339K->31371K(2587392K), 0.0122708 secs] [Times: user=0.03 sys=0.00, real=0.01 secs] 
[2017-06-04 17:00:54,302] [GC (Allocation Failure) [ParNew: 272673K->35K(306688K), 0.0102535 secs] 304011K->31373K(2587392K), 0.0103111 secs] [Times: user=0.04 sys=0.00, real=0.01 secs] 
[2017-06-04 17:00:54,652] [GC (Allocation Failure) [ParNew: 272721K->26K(306688K), 0.0100173 secs] 304059K->31365K(2587392K), 0.0100746 secs] [Times: user=0.04 sys=0.00, real=0.01 secs] 
[2017-06-04 17:00:55,012] [GC (GCLocker Initiated GC) [ParNew: 272819K->29K(306688K), 0.0109678 secs] 304157K->31368K(2587392K), 0.0110316 secs] [Times: user=0.04 sys=0.00, real=0.02 secs] 
[2017-06-04 17:00:55,343] [GC (GCLocker Initiated GC) [ParNew: 272735K->27K(306688K), 0.0109148 secs] 304073K->31366K(2587392K), 0.0109681 secs] [Times: user=0.04 sys=0.00, real=0.01 secs] 
[2017-06-04 17:00:55,694] [GC (Allocation Failure) [ParNew: 272704K->32K(306688K), 0.0111753 secs] 304042K->31371K(2587392K), 0.0112276 secs] [Times: user=0.04 sys=0.00, real=0.01 secs] 
[2017-06-04 17:00:56,031] [GC (Allocation Failure) [ParNew: 272716K->29K(306688K), 0.0128067 secs] 304055K->31367K(2587392K), 0.0128730 secs] [Times: user=0.05 sys=0.00, real=0.01 secs] 
[2017-06-04 17:00:56,364] [GC (Allocation Failure) [ParNew: 272754K->27K(306688K), 0.0113280 secs] 304092K->31365K(2587392K), 0.0113893 secs] [Times: user=0.04 sys=0.00, real=0.01 secs] 
[2017-06-04 17:00:56,713] [GC (Allocation Failure) [ParNew: 272667K->23K(306688K), 0.0094334 secs] 304005K->31361K(2587392K), 0.0094871 secs] [Times: user=0.04 sys=0.00, real=0.01 secs] 
[2017-06-04 17:00:57,048] [GC (Allocation Failure) [ParNew: 273086K->28K(306688K), 0.0128531 secs] 304425K->31366K(2587392K), 0.0129398 secs] [Times: user=0.04 sys=0.00, real=0.01 secs] 
[2017-06-04 17:00:57,538] [GC (GCLocker Initiated GC) [ParNew: 272922K->32K(306688K), 0.0097573 secs] 304261K->31370K(2587392K), 0.0098382 secs] [Times: user=0.03 sys=0.00, real=0.01 secs] 
[2017-06-04 17:00:57,864] [GC (GCLocker Initiated GC) [ParNew: 272727K->26K(306688K), 0.0100856 secs] 304065K->31364K(2587392K), 0.0101579 secs] [Times: user=0.04 sys=0.00, real=0.01 secs] 
[2017-06-04 17:00:58,523] [GC (GCLocker Initiated GC) [ParNew: 272680K->29K(306688K), 0.0088202 secs] 304018K->31367K(2587392K), 0.0088889 secs] [Times: user=0.03 sys=0.00, real=0.00 secs] 
[2017-06-04 17:00:58,855] [GC (Allocation Failure) [ParNew: 272696K->29K(306688K), 0.0094344 secs] 304034K->31367K(2587392K), 0.0094923 secs] [Times: user=0.04 sys=0.01, real=0.01 secs] 
[2017-06-04 17:00:59,207] [GC (Allocation Failure) [ParNew: 272791K->29K(306688K), 0.0101258 secs] 304129K->31367K(2587392K), 0.0101836 secs] [Times: user=0.04 sys=0.00, real=0.01 secs] 
[2017-06-04 17:00:59,526] [GC (Allocation Failure) [ParNew: 272703K->28K(306688K), 0.0108649 secs] 304041K->31367K(2587392K), 0.0109356 secs] [Times: user=0.04 sys=0.00, real=0.01 secs] 
[2017-06-04 17:00:59,854] [GC (GCLocker Initiated GC) [ParNew: 272762K->28K(306688K), 0.0095856 secs] 304100K->31367K(2587392K), 0.0096478 secs] [Times: user=0.04 sys=0.00, real=0.01 secs] 
[2017-06-04 17:01:00,183] [GC (Allocation Failure) [ParNew: 272706K->27K(306688K), 0.0135488 secs] 304044K->31365K(2587392K), 0.0136038 secs] [Times: user=0.04 sys=0.00, real=0.02 secs] 
[2017-06-04 17:01:00,507] [GC (GCLocker Initiated GC) [ParNew: 272667K->29K(306688K), 0.0131921 secs] 304005K->31368K(2587392K), 0.0132686 secs] [Times: user=0.04 sys=0.00, real=0.01 secs] 
[2017-06-04 17:01:00,847] [GC (Allocation Failure) [ParNew: 272721K->24K(306688K), 0.0090896 secs] 304060K->31363K(2587392K), 0.0091557 secs] [Times: user=0.03 sys=0.00, real=0.01 secs] 
[2017-06-04 17:01:01,192] [GC (Allocation Failure) [ParNew: 272932K->23K(306688K), 0.0107018 secs] 304271K->31362K(2587392K), 0.0107705 secs] [Times: user=0.04 sys=0.00, real=0.01 secs] 
[2017-06-04 17:01:01,635] [GC (GCLocker Initiated GC) [ParNew: 272854K->23K(306688K), 0.0130605 secs] 304192K->31362K(2587392K), 0.0131516 secs] [Times: user=0.03 sys=0.00, real=0.02 secs] 
[2017-06-04 17:01:02,015] [GC (GCLocker Initiated GC) [ParNew: 272741K->27K(306688K), 0.0135147 secs] 304079K->31365K(2587392K), 0.0135806 secs] [Times: user=0.04 sys=0.00, real=0.02 secs] 
[2017-06-04 17:01:02,375] [GC (GCLocker Initiated GC) [ParNew: 272757K->28K(306688K), 0.0100112 secs] 304095K->31366K(2587392K), 0.0100740 secs] [Times: user=0.04 sys=0.00, real=0.01 secs] 
[2017-06-04 17:01:02,718] [GC (GCLocker Initiated GC) [ParNew: 272693K->33K(306688K), 0.0090831 secs] 304031K->31372K(2587392K), 0.0091418 secs] [Times: user=0.03 sys=0.00, real=0.01 secs] 
[2017-06-04 17:01:03,028] [GC (GCLocker Initiated GC) [ParNew: 272716K->26K(306688K), 0.0106543 secs] 304054K->31365K(2587392K), 0.0107120 secs] [Times: user=0.03 sys=0.00, real=0.01 secs] 
[2017-06-04 17:01:03,363] [GC (GCLocker Initiated GC) [ParNew: 272776K->29K(306688K), 0.0104661 secs] 304114K->31368K(2587392K), 0.0105274 secs] [Times: user=0.04 sys=0.00, real=0.01 secs] 
[2017-06-04 17:01:03,692] [GC (Allocation Failure) [ParNew: 272669K->28K(306688K), 0.0113324 secs] 304008K->31367K(2587392K), 0.0113840 secs] [Times: user=0.04 sys=0.00, real=0.01 secs] 
[2017-06-04 17:01:04,006] [GC (GCLocker Initiated GC) [ParNew: 272729K->33K(306688K), 0.0092682 secs] 304067K->31371K(2587392K), 0.0093491 secs] [Times: user=0.04 sys=0.00, real=0.01 secs] 
[2017-06-04 17:01:04,351] [GC (Allocation Failure) [ParNew: 272874K->23K(306688K), 0.0100578 secs] 304212K->31361K(2587392K), 0.0101105 secs] [Times: user=0.04 sys=0.00, real=0.01 secs] 
[2017-06-04 17:01:04,698] [GC (GCLocker Initiated GC) [ParNew: 272912K->26K(306688K), 0.0085211 secs] 304250K->31365K(2587392K), 0.0085755 secs] [Times: user=0.03 sys=0.00, real=0.01 secs] 
[2017-06-04 17:01:05,025] [GC (GCLocker Initiated GC) [ParNew: 272666K->27K(306688K), 0.0087058 secs] 304005K->31365K(2587392K), 0.0087685 secs] [Times: user=0.04 sys=0.00, real=0.01 secs] 
[2017-06-04 17:01:05,345] [GC (GCLocker Initiated GC) [ParNew: 272696K->33K(306688K), 0.0084889 secs] 304034K->31372K(2587392K), 0.0085429 secs] [Times: user=0.03 sys=0.00, real=0.01 secs] 
[2017-06-04 17:01:05,656] [GC (GCLocker Initiated GC) [ParNew: 272738K->38K(306688K), 0.0086835 secs] 304076K->31377K(2587392K), 0.0087483 secs] [Times: user=0.03 sys=0.00, real=0.01 secs] 
[2017-06-04 17:01:05,974] [GC (GCLocker Initiated GC) [ParNew: 272704K->25K(306688K), 0.0090120 secs] 304042K->31363K(2587392K), 0.0090986 secs] [Times: user=0.04 sys=0.00, real=0.01 secs] 
[2017-06-04 17:01:06,306] [GC (GCLocker Initiated GC) [ParNew: 272754K->34K(306688K), 0.0114930 secs] 304093K->31372K(2587392K), 0.0115640 secs] [Times: user=0.04 sys=0.00, real=0.01 secs] 
[2017-06-04 17:01:06,789] [GC (Allocation Failure) [ParNew: 272727K->24K(306688K), 0.0155430 secs] 304066K->31363K(2587392K), 0.0156091 secs] [Times: user=0.05 sys=0.00, real=0.02 secs] 
[2017-06-04 17:01:07,299] [GC (GCLocker Initiated GC) [ParNew: 272790K->33K(306688K), 0.0155201 secs] 304129K->31371K(2587392K), 0.0156006 secs] [Times: user=0.04 sys=0.00, real=0.01 secs] 
[2017-06-04 17:01:07,661] [GC (Allocation Failure) [ParNew: 272714K->32K(306688K), 0.0104233 secs] 304053K->31371K(2587392K), 0.0104794 secs] [Times: user=0.03 sys=0.00, real=0.01 secs] 
[2017-06-04 17:01:07,989] [GC (Allocation Failure) [ParNew: 272762K->24K(306688K), 0.0093899 secs] 304101K->31362K(2587392K), 0.0094615 secs] [Times: user=0.04 sys=0.00, real=0.01 secs] 
[2017-06-04 17:01:08,322] [GC (GCLocker Initiated GC) [ParNew: 272702K->30K(306688K), 0.0107796 secs] 304040K->31368K(2587392K), 0.0108485 secs] [Times: user=0.04 sys=0.00, real=0.01 secs] 
[2017-06-04 17:01:08,677] [GC (Allocation Failure) [ParNew: 272753K->28K(306688K), 0.0108307 secs] 304091K->31367K(2587392K), 0.0108964 secs] [Times: user=0.04 sys=0.00, real=0.01 secs] 
[2017-06-04 17:01:08,997] [GC (Allocation Failure) [ParNew: 272710K->28K(306688K), 0.0093932 secs] 304048K->31366K(2587392K), 0.0094597 secs] [Times: user=0.04 sys=0.00, real=0.01 secs] 
[2017-06-04 17:01:09,314] [GC (GCLocker Initiated GC) [ParNew: 272745K->34K(306688K), 0.0100834 secs] 304084K->31372K(2587392K), 0.0101409 secs] [Times: user=0.04 sys=0.00, real=0.01 secs] 
[2017-06-04 17:01:09,661] [GC (GCLocker Initiated GC) [ParNew: 272753K->23K(306688K), 0.0172534 secs] 304091K->31362K(2587392K), 0.0173195 secs] [Times: user=0.04 sys=0.00, real=0.02 secs] 
[2017-06-04 17:01:09,998] [GC (GCLocker Initiated GC) [ParNew: 272663K->30K(306688K), 0.0120538 secs] 304002K->31368K(2587392K), 0.0121075 secs] [Times: user=0.04 sys=0.00, real=0.01 secs] 
[2017-06-04 17:01:10,349] [GC (Allocation Failure) [ParNew: 272696K->34K(306688K), 0.0099396 secs] 304035K->31372K(2587392K), 0.0100064 secs] [Times: user=0.03 sys=0.01, real=0.01 secs] 
[2017-06-04 17:01:10,706] [GC (Allocation Failure) [ParNew: 272705K->28K(306688K), 0.0092605 secs] 304043K->31366K(2587392K), 0.0093251 secs] [Times: user=0.04 sys=0.00, real=0.01 secs] 
[2017-06-04 17:01:11,038] [GC (GCLocker Initiated GC) [ParNew: 272691K->29K(306688K), 0.0097925 secs] 304029K->31368K(2587392K), 0.0098544 secs] [Times: user=0.03 sys=0.00, real=0.01 secs] 
[2017-06-04 17:01:11,383] [GC (Allocation Failure) [ParNew: 272671K->33K(306688K), 0.0098493 secs] 304010K->31371K(2587392K), 0.0099756 secs] [Times: user=0.04 sys=0.00, real=0.01 secs] 
[2017-06-04 17:01:11,730] [GC (Allocation Failure) [ParNew: 272773K->29K(306688K), 0.0128181 secs] 304112K->31367K(2587392K), 0.0128698 secs] [Times: user=0.03 sys=0.00, real=0.01 secs] 
[2017-06-04 17:01:12,076] [GC (GCLocker Initiated GC) [ParNew: 273230K->28K(306688K), 0.0100992 secs] 304569K->31366K(2587392K), 0.0101669 secs] [Times: user=0.04 sys=0.00, real=0.01 secs] 
[2017-06-04 17:01:12,414] [GC (GCLocker Initiated GC) [ParNew: 272668K->27K(306688K), 0.0094987 secs] 304007K->31366K(2587392K), 0.0095578 secs] [Times: user=0.03 sys=0.00, real=0.01 secs] 
[2017-06-04 17:01:12,763] [GC (GCLocker Initiated GC) [ParNew: 272854K->29K(306688K), 0.0130656 secs] 304193K->31368K(2587392K), 0.0131229 secs] [Times: user=0.04 sys=0.01, real=0.01 secs] 
[2017-06-04 17:01:13,093] [GC (GCLocker Initiated GC) [ParNew: 272830K->28K(306688K), 0.0132595 secs] 304169K->31367K(2587392K), 0.0133285 secs] [Times: user=0.04 sys=0.00, real=0.01 secs] 
[2017-06-04 17:01:13,415] [GC (Allocation Failure) [ParNew: 272734K->24K(306688K), 0.0089284 secs] 304072K->31362K(2587392K), 0.0089969 secs] [Times: user=0.03 sys=0.00, real=0.01 secs] 
[2017-06-04 17:01:13,755] [GC (GCLocker Initiated GC) [ParNew: 272664K->32K(306688K), 0.0094860 secs] 304002K->31370K(2587392K), 0.0096665 secs] [Times: user=0.04 sys=0.00, real=0.01 secs] 
[2017-06-04 17:01:14,093] [GC (Allocation Failure) [ParNew: 272672K->29K(306688K), 0.0095457 secs] 304010K->31368K(2587392K), 0.0096319 secs] [Times: user=0.04 sys=0.00, real=0.01 secs] 
[2017-06-04 17:01:14,445] [GC (GCLocker Initiated GC) [ParNew: 272918K->26K(306688K), 0.0130030 secs] 304257K->31364K(2587392K), 0.0130887 secs] [Times: user=0.03 sys=0.00, real=0.02 secs] 
[2017-06-04 17:01:14,795] [GC (GCLocker Initiated GC) [ParNew: 272825K->24K(306688K), 0.0118767 secs] 304163K->31362K(2587392K), 0.0119639 secs] [Times: user=0.04 sys=0.00, real=0.01 secs] 
[2017-06-04 17:01:15,126] [GC (GCLocker Initiated GC) [ParNew: 272690K->31K(306688K), 0.0099866 secs] 304029K->31370K(2587392K), 0.0101369 secs] [Times: user=0.04 sys=0.00, real=0.01 secs] 
[2017-06-04 17:01:15,446] [GC (Allocation Failure) [ParNew: 272709K->29K(306688K), 0.0088648 secs] 304048K->31367K(2587392K), 0.0089151 secs] [Times: user=0.03 sys=0.00, real=0.01 secs] 
[2017-06-04 17:01:15,771] [GC (GCLocker Initiated GC) [ParNew: 272718K->34K(306688K), 0.0107465 secs] 304056K->31372K(2587392K), 0.0108063 secs] [Times: user=0.04 sys=0.00, real=0.01 secs] 
[2017-06-04 17:01:16,116] [GC (GCLocker Initiated GC) [ParNew: 272711K->23K(306688K), 0.0106856 secs] 304050K->31362K(2587392K), 0.0107469 secs] [Times: user=0.04 sys=0.00, real=0.02 secs] 
[2017-06-04 17:01:16,451] [GC (GCLocker Initiated GC) [ParNew: 272696K->33K(306688K), 0.0098972 secs] 304034K->31371K(2587392K), 0.0099496 secs] [Times: user=0.03 sys=0.00, real=0.01 secs] 
[2017-06-04 17:01:16,818] [GC (GCLocker Initiated GC) [ParNew: 272689K->25K(306688K), 0.0101644 secs] 304027K->31364K(2587392K), 0.0102590 secs] [Times: user=0.03 sys=0.00, real=0.01 secs] 
[2017-06-04 17:01:17,147] [GC (GCLocker Initiated GC) [ParNew: 272795K->29K(306688K), 0.0094019 secs] 304134K->31367K(2587392K), 0.0094597 secs] [Times: user=0.03 sys=0.00, real=0.01 secs] 
[2017-06-04 17:01:17,482] [GC (Allocation Failure) [ParNew: 272880K->32K(306688K), 0.0106808 secs] 304218K->31371K(2587392K), 0.0108092 secs] [Times: user=0.04 sys=0.00, real=0.01 secs] 
[2017-06-04 17:01:17,822] [GC (GCLocker Initiated GC) [ParNew: 272672K->26K(306688K), 0.0112526 secs] 304011K->31365K(2587392K), 0.0113325 secs] [Times: user=0.05 sys=0.00, real=0.01 secs] 
[2017-06-04 17:01:18,161] [GC (Allocation Failure) [ParNew: 272666K->26K(306688K), 0.0100501 secs] 304005K->31365K(2587392K), 0.0101252 secs] [Times: user=0.03 sys=0.00, real=0.01 secs] 
[2017-06-04 17:01:18,505] [GC (GCLocker Initiated GC) [ParNew: 272771K->28K(306688K), 0.0109423 secs] 304109K->31367K(2587392K), 0.0110056 secs] [Times: user=0.04 sys=0.00, real=0.01 secs] 
[2017-06-04 17:01:18,862] [GC (Allocation Failure) [ParNew: 272669K->33K(306688K), 0.0102336 secs] 304007K->31371K(2587392K), 0.0102845 secs] [Times: user=0.03 sys=0.00, real=0.01 secs] 
[2017-06-04 17:01:19,190] [GC (GCLocker Initiated GC) [ParNew: 272867K->24K(306688K), 0.0090593 secs] 304206K->31363K(2587392K), 0.0091185 secs] [Times: user=0.03 sys=0.00, real=0.01 secs] 
[2017-06-04 17:01:19,508] [GC (GCLocker Initiated GC) [ParNew: 272742K->26K(306688K), 0.0097098 secs] 304081K->31364K(2587392K), 0.0097707 secs] [Times: user=0.04 sys=0.00, real=0.01 secs] 
[2017-06-04 17:01:19,854] [GC (GCLocker Initiated GC) [ParNew: 272891K->36K(306688K), 0.0099355 secs] 304230K->31375K(2587392K), 0.0099981 secs] [Times: user=0.03 sys=0.00, real=0.01 secs] 
[2017-06-04 17:01:20,201] [GC (Allocation Failure) [ParNew: 272728K->28K(306688K), 0.0218512 secs] 304067K->31366K(2587392K), 0.0219127 secs] [Times: user=0.06 sys=0.00, real=0.02 secs] 
[2017-06-04 17:01:20,508] [GC (Allocation Failure) [ParNew: 272676K->30K(306688K), 0.0111871 secs] 304014K->31368K(2587392K), 0.0112475 secs] [Times: user=0.04 sys=0.00, real=0.01 secs] 
[2017-06-04 17:01:20,838] [GC (Allocation Failure) [ParNew: 272882K->26K(306688K), 0.0127200 secs] 304221K->31365K(2587392K), 0.0127689 secs] [Times: user=0.04 sys=0.00, real=0.02 secs] 
[2017-06-04 17:01:21,161] [GC (Allocation Failure) [ParNew: 272836K->24K(306688K), 0.0096106 secs] 304174K->31362K(2587392K), 0.0096637 secs] [Times: user=0.03 sys=0.00, real=0.01 secs] 
[2017-06-04 17:01:21,488] [GC (Allocation Failure) [ParNew: 272736K->32K(306688K), 0.0100348 secs] 304075K->31371K(2587392K), 0.0100993 secs] [Times: user=0.04 sys=0.00, real=0.01 secs] 
[2017-06-04 17:01:21,816] [GC (GCLocker Initiated GC) [ParNew: 272775K->29K(306688K), 0.0108772 secs] 304114K->31367K(2587392K), 0.0109475 secs] [Times: user=0.03 sys=0.00, real=0.02 secs] 
[2017-06-04 17:01:22,153] [GC (GCLocker Initiated GC) [ParNew: 273028K->33K(306688K), 0.0098014 secs] 304367K->31372K(2587392K), 0.0098609 secs] [Times: user=0.03 sys=0.00, real=0.01 secs] 
[2017-06-04 17:01:22,495] [GC (GCLocker Initiated GC) [ParNew: 272751K->24K(306688K), 0.0127963 secs] 304089K->31363K(2587392K), 0.0128780 secs] [Times: user=0.04 sys=0.00, real=0.01 secs] 
[2017-06-04 17:01:22,835] [GC (Allocation Failure) [ParNew: 272776K->30K(306688K), 0.0104990 secs] 304115K->31368K(2587392K), 0.0105630 secs] [Times: user=0.03 sys=0.00, real=0.01 secs] 
[2017-06-04 17:01:23,158] [GC (GCLocker Initiated GC) [ParNew: 272671K->27K(306688K), 0.0097326 secs] 304009K->31365K(2587392K), 0.0098048 secs] [Times: user=0.03 sys=0.00, real=0.01 secs] 
[2017-06-04 17:01:23,468] [GC (Allocation Failure) [ParNew: 272672K->34K(306688K), 0.0089871 secs] 304010K->31373K(2587392K), 0.0090367 secs] [Times: user=0.03 sys=0.00, real=0.01 secs] 
[2017-06-04 17:01:23,782] [GC (GCLocker Initiated GC) [ParNew: 272749K->30K(306688K), 0.0092574 secs] 304088K->31369K(2587392K), 0.0093127 secs] [Times: user=0.03 sys=0.00, real=0.01 secs] 
[2017-06-04 17:01:24,093] [GC (Allocation Failure) [ParNew: 272676K->32K(306688K), 0.0098834 secs] 304015K->31371K(2587392K), 0.0099500 secs] [Times: user=0.04 sys=0.00, real=0.01 secs] 
[2017-06-04 17:01:24,431] [GC (Allocation Failure) [ParNew: 272674K->30K(306688K), 0.0130580 secs] 304013K->31369K(2587392K), 0.0131321 secs] [Times: user=0.03 sys=0.00, real=0.01 secs] 
[2017-06-04 17:01:24,750] [GC (Allocation Failure) [ParNew: 272709K->33K(306688K), 0.0090666 secs] 304047K->31372K(2587392K), 0.0091214 secs] [Times: user=0.04 sys=0.00, real=0.01 secs] 
[2017-06-04 17:01:25,077] [GC (GCLocker Initiated GC) [ParNew: 272927K->23K(306688K), 0.0102885 secs] 304266K->31362K(2587392K), 0.0103725 secs] [Times: user=0.03 sys=0.00, real=0.02 secs] 
[2017-06-04 17:01:25,441] [GC (Allocation Failure) [ParNew: 272681K->29K(306688K), 0.0110256 secs] 304019K->31367K(2587392K), 0.0111050 secs] [Times: user=0.04 sys=0.00, real=0.01 secs] 
[2017-06-04 17:01:25,790] [GC (GCLocker Initiated GC) [ParNew: 272965K->28K(306688K), 0.0101455 secs] 304304K->31366K(2587392K), 0.0102060 secs] [Times: user=0.04 sys=0.00, real=0.01 secs] 
[2017-06-04 17:01:26,137] [GC (GCLocker Initiated GC) [ParNew: 272854K->27K(306688K), 0.0102091 secs] 304192K->31366K(2587392K), 0.0102628 secs] [Times: user=0.04 sys=0.00, real=0.01 secs] 
[2017-06-04 17:01:26,475] [GC (GCLocker Initiated GC) [ParNew: 272788K->33K(306688K), 0.0091288 secs] 304126K->31372K(2587392K), 0.0091815 secs] [Times: user=0.03 sys=0.00, real=0.01 secs] 
[2017-06-04 17:01:26,817] [GC (GCLocker Initiated GC) [ParNew: 272814K->26K(306688K), 0.0097881 secs] 304153K->31364K(2587392K), 0.0098478 secs] [Times: user=0.04 sys=0.00, real=0.01 secs] 
[2017-06-04 17:01:27,158] [GC (GCLocker Initiated GC) [ParNew: 272756K->30K(306688K), 0.0119389 secs] 304095K->31368K(2587392K), 0.0120019 secs] [Times: user=0.04 sys=0.00, real=0.02 secs] 
[2017-06-04 17:01:27,507] [GC (GCLocker Initiated GC) [ParNew: 272852K->24K(306688K), 0.0101607 secs] 304191K->31362K(2587392K), 0.0102412 secs] [Times: user=0.03 sys=0.00, real=0.01 secs] 
[2017-06-04 17:01:27,836] [GC (GCLocker Initiated GC) [ParNew: 272956K->33K(306688K), 0.0102034 secs] 304294K->31371K(2587392K), 0.0102635 secs] [Times: user=0.03 sys=0.00, real=0.01 secs] 
[2017-06-04 17:01:28,170] [GC (Allocation Failure) [ParNew: 272754K->22K(306688K), 0.0094739 secs] 304093K->31360K(2587392K), 0.0096408 secs] [Times: user=0.03 sys=0.00, real=0.01 secs] 
[2017-06-04 17:01:28,516] [GC (GCLocker Initiated GC) [ParNew: 272748K->29K(306688K), 0.0116530 secs] 304086K->31368K(2587392K), 0.0117742 secs] [Times: user=0.04 sys=0.01, real=0.01 secs] 
[2017-06-04 17:01:28,879] [GC (Allocation Failure) [ParNew: 272672K->28K(306688K), 0.0097809 secs] 304011K->31366K(2587392K), 0.0098332 secs] [Times: user=0.04 sys=0.00, real=0.01 secs] 
[2017-06-04 17:01:29,217] [GC (Allocation Failure) [ParNew: 272802K->34K(306688K), 0.0099656 secs] 304141K->31373K(2587392K), 0.0100239 secs] [Times: user=0.04 sys=0.00, real=0.01 secs] 
[2017-06-04 17:01:29,547] [GC (GCLocker Initiated GC) [ParNew: 273073K->24K(306688K), 0.0091084 secs] 304412K->31363K(2587392K), 0.0092250 secs] [Times: user=0.03 sys=0.00, real=0.00 secs] 
[2017-06-04 17:01:29,876] [GC (GCLocker Initiated GC) [ParNew: 272771K->26K(306688K), 0.0088894 secs] 304110K->31364K(2587392K), 0.0089595 secs] [Times: user=0.03 sys=0.00, real=0.01 secs] 
[2017-06-04 17:01:30,206] [GC (Allocation Failure) [ParNew: 272763K->27K(306688K), 0.0099733 secs] 304101K->31366K(2587392K), 0.0100601 secs] [Times: user=0.04 sys=0.00, real=0.01 secs] 
[2017-06-04 17:01:30,545] [GC (Allocation Failure) [ParNew: 272827K->31K(306688K), 0.0109454 secs] 304166K->31370K(2587392K), 0.0110115 secs] [Times: user=0.04 sys=0.01, real=0.01 secs] 
[2017-06-04 17:01:30,878] [GC (GCLocker Initiated GC) [ParNew: 272726K->22K(306688K), 0.0102463 secs] 304065K->31361K(2587392K), 0.0104218 secs] [Times: user=0.04 sys=0.00, real=0.01 secs] 
[2017-06-04 17:01:31,214] [GC (Allocation Failure) [ParNew: 272666K->31K(306688K), 0.0132102 secs] 304005K->31369K(2587392K), 0.0132821 secs] [Times: user=0.05 sys=0.00, real=0.01 secs] 
[2017-06-04 17:01:31,549] [GC (GCLocker Initiated GC) [ParNew: 272700K->28K(306688K), 0.0106863 secs] 304039K->31367K(2587392K), 0.0107454 secs] [Times: user=0.04 sys=0.00, real=0.01 secs] 
[2017-06-04 17:01:31,903] [GC (GCLocker Initiated GC) [ParNew: 272756K->27K(306688K), 0.0121440 secs] 304095K->31366K(2587392K), 0.0122228 secs] [Times: user=0.04 sys=0.00, real=0.01 secs] 
[2017-06-04 17:01:32,263] [GC (Allocation Failure) [ParNew: 272667K->30K(306688K), 0.0109961 secs] 304006K->31369K(2587392K), 0.0110828 secs] [Times: user=0.04 sys=0.00, real=0.01 secs] 
[2017-06-04 17:01:32,599] [GC (GCLocker Initiated GC) [ParNew: 272787K->28K(306688K), 0.0104651 secs] 304125K->31366K(2587392K), 0.0105394 secs] [Times: user=0.03 sys=0.00, real=0.01 secs] 
[2017-06-04 17:01:32,934] [GC (GCLocker Initiated GC) [ParNew: 272680K->28K(306688K), 0.0102501 secs] 304019K->31367K(2587392K), 0.0103224 secs] [Times: user=0.04 sys=0.00, real=0.01 secs] 
[2017-06-04 17:01:33,269] [GC (GCLocker Initiated GC) [ParNew: 272718K->26K(306688K), 0.0094917 secs] 304057K->31365K(2587392K), 0.0095978 secs] [Times: user=0.04 sys=0.00, real=0.01 secs] 
[2017-06-04 17:01:33,615] [GC (GCLocker Initiated GC) [ParNew: 272795K->26K(306688K), 0.0093614 secs] 304134K->31364K(2587392K), 0.0094397 secs] [Times: user=0.04 sys=0.00, real=0.01 secs] 
[2017-06-04 17:01:33,966] [GC (Allocation Failure) [ParNew: 272777K->29K(306688K), 0.0101829 secs] 304116K->31368K(2587392K), 0.0102675 secs] [Times: user=0.04 sys=0.00, real=0.01 secs] 
[2017-06-04 17:01:34,320] [GC (GCLocker Initiated GC) [ParNew: 272669K->41K(306688K), 0.0095534 secs] 304008K->31380K(2587392K), 0.0096372 secs] [Times: user=0.04 sys=0.00, real=0.01 secs] 
[2017-06-04 17:01:34,648] [GC (GCLocker Initiated GC) [ParNew: 272879K->30K(306688K), 0.0115480 secs] 304217K->31369K(2587392K), 0.0116000 secs] [Times: user=0.03 sys=0.00, real=0.02 secs] 
[2017-06-04 17:01:34,994] [GC (GCLocker Initiated GC) [ParNew: 272712K->29K(306688K), 0.0115071 secs] 304050K->31368K(2587392K), 0.0115647 secs] [Times: user=0.04 sys=0.00, real=0.01 secs] 
[2017-06-04 17:01:35,339] [GC (GCLocker Initiated GC) [ParNew: 272791K->28K(306688K), 0.0111167 secs] 304130K->31367K(2587392K), 0.0111839 secs] [Times: user=0.04 sys=0.00, real=0.01 secs] 
[2017-06-04 17:01:35,673] [GC (Allocation Failure) [ParNew: 272688K->27K(306688K), 0.0088048 secs] 304027K->31366K(2587392K), 0.0088867 secs] [Times: user=0.03 sys=0.00, real=0.01 secs] 
[2017-06-04 17:01:36,023] [GC (Allocation Failure) [ParNew: 272715K->30K(306688K), 0.0123047 secs] 304054K->31368K(2587392K), 0.0124103 secs] [Times: user=0.04 sys=0.00, real=0.01 secs] 
[2017-06-04 17:01:36,354] [GC (GCLocker Initiated GC) [ParNew: 272687K->24K(306688K), 0.0131459 secs] 304025K->31363K(2587392K), 0.0132098 secs] [Times: user=0.04 sys=0.00, real=0.01 secs] 
[2017-06-04 17:01:36,698] [GC (GCLocker Initiated GC) [ParNew: 272711K->27K(306688K), 0.0152293 secs] 304050K->31366K(2587392K), 0.0153666 secs] [Times: user=0.04 sys=0.00, real=0.01 secs] 
[2017-06-04 17:01:37,050] [GC (Allocation Failure) [ParNew: 272667K->23K(306688K), 0.0115341 secs] 304006K->31362K(2587392K), 0.0117056 secs] [Times: user=0.04 sys=0.00, real=0.02 secs] 
[2017-06-04 17:01:37,393] [GC (Allocation Failure) [ParNew: 272826K->28K(306688K), 0.0102020 secs] 304165K->31366K(2587392K), 0.0103026 secs] [Times: user=0.04 sys=0.00, real=0.01 secs] 
[2017-06-04 17:01:37,747] [GC (Allocation Failure) [ParNew: 272672K->28K(306688K), 0.0124818 secs] 304011K->31367K(2587392K), 0.0126135 secs] [Times: user=0.05 sys=0.00, real=0.01 secs] 
[2017-06-04 17:01:38,131] [GC (GCLocker Initiated GC) [ParNew: 272679K->29K(306688K), 0.0109136 secs] 304018K->31368K(2587392K), 0.0109780 secs] [Times: user=0.04 sys=0.00, real=0.01 secs] 
[2017-06-04 17:01:38,485] [GC (GCLocker Initiated GC) [ParNew: 272719K->28K(306688K), 0.0097077 secs] 304057K->31367K(2587392K), 0.0097681 secs] [Times: user=0.04 sys=0.00, real=0.01 secs] 
[2017-06-04 17:01:38,852] [GC (Allocation Failure) [ParNew: 272673K->32K(306688K), 0.0137217 secs] 304012K->31371K(2587392K), 0.0137975 secs] [Times: user=0.04 sys=0.00, real=0.02 secs] 
[2017-06-04 17:01:39,176] [GC (Allocation Failure) [ParNew: 272697K->31K(306688K), 0.0089987 secs] 304036K->31370K(2587392K), 0.0090536 secs] [Times: user=0.04 sys=0.00, real=0.01 secs] 
[2017-06-04 17:01:39,519] [GC (GCLocker Initiated GC) [ParNew: 272787K->24K(306688K), 0.0098062 secs] 304126K->31363K(2587392K), 0.0098650 secs] [Times: user=0.04 sys=0.00, real=0.01 secs] 
[2017-06-04 17:01:39,861] [GC (Allocation Failure) [ParNew: 272836K->34K(306688K), 0.0104413 secs] 304174K->31373K(2587392K), 0.0105465 secs] [Times: user=0.04 sys=0.00, real=0.01 secs] 
[2017-06-04 17:01:40,202] [GC (GCLocker Initiated GC) [ParNew: 272789K->23K(306688K), 0.0100650 secs] 304127K->31362K(2587392K), 0.0101211 secs] [Times: user=0.04 sys=0.00, real=0.01 secs] 
[2017-06-04 17:01:40,576] [GC (Allocation Failure) [ParNew: 272915K->39K(306688K), 0.0188024 secs] 304254K->31378K(2587392K), 0.0188692 secs] [Times: user=0.06 sys=0.00, real=0.02 secs] 
[2017-06-04 17:01:41,022] [GC (GCLocker Initiated GC) [ParNew: 272976K->39K(306688K), 0.0109418 secs] 304315K->31378K(2587392K), 0.0110061 secs] [Times: user=0.04 sys=0.00, real=0.01 secs] 
[2017-06-04 17:01:41,428] [GC (Allocation Failure) [ParNew: 272690K->47K(306688K), 0.0132071 secs] 304028K->31386K(2587392K), 0.0132676 secs] [Times: user=0.05 sys=0.00, real=0.01 secs] 
[2017-06-04 17:01:41,783] [GC (GCLocker Initiated GC) [ParNew: 272704K->42K(306688K), 0.0142780 secs] 304043K->31381K(2587392K), 0.0143414 secs] [Times: user=0.04 sys=0.00, real=0.02 secs] 
[2017-06-04 17:01:42,162] [GC (Allocation Failure) [ParNew: 272993K->43K(306688K), 0.0109632 secs] 304332K->31382K(2587392K), 0.0110301 secs] [Times: user=0.04 sys=0.00, real=0.01 secs] 
[2017-06-04 17:01:42,526] [GC (Allocation Failure) [ParNew: 272702K->43K(306688K), 0.0107958 secs] 304041K->31383K(2587392K), 0.0108618 secs] [Times: user=0.04 sys=0.00, real=0.01 secs] 
[2017-06-04 17:01:42,993] [GC (GCLocker Initiated GC) [ParNew: 272683K->56K(306688K), 0.0142590 secs] 304023K->31399K(2587392K), 0.0143260 secs] [Times: user=0.05 sys=0.00, real=0.02 secs] 
[2017-06-04 17:01:43,350] [GC (GCLocker Initiated GC) [ParNew: 272764K->44K(306688K), 0.0116737 secs] 304108K->31395K(2587392K), 0.0119166 secs] [Times: user=0.04 sys=0.01, real=0.02 secs] 
[2017-06-04 17:01:43,694] [GC (GCLocker Initiated GC) [ParNew: 272686K->48K(306688K), 0.0102827 secs] 304037K->31399K(2587392K), 0.0103358 secs] [Times: user=0.03 sys=0.00, real=0.01 secs] 
[2017-06-04 17:01:44,076] [GC (GCLocker Initiated GC) [ParNew: 272768K->45K(306688K), 0.0099380 secs] 304119K->31397K(2587392K), 0.0102056 secs] [Times: user=0.04 sys=0.00, real=0.01 secs] 
[2017-06-04 17:01:44,510] [GC (GCLocker Initiated GC) [ParNew: 272747K->51K(306688K), 0.0104739 secs] 304098K->31404K(2587392K), 0.0106576 secs] [Times: user=0.03 sys=0.01, real=0.01 secs] 
[2017-06-04 17:01:44,874] [GC (Allocation Failure) [ParNew: 272815K->48K(306688K), 0.0107948 secs] 304167K->31403K(2587392K), 0.0108663 secs] [Times: user=0.04 sys=0.00, real=0.01 secs] 
[2017-06-04 17:01:45,286] [GC (Allocation Failure) [ParNew: 272695K->47K(306688K), 0.0104281 secs] 304049K->31417K(2587392K), 0.0105081 secs] [Times: user=0.03 sys=0.00, real=0.01 secs] 
RACE_RESULT||sendNum=40000000||sendCost=131921
[2017-06-04 17:01:46,016] [2017-06-04 17:01:46,015] Produce Finished, sendNum 40000000, Cost 131921 ms
KILL_9 Produce
Finish Run SubTask[bash -c sh ../bin/produce.sh ], Cost 133323 ms
Run SubTask bash -c sh ../bin/consume.sh 
[2017-06-04 17:01:46,044] Start Consume =============================
[2017-06-04 17:01:46,171] consume pro_max 400000
[2017-06-04 17:01:46,171] consume store.path /home/admin/race2017/data
[2017-06-04 17:01:46,175] 
[2017-06-04 17:01:48,411] [GC (Allocation Failure) [ParNew: 272688K->1741K(306688K), 0.0184647 secs] 272688K->1741K(2587392K), 0.0186753 secs] [Times: user=0.06 sys=0.00, real=0.02 secs] 
[2017-06-04 17:01:49,571] [GC (Allocation Failure) [ParNew: 274407K->1948K(306688K), 0.0187627 secs] 274407K->1948K(2587392K), 0.0189608 secs] [Times: user=0.06 sys=0.00, real=0.02 secs] 
[2017-06-04 17:01:50,028] [GC (Allocation Failure) [ParNew: 274588K->2359K(306688K), 0.0246843 secs] 274588K->2359K(2587392K), 0.0247597 secs] [Times: user=0.03 sys=0.00, real=0.02 secs] 
[2017-06-04 17:01:50,545] [GC (Allocation Failure) [ParNew: 274999K->2114K(306688K), 0.0155102 secs] 274999K->2114K(2587392K), 0.0155872 secs] [Times: user=0.06 sys=0.00, real=0.02 secs] 
[2017-06-04 17:01:50,883] [GC (Allocation Failure) [ParNew: 274754K->1773K(306688K), 0.0129429 secs] 274754K->1773K(2587392K), 0.0129991 secs] [Times: user=0.06 sys=0.00, real=0.02 secs] 
[2017-06-04 17:01:51,157] [GC (GCLocker Initiated GC) [ParNew: 274481K->1779K(306688K), 0.0134524 secs] 274481K->1779K(2587392K), 0.0135075 secs] [Times: user=0.05 sys=0.00, real=0.01 secs] 
[2017-06-04 17:01:51,415] [GC (Allocation Failure) [ParNew: 274420K->1428K(306688K), 0.0286185 secs] 274420K->2720K(2587392K), 0.0287191 secs] [Times: user=0.06 sys=0.00, real=0.03 secs] 
[2017-06-04 17:01:51,720] [GC (Allocation Failure) [ParNew: 274257K->491K(306688K), 0.0167515 secs] 275549K->1785K(2587392K), 0.0168155 secs] [Times: user=0.04 sys=0.00, real=0.01 secs] 
[2017-06-04 17:01:52,036] [GC (GCLocker Initiated GC) [ParNew: 273151K->373K(306688K), 0.0108427 secs] 274444K->1667K(2587392K), 0.0109729 secs] [Times: user=0.03 sys=0.00, real=0.01 secs] 
[2017-06-04 17:01:52,354] [GC (GCLocker Initiated GC) [ParNew: 273101K->357K(306688K), 0.0134900 secs] 274394K->1651K(2587392K), 0.0135646 secs] [Times: user=0.05 sys=0.00, real=0.01 secs] 
[2017-06-04 17:01:52,589] [GC (Allocation Failure) [ParNew: 272997K->313K(306688K), 0.0114569 secs] 274291K->1607K(2587392K), 0.0115084 secs] [Times: user=0.04 sys=0.00, real=0.01 secs] 
[2017-06-04 17:01:52,767] [GC (GCLocker Initiated GC) [ParNew: 273070K->319K(306688K), 0.0124750 secs] 274365K->1614K(2587392K), 0.0125410 secs] [Times: user=0.05 sys=0.00, real=0.01 secs] 
[2017-06-04 17:01:52,937] [GC (GCLocker Initiated GC) [ParNew: 272971K->343K(306688K), 0.0099338 secs] 274266K->1637K(2587392K), 0.0099939 secs] [Times: user=0.03 sys=0.00, real=0.01 secs] 
[2017-06-04 17:01:53,099] [GC (Allocation Failure) [ParNew: 273116K->329K(306688K), 0.0086726 secs] 274410K->1624K(2587392K), 0.0087364 secs] [Times: user=0.04 sys=0.00, real=0.01 secs] 
[2017-06-04 17:01:53,266] [GC (GCLocker Initiated GC) [ParNew: 272971K->330K(306688K), 0.0124656 secs] 274266K->1625K(2587392K), 0.0125271 secs] [Times: user=0.03 sys=0.00, real=0.01 secs] 
[2017-06-04 17:01:53,432] [GC (Allocation Failure) [ParNew: 273052K->339K(306688K), 0.0116577 secs] 274347K->1634K(2587392K), 0.0117204 secs] [Times: user=0.04 sys=0.00, real=0.02 secs] 
[2017-06-04 17:01:53,600] [GC (Allocation Failure) [ParNew: 272979K->347K(306688K), 0.0093859 secs] 274274K->1642K(2587392K), 0.0094459 secs] [Times: user=0.03 sys=0.00, real=0.00 secs] 
[2017-06-04 17:01:53,785] [GC (GCLocker Initiated GC) [ParNew: 273023K->303K(306688K), 0.0098163 secs] 274317K->1598K(2587392K), 0.0099289 secs] [Times: user=0.03 sys=0.00, real=0.01 secs] 
[2017-06-04 17:01:53,952] [GC (GCLocker Initiated GC) [ParNew: 272961K->320K(306688K), 0.0094607 secs] 274256K->1615K(2587392K), 0.0095134 secs] [Times: user=0.04 sys=0.00, real=0.01 secs] 
[2017-06-04 17:01:54,105] [GC (Allocation Failure) [ParNew: 273080K->303K(306688K), 0.0095691 secs] 274375K->1598K(2587392K), 0.0096383 secs] [Times: user=0.03 sys=0.00, real=0.01 secs] 
[2017-06-04 17:01:54,277] [GC (GCLocker Initiated GC) [ParNew: 273419K->378K(306688K), 0.0096323 secs] 274715K->1673K(2587392K), 0.0096904 secs] [Times: user=0.04 sys=0.00, real=0.01 secs] 
[2017-06-04 17:01:54,440] [GC (Allocation Failure) [ParNew: 273116K->339K(306688K), 0.0097892 secs] 274411K->1635K(2587392K), 0.0098621 secs] [Times: user=0.03 sys=0.00, real=0.01 secs] 
[2017-06-04 17:01:54,614] [GC (GCLocker Initiated GC) [ParNew: 273052K->304K(306688K), 0.0118975 secs] 274347K->1599K(2587392K), 0.0119654 secs] [Times: user=0.04 sys=0.00, real=0.01 secs] 
[2017-06-04 17:01:54,789] [GC (Allocation Failure) [ParNew: 272952K->356K(306688K), 0.0089377 secs] 274247K->1652K(2587392K), 0.0090152 secs] [Times: user=0.03 sys=0.00, real=0.01 secs] 
[2017-06-04 17:01:54,964] [GC (GCLocker Initiated GC) [ParNew: 273003K->319K(306688K), 0.0093237 secs] 274299K->1615K(2587392K), 0.0093842 secs] [Times: user=0.04 sys=0.00, real=0.01 secs] 
[2017-06-04 17:01:55,127] [GC (Allocation Failure) [ParNew: 272967K->343K(306688K), 0.0089719 secs] 274262K->1638K(2587392K), 0.0090327 secs] [Times: user=0.04 sys=0.00, real=0.01 secs] 
[2017-06-04 17:01:55,287] [GC (GCLocker Initiated GC) [ParNew: 272983K->343K(306688K), 0.0089091 secs] 274278K->1639K(2587392K), 0.0090841 secs] [Times: user=0.03 sys=0.00, real=0.01 secs] 
[2017-06-04 17:01:55,434] [GC (GCLocker Initiated GC) [ParNew: 272984K->364K(306688K), 0.0086389 secs] 274280K->1659K(2587392K), 0.0087027 secs] [Times: user=0.03 sys=0.00, real=0.01 secs] 
[2017-06-04 17:01:55,594] [GC (Allocation Failure) [ParNew: 273004K->315K(306688K), 0.0091206 secs] 274299K->1611K(2587392K), 0.0091935 secs] [Times: user=0.04 sys=0.00, real=0.01 secs] 
[2017-06-04 17:01:55,771] [GC (GCLocker Initiated GC) [ParNew: 273119K->333K(306688K), 0.0101895 secs] 274415K->1629K(2587392K), 0.0102488 secs] [Times: user=0.04 sys=0.00, real=0.01 secs] 
[2017-06-04 17:01:55,973] [GC (Allocation Failure) [ParNew: 272975K->373K(306688K), 0.0182353 secs] 274271K->1670K(2587392K), 0.0182989 secs] [Times: user=0.04 sys=0.00, real=0.02 secs] 
[2017-06-04 17:01:56,154] [GC (Allocation Failure) [ParNew: 273013K->313K(306688K), 0.0104401 secs] 274310K->1609K(2587392K), 0.0105118 secs] [Times: user=0.04 sys=0.00, real=0.01 secs] 
[2017-06-04 17:01:56,326] [GC (Allocation Failure) [ParNew: 272964K->372K(306688K), 0.0102311 secs] 274260K->1668K(2587392K), 0.0103038 secs] [Times: user=0.03 sys=0.00, real=0.01 secs] 
[2017-06-04 17:01:56,496] [GC (Allocation Failure) [ParNew: 273012K->297K(306688K), 0.0142235 secs] 274308K->1593K(2587392K), 0.0143299 secs] [Times: user=0.04 sys=0.00, real=0.02 secs] 
[2017-06-04 17:01:56,668] [GC (GCLocker Initiated GC) [ParNew: 272952K->295K(306688K), 0.0101924 secs] 274248K->1591K(2587392K), 0.0102503 secs] [Times: user=0.04 sys=0.00, real=0.01 secs] 
[2017-06-04 17:01:56,850] [GC (Allocation Failure) [ParNew: 272935K->308K(306688K), 0.0104586 secs] 274231K->1605K(2587392K), 0.0105142 secs] [Times: user=0.04 sys=0.00, real=0.01 secs] 
[2017-06-04 17:01:57,024] [GC (Allocation Failure) [ParNew: 272948K->308K(306688K), 0.0089651 secs] 274245K->1604K(2587392K), 0.0092101 secs] [Times: user=0.03 sys=0.00, real=0.01 secs] 
[2017-06-04 17:01:57,190] [GC (Allocation Failure) [ParNew: 273058K->297K(306688K), 0.0094826 secs] 274355K->1593K(2587392K), 0.0096820 secs] [Times: user=0.03 sys=0.00, real=0.01 secs] 
[2017-06-04 17:01:57,353] [GC (Allocation Failure) [ParNew: 272937K->323K(306688K), 0.0113415 secs] 274233K->1620K(2587392K), 0.0114046 secs] [Times: user=0.04 sys=0.00, real=0.01 secs] 
[2017-06-04 17:01:57,522] [GC (GCLocker Initiated GC) [ParNew: 273008K->308K(306688K), 0.0091369 secs] 274305K->1605K(2587392K), 0.0091905 secs] [Times: user=0.03 sys=0.00, real=0.01 secs] 
[2017-06-04 17:01:57,684] [GC (Allocation Failure) [ParNew: 272953K->320K(306688K), 0.0125082 secs] 274249K->1617K(2587392K), 0.0125946 secs] [Times: user=0.03 sys=0.00, real=0.02 secs] 
[2017-06-04 17:01:57,846] [GC (Allocation Failure) [ParNew: 272990K->373K(306688K), 0.0119365 secs] 274287K->1670K(2587392K), 0.0119931 secs] [Times: user=0.04 sys=0.00, real=0.01 secs] 
[2017-06-04 17:01:58,014] [GC (Allocation Failure) [ParNew: 273013K->330K(306688K), 0.0082822 secs] 274310K->1626K(2587392K), 0.0083349 secs] [Times: user=0.03 sys=0.00, real=0.01 secs] 
[2017-06-04 17:01:58,163] [GC (Allocation Failure) [ParNew: 272970K->318K(306688K), 0.0086140 secs] 274266K->1615K(2587392K), 0.0086692 secs] [Times: user=0.03 sys=0.00, real=0.01 secs] 
[2017-06-04 17:01:58,325] [GC (Allocation Failure) [ParNew: 272980K->324K(306688K), 0.0091386 secs] 274277K->1622K(2587392K), 0.0092159 secs] [Times: user=0.04 sys=0.00, real=0.01 secs] 
[2017-06-04 17:01:58,497] [GC (GCLocker Initiated GC) [ParNew: 272969K->331K(306688K), 0.0112060 secs] 274266K->1628K(2587392K), 0.0112982 secs] [Times: user=0.04 sys=0.00, real=0.01 secs] 
[2017-06-04 17:01:58,665] [GC (Allocation Failure) [ParNew: 272971K->383K(306688K), 0.0099394 secs] 274268K->1680K(2587392K), 0.0100105 secs] [Times: user=0.03 sys=0.00, real=0.01 secs] 
[2017-06-04 17:01:58,829] [GC (Allocation Failure) [ParNew: 273039K->311K(306688K), 0.0089779 secs] 274336K->1609K(2587392K), 0.0091198 secs] [Times: user=0.03 sys=0.00, real=0.01 secs] 
[2017-06-04 17:01:58,983] [GC (GCLocker Initiated GC) [ParNew: 272997K->350K(306688K), 0.0094370 secs] 274294K->1647K(2587392K), 0.0094905 secs] [Times: user=0.04 sys=0.00, real=0.01 secs] 
[2017-06-04 17:01:59,142] [GC (Allocation Failure) [ParNew: 272990K->315K(306688K), 0.0092719 secs] 274287K->1613K(2587392K), 0.0093249 secs] [Times: user=0.03 sys=0.00, real=0.01 secs] 
[2017-06-04 17:01:59,301] [GC (Allocation Failure) [ParNew: 272955K->354K(306688K), 0.0101571 secs] 274253K->1651K(2587392K), 0.0102529 secs] [Times: user=0.04 sys=0.00, real=0.01 secs] 
[2017-06-04 17:01:59,461] [GC (GCLocker Initiated GC) [ParNew: 273108K->327K(306688K), 0.0122893 secs] 274405K->1625K(2587392K), 0.0123643 secs] [Times: user=0.03 sys=0.00, real=0.01 secs] 
[2017-06-04 17:01:59,617] [GC (Allocation Failure) [ParNew: 272972K->377K(306688K), 0.0093605 secs] 274269K->1675K(2587392K), 0.0094417 secs] [Times: user=0.03 sys=0.00, real=0.01 secs] 
[2017-06-04 17:01:59,784] [GC (Allocation Failure) [ParNew: 273148K->345K(306688K), 0.0103856 secs] 274445K->1643K(2587392K), 0.0104363 secs] [Times: user=0.04 sys=0.00, real=0.01 secs] 
[2017-06-04 17:01:59,963] [GC (GCLocker Initiated GC) [ParNew: 272986K->325K(306688K), 0.0109510 secs] 274284K->1623K(2587392K), 0.0110130 secs] [Times: user=0.04 sys=0.00, real=0.01 secs] 
[2017-06-04 17:02:00,129] [GC (GCLocker Initiated GC) [ParNew: 273081K->298K(306688K), 0.0091797 secs] 274379K->1596K(2587392K), 0.0092469 secs] [Times: user=0.04 sys=0.00, real=0.01 secs] 
[2017-06-04 17:02:00,298] [GC (Allocation Failure) [ParNew: 273015K->321K(306688K), 0.0123817 secs] 274313K->1619K(2587392K), 0.0124456 secs] [Times: user=0.04 sys=0.01, real=0.01 secs] 
[2017-06-04 17:02:00,460] [GC (Allocation Failure) [ParNew: 272961K->342K(306688K), 0.0107195 secs] 274259K->1640K(2587392K), 0.0108172 secs] [Times: user=0.04 sys=0.00, real=0.01 secs] 
[2017-06-04 17:02:00,621] [GC (GCLocker Initiated GC) [ParNew: 272998K->310K(306688K), 0.0092776 secs] 274296K->1608K(2587392K), 0.0093353 secs] [Times: user=0.04 sys=0.00, real=0.01 secs] 
[2017-06-04 17:02:00,789] [GC (GCLocker Initiated GC) [ParNew: 273447K->332K(306688K), 0.0097445 secs] 274746K->1630K(2587392K), 0.0098414 secs] [Times: user=0.03 sys=0.00, real=0.01 secs] 
[2017-06-04 17:02:00,960] [GC (GCLocker Initiated GC) [ParNew: 273156K->367K(306688K), 0.0103509 secs] 274455K->1665K(2587392K), 0.0104897 secs] [Times: user=0.04 sys=0.00, real=0.01 secs] 
[2017-06-04 17:02:01,131] [GC (Allocation Failure) [ParNew: 273007K->322K(306688K), 0.0099159 secs] 274305K->1621K(2587392K), 0.0099844 secs] [Times: user=0.04 sys=0.00, real=0.01 secs] 
[2017-06-04 17:02:01,312] [GC (GCLocker Initiated GC) [ParNew: 273048K->299K(306688K), 0.0122101 secs] 274347K->1598K(2587392K), 0.0122789 secs] [Times: user=0.04 sys=0.00, real=0.02 secs] 
[2017-06-04 17:02:01,510] [GC (GCLocker Initiated GC) [ParNew: 272953K->337K(306688K), 0.0173627 secs] 274252K->1635K(2587392K), 0.0174408 secs] [Times: user=0.05 sys=0.00, real=0.01 secs] 
[2017-06-04 17:02:01,733] [GC (Allocation Failure) [ParNew: 272977K->307K(306688K), 0.0143190 secs] 274275K->1606K(2587392K), 0.0144034 secs] [Times: user=0.04 sys=0.00, real=0.02 secs] 
[2017-06-04 17:02:01,920] [GC (Allocation Failure) [ParNew: 272947K->325K(306688K), 0.0128831 secs] 274246K->1624K(2587392K), 0.0129591 secs] [Times: user=0.04 sys=0.00, real=0.01 secs] 
[2017-06-04 17:02:02,115] [GC (Allocation Failure) [ParNew: 272967K->343K(306688K), 0.0138521 secs] 274266K->1642K(2587392K), 0.0139085 secs] [Times: user=0.05 sys=0.00, real=0.02 secs] 
[2017-06-04 17:02:02,279] [GC (Allocation Failure) [ParNew: 272988K->307K(306688K), 0.0093925 secs] 274287K->1606K(2587392K), 0.0094507 secs] [Times: user=0.04 sys=0.00, real=0.01 secs] 
[2017-06-04 17:02:02,449] [GC (Allocation Failure) [ParNew: 272948K->287K(306688K), 0.0099795 secs] 274247K->1586K(2587392K), 0.0100326 secs] [Times: user=0.03 sys=0.00, real=0.01 secs] 
[2017-06-04 17:02:02,618] [GC (Allocation Failure) [ParNew: 272937K->302K(306688K), 0.0102508 secs] 274236K->1601K(2587392K), 0.0103095 secs] [Times: user=0.04 sys=0.00, real=0.01 secs] 
[2017-06-04 17:02:02,788] [GC (GCLocker Initiated GC) [ParNew: 272952K->287K(306688K), 0.0099862 secs] 274251K->1587K(2587392K), 0.0100727 secs] [Times: user=0.04 sys=0.00, real=0.01 secs] 
[2017-06-04 17:02:02,947] [GC (Allocation Failure) [ParNew: 272927K->303K(306688K), 0.0092002 secs] 274227K->1602K(2587392K), 0.0092941 secs] [Times: user=0.03 sys=0.00, real=0.01 secs] 
[2017-06-04 17:02:03,109] [GC (Allocation Failure) [ParNew: 273022K->291K(306688K), 0.0100342 secs] 274321K->1590K(2587392K), 0.0101008 secs] [Times: user=0.04 sys=0.00, real=0.01 secs] 
[2017-06-04 17:02:03,269] [GC (Allocation Failure) [ParNew: 272931K->360K(306688K), 0.0094188 secs] 274230K->1660K(2587392K), 0.0094887 secs] [Times: user=0.04 sys=0.00, real=0.01 secs] 
[2017-06-04 17:02:03,434] [GC (Allocation Failure) [ParNew: 273010K->310K(306688K), 0.0097687 secs] 274310K->1609K(2587392K), 0.0100166 secs] [Times: user=0.03 sys=0.00, real=0.01 secs] 
[2017-06-04 17:02:03,585] [GC (Allocation Failure) [ParNew: 272950K->397K(306688K), 0.0092223 secs] 274249K->1697K(2587392K), 0.0092802 secs] [Times: user=0.04 sys=0.00, real=0.01 secs] 
[2017-06-04 17:02:03,752] [GC (Allocation Failure) [ParNew: 273040K->343K(306688K), 0.0087242 secs] 274340K->1642K(2587392K), 0.0088742 secs] [Times: user=0.04 sys=0.00, real=0.00 secs] 
[2017-06-04 17:02:03,913] [GC (Allocation Failure) [ParNew: 272988K->321K(306688K), 0.0091784 secs] 274288K->1621K(2587392K), 0.0093615 secs] [Times: user=0.04 sys=0.00, real=0.01 secs] 
[2017-06-04 17:02:04,078] [GC (Allocation Failure) [ParNew: 273014K->306K(306688K), 0.0093848 secs] 274313K->1606K(2587392K), 0.0094486 secs] [Times: user=0.03 sys=0.00, real=0.01 secs] 
[2017-06-04 17:02:04,253] [GC (Allocation Failure) [ParNew: 272946K->341K(306688K), 0.0093934 secs] 274246K->1641K(2587392K), 0.0094751 secs] [Times: user=0.03 sys=0.00, real=0.01 secs] 
[2017-06-04 17:02:04,412] [GC (Allocation Failure) [ParNew: 272989K->308K(306688K), 0.0092052 secs] 274289K->1608K(2587392K), 0.0092692 secs] [Times: user=0.04 sys=0.00, real=0.01 secs] 
[2017-06-04 17:02:04,566] [GC (Allocation Failure) [ParNew: 272950K->372K(306688K), 0.0095664 secs] 274250K->1673K(2587392K), 0.0096353 secs] [Times: user=0.03 sys=0.00, real=0.01 secs] 
[2017-06-04 17:02:04,728] [GC (Allocation Failure) [ParNew: 273014K->324K(306688K), 0.0116262 secs] 274314K->1625K(2587392K), 0.0117673 secs] [Times: user=0.03 sys=0.00, real=0.01 secs] 
[2017-06-04 17:02:04,889] [GC (GCLocker Initiated GC) [ParNew: 273002K->336K(306688K), 0.0114219 secs] 274302K->1636K(2587392K), 0.0114788 secs] [Times: user=0.04 sys=0.00, real=0.01 secs] 
[2017-06-04 17:02:05,070] [GC (GCLocker Initiated GC) [ParNew: 272997K->346K(306688K), 0.0112122 secs] 274298K->1646K(2587392K), 0.0112787 secs] [Times: user=0.04 sys=0.00, real=0.01 secs] 
[2017-06-04 17:02:05,225] [GC (Allocation Failure) [ParNew: 273060K->311K(306688K), 0.0091088 secs] 274360K->1612K(2587392K), 0.0093074 secs] [Times: user=0.03 sys=0.00, real=0.01 secs] 
[2017-06-04 17:02:05,393] [GC (Allocation Failure) [ParNew: 272951K->343K(306688K), 0.0098116 secs] 274252K->1644K(2587392K), 0.0099299 secs] [Times: user=0.04 sys=0.01, real=0.01 secs] 
[2017-06-04 17:02:05,549] [GC (GCLocker Initiated GC) [ParNew: 272989K->347K(306688K), 0.0091632 secs] 274290K->1648K(2587392K), 0.0092514 secs] [Times: user=0.04 sys=0.00, real=0.01 secs] 
[2017-06-04 17:02:05,717] [GC (Allocation Failure) [ParNew: 272990K->426K(306688K), 0.0098992 secs] 274290K->1727K(2587392K), 0.0100647 secs] [Times: user=0.04 sys=0.00, real=0.01 secs] 
[2017-06-04 17:02:05,886] [GC (Allocation Failure) [ParNew: 273075K->326K(306688K), 0.0138178 secs] 274376K->1627K(2587392K), 0.0138700 secs] [Times: user=0.04 sys=0.00, real=0.02 secs] 
[2017-06-04 17:02:06,063] [GC (GCLocker Initiated GC) [ParNew: 272986K->375K(306688K), 0.0114990 secs] 274287K->1675K(2587392K), 0.0115677 secs] [Times: user=0.04 sys=0.00, real=0.01 secs] 
[2017-06-04 17:02:06,257] [GC (Allocation Failure) [ParNew: 273020K->344K(306688K), 0.0111508 secs] 274321K->1645K(2587392K), 0.0112450 secs] [Times: user=0.04 sys=0.00, real=0.01 secs] 
[2017-06-04 17:02:06,442] [GC (Allocation Failure) [ParNew: 273035K->299K(306688K), 0.0107227 secs] 274336K->1600K(2587392K), 0.0108230 secs] [Times: user=0.04 sys=0.00, real=0.01 secs] 
[2017-06-04 17:02:06,684] [GC (GCLocker Initiated GC) [ParNew: 273002K->322K(306688K), 0.0224208 secs] 274303K->1623K(2587392K), 0.0224941 secs] [Times: user=0.06 sys=0.00, real=0.03 secs] 
[2017-06-04 17:02:06,951] [GC (GCLocker Initiated GC) [ParNew: 272976K->298K(306688K), 0.0106970 secs] 274277K->1599K(2587392K), 0.0107756 secs] [Times: user=0.04 sys=0.00, real=0.01 secs] 
[2017-06-04 17:02:07,164] [GC (Allocation Failure) [ParNew: 272974K->309K(306688K), 0.0129269 secs] 274275K->1610K(2587392K), 0.0129964 secs] [Times: user=0.04 sys=0.00, real=0.02 secs] 
[2017-06-04 17:02:07,360] [GC (GCLocker Initiated GC) [ParNew: 272949K->320K(306688K), 0.0121361 secs] 274251K->1621K(2587392K), 0.0121955 secs] [Times: user=0.04 sys=0.00, real=0.01 secs] 
[2017-06-04 17:02:07,542] [GC (GCLocker Initiated GC) [ParNew: 273039K->291K(306688K), 0.0099356 secs] 274340K->1592K(2587392K), 0.0099888 secs] [Times: user=0.03 sys=0.00, real=0.01 secs] 
[2017-06-04 17:02:07,706] [GC (Allocation Failure) [ParNew: 272962K->293K(306688K), 0.0110307 secs] 274263K->1594K(2587392K), 0.0111107 secs] [Times: user=0.04 sys=0.00, real=0.01 secs] 
[2017-06-04 17:02:07,882] [GC (Allocation Failure) [ParNew: 272942K->294K(306688K), 0.0136315 secs] 274243K->1595K(2587392K), 0.0136854 secs] [Times: user=0.04 sys=0.00, real=0.01 secs] 
[2017-06-04 17:02:08,052] [GC (Allocation Failure) [ParNew: 272943K->284K(306688K), 0.0094141 secs] 274245K->1585K(2587392K), 0.0094729 secs] [Times: user=0.04 sys=0.00, real=0.00 secs] 
[2017-06-04 17:02:08,226] [GC (Allocation Failure) [ParNew: 273143K->290K(306688K), 0.0093885 secs] 274445K->1591K(2587392K), 0.0094487 secs] [Times: user=0.04 sys=0.00, real=0.01 secs] 
[2017-06-04 17:02:08,402] [GC (GCLocker Initiated GC) [ParNew: 272965K->295K(306688K), 0.0100942 secs] 274267K->1597K(2587392K), 0.0101595 secs] [Times: user=0.04 sys=0.00, real=0.01 secs] 
[2017-06-04 17:02:08,568] [GC (Allocation Failure) [ParNew: 272935K->293K(306688K), 0.0095050 secs] 274237K->1595K(2587392K), 0.0095811 secs] [Times: user=0.03 sys=0.00, real=0.01 secs] 
[2017-06-04 17:02:08,757] [GC (Allocation Failure) [ParNew: 272936K->287K(306688K), 0.0103602 secs] 274238K->1588K(2587392K), 0.0105345 secs] [Times: user=0.04 sys=0.00, real=0.01 secs] 
[2017-06-04 17:02:08,915] [GC (Allocation Failure) [ParNew: 272954K->297K(306688K), 0.0106873 secs] 274256K->1599K(2587392K), 0.0107475 secs] [Times: user=0.04 sys=0.00, real=0.01 secs] 
[2017-06-04 17:02:09,076] [GC (GCLocker Initiated GC) [ParNew: 272951K->293K(306688K), 0.0104305 secs] 274252K->1595K(2587392K), 0.0104824 secs] [Times: user=0.03 sys=0.00, real=0.01 secs] 
[2017-06-04 17:02:09,235] [GC (Allocation Failure) [ParNew: 272974K->304K(306688K), 0.0119233 secs] 274276K->1606K(2587392K), 0.0119901 secs] [Times: user=0.04 sys=0.00, real=0.02 secs] 
[2017-06-04 17:02:09,392] [GC (Allocation Failure) [ParNew: 272958K->296K(306688K), 0.0093639 secs] 274260K->1598K(2587392K), 0.0094234 secs] [Times: user=0.03 sys=0.00, real=0.01 secs] 
[2017-06-04 17:02:09,560] [GC (GCLocker Initiated GC) [ParNew: 272944K->297K(306688K), 0.0086364 secs] 274246K->1600K(2587392K), 0.0086952 secs] [Times: user=0.04 sys=0.00, real=0.01 secs] 
[2017-06-04 17:02:09,742] [GC (GCLocker Initiated GC) [ParNew: 272987K->283K(306688K), 0.0107214 secs] 274289K->1585K(2587392K), 0.0108750 secs] [Times: user=0.04 sys=0.00, real=0.01 secs] 
[2017-06-04 17:02:09,913] [GC (Allocation Failure) [ParNew: 272924K->291K(306688K), 0.0096340 secs] 274226K->1593K(2587392K), 0.0097236 secs] [Times: user=0.03 sys=0.00, real=0.01 secs] 
[2017-06-04 17:02:10,080] [GC (Allocation Failure) [ParNew: 273073K->293K(306688K), 0.0096737 secs] 274376K->1596K(2587392K), 0.0097458 secs] [Times: user=0.04 sys=0.00, real=0.01 secs] 
[2017-06-04 17:02:10,264] [GC (Allocation Failure) [ParNew: 272935K->294K(306688K), 0.0109005 secs] 274237K->1597K(2587392K), 0.0110224 secs] [Times: user=0.04 sys=0.00, real=0.01 secs] 
[2017-06-04 17:02:10,439] [GC (GCLocker Initiated GC) [ParNew: 273014K->289K(306688K), 0.0098414 secs] 274316K->1592K(2587392K), 0.0100256 secs] [Times: user=0.03 sys=0.00, real=0.01 secs] 
[2017-06-04 17:02:10,600] [GC (Allocation Failure) [ParNew: 272929K->295K(306688K), 0.0100409 secs] 274232K->1598K(2587392K), 0.0100938 secs] [Times: user=0.04 sys=0.00, real=0.01 secs] 
[2017-06-04 17:02:10,756] [GC (Allocation Failure) [ParNew: 272940K->286K(306688K), 0.0093305 secs] 274242K->1588K(2587392K), 0.0094106 secs] [Times: user=0.03 sys=0.00, real=0.01 secs] 
[2017-06-04 17:02:10,908] [GC (Allocation Failure) [ParNew: 272926K->288K(306688K), 0.0089338 secs] 274228K->1590K(2587392K), 0.0090019 secs] [Times: user=0.03 sys=0.00, real=0.01 secs] 
[2017-06-04 17:02:11,082] [GC (GCLocker Initiated GC) [ParNew: 273423K->296K(306688K), 0.0097051 secs] 274726K->1599K(2587392K), 0.0097765 secs] [Times: user=0.04 sys=0.00, real=0.01 secs] 
[2017-06-04 17:02:11,250] [GC (GCLocker Initiated GC) [ParNew: 273056K->287K(306688K), 0.0098391 secs] 274358K->1590K(2587392K), 0.0101234 secs] [Times: user=0.04 sys=0.00, real=0.01 secs] 
[2017-06-04 17:02:11,410] [GC (Allocation Failure) [ParNew: 272933K->334K(306688K), 0.0090845 secs] 274236K->1637K(2587392K), 0.0091558 secs] [Times: user=0.03 sys=0.00, real=0.01 secs] 
[2017-06-04 17:02:11,573] [GC (GCLocker Initiated GC) [ParNew: 273002K->292K(306688K), 0.0093507 secs] 274305K->1595K(2587392K), 0.0094229 secs] [Times: user=0.04 sys=0.00, real=0.00 secs] 
[2017-06-04 17:02:11,743] [GC (Allocation Failure) [ParNew: 272932K->289K(306688K), 0.0098338 secs] 274235K->1592K(2587392K), 0.0098905 secs] [Times: user=0.04 sys=0.00, real=0.01 secs] 
[2017-06-04 17:02:11,913] [GC (Allocation Failure) [ParNew: 272929K->284K(306688K), 0.0094609 secs] 274232K->1587K(2587392K), 0.0095396 secs] [Times: user=0.04 sys=0.00, real=0.00 secs] 
[2017-06-04 17:02:12,075] [GC (Allocation Failure) [ParNew: 272924K->289K(306688K), 0.0095080 secs] 274227K->1592K(2587392K), 0.0095690 secs] [Times: user=0.04 sys=0.00, real=0.01 secs] 
[2017-06-04 17:02:12,235] [GC (GCLocker Initiated GC) [ParNew: 272958K->308K(306688K), 0.0098870 secs] 274262K->1611K(2587392K), 0.0100115 secs] [Times: user=0.04 sys=0.00, real=0.01 secs] 
[2017-06-04 17:02:12,411] [GC (Allocation Failure) [ParNew: 272968K->298K(306688K), 0.0108830 secs] 274271K->1601K(2587392K), 0.0109487 secs] [Times: user=0.04 sys=0.00, real=0.01 secs] 
[2017-06-04 17:02:12,571] [GC (Allocation Failure) [ParNew: 272938K->293K(306688K), 0.0093566 secs] 274241K->1597K(2587392K), 0.0094105 secs] [Times: user=0.04 sys=0.00, real=0.01 secs] 
[2017-06-04 17:02:12,743] [GC (GCLocker Initiated GC) [ParNew: 272966K->290K(306688K), 0.0120480 secs] 274269K->1594K(2587392K), 0.0121071 secs] [Times: user=0.03 sys=0.00, real=0.01 secs] 
[2017-06-04 17:02:12,907] [GC (GCLocker Initiated GC) [ParNew: 272968K->298K(306688K), 0.0094675 secs] 274271K->1602K(2587392K), 0.0095250 secs] [Times: user=0.03 sys=0.00, real=0.01 secs] 
[2017-06-04 17:02:13,085] [GC (GCLocker Initiated GC) [ParNew: 272953K->283K(306688K), 0.0097106 secs] 274256K->1586K(2587392K), 0.0097708 secs] [Times: user=0.04 sys=0.01, real=0.01 secs] 
[2017-06-04 17:02:13,248] [GC (GCLocker Initiated GC) [ParNew: 272929K->287K(306688K), 0.0108383 secs] 274233K->1590K(2587392K), 0.0108993 secs] [Times: user=0.03 sys=0.00, real=0.01 secs] 
[2017-06-04 17:02:13,418] [GC (GCLocker Initiated GC) [ParNew: 272933K->283K(306688K), 0.0154637 secs] 274236K->1587K(2587392K), 0.0156373 secs] [Times: user=0.03 sys=0.00, real=0.02 secs] 
[2017-06-04 17:02:13,576] [GC (Allocation Failure) [ParNew: 272926K->287K(306688K), 0.0097523 secs] 274229K->1591K(2587392K), 0.0098063 secs] [Times: user=0.03 sys=0.00, real=0.01 secs] 
[2017-06-04 17:02:13,750] [GC (Allocation Failure) [ParNew: 272948K->296K(306688K), 0.0090672 secs] 274252K->1600K(2587392K), 0.0092251 secs] [Times: user=0.03 sys=0.00, real=0.01 secs] 
[2017-06-04 17:02:13,915] [GC (Allocation Failure) [ParNew: 272936K->274K(306688K), 0.0100820 secs] 274240K->1578K(2587392K), 0.0102115 secs] [Times: user=0.04 sys=0.00, real=0.01 secs] 
[2017-06-04 17:02:14,128] [GC (GCLocker Initiated GC) [ParNew: 272916K->293K(306688K), 0.0115992 secs] 274220K->1597K(2587392K), 0.0116599 secs] [Times: user=0.03 sys=0.00, real=0.01 secs] 
[2017-06-04 17:02:14,303] [GC (GCLocker Initiated GC) [ParNew: 272934K->283K(306688K), 0.0135268 secs] 274238K->1587K(2587392K), 0.0136097 secs] [Times: user=0.04 sys=0.00, real=0.01 secs] 
[2017-06-04 17:02:14,468] [GC (Allocation Failure) [ParNew: 272923K->304K(306688K), 0.0091440 secs] 274227K->1608K(2587392K), 0.0092602 secs] [Times: user=0.03 sys=0.00, real=0.01 secs] 
[2017-06-04 17:02:14,633] [GC (Allocation Failure) [ParNew: 273039K->308K(306688K), 0.0088849 secs] 274343K->1612K(2587392K), 0.0089387 secs] [Times: user=0.03 sys=0.00, real=0.00 secs] 
[2017-06-04 17:02:14,787] [GC (GCLocker Initiated GC) [ParNew: 272957K->287K(306688K), 0.0079614 secs] 274261K->1591K(2587392K), 0.0080230 secs] [Times: user=0.02 sys=0.00, real=0.01 secs] 
[2017-06-04 17:02:14,961] [GC (GCLocker Initiated GC) [ParNew: 272967K->289K(306688K), 0.0107282 secs] 274271K->1594K(2587392K), 0.0108474 secs] [Times: user=0.04 sys=0.00, real=0.01 secs] 
[2017-06-04 17:02:15,125] [GC (Allocation Failure) [ParNew: 272929K->292K(306688K), 0.0091627 secs] 274234K->1597K(2587392K), 0.0092628 secs] [Times: user=0.02 sys=0.00, real=0.00 secs] 
[2017-06-04 17:02:15,287] [GC (Allocation Failure) [ParNew: 273038K->288K(306688K), 0.0091501 secs] 274343K->1593K(2587392K), 0.0092104 secs] [Times: user=0.03 sys=0.00, real=0.01 secs] 
[2017-06-04 17:02:15,476] [GC (GCLocker Initiated GC) [ParNew: 272982K->310K(306688K), 0.0095573 secs] 274287K->1615K(2587392K), 0.0096201 secs] [Times: user=0.04 sys=0.00, real=0.01 secs] 
[2017-06-04 17:02:15,653] [GC (Allocation Failure) [ParNew: 272951K->295K(306688K), 0.0103921 secs] 274256K->1599K(2587392K), 0.0104538 secs] [Times: user=0.04 sys=0.00, real=0.01 secs] 
[2017-06-04 17:02:15,826] [GC (GCLocker Initiated GC) [ParNew: 272980K->286K(306688K), 0.0112588 secs] 274285K->1590K(2587392K), 0.0113139 secs] [Times: user=0.04 sys=0.00, real=0.01 secs] 
[2017-06-04 17:02:16,003] [GC (GCLocker Initiated GC) [ParNew: 272926K->305K(306688K), 0.0090627 secs] 274230K->1610K(2587392K), 0.0091157 secs] [Times: user=0.04 sys=0.00, real=0.01 secs] 
[2017-06-04 17:02:16,171] [GC (GCLocker Initiated GC) [ParNew: 272960K->295K(306688K), 0.0097745 secs] 274265K->1600K(2587392K), 0.0099516 secs] [Times: user=0.04 sys=0.00, real=0.01 secs] 
[2017-06-04 17:02:16,327] [GC (Allocation Failure) [ParNew: 272963K->302K(306688K), 0.0084786 secs] 274268K->1607K(2587392K), 0.0085313 secs] [Times: user=0.03 sys=0.00, real=0.01 secs] 
[2017-06-04 17:02:16,488] [GC (GCLocker Initiated GC) [ParNew: 272947K->280K(306688K), 0.0092255 secs] 274252K->1586K(2587392K), 0.0092762 secs] [Times: user=0.04 sys=0.00, real=0.01 secs] 
[2017-06-04 17:02:16,665] [GC (GCLocker Initiated GC) [ParNew: 273059K->295K(306688K), 0.0183703 secs] 274364K->1600K(2587392K), 0.0184754 secs] [Times: user=0.06 sys=0.00, real=0.02 secs] 
[2017-06-04 17:02:16,838] [GC (Allocation Failure) [ParNew: 272937K->287K(306688K), 0.0095975 secs] 274242K->1592K(2587392K), 0.0096846 secs] [Times: user=0.03 sys=0.00, real=0.01 secs] 
[2017-06-04 17:02:17,011] [GC (GCLocker Initiated GC) [ParNew: 272941K->308K(306688K), 0.0098274 secs] 274247K->1614K(2587392K), 0.0098821 secs] [Times: user=0.03 sys=0.00, real=0.01 secs] 
[2017-06-04 17:02:17,175] [GC (Allocation Failure) [ParNew: 272952K->288K(306688K), 0.0098334 secs] 274258K->1594K(2587392K), 0.0098881 secs] [Times: user=0.03 sys=0.00, real=0.01 secs] 
[2017-06-04 17:02:17,346] [GC (Allocation Failure) [ParNew: 272929K->287K(306688K), 0.0131335 secs] 274235K->1593K(2587392K), 0.0132147 secs] [Times: user=0.04 sys=0.00, real=0.02 secs] 
[2017-06-04 17:02:17,505] [GC (Allocation Failure) [ParNew: 272927K->292K(306688K), 0.0088113 secs] 274233K->1597K(2587392K), 0.0088665 secs] [Times: user=0.03 sys=0.00, real=0.00 secs] 
[2017-06-04 17:02:17,661] [GC (GCLocker Initiated GC) [ParNew: 272942K->288K(306688K), 0.0107370 secs] 274248K->1594K(2587392K), 0.0107927 secs] [Times: user=0.04 sys=0.00, real=0.01 secs] 
[2017-06-04 17:02:17,822] [GC (Allocation Failure) [ParNew: 272937K->280K(306688K), 0.0088609 secs] 274242K->1586K(2587392K), 0.0089250 secs] [Times: user=0.04 sys=0.00, real=0.01 secs] 
[2017-06-04 17:02:17,987] [GC (Allocation Failure) [ParNew: 272926K->293K(306688K), 0.0097361 secs] 274232K->1599K(2587392K), 0.0098233 secs] [Times: user=0.04 sys=0.00, real=0.01 secs] 
[2017-06-04 17:02:18,148] [GC (GCLocker Initiated GC) [ParNew: 273035K->305K(306688K), 0.0090000 secs] 274341K->1611K(2587392K), 0.0090750 secs] [Times: user=0.03 sys=0.00, real=0.01 secs] 
[2017-06-04 17:02:18,308] [GC (GCLocker Initiated GC) [ParNew: 272945K->297K(306688K), 0.0099559 secs] 274251K->1603K(2587392K), 0.0100183 secs] [Times: user=0.04 sys=0.00, real=0.01 secs] 
[2017-06-04 17:02:18,473] [GC (Allocation Failure) [ParNew: 272937K->284K(306688K), 0.0087572 secs] 274243K->1590K(2587392K), 0.0088691 secs] [Times: user=0.03 sys=0.00, real=0.01 secs] 
[2017-06-04 17:02:18,633] [GC (GCLocker Initiated GC) [ParNew: 272933K->286K(306688K), 0.0097116 secs] 274239K->1593K(2587392K), 0.0097997 secs] [Times: user=0.04 sys=0.00, real=0.01 secs] 
[2017-06-04 17:02:18,797] [GC (GCLocker Initiated GC) [ParNew: 272956K->295K(306688K), 0.0088428 secs] 274263K->1601K(2587392K), 0.0089188 secs] [Times: user=0.03 sys=0.00, real=0.01 secs] 
[2017-06-04 17:02:18,956] [GC (Allocation Failure) [ParNew: 272935K->296K(306688K), 0.0121217 secs] 274241K->1602K(2587392K), 0.0121791 secs] [Times: user=0.03 sys=0.00, real=0.02 secs] 
[2017-06-04 17:02:19,119] [GC (Allocation Failure) [ParNew: 272936K->301K(306688K), 0.0084786 secs] 274242K->1608K(2587392K), 0.0085290 secs] [Times: user=0.03 sys=0.00, real=0.01 secs] 
[2017-06-04 17:02:19,276] [GC (Allocation Failure) [ParNew: 272997K->300K(306688K), 0.0117273 secs] 274303K->1607K(2587392K), 0.0117914 secs] [Times: user=0.03 sys=0.00, real=0.02 secs] 
[2017-06-04 17:02:19,445] [GC (Allocation Failure) [ParNew: 272940K->285K(306688K), 0.0134366 secs] 274247K->1592K(2587392K), 0.0135163 secs] [Times: user=0.04 sys=0.00, real=0.02 secs] 
[2017-06-04 17:02:19,616] [GC (GCLocker Initiated GC) [ParNew: 273115K->290K(306688K), 0.0097861 secs] 274422K->1596K(2587392K), 0.0098561 secs] [Times: user=0.03 sys=0.00, real=0.01 secs] 
[2017-06-04 17:02:19,774] [GC (GCLocker Initiated GC) [ParNew: 272935K->282K(306688K), 0.0095707 secs] 274242K->1589K(2587392K), 0.0096221 secs] [Times: user=0.03 sys=0.00, real=0.00 secs] 
[2017-06-04 17:02:19,933] [GC (GCLocker Initiated GC) [ParNew: 272926K->293K(306688K), 0.0116453 secs] 274233K->1599K(2587392K), 0.0118193 secs] [Times: user=0.04 sys=0.00, real=0.01 secs] 
[2017-06-04 17:02:20,106] [GC (Allocation Failure) [ParNew: 272933K->295K(306688K), 0.0135568 secs] 274239K->1602K(2587392K), 0.0136193 secs] [Times: user=0.03 sys=0.00, real=0.02 secs] 
[2017-06-04 17:02:20,278] [GC (Allocation Failure) [ParNew: 272942K->315K(306688K), 0.0106948 secs] 274249K->1622K(2587392K), 0.0107774 secs] [Times: user=0.04 sys=0.00, real=0.01 secs] 
[2017-06-04 17:02:20,456] [GC (Allocation Failure) [ParNew: 272964K->293K(306688K), 0.0107188 secs] 274271K->1600K(2587392K), 0.0107807 secs] [Times: user=0.04 sys=0.00, real=0.01 secs] 
[2017-06-04 17:02:20,625] [GC (Allocation Failure) [ParNew: 272933K->286K(306688K), 0.0103536 secs] 274240K->1594K(2587392K), 0.0104413 secs] [Times: user=0.04 sys=0.00, real=0.02 secs] 
[2017-06-04 17:02:20,796] [GC (GCLocker Initiated GC) [ParNew: 272929K->277K(306688K), 0.0106740 secs] 274236K->1584K(2587392K), 0.0107376 secs] [Times: user=0.04 sys=0.00, real=0.01 secs] 
[2017-06-04 17:02:20,977] [GC (GCLocker Initiated GC) [ParNew: 272918K->280K(306688K), 0.0124794 secs] 274225K->1587K(2587392K), 0.0125337 secs] [Times: user=0.05 sys=0.00, real=0.01 secs] 
[2017-06-04 17:02:21,154] [GC (GCLocker Initiated GC) [ParNew: 272920K->287K(306688K), 0.0099637 secs] 274227K->1594K(2587392K), 0.0101323 secs] [Times: user=0.04 sys=0.00, real=0.01 secs] 
[2017-06-04 17:02:21,327] [GC (Allocation Failure) [ParNew: 272927K->290K(306688K), 0.0103223 secs] 274234K->1597K(2587392K), 0.0104441 secs] [Times: user=0.04 sys=0.00, real=0.01 secs] 
[2017-06-04 17:02:21,499] [GC (GCLocker Initiated GC) [ParNew: 272992K->283K(306688K), 0.0120583 secs] 274300K->1590K(2587392K), 0.0121280 secs] [Times: user=0.05 sys=0.00, real=0.01 secs] 
[2017-06-04 17:02:21,660] [GC (Allocation Failure) [ParNew: 272951K->307K(306688K), 0.0087003 secs] 274259K->1614K(2587392K), 0.0087844 secs] [Times: user=0.04 sys=0.00, real=0.01 secs] 
[2017-06-04 17:02:21,819] [GC (Allocation Failure) [ParNew: 272970K->293K(306688K), 0.0093618 secs] 274277K->1600K(2587392K), 0.0094120 secs] [Times: user=0.03 sys=0.00, real=0.01 secs] 
[2017-06-04 17:02:21,982] [GC (GCLocker Initiated GC) [ParNew: 273039K->285K(306688K), 0.0139074 secs] 274347K->1593K(2587392K), 0.0139774 secs] [Times: user=0.04 sys=0.00, real=0.01 secs] 
[2017-06-04 17:02:22,141] [GC (GCLocker Initiated GC) [ParNew: 272936K->289K(306688K), 0.0125650 secs] 274244K->1597K(2587392K), 0.0126329 secs] [Times: user=0.04 sys=0.00, real=0.01 secs] 
[2017-06-04 17:02:22,305] [GC (Allocation Failure) [ParNew: 272929K->285K(306688K), 0.0103290 secs] 274237K->1593K(2587392K), 0.0103935 secs] [Times: user=0.04 sys=0.00, real=0.01 secs] 
[2017-06-04 17:02:22,479] [GC (Allocation Failure) [ParNew: 272958K->298K(306688K), 0.0131795 secs] 274265K->1606K(2587392K), 0.0132442 secs] [Times: user=0.04 sys=0.00, real=0.01 secs] 
[2017-06-04 17:02:22,650] [GC (Allocation Failure) [ParNew: 272938K->284K(306688K), 0.0137875 secs] 274246K->1592K(2587392K), 0.0138676 secs] [Times: user=0.04 sys=0.00, real=0.01 secs] 
[2017-06-04 17:02:22,814] [GC (Allocation Failure) [ParNew: 272924K->289K(306688K), 0.0131988 secs] 274232K->1597K(2587392K), 0.0132998 secs] [Times: user=0.04 sys=0.00, real=0.01 secs] 
[2017-06-04 17:02:22,979] [GC (Allocation Failure) [ParNew: 273092K->327K(306688K), 0.0099893 secs] 274400K->1635K(2587392K), 0.0100582 secs] [Times: user=0.04 sys=0.00, real=0.01 secs] 
[2017-06-04 17:02:23,150] [GC (GCLocker Initiated GC) [ParNew: 272968K->296K(306688K), 0.0098724 secs] 274277K->1605K(2587392K), 0.0099314 secs] [Times: user=0.04 sys=0.00, real=0.01 secs] 
[2017-06-04 17:02:23,313] [GC (Allocation Failure) [ParNew: 272992K->292K(306688K), 0.0096708 secs] 274300K->1601K(2587392K), 0.0098404 secs] [Times: user=0.04 sys=0.00, real=0.01 secs] 
[2017-06-04 17:02:23,473] [GC (Allocation Failure) [ParNew: 272937K->295K(306688K), 0.0093674 secs] 274245K->1603K(2587392K), 0.0094222 secs] [Times: user=0.03 sys=0.00, real=0.01 secs] 
[2017-06-04 17:02:23,625] [GC (Allocation Failure) [ParNew: 272950K->287K(306688K), 0.0099808 secs] 274258K->1595K(2587392K), 0.0100365 secs] [Times: user=0.03 sys=0.00, real=0.01 secs] 
[2017-06-04 17:02:23,797] [GC (GCLocker Initiated GC) [ParNew: 273014K->285K(306688K), 0.0098703 secs] 274322K->1594K(2587392K), 0.0099348 secs] [Times: user=0.04 sys=0.00, real=0.01 secs] 
[2017-06-04 17:02:23,961] [GC (Allocation Failure) [ParNew: 272949K->292K(306688K), 0.0113087 secs] 274257K->1601K(2587392K), 0.0113781 secs] [Times: user=0.04 sys=0.00, real=0.01 secs] 
[2017-06-04 17:02:24,120] [GC (GCLocker Initiated GC) [ParNew: 272936K->279K(306688K), 0.0100194 secs] 274244K->1588K(2587392K), 0.0100794 secs] [Times: user=0.03 sys=0.00, real=0.01 secs] 
[2017-06-04 17:02:24,286] [GC (Allocation Failure) [ParNew: 272926K->287K(306688K), 0.0102431 secs] 274235K->1595K(2587392K), 0.0103284 secs] [Times: user=0.04 sys=0.00, real=0.02 secs] 
[2017-06-04 17:02:24,459] [GC (Allocation Failure) [ParNew: 272932K->291K(306688K), 0.0128581 secs] 274240K->1600K(2587392K), 0.0130209 secs] [Times: user=0.04 sys=0.00, real=0.02 secs] 
[2017-06-04 17:02:24,625] [GC (Allocation Failure) [ParNew: 272931K->290K(306688K), 0.0100553 secs] 274240K->1599K(2587392K), 0.0101591 secs] [Times: user=0.04 sys=0.00, real=0.01 secs] 
[2017-06-04 17:02:24,794] [GC (Allocation Failure) [ParNew: 272937K->296K(306688K), 0.0106159 secs] 274245K->1605K(2587392K), 0.0107743 secs] [Times: user=0.04 sys=0.00, real=0.01 secs] 
[2017-06-04 17:02:24,962] [GC (Allocation Failure) [ParNew: 272945K->303K(306688K), 0.0106853 secs] 274254K->1612K(2587392K), 0.0107699 secs] [Times: user=0.04 sys=0.00, real=0.01 secs] 
[2017-06-04 17:02:25,144] [GC (Allocation Failure) [ParNew: 272970K->289K(306688K), 0.0168562 secs] 274279K->1598K(2587392K), 0.0169692 secs] [Times: user=0.05 sys=0.00, real=0.01 secs] 
[2017-06-04 17:02:25,336] [GC (GCLocker Initiated GC) [ParNew: 272967K->290K(306688K), 0.0150776 secs] 274276K->1599K(2587392K), 0.0152111 secs] [Times: user=0.04 sys=0.00, real=0.02 secs] 
[2017-06-04 17:02:25,504] [GC (Allocation Failure) [ParNew: 272937K->293K(306688K), 0.0103304 secs] 274246K->1603K(2587392K), 0.0104184 secs] [Times: user=0.03 sys=0.00, real=0.01 secs] 
[2017-06-04 17:02:25,667] [GC (GCLocker Initiated GC) [ParNew: 272960K->280K(306688K), 0.0109671 secs] 274269K->1590K(2587392K), 0.0110367 secs] [Times: user=0.03 sys=0.00, real=0.01 secs] 
[2017-06-04 17:02:25,831] [GC (Allocation Failure) [ParNew: 273514K->290K(306688K), 0.0117506 secs] 274823K->1599K(2587392K), 0.0118142 secs] [Times: user=0.05 sys=0.00, real=0.01 secs] 
[2017-06-04 17:02:25,993] [GC (GCLocker Initiated GC) [ParNew: 272947K->299K(306688K), 0.0094323 secs] 274257K->1608K(2587392K), 0.0095612 secs] [Times: user=0.03 sys=0.00, real=0.01 secs] 
[2017-06-04 17:02:26,163] [GC (Allocation Failure) [ParNew: 272939K->323K(306688K), 0.0095161 secs] 274248K->1633K(2587392K), 0.0095731 secs] [Times: user=0.04 sys=0.00, real=0.01 secs] 
[2017-06-04 17:02:26,321] [GC (Allocation Failure) [ParNew: 272963K->289K(306688K), 0.0094362 secs] 274273K->1598K(2587392K), 0.0094903 secs] [Times: user=0.04 sys=0.00, real=0.01 secs] 
[2017-06-04 17:02:26,481] [GC (GCLocker Initiated GC) [ParNew: 272942K->295K(306688K), 0.0093120 secs] 274252K->1605K(2587392K), 0.0093757 secs] [Times: user=0.04 sys=0.00, real=0.01 secs] 
[2017-06-04 17:02:26,636] [GC (GCLocker Initiated GC) [ParNew: 273037K->307K(306688K), 0.0094756 secs] 274347K->1617K(2587392K), 0.0095263 secs] [Times: user=0.03 sys=0.00, real=0.01 secs] 
[2017-06-04 17:02:26,811] [GC (Allocation Failure) [ParNew: 272955K->304K(306688K), 0.0099878 secs] 274265K->1613K(2587392K), 0.0100742 secs] [Times: user=0.04 sys=0.00, real=0.01 secs] 
[2017-06-04 17:02:26,980] [GC (Allocation Failure) [ParNew: 272963K->284K(306688K), 0.0099575 secs] 274273K->1594K(2587392K), 0.0100227 secs] [Times: user=0.04 sys=0.00, real=0.01 secs] 
[2017-06-04 17:02:27,158] [GC (Allocation Failure) [ParNew: 272924K->294K(306688K), 0.0110050 secs] 274234K->1604K(2587392K), 0.0110852 secs] [Times: user=0.04 sys=0.00, real=0.01 secs] 
[2017-06-04 17:02:27,347] [GC (GCLocker Initiated GC) [ParNew: 272935K->284K(306688K), 0.0142198 secs] 274245K->1594K(2587392K), 0.0142934 secs] [Times: user=0.04 sys=0.00, real=0.02 secs] 
[2017-06-04 17:02:27,519] [GC (Allocation Failure) [ParNew: 272924K->288K(306688K), 0.0102151 secs] 274234K->1599K(2587392K), 0.0103973 secs] [Times: user=0.04 sys=0.00, real=0.01 secs] 
[2017-06-04 17:02:27,682] [GC (Allocation Failure) [ParNew: 272930K->281K(306688K), 0.0101429 secs] 274241K->1591K(2587392K), 0.0102187 secs] [Times: user=0.04 sys=0.00, real=0.01 secs] 
[2017-06-04 17:02:27,851] [GC (Allocation Failure) [ParNew: 273282K->294K(306688K), 0.0116954 secs] 274592K->1605K(2587392K), 0.0117581 secs] [Times: user=0.03 sys=0.01, real=0.01 secs] 
[2017-06-04 17:02:28,019] [GC (Allocation Failure) [ParNew: 272962K->294K(306688K), 0.0124197 secs] 274273K->1604K(2587392K), 0.0124917 secs] [Times: user=0.05 sys=0.00, real=0.01 secs] 
[2017-06-04 17:02:28,179] [GC (Allocation Failure) [ParNew: 272948K->296K(306688K), 0.0094638 secs] 274258K->1606K(2587392K), 0.0095266 secs] [Times: user=0.04 sys=0.00, real=0.01 secs] 
[2017-06-04 17:02:28,359] [GC (GCLocker Initiated GC) [ParNew: 272943K->287K(306688K), 0.0102282 secs] 274253K->1598K(2587392K), 0.0102851 secs] [Times: user=0.04 sys=0.00, real=0.01 secs] 
[2017-06-04 17:02:28,534] [GC (Allocation Failure) [ParNew: 272927K->293K(306688K), 0.0108563 secs] 274238K->1604K(2587392K), 0.0109171 secs] [Times: user=0.04 sys=0.00, real=0.01 secs] 
[2017-06-04 17:02:28,702] [GC (Allocation Failure) [ParNew: 272933K->281K(306688K), 0.0110438 secs] 274244K->1592K(2587392K), 0.0111080 secs] [Times: user=0.04 sys=0.00, real=0.01 secs] 
[2017-06-04 17:02:28,874] [GC (Allocation Failure) [ParNew: 272934K->292K(306688K), 0.0103763 secs] 274245K->1602K(2587392K), 0.0104407 secs] [Times: user=0.04 sys=0.00, real=0.01 secs] 
[2017-06-04 17:02:29,047] [GC (GCLocker Initiated GC) [ParNew: 273562K->293K(306688K), 0.0104361 secs] 274872K->1603K(2587392K), 0.0106290 secs] [Times: user=0.04 sys=0.00, real=0.02 secs] 
[2017-06-04 17:02:29,216] [GC (Allocation Failure) [ParNew: 272942K->294K(306688K), 0.0106564 secs] 274253K->1605K(2587392K), 0.0107449 secs] [Times: user=0.04 sys=0.00, real=0.01 secs] 
[2017-06-04 17:02:29,379] [GC (Allocation Failure) [ParNew: 272934K->283K(306688K), 0.0117588 secs] 274245K->1594K(2587392K), 0.0118685 secs] [Times: user=0.04 sys=0.00, real=0.01 secs] 
[2017-06-04 17:02:29,553] [GC (Allocation Failure) [ParNew: 272958K->293K(306688K), 0.0099506 secs] 274269K->1605K(2587392K), 0.0100181 secs] [Times: user=0.04 sys=0.00, real=0.01 secs] 
[2017-06-04 17:02:29,731] [GC (Allocation Failure) [ParNew: 272933K->298K(306688K), 0.0102000 secs] 274245K->1609K(2587392K), 0.0102578 secs] [Times: user=0.04 sys=0.00, real=0.01 secs] 
[2017-06-04 17:02:29,903] [GC (Allocation Failure) [ParNew: 272942K->302K(306688K), 0.0096771 secs] 274253K->1613K(2587392K), 0.0097844 secs] [Times: user=0.03 sys=0.00, real=0.01 secs] 
[2017-06-04 17:02:30,084] [GC (Allocation Failure) [ParNew: 273086K->296K(306688K), 0.0114412 secs] 274397K->1607K(2587392K), 0.0115045 secs] [Times: user=0.04 sys=0.00, real=0.01 secs] 
[2017-06-04 17:02:30,298] [GC (Allocation Failure) [ParNew: 272939K->310K(306688K), 0.0097097 secs] 274250K->1621K(2587392K), 0.0097693 secs] [Times: user=0.04 sys=0.00, real=0.01 secs] 
[2017-06-04 17:02:30,460] [GC (Allocation Failure) [ParNew: 272956K->285K(306688K), 0.0108699 secs] 274267K->1596K(2587392K), 0.0109297 secs] [Times: user=0.04 sys=0.00, real=0.01 secs] 
[2017-06-04 17:02:30,625] [GC (GCLocker Initiated GC) [ParNew: 272928K->297K(306688K), 0.0092649 secs] 274239K->1609K(2587392K), 0.0093356 secs] [Times: user=0.03 sys=0.00, real=0.01 secs] 
[2017-06-04 17:02:30,781] [GC (Allocation Failure) [ParNew: 272978K->286K(306688K), 0.0093108 secs] 274289K->1598K(2587392K), 0.0093757 secs] [Times: user=0.04 sys=0.00, real=0.01 secs] 
[2017-06-04 17:02:30,953] [GC (GCLocker Initiated GC) [ParNew: 272994K->292K(306688K), 0.0100286 secs] 274306K->1603K(2587392K), 0.0101002 secs] [Times: user=0.03 sys=0.00, real=0.01 secs] 
[2017-06-04 17:02:31,121] [GC (Allocation Failure) [ParNew: 272932K->297K(306688K), 0.0105744 secs] 274243K->1609K(2587392K), 0.0106372 secs] [Times: user=0.04 sys=0.00, real=0.01 secs] 
[2017-06-04 17:02:31,281] [GC (Allocation Failure) [ParNew: 273037K->304K(306688K), 0.0088644 secs] 274349K->1616K(2587392K), 0.0089447 secs] [Times: user=0.03 sys=0.00, real=0.01 secs] 
[2017-06-04 17:02:31,460] [GC (GCLocker Initiated GC) [ParNew: 273080K->296K(306688K), 0.0097350 secs] 274392K->1608K(2587392K), 0.0098146 secs] [Times: user=0.03 sys=0.00, real=0.01 secs] 
[2017-06-04 17:02:31,630] [GC (Allocation Failure) [ParNew: 272986K->287K(306688K), 0.0097318 secs] 274298K->1599K(2587392K), 0.0097831 secs] [Times: user=0.04 sys=0.00, real=0.01 secs] 
[2017-06-04 17:02:31,791] [GC (Allocation Failure) [ParNew: 272938K->289K(306688K), 0.0094307 secs] 274250K->1601K(2587392K), 0.0095059 secs] [Times: user=0.03 sys=0.00, real=0.01 secs] 
[2017-06-04 17:02:31,958] [GC (GCLocker Initiated GC) [ParNew: 272945K->292K(306688K), 0.0099589 secs] 274257K->1604K(2587392K), 0.0100130 secs] [Times: user=0.04 sys=0.00, real=0.01 secs] 
[2017-06-04 17:02:32,115] [GC (Allocation Failure) [ParNew: 272936K->294K(306688K), 0.0089388 secs] 274248K->1606K(2587392K), 0.0089917 secs] [Times: user=0.04 sys=0.01, real=0.01 secs] 
[2017-06-04 17:02:32,279] [GC (Allocation Failure) [ParNew: 272934K->287K(306688K), 0.0100501 secs] 274246K->1599K(2587392K), 0.0101237 secs] [Times: user=0.04 sys=0.00, real=0.01 secs] 
[2017-06-04 17:02:32,442] [GC (Allocation Failure) [ParNew: 272927K->280K(306688K), 0.0103670 secs] 274239K->1592K(2587392K), 0.0105016 secs] [Times: user=0.04 sys=0.00, real=0.01 secs] 
[2017-06-04 17:02:32,630] [GC (Allocation Failure) [ParNew: 272976K->289K(306688K), 0.0128254 secs] 274288K->1602K(2587392K), 0.0128892 secs] [Times: user=0.05 sys=0.00, real=0.01 secs] 
[2017-06-04 17:02:32,792] [GC (GCLocker Initiated GC) [ParNew: 272975K->325K(306688K), 0.0087452 secs] 274288K->1637K(2587392K), 0.0088066 secs] [Times: user=0.03 sys=0.00, real=0.01 secs] 
[2017-06-04 17:02:32,962] [GC (GCLocker Initiated GC) [ParNew: 273142K->289K(306688K), 0.0100041 secs] 274455K->1602K(2587392K), 0.0100940 secs] [Times: user=0.04 sys=0.00, real=0.01 secs] 
[2017-06-04 17:02:33,144] [GC (GCLocker Initiated GC) [ParNew: 272990K->283K(306688K), 0.0103874 secs] 274303K->1596K(2587392K), 0.0104573 secs] [Times: user=0.04 sys=0.00, real=0.01 secs] 
[2017-06-04 17:02:33,323] [GC (GCLocker Initiated GC) [ParNew: 272937K->283K(306688K), 0.0098602 secs] 274250K->1597K(2587392K), 0.0099878 secs] [Times: user=0.04 sys=0.00, real=0.01 secs] 
[2017-06-04 17:02:33,504] [GC (GCLocker Initiated GC) [ParNew: 272972K->290K(306688K), 0.0097793 secs] 274286K->1604K(2587392K), 0.0098373 secs] [Times: user=0.04 sys=0.00, real=0.01 secs] 
[2017-06-04 17:02:33,681] [GC (Allocation Failure) [ParNew: 272930K->292K(306688K), 0.0109250 secs] 274244K->1606K(2587392K), 0.0110600 secs] [Times: user=0.04 sys=0.00, real=0.01 secs] 
[2017-06-04 17:02:33,857] [GC (GCLocker Initiated GC) [ParNew: 273120K->287K(306688K), 0.0097838 secs] 274434K->1601K(2587392K), 0.0098508 secs] [Times: user=0.04 sys=0.00, real=0.01 secs] 
[2017-06-04 17:02:34,035] [GC (Allocation Failure) [ParNew: 272932K->336K(306688K), 0.0102832 secs] 274246K->1650K(2587392K), 0.0103980 secs] [Times: user=0.04 sys=0.00, real=0.01 secs] 
[2017-06-04 17:02:34,214] [GC (GCLocker Initiated GC) [ParNew: 273021K->294K(306688K), 0.0114096 secs] 274335K->1608K(2587392K), 0.0114675 secs] [Times: user=0.04 sys=0.00, real=0.01 secs] 
[2017-06-04 17:02:34,390] [GC (Allocation Failure) [ParNew: 272934K->286K(306688K), 0.0098605 secs] 274248K->1600K(2587392K), 0.0100793 secs] [Times: user=0.03 sys=0.00, real=0.01 secs] 
[2017-06-04 17:02:34,548] [GC (Allocation Failure) [ParNew: 272926K->285K(306688K), 0.0102134 secs] 274240K->1599K(2587392K), 0.0103513 secs] [Times: user=0.04 sys=0.00, real=0.01 secs] 
[2017-06-04 17:02:34,716] [GC (Allocation Failure) [ParNew: 272925K->283K(306688K), 0.0104360 secs] 274239K->1597K(2587392K), 0.0104992 secs] [Times: user=0.04 sys=0.00, real=0.01 secs] 
[2017-06-04 17:02:34,902] [GC (Allocation Failure) [ParNew: 272923K->287K(306688K), 0.0109371 secs] 274237K->1602K(2587392K), 0.0109985 secs] [Times: user=0.04 sys=0.00, real=0.01 secs] 
[2017-06-04 17:02:35,076] [GC (Allocation Failure) [ParNew: 272927K->320K(306688K), 0.0099115 secs] 274242K->1635K(2587392K), 0.0099738 secs] [Times: user=0.04 sys=0.00, real=0.01 secs] 
[2017-06-04 17:02:35,261] [GC (Allocation Failure) [ParNew: 272960K->301K(306688K), 0.0097223 secs] 274275K->1616K(2587392K), 0.0097784 secs] [Times: user=0.04 sys=0.00, real=0.01 secs] 
[2017-06-04 17:02:35,439] [GC (Allocation Failure) [ParNew: 272953K->287K(306688K), 0.0100343 secs] 274268K->1602K(2587392K), 0.0100941 secs] [Times: user=0.03 sys=0.00, real=0.01 secs] 
[2017-06-04 17:02:35,618] [GC (Allocation Failure) [ParNew: 272967K->320K(306688K), 0.0092944 secs] 274282K->1635K(2587392K), 0.0094721 secs] [Times: user=0.03 sys=0.00, real=0.01 secs] 
[2017-06-04 17:02:35,800] [GC (Allocation Failure) [ParNew: 272964K->290K(306688K), 0.0102640 secs] 274279K->1605K(2587392K), 0.0104000 secs] [Times: user=0.04 sys=0.00, real=0.01 secs] 
[2017-06-04 17:02:35,984] [GC (Allocation Failure) [ParNew: 272937K->286K(306688K), 0.0140358 secs] 274252K->1602K(2587392K), 0.0142164 secs] [Times: user=0.04 sys=0.00, real=0.01 secs] 
[2017-06-04 17:02:36,157] [GC (Allocation Failure) [ParNew: 272995K->306K(306688K), 0.0096772 secs] 274311K->1621K(2587392K), 0.0097638 secs] [Times: user=0.04 sys=0.00, real=0.01 secs] 
[2017-06-04 17:02:36,334] [GC (GCLocker Initiated GC) [ParNew: 272953K->293K(306688K), 0.0101776 secs] 274268K->1608K(2587392K), 0.0102595 secs] [Times: user=0.03 sys=0.00, real=0.01 secs] 
[2017-06-04 17:02:36,513] [GC (GCLocker Initiated GC) [ParNew: 272953K->312K(306688K), 0.0095490 secs] 274268K->1628K(2587392K), 0.0096173 secs] [Times: user=0.03 sys=0.00, real=0.01 secs] 
[2017-06-04 17:02:36,696] [GC (Allocation Failure) [ParNew: 272955K->294K(306688K), 0.0157479 secs] 274271K->1610K(2587392K), 0.0158072 secs] [Times: user=0.04 sys=0.00, real=0.01 secs] 
[2017-06-04 17:02:36,880] [GC (Allocation Failure) [ParNew: 272937K->287K(306688K), 0.0103337 secs] 274253K->1602K(2587392K), 0.0104248 secs] [Times: user=0.03 sys=0.00, real=0.01 secs] 
[2017-06-04 17:02:37,054] [GC (Allocation Failure) [ParNew: 272934K->296K(306688K), 0.0106351 secs] 274250K->1611K(2587392K), 0.0107007 secs] [Times: user=0.04 sys=0.00, real=0.01 secs] 
[2017-06-04 17:02:37,246] [GC (Allocation Failure) [ParNew: 272936K->312K(306688K), 0.0102365 secs] 274251K->1628K(2587392K), 0.0104545 secs] [Times: user=0.03 sys=0.00, real=0.01 secs] 
[2017-06-04 17:02:37,446] [GC (Allocation Failure) [ParNew: 272952K->289K(306688K), 0.0141455 secs] 274268K->1604K(2587392K), 0.0143512 secs] [Times: user=0.05 sys=0.00, real=0.01 secs] 
[2017-06-04 17:02:37,634] [GC (GCLocker Initiated GC) [ParNew: 272930K->321K(306688K), 0.0099464 secs] 274245K->1637K(2587392K), 0.0100651 secs] [Times: user=0.04 sys=0.00, real=0.01 secs] 
[2017-06-04 17:02:37,799] [GC (Allocation Failure) [ParNew: 272965K->298K(306688K), 0.0100496 secs] 274281K->1614K(2587392K), 0.0101217 secs] [Times: user=0.03 sys=0.00, real=0.01 secs] 
[2017-06-04 17:02:37,972] [GC (Allocation Failure) [ParNew: 272946K->289K(306688K), 0.0098098 secs] 274262K->1605K(2587392K), 0.0098675 secs] [Times: user=0.04 sys=0.00, real=0.01 secs] 
[2017-06-04 17:02:38,170] [GC (Allocation Failure) [ParNew: 272953K->292K(306688K), 0.0120981 secs] 274269K->1608K(2587392K), 0.0121722 secs] [Times: user=0.04 sys=0.00, real=0.01 secs] 
[2017-06-04 17:02:38,392] [GC (GCLocker Initiated GC) [ParNew: 273083K->292K(306688K), 0.0226875 secs] 274399K->1608K(2587392K), 0.0227489 secs] [Times: user=0.07 sys=0.00, real=0.02 secs] 
[2017-06-04 17:02:38,614] [GC (Allocation Failure) [ParNew: 273017K->288K(306688K), 0.0234613 secs] 274333K->1604K(2587392K), 0.0235345 secs] [Times: user=0.07 sys=0.01, real=0.02 secs] 
[2017-06-04 17:02:38,839] [GC (GCLocker Initiated GC) [ParNew: 272928K->291K(306688K), 0.0143113 secs] 274245K->1607K(2587392K), 0.0144068 secs] [Times: user=0.05 sys=0.00, real=0.02 secs] 
[2017-06-04 17:02:39,026] [GC (Allocation Failure) [ParNew: 272937K->293K(306688K), 0.0101392 secs] 274253K->1610K(2587392K), 0.0102070 secs] [Times: user=0.04 sys=0.00, real=0.01 secs] 
[2017-06-04 17:02:39,256] [GC (Allocation Failure) [ParNew: 272933K->297K(306688K), 0.0147055 secs] 274250K->1614K(2587392K), 0.0147670 secs] [Times: user=0.04 sys=0.00, real=0.01 secs] 
[2017-06-04 17:02:39,420] [GC (Allocation Failure) [ParNew: 272940K->285K(306688K), 0.0097210 secs] 274257K->1602K(2587392K), 0.0097953 secs] [Times: user=0.03 sys=0.00, real=0.01 secs] 
[2017-06-04 17:02:39,588] [GC (Allocation Failure) [ParNew: 272925K->334K(306688K), 0.0098310 secs] 274242K->1651K(2587392K), 0.0099034 secs] [Times: user=0.04 sys=0.00, real=0.01 secs] 
[2017-06-04 17:02:39,774] [GC (GCLocker Initiated GC) [ParNew: 273125K->295K(306688K), 0.0101258 secs] 274442K->1612K(2587392K), 0.0101868 secs] [Times: user=0.04 sys=0.00, real=0.01 secs] 
[2017-06-04 17:02:39,941] [GC (Allocation Failure) [ParNew: 272935K->290K(306688K), 0.0093555 secs] 274252K->1607K(2587392K), 0.0094074 secs] [Times: user=0.04 sys=0.00, real=0.01 secs] 
[2017-06-04 17:02:40,121] [GC (Allocation Failure) [ParNew: 272930K->293K(306688K), 0.0108827 secs] 274247K->1610K(2587392K), 0.0110345 secs] [Times: user=0.04 sys=0.00, real=0.01 secs] 
[2017-06-04 17:02:40,296] [GC (Allocation Failure) [ParNew: 272933K->287K(306688K), 0.0135317 secs] 274250K->1604K(2587392K), 0.0136016 secs] [Times: user=0.04 sys=0.01, real=0.01 secs] 
[2017-06-04 17:02:40,471] [GC (Allocation Failure) [ParNew: 272927K->285K(306688K), 0.0100850 secs] 274244K->1602K(2587392K), 0.0101530 secs] [Times: user=0.03 sys=0.00, real=0.01 secs] 
[2017-06-04 17:02:40,636] [GC (Allocation Failure) [ParNew: 272932K->290K(306688K), 0.0090422 secs] 274249K->1608K(2587392K), 0.0091096 secs] [Times: user=0.04 sys=0.00, real=0.01 secs] 
[2017-06-04 17:02:40,810] [GC (Allocation Failure) [ParNew: 272930K->287K(306688K), 0.0114305 secs] 274248K->1604K(2587392K), 0.0114967 secs] [Times: user=0.04 sys=0.00, real=0.01 secs] 
[2017-06-04 17:02:40,996] [GC (GCLocker Initiated GC) [ParNew: 272976K->282K(306688K), 0.0099922 secs] 274293K->1599K(2587392K), 0.0101650 secs] [Times: user=0.03 sys=0.00, real=0.01 secs] 
[2017-06-04 17:02:41,194] [GC (GCLocker Initiated GC) [ParNew: 272986K->314K(306688K), 0.0146603 secs] 274303K->1631K(2587392K), 0.0147419 secs] [Times: user=0.04 sys=0.00, real=0.01 secs] 
[2017-06-04 17:02:41,385] [GC (GCLocker Initiated GC) [ParNew: 273001K->292K(306688K), 0.0105040 secs] 274318K->1609K(2587392K), 0.0106185 secs] [Times: user=0.03 sys=0.00, real=0.01 secs] 
[2017-06-04 17:02:41,566] [GC (GCLocker Initiated GC) [ParNew: 272944K->326K(306688K), 0.0104116 secs] 274261K->1644K(2587392K), 0.0105336 secs] [Times: user=0.04 sys=0.00, real=0.01 secs] 
[2017-06-04 17:02:41,740] [GC (GCLocker Initiated GC) [ParNew: 272971K->286K(306688K), 0.0097973 secs] 274289K->1604K(2587392K), 0.0099858 secs] [Times: user=0.03 sys=0.00, real=0.01 secs] 
[2017-06-04 17:02:41,916] [GC (Allocation Failure) [ParNew: 272926K->283K(306688K), 0.0104353 secs] 274244K->1601K(2587392K), 0.0105613 secs] [Times: user=0.04 sys=0.00, real=0.01 secs] 
[2017-06-04 17:02:42,093] [GC (Allocation Failure) [ParNew: 272923K->289K(306688K), 0.0115674 secs] 274241K->1607K(2587392K), 0.0116495 secs] [Times: user=0.03 sys=0.01, real=0.01 secs] 
[2017-06-04 17:02:42,268] [GC (GCLocker Initiated GC) [ParNew: 272930K->287K(306688K), 0.0119653 secs] 274247K->1605K(2587392K), 0.0120450 secs] [Times: user=0.04 sys=0.00, real=0.01 secs] 
[2017-06-04 17:02:42,436] [GC (Allocation Failure) [ParNew: 272963K->295K(306688K), 0.0097391 secs] 274281K->1613K(2587392K), 0.0098047 secs] [Times: user=0.04 sys=0.00, real=0.01 secs] 
[2017-06-04 17:02:42,611] [GC (GCLocker Initiated GC) [ParNew: 273030K->286K(306688K), 0.0120831 secs] 274348K->1604K(2587392K), 0.0121447 secs] [Times: user=0.04 sys=0.00, real=0.01 secs] 
[2017-06-04 17:02:42,798] [GC (Allocation Failure) [ParNew: 272926K->290K(306688K), 0.0120647 secs] 274244K->1608K(2587392K), 0.0121240 secs] [Times: user=0.04 sys=0.00, real=0.01 secs] 
[2017-06-04 17:02:42,975] [GC (GCLocker Initiated GC) [ParNew: 272947K->282K(306688K), 0.0125287 secs] 274265K->1600K(2587392K), 0.0125860 secs] [Times: user=0.03 sys=0.00, real=0.01 secs] 
[2017-06-04 17:02:43,153] [GC (GCLocker Initiated GC) [ParNew: 273085K->316K(306688K), 0.0099335 secs] 274404K->1634K(2587392K), 0.0100011 secs] [Times: user=0.04 sys=0.00, real=0.01 secs] 
[2017-06-04 17:02:43,318] [GC (GCLocker Initiated GC) [ParNew: 272959K->322K(306688K), 0.0089700 secs] 274277K->1640K(2587392K), 0.0090507 secs] [Times: user=0.03 sys=0.00, real=0.01 secs] 
[2017-06-04 17:02:43,485] [GC (Allocation Failure) [ParNew: 272963K->254K(306688K), 0.0103056 secs] 274281K->1597K(2587392K), 0.0103723 secs] [Times: user=0.04 sys=0.00, real=0.01 secs] 
[2017-06-04 17:02:43,651] [GC (Allocation Failure) [ParNew: 272894K->256K(306688K), 0.0089499 secs] 274237K->1600K(2587392K), 0.0090018 secs] [Times: user=0.04 sys=0.00, real=0.01 secs] 
[2017-06-04 17:02:43,819] [GC (GCLocker Initiated GC) [ParNew: 272903K->256K(306688K), 0.0104235 secs] 274247K->1600K(2587392K), 0.0104863 secs] [Times: user=0.04 sys=0.00, real=0.01 secs] 
[2017-06-04 17:02:43,979] [GC (Allocation Failure) [ParNew: 272962K->231K(306688K), 0.0085225 secs] 274306K->1600K(2587392K), 0.0085772 secs] [Times: user=0.03 sys=0.00, real=0.01 secs] 
[2017-06-04 17:02:44,141] [GC (Allocation Failure) [ParNew: 272920K->237K(306688K), 0.0118627 secs] 274290K->1607K(2587392K), 0.0119092 secs] [Times: user=0.04 sys=0.00, real=0.01 secs] 
[2017-06-04 17:02:44,322] [GC (GCLocker Initiated GC) [ParNew: 272943K->227K(306688K), 0.0112921 secs] 274312K->1596K(2587392K), 0.0113547 secs] [Times: user=0.04 sys=0.00, real=0.01 secs] 
[2017-06-04 17:02:44,501] [GC (GCLocker Initiated GC) [ParNew: 272867K->246K(306688K), 0.0092397 secs] 274237K->1616K(2587392K), 0.0093722 secs] [Times: user=0.03 sys=0.00, real=0.01 secs] 
[2017-06-04 17:02:44,658] [GC (Allocation Failure) [ParNew: 272886K->206K(306688K), 0.0098791 secs] 274256K->1601K(2587392K), 0.0099425 secs] [Times: user=0.04 sys=0.00, real=0.01 secs] 
[2017-06-04 17:02:44,837] [GC (GCLocker Initiated GC) [ParNew: 272846K->199K(306688K), 0.0091312 secs] 274241K->1594K(2587392K), 0.0091831 secs] [Times: user=0.04 sys=0.00, real=0.01 secs] 
[2017-06-04 17:02:45,016] [GC (Allocation Failure) [ParNew: 272839K->200K(306688K), 0.0098347 secs] 274234K->1595K(2587392K), 0.0098957 secs] [Times: user=0.04 sys=0.00, real=0.01 secs] 
[2017-06-04 17:02:45,195] [GC (Allocation Failure) [ParNew: 272842K->193K(306688K), 0.0092311 secs] 274237K->1589K(2587392K), 0.0092857 secs] [Times: user=0.04 sys=0.00, real=0.01 secs] 
[2017-06-04 17:02:45,392] [GC (Allocation Failure) [ParNew: 272833K->197K(306688K), 0.0170271 secs] 274229K->1592K(2587392K), 0.0170891 secs] [Times: user=0.05 sys=0.00, real=0.02 secs] 
[2017-06-04 17:02:45,640] [GC (Allocation Failure) [ParNew: 272837K->163K(306688K), 0.0091499 secs] 274232K->1585K(2587392K), 0.0092002 secs] [Times: user=0.03 sys=0.00, real=0.01 secs] 
RACE_RESULT||pullNum=40000000||pullCost=59239
KILL_9 Consumer
Finish Run SubTask[bash -c sh ../bin/consume.sh ], Cost 59692 ms
KILL_9 PipeTaskRunner
