{"gitpath":"git@code.aliyun.com:191836400\/open-messaging-demo.git","teamid":"78921","teamCode":"78921g1clv","isvalid":"1","type":"MQ","userid":"1095279144495","taskid":"188115","status":"1"}
Print SubTask:bash -c sh ../bin/download.sh 
Print SubTask:bash -c sh ../bin/compile.sh 
Print SubTask:bash -c sh ../bin/produce.sh 
Print SubTask:bash -c sh ../bin/consume.sh 
Run SubTask bash -c sh ../bin/download.sh 
[2017-06-05 00:17:31,082] Initialized empty Git repository in /home/admin/race2017/78921g1clv/code/.git/
Finish Run SubTask[bash -c sh ../bin/download.sh ], Cost 1081 ms
Run SubTask bash -c sh ../bin/compile.sh 
[2017-06-05 00:17:35,167] [INFO] Scanning for projects...
[2017-06-05 00:17:35,615] [INFO]                                                                         
[2017-06-05 00:17:35,616] [INFO] ------------------------------------------------------------------------
[2017-06-05 00:17:35,617] [INFO] Building open-messaging-demo 1.0
[2017-06-05 00:17:35,617] [INFO] ------------------------------------------------------------------------
[2017-06-05 00:17:35,870] [INFO] 
[2017-06-05 00:17:35,871] [INFO] --- maven-clean-plugin:2.5:clean (default-clean) @ open-messaging-demo ---
[2017-06-05 00:17:36,035] [INFO] 
[2017-06-05 00:17:36,036] [INFO] --- maven-resources-plugin:2.6:resources (default-resources) @ open-messaging-demo ---
[2017-06-05 00:17:36,604] [WARNING] Using platform encoding (UTF-8 actually) to copy filtered resources, i.e. build is platform dependent!
[2017-06-05 00:17:36,611] [INFO] Copying 1 resource
[2017-06-05 00:17:36,647] [INFO] 
[2017-06-05 00:17:36,647] [INFO] --- maven-compiler-plugin:2.3.2:compile (default-compile) @ open-messaging-demo ---
[2017-06-05 00:17:36,849] [INFO] Compiling 61 source files to /home/admin/race2017/78921g1clv/code/target/classes
[2017-06-05 00:17:39,729] [WARNING] /home/admin/race2017/78921g1clv/code/src/main/java/io/openmessaging/demo/snappy/UnsafeMemory.java:[20,15] Unsafe is internal proprietary API and may be removed in a future release
[2017-06-05 00:17:39,729] [WARNING] /home/admin/race2017/78921g1clv/code/src/main/java/io/openmessaging/demo/snappy/UnsafeMemory.java:[27,25] Unsafe is internal proprietary API and may be removed in a future release
[2017-06-05 00:17:39,729] [WARNING] /home/admin/race2017/78921g1clv/code/src/main/java/io/openmessaging/demo/snappy/UnsafeMemory.java:[31,30] Unsafe is internal proprietary API and may be removed in a future release
[2017-06-05 00:17:39,729] [WARNING] /home/admin/race2017/78921g1clv/code/src/main/java/io/openmessaging/demo/snappy/UnsafeMemory.java:[33,22] Unsafe is internal proprietary API and may be removed in a future release
[2017-06-05 00:17:39,730] [INFO] 
[2017-06-05 00:17:39,730] [INFO] --- maven-resources-plugin:2.6:testResources (default-testResources) @ open-messaging-demo ---
[2017-06-05 00:17:39,735] [INFO] Not copying test resources
[2017-06-05 00:17:39,735] [INFO] 
[2017-06-05 00:17:39,735] [INFO] --- maven-compiler-plugin:2.3.2:testCompile (default-testCompile) @ open-messaging-demo ---
[2017-06-05 00:17:39,739] [INFO] Not compiling test sources
[2017-06-05 00:17:39,739] [INFO] 
[2017-06-05 00:17:39,740] [INFO] --- maven-surefire-plugin:2.12.4:test (default-test) @ open-messaging-demo ---
[2017-06-05 00:17:40,413] [INFO] Tests are skipped.
[2017-06-05 00:17:40,414] [INFO] 
[2017-06-05 00:17:40,414] [INFO] --- maven-jar-plugin:2.4:jar (default-jar) @ open-messaging-demo ---
[2017-06-05 00:17:40,950] [INFO] Building jar: /home/admin/race2017/78921g1clv/code/target/open-messaging-demo-1.0.jar
[2017-06-05 00:17:41,023] [INFO] 
[2017-06-05 00:17:41,024] [INFO] --- maven-assembly-plugin:2.2.1:single (make-assembly) @ open-messaging-demo ---
[2017-06-05 00:17:42,480] [INFO] Reading assembly descriptor: src/main/resources/package.xml
[2017-06-05 00:17:43,022] [INFO] Copying files to /home/admin/race2017/78921g1clv/code/target/OpenMessagingDemo
[2017-06-05 00:17:43,062] [WARNING] Assembly file: /home/admin/race2017/78921g1clv/code/target/OpenMessagingDemo is not a regular file (it may be a directory). It cannot be attached to the project build for installation or deployment.
[2017-06-05 00:17:43,062] [INFO]                                                                         
[2017-06-05 00:17:43,062] [INFO] ------------------------------------------------------------------------
[2017-06-05 00:17:43,062] [INFO] Building open-messaging-demo 1.0
[2017-06-05 00:17:43,062] [INFO] ------------------------------------------------------------------------
[2017-06-05 00:17:43,065] [INFO] 
[2017-06-05 00:17:43,065] [INFO] >>> maven-assembly-plugin:2.2.1:assembly (default-cli) > package @ open-messaging-demo >>>
[2017-06-05 00:17:43,072] [INFO] 
[2017-06-05 00:17:43,072] [INFO] --- maven-resources-plugin:2.6:resources (default-resources) @ open-messaging-demo ---
[2017-06-05 00:17:43,074] [WARNING] Using platform encoding (UTF-8 actually) to copy filtered resources, i.e. build is platform dependent!
[2017-06-05 00:17:43,075] [INFO] Copying 1 resource
[2017-06-05 00:17:43,076] [INFO] 
[2017-06-05 00:17:43,076] [INFO] --- maven-compiler-plugin:2.3.2:compile (default-compile) @ open-messaging-demo ---
[2017-06-05 00:17:43,088] [INFO] Nothing to compile - all classes are up to date
[2017-06-05 00:17:43,089] [INFO] 
[2017-06-05 00:17:43,089] [INFO] --- maven-resources-plugin:2.6:testResources (default-testResources) @ open-messaging-demo ---
[2017-06-05 00:17:43,091] [INFO] Not copying test resources
[2017-06-05 00:17:43,091] [INFO] 
[2017-06-05 00:17:43,091] [INFO] --- maven-compiler-plugin:2.3.2:testCompile (default-testCompile) @ open-messaging-demo ---
[2017-06-05 00:17:43,093] [INFO] Not compiling test sources
[2017-06-05 00:17:43,093] [INFO] 
[2017-06-05 00:17:43,093] [INFO] --- maven-surefire-plugin:2.12.4:test (default-test) @ open-messaging-demo ---
[2017-06-05 00:17:43,097] [INFO] Tests are skipped.
[2017-06-05 00:17:43,097] [INFO] 
[2017-06-05 00:17:43,097] [INFO] --- maven-jar-plugin:2.4:jar (default-jar) @ open-messaging-demo ---
[2017-06-05 00:17:43,139] [INFO] 
[2017-06-05 00:17:43,140] [INFO] --- maven-assembly-plugin:2.2.1:single (make-assembly) @ open-messaging-demo ---
[2017-06-05 00:17:43,144] [INFO] Reading assembly descriptor: src/main/resources/package.xml
[2017-06-05 00:17:43,280] [INFO] Copying files to /home/admin/race2017/78921g1clv/code/target/OpenMessagingDemo
[2017-06-05 00:17:43,280] [WARNING] Assembly file: /home/admin/race2017/78921g1clv/code/target/OpenMessagingDemo is not a regular file (it may be a directory). It cannot be attached to the project build for installation or deployment.
[2017-06-05 00:17:43,281] [INFO] 
[2017-06-05 00:17:43,281] [INFO] <<< maven-assembly-plugin:2.2.1:assembly (default-cli) < package @ open-messaging-demo <<<
[2017-06-05 00:17:43,281] [INFO] 
[2017-06-05 00:17:43,281] [INFO] --- maven-assembly-plugin:2.2.1:assembly (default-cli) @ open-messaging-demo ---
[2017-06-05 00:17:43,285] [INFO] Reading assembly descriptor: src/main/resources/package.xml
[2017-06-05 00:17:43,405] [INFO] Copying files to /home/admin/race2017/78921g1clv/code/target/OpenMessagingDemo
[2017-06-05 00:17:43,406] [WARNING] Assembly file: /home/admin/race2017/78921g1clv/code/target/OpenMessagingDemo is not a regular file (it may be a directory). It cannot be attached to the project build for installation or deployment.
[2017-06-05 00:17:43,406] [INFO] ------------------------------------------------------------------------
[2017-06-05 00:17:43,406] [INFO] BUILD SUCCESS
[2017-06-05 00:17:43,406] [INFO] ------------------------------------------------------------------------
[2017-06-05 00:17:43,406] [INFO] Total time: 8.312 s
[2017-06-05 00:17:43,407] [INFO] Finished at: 2017-06-05T00:17:43+08:00
[2017-06-05 00:17:43,511] [INFO] Final Memory: 14M/60M
[2017-06-05 00:17:43,511] [INFO] ------------------------------------------------------------------------
[2017-06-05 00:17:43,643] cp: will not overwrite just-created `tmplib/open-messaging-demo-1.0.jar' with `code/target/OpenMessagingDemo/OpenMessagingDemo/lib/open-messaging-demo-1.0.jar'
Finish Run SubTask[bash -c sh ../bin/compile.sh ], Cost 11816 ms
Run SubTask bash -c sh ../bin/produce.sh 
[2017-06-05 00:17:43,663] Start Produce =============================
[2017-06-05 00:17:44,280] pro_max 400000
[2017-06-05 00:17:44,280] store.path /home/admin/race2017/data
[2017-06-05 00:17:44,283] 
[2017-06-05 00:17:45,181] [GC (Allocation Failure) [ParNew: 272640K->34048K(306688K), 0.0964349 secs] 272640K->166535K(2587392K), 0.0965297 secs] [Times: user=0.13 sys=0.13, real=0.09 secs] 
[2017-06-05 00:17:45,667] [GC (Allocation Failure) [ParNew: 306688K->4501K(306688K), 0.0379551 secs] 439175K->171029K(2587392K), 0.0380185 secs] [Times: user=0.11 sys=0.02, real=0.04 secs] 
[2017-06-05 00:17:46,051] [GC (Allocation Failure) [ParNew: 277141K->5105K(306688K), 0.0152967 secs] 443669K->171633K(2587392K), 0.0153785 secs] [Times: user=0.06 sys=0.00, real=0.02 secs] 
[2017-06-05 00:17:46,367] [GC (Allocation Failure) [ParNew: 277745K->4813K(306688K), 0.0242839 secs] 444273K->171341K(2587392K), 0.0243536 secs] [Times: user=0.07 sys=0.00, real=0.02 secs] 
[2017-06-05 00:17:46,705] [GC (Allocation Failure) [ParNew: 277453K->4920K(306688K), 0.0302662 secs] 443981K->171448K(2587392K), 0.0303366 secs] [Times: user=0.11 sys=0.01, real=0.03 secs] 
[2017-06-05 00:17:47,035] [GC (Allocation Failure) [ParNew: 277560K->4947K(306688K), 0.0199104 secs] 444088K->171475K(2587392K), 0.0200450 secs] [Times: user=0.08 sys=0.00, real=0.02 secs] 
[2017-06-05 00:17:47,322] [GC (Allocation Failure) [ParNew: 277587K->4954K(306688K), 0.0177288 secs] 444115K->171481K(2587392K), 0.0177904 secs] [Times: user=0.07 sys=0.01, real=0.02 secs] 
[2017-06-05 00:17:47,696] [GC (Allocation Failure) [ParNew: 277594K->3332K(306688K), 0.0311750 secs] 444121K->173143K(2587392K), 0.0312623 secs] [Times: user=0.10 sys=0.01, real=0.03 secs] 
[2017-06-05 00:17:48,479] [GC (Allocation Failure) [ParNew: 275972K->875K(306688K), 0.0077755 secs] 445783K->170687K(2587392K), 0.0078301 secs] [Times: user=0.03 sys=0.00, real=0.01 secs] 
[2017-06-05 00:17:48,748] [GC (Allocation Failure) [ParNew: 273515K->386K(306688K), 0.0090877 secs] 443327K->170199K(2587392K), 0.0091441 secs] [Times: user=0.03 sys=0.00, real=0.01 secs] 
[2017-06-05 00:17:48,924] [GC (Allocation Failure) [ParNew: 273026K->454K(306688K), 0.0094512 secs] 442839K->170266K(2587392K), 0.0095426 secs] [Times: user=0.04 sys=0.00, real=0.01 secs] 
[2017-06-05 00:17:49,084] [GC (Allocation Failure) [ParNew: 273094K->377K(306688K), 0.0086397 secs] 442906K->170190K(2587392K), 0.0086963 secs] [Times: user=0.03 sys=0.00, real=0.01 secs] 
[2017-06-05 00:17:49,235] [GC (Allocation Failure) [ParNew: 273017K->430K(306688K), 0.0085829 secs] 442830K->170243K(2587392K), 0.0086371 secs] [Times: user=0.03 sys=0.00, real=0.01 secs] 
[2017-06-05 00:17:49,441] [GC (Allocation Failure) [ParNew: 273070K->366K(306688K), 0.0093678 secs] 442883K->170252K(2587392K), 0.0096025 secs] [Times: user=0.04 sys=0.00, real=0.00 secs] 
[2017-06-05 00:17:49,660] [GC (Allocation Failure) [ParNew: 273006K->170K(306688K), 0.0109448 secs] 442892K->170312K(2587392K), 0.0110180 secs] [Times: user=0.03 sys=0.00, real=0.01 secs] 
[2017-06-05 00:17:49,878] [GC (Allocation Failure) [ParNew: 272810K->48K(306688K), 0.0091031 secs] 442952K->170190K(2587392K), 0.0091570 secs] [Times: user=0.03 sys=0.00, real=0.01 secs] 
[2017-06-05 00:17:50,046] [GC (Allocation Failure) [ParNew: 272688K->34K(306688K), 0.0085840 secs] 442830K->170177K(2587392K), 0.0086408 secs] [Times: user=0.04 sys=0.00, real=0.01 secs] 
[2017-06-05 00:17:50,203] [GC (Allocation Failure) [ParNew: 272674K->33K(306688K), 0.0082363 secs] 442817K->170176K(2587392K), 0.0083058 secs] [Times: user=0.04 sys=0.00, real=0.01 secs] 
[2017-06-05 00:17:50,357] [GC (Allocation Failure) [ParNew: 272673K->29K(306688K), 0.0088428 secs] 442816K->170172K(2587392K), 0.0088989 secs] [Times: user=0.03 sys=0.00, real=0.01 secs] 
[2017-06-05 00:17:50,522] [GC (Allocation Failure) [ParNew: 272669K->29K(306688K), 0.0078608 secs] 442812K->170171K(2587392K), 0.0080120 secs] [Times: user=0.03 sys=0.00, real=0.00 secs] 
[2017-06-05 00:17:50,716] [GC (Allocation Failure) [ParNew: 272669K->31K(306688K), 0.0090342 secs] 442811K->170175K(2587392K), 0.0090882 secs] [Times: user=0.03 sys=0.00, real=0.01 secs] 
[2017-06-05 00:17:50,903] [GC (Allocation Failure) [ParNew: 272671K->29K(306688K), 0.0088116 secs] 442815K->170172K(2587392K), 0.0088800 secs] [Times: user=0.03 sys=0.00, real=0.01 secs] 
[2017-06-05 00:17:51,068] [GC (Allocation Failure) [ParNew: 272669K->28K(306688K), 0.0089981 secs] 442812K->170172K(2587392K), 0.0090739 secs] [Times: user=0.03 sys=0.00, real=0.01 secs] 
[2017-06-05 00:17:51,226] [GC (Allocation Failure) [ParNew: 272668K->37K(306688K), 0.0113317 secs] 442812K->170180K(2587392K), 0.0113904 secs] [Times: user=0.03 sys=0.00, real=0.01 secs] 
[2017-06-05 00:17:51,378] [GC (Allocation Failure) [ParNew: 272677K->26K(306688K), 0.0077843 secs] 442820K->170170K(2587392K), 0.0078355 secs] [Times: user=0.02 sys=0.00, real=0.01 secs] 
[2017-06-05 00:17:51,533] [GC (Allocation Failure) [ParNew: 272666K->28K(306688K), 0.0082502 secs] 442810K->170171K(2587392K), 0.0083164 secs] [Times: user=0.04 sys=0.00, real=0.01 secs] 
[2017-06-05 00:17:51,698] [GC (Allocation Failure) [ParNew: 272668K->30K(306688K), 0.0079636 secs] 442811K->170173K(2587392K), 0.0080121 secs] [Times: user=0.03 sys=0.00, real=0.01 secs] 
[2017-06-05 00:17:51,888] [GC (Allocation Failure) [ParNew: 272670K->29K(306688K), 0.0080005 secs] 442813K->170172K(2587392K), 0.0080532 secs] [Times: user=0.03 sys=0.00, real=0.01 secs] 
[2017-06-05 00:17:52,069] [GC (Allocation Failure) [ParNew: 272669K->33K(306688K), 0.0082301 secs] 442812K->170177K(2587392K), 0.0082887 secs] [Times: user=0.03 sys=0.00, real=0.01 secs] 
[2017-06-05 00:17:52,221] [GC (Allocation Failure) [ParNew: 272673K->35K(306688K), 0.0079457 secs] 442817K->170178K(2587392K), 0.0079974 secs] [Times: user=0.03 sys=0.00, real=0.00 secs] 
[2017-06-05 00:17:52,372] [GC (Allocation Failure) [ParNew: 272675K->32K(306688K), 0.0099766 secs] 442818K->170175K(2587392K), 0.0100316 secs] [Times: user=0.04 sys=0.00, real=0.01 secs] 
[2017-06-05 00:17:52,525] [GC (Allocation Failure) [ParNew: 272672K->33K(306688K), 0.0076876 secs] 442815K->170176K(2587392K), 0.0077349 secs] [Times: user=0.03 sys=0.00, real=0.01 secs] 
[2017-06-05 00:17:52,697] [GC (Allocation Failure) [ParNew: 272673K->33K(306688K), 0.0089059 secs] 442816K->170177K(2587392K), 0.0091313 secs] [Times: user=0.03 sys=0.00, real=0.01 secs] 
[2017-06-05 00:17:52,873] [GC (Allocation Failure) [ParNew: 272673K->37K(306688K), 0.0087245 secs] 442817K->170180K(2587392K), 0.0088692 secs] [Times: user=0.03 sys=0.00, real=0.01 secs] 
[2017-06-05 00:17:53,043] [GC (Allocation Failure) [ParNew: 272677K->35K(306688K), 0.0074613 secs] 442820K->170179K(2587392K), 0.0075155 secs] [Times: user=0.02 sys=0.00, real=0.01 secs] 
[2017-06-05 00:17:53,197] [GC (Allocation Failure) [ParNew: 272675K->23K(306688K), 0.0078676 secs] 442819K->170167K(2587392K), 0.0079815 secs] [Times: user=0.03 sys=0.00, real=0.01 secs] 
[2017-06-05 00:17:53,343] [GC (Allocation Failure) [ParNew: 272663K->30K(306688K), 0.0070290 secs] 442807K->170174K(2587392K), 0.0071230 secs] [Times: user=0.03 sys=0.00, real=0.01 secs] 
[2017-06-05 00:17:53,494] [GC (Allocation Failure) [ParNew: 272670K->40K(306688K), 0.0073987 secs] 442814K->170184K(2587392K), 0.0074567 secs] [Times: user=0.03 sys=0.00, real=0.01 secs] 
[2017-06-05 00:17:53,675] [GC (Allocation Failure) [ParNew: 272680K->30K(306688K), 0.0084458 secs] 442824K->170173K(2587392K), 0.0084959 secs] [Times: user=0.03 sys=0.00, real=0.01 secs] 
[2017-06-05 00:17:53,842] [GC (Allocation Failure) [ParNew: 272670K->33K(306688K), 0.0088874 secs] 442813K->170177K(2587392K), 0.0089409 secs] [Times: user=0.03 sys=0.00, real=0.01 secs] 
[2017-06-05 00:17:54,013] [GC (Allocation Failure) [ParNew: 272673K->29K(306688K), 0.0083787 secs] 442817K->170173K(2587392K), 0.0085250 secs] [Times: user=0.03 sys=0.00, real=0.01 secs] 
[2017-06-05 00:17:54,178] [GC (Allocation Failure) [ParNew: 272669K->30K(306688K), 0.0099553 secs] 442813K->170174K(2587392K), 0.0101231 secs] [Times: user=0.03 sys=0.00, real=0.01 secs] 
[2017-06-05 00:17:54,335] [GC (Allocation Failure) [ParNew: 272670K->34K(306688K), 0.0084821 secs] 442814K->170177K(2587392K), 0.0085360 secs] [Times: user=0.03 sys=0.00, real=0.01 secs] 
[2017-06-05 00:17:54,511] [GC (Allocation Failure) [ParNew: 272674K->28K(306688K), 0.0086709 secs] 442817K->170172K(2587392K), 0.0087274 secs] [Times: user=0.03 sys=0.00, real=0.01 secs] 
[2017-06-05 00:17:55,130] [GC (Allocation Failure) [ParNew: 272668K->34K(306688K), 0.0086041 secs] 442812K->170177K(2587392K), 0.0086565 secs] [Times: user=0.03 sys=0.00, real=0.01 secs] 
[2017-06-05 00:17:56,008] [GC (Allocation Failure) [ParNew: 272674K->27K(306688K), 0.0074809 secs] 442817K->170170K(2587392K), 0.0075318 secs] [Times: user=0.03 sys=0.00, real=0.01 secs] 
[2017-06-05 00:17:57,111] [GC (Allocation Failure) [ParNew: 272667K->29K(306688K), 0.0098844 secs] 442810K->170172K(2587392K), 0.0099413 secs] [Times: user=0.03 sys=0.00, real=0.01 secs] 
[2017-06-05 00:17:57,267] [GC (Allocation Failure) [ParNew: 272669K->28K(306688K), 0.0080577 secs] 442812K->170171K(2587392K), 0.0081091 secs] [Times: user=0.03 sys=0.00, real=0.01 secs] 
[2017-06-05 00:17:57,427] [GC (Allocation Failure) [ParNew: 272668K->31K(306688K), 0.0106788 secs] 442811K->170175K(2587392K), 0.0107331 secs] [Times: user=0.03 sys=0.00, real=0.01 secs] 
[2017-06-05 00:17:58,917] [GC (Allocation Failure) [ParNew: 272671K->30K(306688K), 0.0155683 secs] 442815K->170174K(2587392K), 0.0156361 secs] [Times: user=0.04 sys=0.00, real=0.02 secs] 
[2017-06-05 00:17:59,328] [GC (Allocation Failure) [ParNew: 272670K->30K(306688K), 0.0096888 secs] 442814K->170173K(2587392K), 0.0097380 secs] [Times: user=0.03 sys=0.00, real=0.01 secs] 
[2017-06-05 00:17:59,545] [GC (Allocation Failure) [ParNew: 272670K->28K(306688K), 0.0085976 secs] 442813K->170172K(2587392K), 0.0086513 secs] [Times: user=0.03 sys=0.00, real=0.01 secs] 
[2017-06-05 00:17:59,958] [GC (Allocation Failure) [ParNew: 272668K->28K(306688K), 0.0081783 secs] 442812K->170172K(2587392K), 0.0082771 secs] [Times: user=0.03 sys=0.00, real=0.01 secs] 
[2017-06-05 00:18:00,239] [GC (Allocation Failure) [ParNew: 272668K->31K(306688K), 0.0085983 secs] 442812K->170175K(2587392K), 0.0086535 secs] [Times: user=0.03 sys=0.00, real=0.01 secs] 
[2017-06-05 00:18:00,405] [GC (Allocation Failure) [ParNew: 272671K->29K(306688K), 0.0087019 secs] 442815K->170172K(2587392K), 0.0087562 secs] [Times: user=0.04 sys=0.00, real=0.01 secs] 
[2017-06-05 00:18:00,571] [GC (Allocation Failure) [ParNew: 272669K->35K(306688K), 0.0078793 secs] 442812K->170179K(2587392K), 0.0079854 secs] [Times: user=0.03 sys=0.00, real=0.00 secs] 
[2017-06-05 00:18:00,738] [GC (Allocation Failure) [ParNew: 272675K->29K(306688K), 0.0080927 secs] 442819K->170172K(2587392K), 0.0081410 secs] [Times: user=0.03 sys=0.00, real=0.01 secs] 
[2017-06-05 00:18:00,898] [GC (Allocation Failure) [ParNew: 272669K->35K(306688K), 0.0082307 secs] 442812K->170178K(2587392K), 0.0082846 secs] [Times: user=0.03 sys=0.00, real=0.01 secs] 
[2017-06-05 00:18:01,063] [GC (Allocation Failure) [ParNew: 272675K->25K(306688K), 0.0112400 secs] 442818K->170169K(2587392K), 0.0113069 secs] [Times: user=0.04 sys=0.00, real=0.01 secs] 
[2017-06-05 00:18:01,232] [GC (Allocation Failure) [ParNew: 272665K->32K(306688K), 0.0072132 secs] 442809K->170176K(2587392K), 0.0072628 secs] [Times: user=0.03 sys=0.00, real=0.00 secs] 
[2017-06-05 00:18:01,400] [GC (Allocation Failure) [ParNew: 272672K->35K(306688K), 0.0131459 secs] 442816K->170178K(2587392K), 0.0132091 secs] [Times: user=0.04 sys=0.00, real=0.01 secs] 
[2017-06-05 00:18:01,574] [GC (Allocation Failure) [ParNew: 272675K->37K(306688K), 0.0156903 secs] 442818K->170181K(2587392K), 0.0157530 secs] [Times: user=0.04 sys=0.00, real=0.02 secs] 
[2017-06-05 00:18:01,738] [GC (Allocation Failure) [ParNew: 272677K->33K(306688K), 0.0113136 secs] 442821K->170176K(2587392K), 0.0113790 secs] [Times: user=0.03 sys=0.00, real=0.01 secs] 
[2017-06-05 00:18:01,918] [GC (Allocation Failure) [ParNew: 272673K->25K(306688K), 0.0113082 secs] 442816K->170169K(2587392K), 0.0113706 secs] [Times: user=0.03 sys=0.00, real=0.01 secs] 
[2017-06-05 00:18:02,091] [GC (Allocation Failure) [ParNew: 272665K->32K(306688K), 0.0090117 secs] 442809K->170176K(2587392K), 0.0090676 secs] [Times: user=0.03 sys=0.00, real=0.01 secs] 
[2017-06-05 00:18:02,253] [GC (Allocation Failure) [ParNew: 272672K->31K(306688K), 0.0101314 secs] 442816K->170174K(2587392K), 0.0101881 secs] [Times: user=0.04 sys=0.00, real=0.01 secs] 
[2017-06-05 00:18:02,426] [GC (Allocation Failure) [ParNew: 272671K->30K(306688K), 0.0087305 secs] 442814K->170174K(2587392K), 0.0087887 secs] [Times: user=0.03 sys=0.00, real=0.01 secs] 
[2017-06-05 00:18:02,600] [GC (Allocation Failure) [ParNew: 272670K->30K(306688K), 0.0082675 secs] 442814K->170174K(2587392K), 0.0083208 secs] [Times: user=0.03 sys=0.00, real=0.01 secs] 
[2017-06-05 00:18:02,776] [GC (Allocation Failure) [ParNew: 272670K->30K(306688K), 0.0123923 secs] 442814K->170173K(2587392K), 0.0124492 secs] [Times: user=0.03 sys=0.00, real=0.02 secs] 
[2017-06-05 00:18:02,939] [GC (Allocation Failure) [ParNew: 272670K->40K(306688K), 0.0111708 secs] 442813K->170183K(2587392K), 0.0113115 secs] [Times: user=0.04 sys=0.00, real=0.01 secs] 
[2017-06-05 00:18:03,103] [GC (Allocation Failure) [ParNew: 272680K->29K(306688K), 0.0079782 secs] 442823K->170173K(2587392K), 0.0082044 secs] [Times: user=0.03 sys=0.00, real=0.00 secs] 
[2017-06-05 00:18:03,263] [GC (Allocation Failure) [ParNew: 272669K->29K(306688K), 0.0083535 secs] 442813K->170173K(2587392K), 0.0084037 secs] [Times: user=0.03 sys=0.00, real=0.00 secs] 
[2017-06-05 00:18:03,430] [GC (Allocation Failure) [ParNew: 272669K->30K(306688K), 0.0099305 secs] 442813K->170173K(2587392K), 0.0101110 secs] [Times: user=0.03 sys=0.01, real=0.01 secs] 
[2017-06-05 00:18:03,603] [GC (Allocation Failure) [ParNew: 272670K->41K(306688K), 0.0113448 secs] 442813K->170185K(2587392K), 0.0114005 secs] [Times: user=0.03 sys=0.00, real=0.01 secs] 
[2017-06-05 00:18:03,765] [GC (Allocation Failure) [ParNew: 272681K->27K(306688K), 0.0096673 secs] 442825K->170171K(2587392K), 0.0097211 secs] [Times: user=0.03 sys=0.00, real=0.01 secs] 
[2017-06-05 00:18:03,931] [GC (Allocation Failure) [ParNew: 272667K->31K(306688K), 0.0087947 secs] 442811K->170174K(2587392K), 0.0089767 secs] [Times: user=0.04 sys=0.00, real=0.01 secs] 
[2017-06-05 00:18:04,094] [GC (Allocation Failure) [ParNew: 272671K->35K(306688K), 0.0076396 secs] 442814K->170179K(2587392K), 0.0076951 secs] [Times: user=0.03 sys=0.00, real=0.01 secs] 
[2017-06-05 00:18:04,251] [GC (Allocation Failure) [ParNew: 272675K->36K(306688K), 0.0075402 secs] 442819K->170180K(2587392K), 0.0075897 secs] [Times: user=0.03 sys=0.00, real=0.01 secs] 
[2017-06-05 00:18:04,414] [GC (Allocation Failure) [ParNew: 272676K->34K(306688K), 0.0106054 secs] 442820K->170178K(2587392K), 0.0106550 secs] [Times: user=0.03 sys=0.00, real=0.02 secs] 
[2017-06-05 00:18:04,577] [GC (Allocation Failure) [ParNew: 272674K->34K(306688K), 0.0091782 secs] 442818K->170177K(2587392K), 0.0092404 secs] [Times: user=0.04 sys=0.00, real=0.01 secs] 
[2017-06-05 00:18:04,743] [GC (Allocation Failure) [ParNew: 272674K->33K(306688K), 0.0087479 secs] 442817K->170176K(2587392K), 0.0087988 secs] [Times: user=0.03 sys=0.00, real=0.00 secs] 
[2017-06-05 00:18:04,902] [GC (Allocation Failure) [ParNew: 272673K->36K(306688K), 0.0082298 secs] 442816K->170180K(2587392K), 0.0083039 secs] [Times: user=0.03 sys=0.00, real=0.01 secs] 
[2017-06-05 00:18:05,065] [GC (Allocation Failure) [ParNew: 272676K->34K(306688K), 0.0083104 secs] 442820K->170178K(2587392K), 0.0084517 secs] [Times: user=0.03 sys=0.00, real=0.01 secs] 
[2017-06-05 00:18:05,222] [GC (Allocation Failure) [ParNew: 272674K->31K(306688K), 0.0078033 secs] 442818K->170175K(2587392K), 0.0078546 secs] [Times: user=0.03 sys=0.00, real=0.01 secs] 
[2017-06-05 00:18:05,378] [GC (Allocation Failure) [ParNew: 272671K->24K(306688K), 0.0073852 secs] 442815K->170168K(2587392K), 0.0074330 secs] [Times: user=0.03 sys=0.00, real=0.01 secs] 
[2017-06-05 00:18:05,533] [GC (Allocation Failure) [ParNew: 272664K->26K(306688K), 0.0087929 secs] 442808K->170170K(2587392K), 0.0088549 secs] [Times: user=0.04 sys=0.00, real=0.00 secs] 
[2017-06-05 00:18:05,695] [GC (Allocation Failure) [ParNew: 272666K->29K(306688K), 0.0104742 secs] 442810K->170172K(2587392K), 0.0105514 secs] [Times: user=0.04 sys=0.01, real=0.01 secs] 
[2017-06-05 00:18:05,868] [GC (Allocation Failure) [ParNew: 272669K->33K(306688K), 0.0080189 secs] 442812K->170176K(2587392K), 0.0080703 secs] [Times: user=0.03 sys=0.00, real=0.01 secs] 
[2017-06-05 00:18:06,080] [GC (Allocation Failure) [ParNew: 272673K->37K(306688K), 0.0092923 secs] 442816K->170181K(2587392K), 0.0093492 secs] [Times: user=0.03 sys=0.00, real=0.01 secs] 
[2017-06-05 00:18:06,387] [GC (Allocation Failure) [ParNew: 272677K->32K(306688K), 0.0085897 secs] 442821K->170175K(2587392K), 0.0086561 secs] [Times: user=0.04 sys=0.00, real=0.01 secs] 
[2017-06-05 00:18:06,606] [GC (Allocation Failure) [ParNew: 272672K->25K(306688K), 0.0097403 secs] 442815K->170168K(2587392K), 0.0098605 secs] [Times: user=0.03 sys=0.00, real=0.01 secs] 
[2017-06-05 00:18:06,987] [GC (Allocation Failure) [ParNew: 272665K->29K(306688K), 0.0092571 secs] 442808K->170173K(2587392K), 0.0093218 secs] [Times: user=0.04 sys=0.00, real=0.01 secs] 
[2017-06-05 00:18:07,252] [GC (Allocation Failure) [ParNew: 272669K->31K(306688K), 0.0086591 secs] 442813K->170175K(2587392K), 0.0087200 secs] [Times: user=0.04 sys=0.00, real=0.01 secs] 
[2017-06-05 00:18:07,453] [GC (Allocation Failure) [ParNew: 272671K->33K(306688K), 0.0087464 secs] 442815K->170177K(2587392K), 0.0088242 secs] [Times: user=0.03 sys=0.01, real=0.00 secs] 
[2017-06-05 00:18:07,605] [GC (Allocation Failure) [ParNew: 272673K->36K(306688K), 0.0073897 secs] 442817K->170179K(2587392K), 0.0074380 secs] [Times: user=0.03 sys=0.00, real=0.01 secs] 
[2017-06-05 00:18:07,772] [GC (Allocation Failure) [ParNew: 272676K->32K(306688K), 0.0096605 secs] 442819K->170176K(2587392K), 0.0097131 secs] [Times: user=0.03 sys=0.00, real=0.01 secs] 
[2017-06-05 00:18:07,945] [GC (Allocation Failure) [ParNew: 272672K->26K(306688K), 0.0080565 secs] 442816K->170169K(2587392K), 0.0081139 secs] [Times: user=0.03 sys=0.00, real=0.01 secs] 
[2017-06-05 00:18:08,182] [GC (Allocation Failure) [ParNew: 272666K->33K(306688K), 0.0087267 secs] 442809K->170176K(2587392K), 0.0087837 secs] [Times: user=0.04 sys=0.00, real=0.01 secs] 
[2017-06-05 00:18:08,405] [GC (Allocation Failure) [ParNew: 272673K->24K(306688K), 0.0074956 secs] 442816K->170167K(2587392K), 0.0075473 secs] [Times: user=0.03 sys=0.00, real=0.00 secs] 
[2017-06-05 00:18:08,630] [GC (Allocation Failure) [ParNew: 272664K->33K(306688K), 0.0082765 secs] 442807K->170177K(2587392K), 0.0083340 secs] [Times: user=0.03 sys=0.00, real=0.01 secs] 
[2017-06-05 00:18:08,842] [GC (Allocation Failure) [ParNew: 272673K->31K(306688K), 0.0071082 secs] 442817K->170175K(2587392K), 0.0071632 secs] [Times: user=0.03 sys=0.00, real=0.00 secs] 
[2017-06-05 00:18:09,019] [GC (Allocation Failure) [ParNew: 272671K->40K(306688K), 0.0073104 secs] 442815K->170183K(2587392K), 0.0073695 secs] [Times: user=0.03 sys=0.00, real=0.01 secs] 
[2017-06-05 00:18:09,184] [GC (Allocation Failure) [ParNew: 272680K->28K(306688K), 0.0112846 secs] 442823K->170172K(2587392K), 0.0113411 secs] [Times: user=0.03 sys=0.00, real=0.01 secs] 
[2017-06-05 00:18:09,347] [GC (Allocation Failure) [ParNew: 272668K->45K(306688K), 0.0079264 secs] 442812K->170188K(2587392K), 0.0079797 secs] [Times: user=0.03 sys=0.00, real=0.01 secs] 
[2017-06-05 00:18:09,510] [GC (Allocation Failure) [ParNew: 272685K->28K(306688K), 0.0075761 secs] 442828K->170172K(2587392K), 0.0076269 secs] [Times: user=0.02 sys=0.00, real=0.01 secs] 
[2017-06-05 00:18:09,677] [GC (Allocation Failure) [ParNew: 272668K->26K(306688K), 0.0080895 secs] 442812K->170170K(2587392K), 0.0081387 secs] [Times: user=0.03 sys=0.00, real=0.01 secs] 
[2017-06-05 00:18:09,838] [GC (Allocation Failure) [ParNew: 272666K->30K(306688K), 0.0079830 secs] 442810K->170173K(2587392K), 0.0080353 secs] [Times: user=0.03 sys=0.00, real=0.01 secs] 
[2017-06-05 00:18:10,043] [GC (Allocation Failure) [ParNew: 272670K->25K(306688K), 0.0083766 secs] 442813K->170168K(2587392K), 0.0084435 secs] [Times: user=0.03 sys=0.00, real=0.01 secs] 
[2017-06-05 00:18:10,180] [GC (Allocation Failure) [ParNew: 272665K->36K(306688K), 0.0094133 secs] 442808K->170180K(2587392K), 0.0094623 secs] [Times: user=0.03 sys=0.00, real=0.01 secs] 
[2017-06-05 00:18:10,354] [GC (Allocation Failure) [ParNew: 272676K->26K(306688K), 0.0082803 secs] 442820K->170169K(2587392K), 0.0083287 secs] [Times: user=0.02 sys=0.00, real=0.00 secs] 
[2017-06-05 00:18:10,519] [GC (Allocation Failure) [ParNew: 272666K->35K(306688K), 0.0122307 secs] 442809K->170178K(2587392K), 0.0122865 secs] [Times: user=0.04 sys=0.00, real=0.01 secs] 
[2017-06-05 00:18:10,686] [GC (Allocation Failure) [ParNew: 272675K->35K(306688K), 0.0094390 secs] 442818K->170179K(2587392K), 0.0094890 secs] [Times: user=0.04 sys=0.00, real=0.01 secs] 
[2017-06-05 00:18:10,847] [GC (Allocation Failure) [ParNew: 272675K->25K(306688K), 0.0077569 secs] 442819K->170168K(2587392K), 0.0078139 secs] [Times: user=0.03 sys=0.00, real=0.01 secs] 
[2017-06-05 00:18:11,010] [GC (Allocation Failure) [ParNew: 272665K->27K(306688K), 0.0074344 secs] 442808K->170170K(2587392K), 0.0076055 secs] [Times: user=0.03 sys=0.00, real=0.01 secs] 
[2017-06-05 00:18:11,170] [GC (Allocation Failure) [ParNew: 272667K->27K(306688K), 0.0076067 secs] 442810K->170171K(2587392K), 0.0077874 secs] [Times: user=0.03 sys=0.00, real=0.01 secs] 
[2017-06-05 00:18:11,331] [GC (Allocation Failure) [ParNew: 272667K->34K(306688K), 0.0093017 secs] 442811K->170177K(2587392K), 0.0093553 secs] [Times: user=0.03 sys=0.00, real=0.01 secs] 
[2017-06-05 00:18:11,494] [GC (Allocation Failure) [ParNew: 272674K->27K(306688K), 0.0073543 secs] 442817K->170170K(2587392K), 0.0074028 secs] [Times: user=0.03 sys=0.00, real=0.00 secs] 
[2017-06-05 00:18:11,649] [GC (Allocation Failure) [ParNew: 272667K->31K(306688K), 0.0083777 secs] 442810K->170174K(2587392K), 0.0084257 secs] [Times: user=0.03 sys=0.00, real=0.01 secs] 
[2017-06-05 00:18:11,821] [GC (Allocation Failure) [ParNew: 272671K->32K(306688K), 0.0084986 secs] 442814K->170176K(2587392K), 0.0086005 secs] [Times: user=0.03 sys=0.00, real=0.01 secs] 
[2017-06-05 00:18:11,982] [GC (Allocation Failure) [ParNew: 272672K->28K(306688K), 0.0108124 secs] 442816K->170171K(2587392K), 0.0108696 secs] [Times: user=0.03 sys=0.00, real=0.01 secs] 
[2017-06-05 00:18:12,151] [GC (Allocation Failure) [ParNew: 272668K->34K(306688K), 0.0081921 secs] 442811K->170178K(2587392K), 0.0082448 secs] [Times: user=0.03 sys=0.00, real=0.01 secs] 
[2017-06-05 00:18:12,309] [GC (Allocation Failure) [ParNew: 272674K->24K(306688K), 0.0097893 secs] 442818K->170167K(2587392K), 0.0098455 secs] [Times: user=0.04 sys=0.00, real=0.01 secs] 
[2017-06-05 00:18:12,466] [GC (Allocation Failure) [ParNew: 272664K->33K(306688K), 0.0076937 secs] 442807K->170176K(2587392K), 0.0077477 secs] [Times: user=0.03 sys=0.00, real=0.01 secs] 
[2017-06-05 00:18:12,623] [GC (Allocation Failure) [ParNew: 272673K->27K(306688K), 0.0071286 secs] 442816K->170170K(2587392K), 0.0071807 secs] [Times: user=0.03 sys=0.00, real=0.00 secs] 
[2017-06-05 00:18:12,784] [GC (Allocation Failure) [ParNew: 272667K->27K(306688K), 0.0099780 secs] 442810K->170171K(2587392K), 0.0100309 secs] [Times: user=0.04 sys=0.00, real=0.01 secs] 
[2017-06-05 00:18:12,942] [GC (Allocation Failure) [ParNew: 272667K->28K(306688K), 0.0077012 secs] 442811K->170171K(2587392K), 0.0077530 secs] [Times: user=0.03 sys=0.00, real=0.01 secs] 
[2017-06-05 00:18:13,103] [GC (Allocation Failure) [ParNew: 272668K->35K(306688K), 0.0084463 secs] 442811K->170178K(2587392K), 0.0084990 secs] [Times: user=0.03 sys=0.00, real=0.01 secs] 
[2017-06-05 00:18:13,259] [GC (Allocation Failure) [ParNew: 272675K->24K(306688K), 0.0078794 secs] 442818K->170167K(2587392K), 0.0079289 secs] [Times: user=0.03 sys=0.00, real=0.01 secs] 
[2017-06-05 00:18:13,426] [GC (Allocation Failure) [ParNew: 272664K->31K(306688K), 0.0082564 secs] 442807K->170175K(2587392K), 0.0084271 secs] [Times: user=0.03 sys=0.00, real=0.01 secs] 
[2017-06-05 00:18:13,588] [GC (Allocation Failure) [ParNew: 272671K->30K(306688K), 0.0082290 secs] 442815K->170173K(2587392K), 0.0082839 secs] [Times: user=0.03 sys=0.00, real=0.01 secs] 
[2017-06-05 00:18:13,768] [GC (Allocation Failure) [ParNew: 272670K->30K(306688K), 0.0170233 secs] 442813K->170174K(2587392K), 0.0171506 secs] [Times: user=0.05 sys=0.00, real=0.02 secs] 
[2017-06-05 00:18:13,937] [GC (Allocation Failure) [ParNew: 272670K->27K(306688K), 0.0079418 secs] 442814K->170170K(2587392K), 0.0081710 secs] [Times: user=0.04 sys=0.00, real=0.01 secs] 
[2017-06-05 00:18:14,105] [GC (Allocation Failure) [ParNew: 272667K->25K(306688K), 0.0079785 secs] 442810K->170169K(2587392K), 0.0080330 secs] [Times: user=0.03 sys=0.00, real=0.01 secs] 
[2017-06-05 00:18:14,276] [GC (Allocation Failure) [ParNew: 272665K->34K(306688K), 0.0093941 secs] 442809K->170178K(2587392K), 0.0095466 secs] [Times: user=0.03 sys=0.00, real=0.01 secs] 
[2017-06-05 00:18:14,446] [GC (Allocation Failure) [ParNew: 272674K->32K(306688K), 0.0083936 secs] 442818K->170175K(2587392K), 0.0084434 secs] [Times: user=0.03 sys=0.00, real=0.00 secs] 
[2017-06-05 00:18:14,608] [GC (Allocation Failure) [ParNew: 272672K->33K(306688K), 0.0104825 secs] 442815K->170176K(2587392K), 0.0105340 secs] [Times: user=0.03 sys=0.01, real=0.01 secs] 
[2017-06-05 00:18:14,771] [GC (Allocation Failure) [ParNew: 272673K->34K(306688K), 0.0081958 secs] 442816K->170177K(2587392K), 0.0082454 secs] [Times: user=0.03 sys=0.00, real=0.01 secs] 
[2017-06-05 00:18:14,930] [GC (Allocation Failure) [ParNew: 272674K->26K(306688K), 0.0075676 secs] 442817K->170170K(2587392K), 0.0076183 secs] [Times: user=0.03 sys=0.00, real=0.01 secs] 
[2017-06-05 00:18:15,089] [GC (Allocation Failure) [ParNew: 272666K->28K(306688K), 0.0092480 secs] 442810K->170172K(2587392K), 0.0093082 secs] [Times: user=0.04 sys=0.00, real=0.01 secs] 
[2017-06-05 00:18:15,254] [GC (Allocation Failure) [ParNew: 272668K->34K(306688K), 0.0076449 secs] 442812K->170177K(2587392K), 0.0077003 secs] [Times: user=0.03 sys=0.00, real=0.00 secs] 
[2017-06-05 00:18:15,414] [GC (Allocation Failure) [ParNew: 272674K->31K(306688K), 0.0078018 secs] 442817K->170174K(2587392K), 0.0078574 secs] [Times: user=0.03 sys=0.00, real=0.00 secs] 
[2017-06-05 00:18:15,566] [GC (Allocation Failure) [ParNew: 272671K->30K(306688K), 0.0080500 secs] 442814K->170174K(2587392K), 0.0081061 secs] [Times: user=0.03 sys=0.00, real=0.01 secs] 
[2017-06-05 00:18:15,732] [GC (Allocation Failure) [ParNew: 272670K->29K(306688K), 0.0087557 secs] 442814K->170173K(2587392K), 0.0088149 secs] [Times: user=0.03 sys=0.00, real=0.01 secs] 
[2017-06-05 00:18:15,890] [GC (Allocation Failure) [ParNew: 272669K->30K(306688K), 0.0074577 secs] 442813K->170174K(2587392K), 0.0075064 secs] [Times: user=0.02 sys=0.00, real=0.01 secs] 
[2017-06-05 00:18:16,040] [GC (Allocation Failure) [ParNew: 272670K->36K(306688K), 0.0077908 secs] 442814K->170179K(2587392K), 0.0078397 secs] [Times: user=0.03 sys=0.00, real=0.01 secs] 
[2017-06-05 00:18:16,197] [GC (Allocation Failure) [ParNew: 272676K->29K(306688K), 0.0078451 secs] 442819K->170173K(2587392K), 0.0079377 secs] [Times: user=0.03 sys=0.00, real=0.01 secs] 
[2017-06-05 00:18:16,363] [GC (Allocation Failure) [ParNew: 272669K->27K(306688K), 0.0080218 secs] 442813K->170170K(2587392K), 0.0080891 secs] [Times: user=0.03 sys=0.00, real=0.01 secs] 
[2017-06-05 00:18:16,526] [GC (Allocation Failure) [ParNew: 272667K->34K(306688K), 0.0080675 secs] 442810K->170177K(2587392K), 0.0081166 secs] [Times: user=0.03 sys=0.00, real=0.01 secs] 
[2017-06-05 00:18:16,696] [GC (Allocation Failure) [ParNew: 272674K->31K(306688K), 0.0082240 secs] 442817K->170174K(2587392K), 0.0082736 secs] [Times: user=0.03 sys=0.00, real=0.01 secs] 
[2017-06-05 00:18:16,862] [GC (Allocation Failure) [ParNew: 272671K->31K(306688K), 0.0104015 secs] 442814K->170174K(2587392K), 0.0104572 secs] [Times: user=0.03 sys=0.00, real=0.01 secs] 
[2017-06-05 00:18:17,030] [GC (Allocation Failure) [ParNew: 272671K->30K(306688K), 0.0109899 secs] 442814K->170174K(2587392K), 0.0110608 secs] [Times: user=0.03 sys=0.00, real=0.01 secs] 
[2017-06-05 00:18:17,207] [GC (Allocation Failure) [ParNew: 272670K->30K(306688K), 0.0078702 secs] 442814K->170174K(2587392K), 0.0079245 secs] [Times: user=0.03 sys=0.00, real=0.01 secs] 
[2017-06-05 00:18:17,370] [GC (Allocation Failure) [ParNew: 272670K->30K(306688K), 0.0086865 secs] 442814K->170174K(2587392K), 0.0087441 secs] [Times: user=0.03 sys=0.00, real=0.01 secs] 
[2017-06-05 00:18:17,529] [GC (Allocation Failure) [ParNew: 272670K->30K(306688K), 0.0080350 secs] 442814K->170174K(2587392K), 0.0080919 secs] [Times: user=0.03 sys=0.00, real=0.01 secs] 
[2017-06-05 00:18:17,693] [GC (Allocation Failure) [ParNew: 272670K->28K(306688K), 0.0125353 secs] 442814K->170172K(2587392K), 0.0126045 secs] [Times: user=0.04 sys=0.00, real=0.01 secs] 
[2017-06-05 00:18:17,870] [GC (Allocation Failure) [ParNew: 272668K->33K(306688K), 0.0120826 secs] 442812K->170176K(2587392K), 0.0121335 secs] [Times: user=0.03 sys=0.00, real=0.01 secs] 
[2017-06-05 00:18:18,043] [GC (Allocation Failure) [ParNew: 272673K->26K(306688K), 0.0111714 secs] 442816K->170170K(2587392K), 0.0112992 secs] [Times: user=0.04 sys=0.00, real=0.01 secs] 
[2017-06-05 00:18:18,211] [GC (Allocation Failure) [ParNew: 272666K->33K(306688K), 0.0086485 secs] 442810K->170177K(2587392K), 0.0087077 secs] [Times: user=0.03 sys=0.00, real=0.01 secs] 
[2017-06-05 00:18:18,378] [GC (Allocation Failure) [ParNew: 272673K->24K(306688K), 0.0080694 secs] 442817K->170167K(2587392K), 0.0081227 secs] [Times: user=0.03 sys=0.00, real=0.01 secs] 
[2017-06-05 00:18:18,541] [GC (Allocation Failure) [ParNew: 272664K->30K(306688K), 0.0091098 secs] 442807K->170174K(2587392K), 0.0091611 secs] [Times: user=0.04 sys=0.00, real=0.01 secs] 
[2017-06-05 00:18:18,708] [GC (Allocation Failure) [ParNew: 272670K->35K(306688K), 0.0091403 secs] 442814K->170179K(2587392K), 0.0091895 secs] [Times: user=0.04 sys=0.00, real=0.01 secs] 
[2017-06-05 00:18:18,884] [GC (Allocation Failure) [ParNew: 272675K->28K(306688K), 0.0092790 secs] 442819K->170172K(2587392K), 0.0094303 secs] [Times: user=0.04 sys=0.00, real=0.01 secs] 
[2017-06-05 00:18:19,049] [GC (Allocation Failure) [ParNew: 272668K->31K(306688K), 0.0079737 secs] 442812K->170175K(2587392K), 0.0080215 secs] [Times: user=0.03 sys=0.01, real=0.01 secs] 
[2017-06-05 00:18:19,211] [GC (Allocation Failure) [ParNew: 272671K->33K(306688K), 0.0080982 secs] 442815K->170176K(2587392K), 0.0082036 secs] [Times: user=0.04 sys=0.00, real=0.01 secs] 
[2017-06-05 00:18:19,376] [GC (Allocation Failure) [ParNew: 272673K->24K(306688K), 0.0089936 secs] 442816K->170167K(2587392K), 0.0090624 secs] [Times: user=0.03 sys=0.00, real=0.01 secs] 
[2017-06-05 00:18:19,540] [GC (Allocation Failure) [ParNew: 272664K->32K(306688K), 0.0098543 secs] 442807K->170175K(2587392K), 0.0099088 secs] [Times: user=0.04 sys=0.00, real=0.01 secs] 
[2017-06-05 00:18:19,703] [GC (Allocation Failure) [ParNew: 272672K->29K(306688K), 0.0078669 secs] 442815K->170172K(2587392K), 0.0079273 secs] [Times: user=0.03 sys=0.00, real=0.01 secs] 
[2017-06-05 00:18:19,869] [GC (Allocation Failure) [ParNew: 272669K->32K(306688K), 0.0095341 secs] 442812K->170175K(2587392K), 0.0095871 secs] [Times: user=0.03 sys=0.00, real=0.01 secs] 
[2017-06-05 00:18:20,035] [GC (Allocation Failure) [ParNew: 272672K->35K(306688K), 0.0082366 secs] 442815K->170179K(2587392K), 0.0083084 secs] [Times: user=0.03 sys=0.00, real=0.00 secs] 
[2017-06-05 00:18:20,197] [GC (Allocation Failure) [ParNew: 272675K->24K(306688K), 0.0078453 secs] 442819K->170168K(2587392K), 0.0079124 secs] [Times: user=0.03 sys=0.00, real=0.01 secs] 
[2017-06-05 00:18:20,353] [GC (Allocation Failure) [ParNew: 272664K->28K(306688K), 0.0076670 secs] 442808K->170172K(2587392K), 0.0077164 secs] [Times: user=0.03 sys=0.00, real=0.01 secs] 
[2017-06-05 00:18:20,512] [GC (Allocation Failure) [ParNew: 272668K->28K(306688K), 0.0080955 secs] 442812K->170172K(2587392K), 0.0081444 secs] [Times: user=0.03 sys=0.00, real=0.01 secs] 
[2017-06-05 00:18:20,679] [GC (Allocation Failure) [ParNew: 272668K->30K(306688K), 0.0079786 secs] 442812K->170173K(2587392K), 0.0080304 secs] [Times: user=0.03 sys=0.00, real=0.01 secs] 
[2017-06-05 00:18:20,847] [GC (Allocation Failure) [ParNew: 272670K->23K(306688K), 0.0082134 secs] 442813K->170167K(2587392K), 0.0082686 secs] [Times: user=0.03 sys=0.00, real=0.01 secs] 
[2017-06-05 00:18:21,007] [GC (Allocation Failure) [ParNew: 272663K->26K(306688K), 0.0082661 secs] 442807K->170169K(2587392K), 0.0083226 secs] [Times: user=0.03 sys=0.00, real=0.00 secs] 
[2017-06-05 00:18:21,168] [GC (Allocation Failure) [ParNew: 272666K->28K(306688K), 0.0083840 secs] 442809K->170171K(2587392K), 0.0084434 secs] [Times: user=0.03 sys=0.00, real=0.01 secs] 
[2017-06-05 00:18:21,330] [GC (Allocation Failure) [ParNew: 272668K->28K(306688K), 0.0088802 secs] 442811K->170172K(2587392K), 0.0089317 secs] [Times: user=0.04 sys=0.00, real=0.01 secs] 
[2017-06-05 00:18:21,492] [GC (Allocation Failure) [ParNew: 272668K->35K(306688K), 0.0078726 secs] 442812K->170178K(2587392K), 0.0079248 secs] [Times: user=0.03 sys=0.00, real=0.01 secs] 
[2017-06-05 00:18:21,656] [GC (Allocation Failure) [ParNew: 272675K->31K(306688K), 0.0087712 secs] 442818K->170174K(2587392K), 0.0088294 secs] [Times: user=0.03 sys=0.00, real=0.00 secs] 
[2017-06-05 00:18:21,834] [GC (Allocation Failure) [ParNew: 272671K->30K(306688K), 0.0083806 secs] 442814K->170174K(2587392K), 0.0084581 secs] [Times: user=0.03 sys=0.00, real=0.01 secs] 
[2017-06-05 00:18:21,996] [GC (Allocation Failure) [ParNew: 272670K->27K(306688K), 0.0082967 secs] 442814K->170170K(2587392K), 0.0083501 secs] [Times: user=0.03 sys=0.00, real=0.00 secs] 
[2017-06-05 00:18:22,186] [GC (Allocation Failure) [ParNew: 272667K->30K(306688K), 0.0088908 secs] 442810K->170173K(2587392K), 0.0089507 secs] [Times: user=0.03 sys=0.00, real=0.00 secs] 
[2017-06-05 00:18:22,348] [GC (Allocation Failure) [ParNew: 272670K->29K(306688K), 0.0073269 secs] 442813K->170173K(2587392K), 0.0073877 secs] [Times: user=0.03 sys=0.00, real=0.01 secs] 
[2017-06-05 00:18:22,522] [GC (Allocation Failure) [ParNew: 272669K->32K(306688K), 0.0080815 secs] 442813K->170176K(2587392K), 0.0082319 secs] [Times: user=0.03 sys=0.00, real=0.01 secs] 
[2017-06-05 00:18:22,704] [GC (Allocation Failure) [ParNew: 272672K->26K(306688K), 0.0126351 secs] 442816K->170170K(2587392K), 0.0126938 secs] [Times: user=0.04 sys=0.01, real=0.01 secs] 
[2017-06-05 00:18:22,881] [GC (Allocation Failure) [ParNew: 272666K->27K(306688K), 0.0081734 secs] 442810K->170171K(2587392K), 0.0082211 secs] [Times: user=0.03 sys=0.00, real=0.01 secs] 
[2017-06-05 00:18:23,062] [GC (Allocation Failure) [ParNew: 272667K->28K(306688K), 0.0104580 secs] 442811K->170172K(2587392K), 0.0105174 secs] [Times: user=0.03 sys=0.00, real=0.01 secs] 
[2017-06-05 00:18:23,229] [GC (Allocation Failure) [ParNew: 272668K->27K(306688K), 0.0099012 secs] 442812K->170171K(2587392K), 0.0099757 secs] [Times: user=0.03 sys=0.00, real=0.01 secs] 
[2017-06-05 00:18:23,412] [GC (Allocation Failure) [ParNew: 272667K->27K(306688K), 0.0088206 secs] 442811K->170171K(2587392K), 0.0088697 secs] [Times: user=0.03 sys=0.00, real=0.01 secs] 
[2017-06-05 00:18:23,588] [GC (Allocation Failure) [ParNew: 272667K->28K(306688K), 0.0081979 secs] 442811K->170172K(2587392K), 0.0083323 secs] [Times: user=0.03 sys=0.00, real=0.01 secs] 
[2017-06-05 00:18:23,774] [GC (Allocation Failure) [ParNew: 272668K->29K(306688K), 0.0092461 secs] 442812K->170173K(2587392K), 0.0093002 secs] [Times: user=0.03 sys=0.00, real=0.01 secs] 
[2017-06-05 00:18:23,960] [GC (Allocation Failure) [ParNew: 272669K->27K(306688K), 0.0086285 secs] 442813K->170171K(2587392K), 0.0086959 secs] [Times: user=0.03 sys=0.00, real=0.01 secs] 
[2017-06-05 00:18:24,130] [GC (Allocation Failure) [ParNew: 272667K->27K(306688K), 0.0083118 secs] 442811K->170171K(2587392K), 0.0083728 secs] [Times: user=0.03 sys=0.00, real=0.01 secs] 
[2017-06-05 00:18:24,317] [GC (Allocation Failure) [ParNew: 272667K->27K(306688K), 0.0075114 secs] 442811K->170171K(2587392K), 0.0075686 secs] [Times: user=0.02 sys=0.00, real=0.00 secs] 
[2017-06-05 00:18:24,486] [GC (Allocation Failure) [ParNew: 272667K->35K(306688K), 0.0080748 secs] 442811K->170179K(2587392K), 0.0081245 secs] [Times: user=0.03 sys=0.00, real=0.00 secs] 
[2017-06-05 00:18:24,661] [GC (Allocation Failure) [ParNew: 272675K->35K(306688K), 0.0084843 secs] 442819K->170179K(2587392K), 0.0085469 secs] [Times: user=0.03 sys=0.01, real=0.01 secs] 
[2017-06-05 00:18:24,835] [GC (Allocation Failure) [ParNew: 272675K->34K(306688K), 0.0090537 secs] 442819K->170177K(2587392K), 0.0091136 secs] [Times: user=0.03 sys=0.00, real=0.01 secs] 
[2017-06-05 00:18:25,007] [GC (Allocation Failure) [ParNew: 272674K->25K(306688K), 0.0072647 secs] 442817K->170169K(2587392K), 0.0073157 secs] [Times: user=0.03 sys=0.00, real=0.01 secs] 
[2017-06-05 00:18:25,163] [GC (Allocation Failure) [ParNew: 272665K->28K(306688K), 0.0077397 secs] 442809K->170171K(2587392K), 0.0077890 secs] [Times: user=0.03 sys=0.00, real=0.01 secs] 
[2017-06-05 00:18:25,322] [GC (Allocation Failure) [ParNew: 272668K->28K(306688K), 0.0083050 secs] 442811K->170171K(2587392K), 0.0084470 secs] [Times: user=0.03 sys=0.00, real=0.01 secs] 
[2017-06-05 00:18:25,475] [GC (Allocation Failure) [ParNew: 272668K->33K(306688K), 0.0074838 secs] 442811K->170177K(2587392K), 0.0075571 secs] [Times: user=0.03 sys=0.00, real=0.00 secs] 
[2017-06-05 00:18:25,629] [GC (Allocation Failure) [ParNew: 272673K->26K(306688K), 0.0103235 secs] 442817K->170170K(2587392K), 0.0104021 secs] [Times: user=0.03 sys=0.00, real=0.01 secs] 
[2017-06-05 00:18:25,796] [GC (Allocation Failure) [ParNew: 272666K->27K(306688K), 0.0076856 secs] 442810K->170171K(2587392K), 0.0077433 secs] [Times: user=0.03 sys=0.00, real=0.00 secs] 
[2017-06-05 00:18:25,952] [GC (Allocation Failure) [ParNew: 272667K->35K(306688K), 0.0075795 secs] 442811K->170179K(2587392K), 0.0076285 secs] [Times: user=0.02 sys=0.00, real=0.01 secs] 
[2017-06-05 00:18:26,103] [GC (Allocation Failure) [ParNew: 272675K->32K(306688K), 0.0083237 secs] 442819K->170175K(2587392K), 0.0083794 secs] [Times: user=0.03 sys=0.00, real=0.01 secs] 
[2017-06-05 00:18:26,270] [GC (Allocation Failure) [ParNew: 272672K->38K(306688K), 0.0087362 secs] 442815K->170181K(2587392K), 0.0088075 secs] [Times: user=0.03 sys=0.00, real=0.01 secs] 
[2017-06-05 00:18:26,432] [GC (Allocation Failure) [ParNew: 272678K->33K(306688K), 0.0079036 secs] 442821K->170176K(2587392K), 0.0079607 secs] [Times: user=0.03 sys=0.00, real=0.01 secs] 
[2017-06-05 00:18:26,599] [GC (Allocation Failure) [ParNew: 272673K->30K(306688K), 0.0084088 secs] 442816K->170174K(2587392K), 0.0084673 secs] [Times: user=0.03 sys=0.00, real=0.01 secs] 
[2017-06-05 00:18:26,765] [GC (Allocation Failure) [ParNew: 272670K->35K(306688K), 0.0085186 secs] 442814K->170178K(2587392K), 0.0085845 secs] [Times: user=0.03 sys=0.00, real=0.01 secs] 
[2017-06-05 00:18:26,931] [GC (Allocation Failure) [ParNew: 272675K->27K(306688K), 0.0092638 secs] 442818K->170171K(2587392K), 0.0093179 secs] [Times: user=0.04 sys=0.00, real=0.01 secs] 
[2017-06-05 00:18:27,089] [GC (Allocation Failure) [ParNew: 272667K->31K(306688K), 0.0081407 secs] 442811K->170174K(2587392K), 0.0081999 secs] [Times: user=0.03 sys=0.00, real=0.01 secs] 
[2017-06-05 00:18:27,260] [GC (Allocation Failure) [ParNew: 272671K->29K(306688K), 0.0088673 secs] 442814K->170172K(2587392K), 0.0089211 secs] [Times: user=0.03 sys=0.00, real=0.01 secs] 
[2017-06-05 00:18:27,420] [GC (Allocation Failure) [ParNew: 272669K->30K(306688K), 0.0074296 secs] 442812K->170173K(2587392K), 0.0075138 secs] [Times: user=0.03 sys=0.00, real=0.01 secs] 
[2017-06-05 00:18:27,584] [GC (Allocation Failure) [ParNew: 272670K->30K(306688K), 0.0075182 secs] 442813K->170174K(2587392K), 0.0077704 secs] [Times: user=0.02 sys=0.00, real=0.01 secs] 
[2017-06-05 00:18:27,753] [GC (Allocation Failure) [ParNew: 272670K->32K(306688K), 0.0093306 secs] 442814K->170175K(2587392K), 0.0094829 secs] [Times: user=0.03 sys=0.00, real=0.01 secs] 
[2017-06-05 00:18:27,917] [GC (Allocation Failure) [ParNew: 272672K->39K(306688K), 0.0113506 secs] 442815K->170182K(2587392K), 0.0114040 secs] [Times: user=0.03 sys=0.00, real=0.01 secs] 
[2017-06-05 00:18:28,084] [GC (Allocation Failure) [ParNew: 272679K->33K(306688K), 0.0114037 secs] 442822K->170177K(2587392K), 0.0114544 secs] [Times: user=0.04 sys=0.00, real=0.01 secs] 
[2017-06-05 00:18:28,243] [GC (Allocation Failure) [ParNew: 272673K->22K(306688K), 0.0081878 secs] 442817K->170166K(2587392K), 0.0082375 secs] [Times: user=0.03 sys=0.00, real=0.01 secs] 
[2017-06-05 00:18:28,398] [GC (Allocation Failure) [ParNew: 272662K->31K(306688K), 0.0081794 secs] 442806K->170174K(2587392K), 0.0082294 secs] [Times: user=0.03 sys=0.00, real=0.00 secs] 
[2017-06-05 00:18:28,565] [GC (Allocation Failure) [ParNew: 272671K->34K(306688K), 0.0077177 secs] 442814K->170177K(2587392K), 0.0078244 secs] [Times: user=0.02 sys=0.00, real=0.01 secs] 
[2017-06-05 00:18:28,724] [GC (Allocation Failure) [ParNew: 272674K->27K(306688K), 0.0079200 secs] 442817K->170171K(2587392K), 0.0079724 secs] [Times: user=0.03 sys=0.00, real=0.01 secs] 
[2017-06-05 00:18:28,886] [GC (Allocation Failure) [ParNew: 272667K->30K(306688K), 0.0077967 secs] 442811K->170173K(2587392K), 0.0078529 secs] [Times: user=0.03 sys=0.00, real=0.00 secs] 
[2017-06-05 00:18:29,047] [GC (Allocation Failure) [ParNew: 272670K->35K(306688K), 0.0104574 secs] 442813K->170178K(2587392K), 0.0105114 secs] [Times: user=0.03 sys=0.00, real=0.01 secs] 
[2017-06-05 00:18:29,204] [GC (Allocation Failure) [ParNew: 272675K->32K(306688K), 0.0086327 secs] 442818K->170175K(2587392K), 0.0086924 secs] [Times: user=0.03 sys=0.00, real=0.01 secs] 
[2017-06-05 00:18:29,368] [GC (Allocation Failure) [ParNew: 272672K->31K(306688K), 0.0089375 secs] 442815K->170174K(2587392K), 0.0091095 secs] [Times: user=0.03 sys=0.00, real=0.01 secs] 
[2017-06-05 00:18:29,525] [GC (Allocation Failure) [ParNew: 272671K->35K(306688K), 0.0078368 secs] 442814K->170179K(2587392K), 0.0078894 secs] [Times: user=0.03 sys=0.00, real=0.01 secs] 
[2017-06-05 00:18:29,689] [GC (Allocation Failure) [ParNew: 272675K->24K(306688K), 0.0088697 secs] 442819K->170168K(2587392K), 0.0089239 secs] [Times: user=0.03 sys=0.00, real=0.01 secs] 
[2017-06-05 00:18:29,855] [GC (Allocation Failure) [ParNew: 272664K->31K(306688K), 0.0084725 secs] 442808K->170174K(2587392K), 0.0085323 secs] [Times: user=0.03 sys=0.00, real=0.01 secs] 
[2017-06-05 00:18:30,026] [GC (Allocation Failure) [ParNew: 272671K->32K(306688K), 0.0079538 secs] 442814K->170176K(2587392K), 0.0080646 secs] [Times: user=0.03 sys=0.00, real=0.00 secs] 
[2017-06-05 00:18:30,190] [GC (Allocation Failure) [ParNew: 272672K->30K(306688K), 0.0101918 secs] 442816K->170174K(2587392K), 0.0102391 secs] [Times: user=0.04 sys=0.00, real=0.01 secs] 
[2017-06-05 00:18:30,349] [GC (Allocation Failure) [ParNew: 272670K->34K(306688K), 0.0078040 secs] 442814K->170178K(2587392K), 0.0079685 secs] [Times: user=0.03 sys=0.00, real=0.01 secs] 
[2017-06-05 00:18:30,506] [GC (Allocation Failure) [ParNew: 272674K->37K(306688K), 0.0082395 secs] 442818K->170181K(2587392K), 0.0084018 secs] [Times: user=0.03 sys=0.00, real=0.01 secs] 
[2017-06-05 00:18:30,661] [GC (Allocation Failure) [ParNew: 272677K->34K(306688K), 0.0081517 secs] 442821K->170178K(2587392K), 0.0082047 secs] [Times: user=0.03 sys=0.00, real=0.01 secs] 
[2017-06-05 00:18:30,817] [GC (Allocation Failure) [ParNew: 272674K->28K(306688K), 0.0071229 secs] 442818K->170171K(2587392K), 0.0071710 secs] [Times: user=0.03 sys=0.00, real=0.00 secs] 
[2017-06-05 00:18:30,982] [GC (Allocation Failure) [ParNew: 272668K->32K(306688K), 0.0102886 secs] 442811K->170175K(2587392K), 0.0104355 secs] [Times: user=0.04 sys=0.00, real=0.01 secs] 
[2017-06-05 00:18:31,142] [GC (Allocation Failure) [ParNew: 272672K->34K(306688K), 0.0074741 secs] 442815K->170177K(2587392K), 0.0075256 secs] [Times: user=0.02 sys=0.00, real=0.01 secs] 
[2017-06-05 00:18:31,303] [GC (Allocation Failure) [ParNew: 272674K->30K(306688K), 0.0079804 secs] 442817K->170174K(2587392K), 0.0080337 secs] [Times: user=0.03 sys=0.00, real=0.01 secs] 
[2017-06-05 00:18:31,470] [GC (Allocation Failure) [ParNew: 272670K->28K(306688K), 0.0079217 secs] 442814K->170172K(2587392K), 0.0079802 secs] [Times: user=0.03 sys=0.00, real=0.01 secs] 
[2017-06-05 00:18:31,633] [GC (Allocation Failure) [ParNew: 272668K->31K(306688K), 0.0078856 secs] 442812K->170175K(2587392K), 0.0079392 secs] [Times: user=0.03 sys=0.00, real=0.01 secs] 
[2017-06-05 00:18:31,794] [GC (Allocation Failure) [ParNew: 272671K->36K(306688K), 0.0081627 secs] 442815K->170179K(2587392K), 0.0082177 secs] [Times: user=0.03 sys=0.00, real=0.01 secs] 
[2017-06-05 00:18:31,951] [GC (Allocation Failure) [ParNew: 272676K->28K(306688K), 0.0096471 secs] 442819K->170172K(2587392K), 0.0097407 secs] [Times: user=0.04 sys=0.00, real=0.01 secs] 
[2017-06-05 00:18:32,117] [GC (Allocation Failure) [ParNew: 272668K->29K(306688K), 0.0085340 secs] 442812K->170172K(2587392K), 0.0086431 secs] [Times: user=0.03 sys=0.00, real=0.00 secs] 
[2017-06-05 00:18:32,276] [GC (Allocation Failure) [ParNew: 272669K->30K(306688K), 0.0080193 secs] 442812K->170173K(2587392K), 0.0080723 secs] [Times: user=0.04 sys=0.00, real=0.00 secs] 
[2017-06-05 00:18:32,432] [GC (Allocation Failure) [ParNew: 272670K->30K(306688K), 0.0073463 secs] 442813K->170173K(2587392K), 0.0073981 secs] [Times: user=0.03 sys=0.00, real=0.01 secs] 
[2017-06-05 00:18:32,585] [GC (Allocation Failure) [ParNew: 272670K->33K(306688K), 0.0073623 secs] 442813K->170177K(2587392K), 0.0074186 secs] [Times: user=0.03 sys=0.01, real=0.01 secs] 
[2017-06-05 00:18:32,742] [GC (Allocation Failure) [ParNew: 272673K->28K(306688K), 0.0088897 secs] 442817K->170172K(2587392K), 0.0089382 secs] [Times: user=0.04 sys=0.00, real=0.01 secs] 
[2017-06-05 00:18:32,898] [GC (Allocation Failure) [ParNew: 272668K->28K(306688K), 0.0085562 secs] 442812K->170171K(2587392K), 0.0086099 secs] [Times: user=0.03 sys=0.00, real=0.01 secs] 
[2017-06-05 00:18:33,060] [GC (Allocation Failure) [ParNew: 272668K->30K(306688K), 0.0084204 secs] 442811K->170174K(2587392K), 0.0084953 secs] [Times: user=0.03 sys=0.00, real=0.01 secs] 
[2017-06-05 00:18:33,213] [GC (Allocation Failure) [ParNew: 272670K->29K(306688K), 0.0086979 secs] 442814K->170172K(2587392K), 0.0087504 secs] [Times: user=0.03 sys=0.00, real=0.01 secs] 
[2017-06-05 00:18:33,380] [GC (Allocation Failure) [ParNew: 272669K->29K(306688K), 0.0173710 secs] 442812K->170172K(2587392K), 0.0174201 secs] [Times: user=0.05 sys=0.00, real=0.02 secs] 
[2017-06-05 00:18:33,542] [GC (Allocation Failure) [ParNew: 272669K->35K(306688K), 0.0098793 secs] 442812K->170178K(2587392K), 0.0099292 secs] [Times: user=0.04 sys=0.00, real=0.01 secs] 
[2017-06-05 00:18:33,696] [GC (Allocation Failure) [ParNew: 272675K->25K(306688K), 0.0073509 secs] 442818K->170168K(2587392K), 0.0074044 secs] [Times: user=0.03 sys=0.00, real=0.00 secs] 
[2017-06-05 00:18:33,862] [GC (Allocation Failure) [ParNew: 272665K->30K(306688K), 0.0111635 secs] 442808K->170174K(2587392K), 0.0112860 secs] [Times: user=0.04 sys=0.00, real=0.01 secs] 
[2017-06-05 00:18:34,026] [GC (Allocation Failure) [ParNew: 272670K->29K(306688K), 0.0078430 secs] 442814K->170172K(2587392K), 0.0080023 secs] [Times: user=0.02 sys=0.00, real=0.01 secs] 
[2017-06-05 00:18:34,186] [GC (Allocation Failure) [ParNew: 272669K->33K(306688K), 0.0109719 secs] 442812K->170177K(2587392K), 0.0110438 secs] [Times: user=0.03 sys=0.00, real=0.01 secs] 
[2017-06-05 00:18:34,343] [GC (Allocation Failure) [ParNew: 272673K->24K(306688K), 0.0073271 secs] 442817K->170168K(2587392K), 0.0073754 secs] [Times: user=0.03 sys=0.00, real=0.01 secs] 
[2017-06-05 00:18:34,500] [GC (Allocation Failure) [ParNew: 272664K->26K(306688K), 0.0082402 secs] 442808K->170169K(2587392K), 0.0082945 secs] [Times: user=0.03 sys=0.00, real=0.01 secs] 
[2017-06-05 00:18:34,658] [GC (Allocation Failure) [ParNew: 272666K->33K(306688K), 0.0078730 secs] 442809K->170176K(2587392K), 0.0079203 secs] [Times: user=0.03 sys=0.00, real=0.00 secs] 
[2017-06-05 00:18:34,826] [GC (Allocation Failure) [ParNew: 272673K->30K(306688K), 0.0114113 secs] 442816K->170173K(2587392K), 0.0115028 secs] [Times: user=0.03 sys=0.00, real=0.01 secs] 
[2017-06-05 00:18:34,993] [GC (Allocation Failure) [ParNew: 272670K->35K(306688K), 0.0114397 secs] 442813K->170178K(2587392K), 0.0114880 secs] [Times: user=0.04 sys=0.00, real=0.01 secs] 
[2017-06-05 00:18:35,156] [GC (Allocation Failure) [ParNew: 272675K->29K(306688K), 0.0111521 secs] 442818K->170172K(2587392K), 0.0112188 secs] [Times: user=0.03 sys=0.00, real=0.01 secs] 
[2017-06-05 00:18:35,327] [GC (Allocation Failure) [ParNew: 272669K->33K(306688K), 0.0143109 secs] 442812K->170176K(2587392K), 0.0143662 secs] [Times: user=0.04 sys=0.00, real=0.01 secs] 
[2017-06-05 00:18:35,493] [GC (Allocation Failure) [ParNew: 272673K->29K(306688K), 0.0127816 secs] 442816K->170173K(2587392K), 0.0128339 secs] [Times: user=0.03 sys=0.00, real=0.01 secs] 
[2017-06-05 00:18:35,658] [GC (Allocation Failure) [ParNew: 272669K->29K(306688K), 0.0108533 secs] 442813K->170172K(2587392K), 0.0109035 secs] [Times: user=0.03 sys=0.00, real=0.01 secs] 
[2017-06-05 00:18:35,832] [GC (Allocation Failure) [ParNew: 272669K->29K(306688K), 0.0084470 secs] 442812K->170172K(2587392K), 0.0085033 secs] [Times: user=0.03 sys=0.00, real=0.01 secs] 
[2017-06-05 00:18:35,999] [GC (Allocation Failure) [ParNew: 272669K->34K(306688K), 0.0078662 secs] 442812K->170177K(2587392K), 0.0079578 secs] [Times: user=0.03 sys=0.00, real=0.01 secs] 
[2017-06-05 00:18:36,164] [GC (Allocation Failure) [ParNew: 272674K->36K(306688K), 0.0083318 secs] 442817K->170180K(2587392K), 0.0083998 secs] [Times: user=0.04 sys=0.00, real=0.01 secs] 
[2017-06-05 00:18:36,334] [GC (Allocation Failure) [ParNew: 272676K->27K(306688K), 0.0122251 secs] 442820K->170171K(2587392K), 0.0122890 secs] [Times: user=0.03 sys=0.00, real=0.01 secs] 
[2017-06-05 00:18:36,500] [GC (Allocation Failure) [ParNew: 272528K->31K(306688K), 0.0084647 secs] 442672K->170175K(2587392K), 0.0085310 secs] [Times: user=0.03 sys=0.00, real=0.01 secs] 
[2017-06-05 00:18:36,673] [GC (Allocation Failure) [ParNew: 272671K->32K(306688K), 0.0110607 secs] 442815K->170175K(2587392K), 0.0111369 secs] [Times: user=0.03 sys=0.00, real=0.01 secs] 
[2017-06-05 00:18:36,831] [GC (Allocation Failure) [ParNew: 272672K->26K(306688K), 0.0086475 secs] 442815K->170169K(2587392K), 0.0086928 secs] [Times: user=0.03 sys=0.00, real=0.01 secs] 
[2017-06-05 00:18:36,990] [GC (Allocation Failure) [ParNew: 272666K->29K(306688K), 0.0091434 secs] 442809K->170172K(2587392K), 0.0092105 secs] [Times: user=0.03 sys=0.00, real=0.01 secs] 
[2017-06-05 00:18:37,149] [GC (Allocation Failure) [ParNew: 272669K->31K(306688K), 0.0094559 secs] 442812K->170175K(2587392K), 0.0095192 secs] [Times: user=0.03 sys=0.00, real=0.01 secs] 
[2017-06-05 00:18:37,306] [GC (Allocation Failure) [ParNew: 272671K->25K(306688K), 0.0091881 secs] 442815K->170169K(2587392K), 0.0092414 secs] [Times: user=0.04 sys=0.00, real=0.01 secs] 
[2017-06-05 00:18:37,463] [GC (Allocation Failure) [ParNew: 272665K->28K(306688K), 0.0079798 secs] 442809K->170172K(2587392K), 0.0081323 secs] [Times: user=0.03 sys=0.00, real=0.01 secs] 
[2017-06-05 00:18:37,616] [GC (Allocation Failure) [ParNew: 272668K->30K(306688K), 0.0080574 secs] 442812K->170173K(2587392K), 0.0081055 secs] [Times: user=0.03 sys=0.00, real=0.01 secs] 
[2017-06-05 00:18:37,771] [GC (Allocation Failure) [ParNew: 272670K->34K(306688K), 0.0079113 secs] 442813K->170177K(2587392K), 0.0079808 secs] [Times: user=0.03 sys=0.00, real=0.01 secs] 
[2017-06-05 00:18:37,929] [GC (Allocation Failure) [ParNew: 272674K->26K(306688K), 0.0075554 secs] 442817K->170169K(2587392K), 0.0077091 secs] [Times: user=0.02 sys=0.00, real=0.01 secs] 
[2017-06-05 00:18:38,086] [GC (Allocation Failure) [ParNew: 272666K->32K(306688K), 0.0076897 secs] 442809K->170176K(2587392K), 0.0078719 secs] [Times: user=0.03 sys=0.00, real=0.01 secs] 
[2017-06-05 00:18:38,246] [GC (Allocation Failure) [ParNew: 272672K->33K(306688K), 0.0075866 secs] 442816K->170176K(2587392K), 0.0076404 secs] [Times: user=0.03 sys=0.00, real=0.01 secs] 
[2017-06-05 00:18:38,409] [GC (Allocation Failure) [ParNew: 272673K->29K(306688K), 0.0079881 secs] 442816K->170172K(2587392K), 0.0081558 secs] [Times: user=0.03 sys=0.00, real=0.01 secs] 
[2017-06-05 00:18:38,563] [GC (Allocation Failure) [ParNew: 272669K->31K(306688K), 0.0075227 secs] 442812K->170175K(2587392K), 0.0075925 secs] [Times: user=0.03 sys=0.00, real=0.01 secs] 
[2017-06-05 00:18:38,717] [GC (Allocation Failure) [ParNew: 272671K->34K(306688K), 0.0074361 secs] 442815K->170178K(2587392K), 0.0074865 secs] [Times: user=0.02 sys=0.00, real=0.00 secs] 
[2017-06-05 00:18:38,886] [GC (Allocation Failure) [ParNew: 272674K->27K(306688K), 0.0077496 secs] 442818K->170171K(2587392K), 0.0078239 secs] [Times: user=0.02 sys=0.00, real=0.01 secs] 
[2017-06-05 00:18:39,044] [GC (Allocation Failure) [ParNew: 272667K->32K(306688K), 0.0072130 secs] 442811K->170175K(2587392K), 0.0072636 secs] [Times: user=0.03 sys=0.00, real=0.01 secs] 
[2017-06-05 00:18:39,201] [GC (Allocation Failure) [ParNew: 272672K->37K(306688K), 0.0083894 secs] 442815K->170180K(2587392K), 0.0085093 secs] [Times: user=0.03 sys=0.00, real=0.01 secs] 
[2017-06-05 00:18:39,360] [GC (Allocation Failure) [ParNew: 272677K->26K(306688K), 0.0076316 secs] 442820K->170169K(2587392K), 0.0076884 secs] [Times: user=0.03 sys=0.00, real=0.01 secs] 
[2017-06-05 00:18:39,523] [GC (Allocation Failure) [ParNew: 272666K->29K(306688K), 0.0074591 secs] 442809K->170173K(2587392K), 0.0076182 secs] [Times: user=0.03 sys=0.00, real=0.01 secs] 
[2017-06-05 00:18:39,676] [GC (Allocation Failure) [ParNew: 272669K->28K(306688K), 0.0082898 secs] 442813K->170172K(2587392K), 0.0083474 secs] [Times: user=0.03 sys=0.01, real=0.01 secs] 
[2017-06-05 00:18:39,838] [GC (Allocation Failure) [ParNew: 272668K->28K(306688K), 0.0087569 secs] 442812K->170172K(2587392K), 0.0088107 secs] [Times: user=0.03 sys=0.00, real=0.01 secs] 
[2017-06-05 00:18:40,005] [GC (Allocation Failure) [ParNew: 272668K->35K(306688K), 0.0104212 secs] 442812K->170178K(2587392K), 0.0104828 secs] [Times: user=0.03 sys=0.00, real=0.01 secs] 
[2017-06-05 00:18:40,158] [GC (Allocation Failure) [ParNew: 272675K->32K(306688K), 0.0097621 secs] 442818K->170175K(2587392K), 0.0098119 secs] [Times: user=0.03 sys=0.00, real=0.01 secs] 
[2017-06-05 00:18:40,314] [GC (Allocation Failure) [ParNew: 272672K->28K(306688K), 0.0073968 secs] 442815K->170172K(2587392K), 0.0074523 secs] [Times: user=0.02 sys=0.00, real=0.01 secs] 
[2017-06-05 00:18:40,474] [GC (Allocation Failure) [ParNew: 272668K->31K(306688K), 0.0081882 secs] 442812K->170174K(2587392K), 0.0083414 secs] [Times: user=0.03 sys=0.00, real=0.01 secs] 
[2017-06-05 00:18:40,629] [GC (Allocation Failure) [ParNew: 272671K->28K(306688K), 0.0081214 secs] 442814K->170172K(2587392K), 0.0081745 secs] [Times: user=0.03 sys=0.00, real=0.00 secs] 
[2017-06-05 00:18:40,785] [GC (Allocation Failure) [ParNew: 272668K->34K(306688K), 0.0081651 secs] 442812K->170177K(2587392K), 0.0082201 secs] [Times: user=0.03 sys=0.00, real=0.01 secs] 
[2017-06-05 00:18:40,944] [GC (Allocation Failure) [ParNew: 272674K->32K(306688K), 0.0080716 secs] 442817K->170176K(2587392K), 0.0081281 secs] [Times: user=0.03 sys=0.00, real=0.01 secs] 
[2017-06-05 00:18:41,105] [GC (Allocation Failure) [ParNew: 272672K->31K(306688K), 0.0085595 secs] 442816K->170175K(2587392K), 0.0086124 secs] [Times: user=0.03 sys=0.00, real=0.01 secs] 
[2017-06-05 00:18:41,259] [GC (Allocation Failure) [ParNew: 272671K->35K(306688K), 0.0079810 secs] 442815K->170179K(2587392K), 0.0080321 secs] [Times: user=0.03 sys=0.00, real=0.00 secs] 
[2017-06-05 00:18:41,421] [GC (Allocation Failure) [ParNew: 272675K->27K(306688K), 0.0072933 secs] 442819K->170170K(2587392K), 0.0073505 secs] [Times: user=0.03 sys=0.00, real=0.01 secs] 
[2017-06-05 00:18:41,579] [GC (Allocation Failure) [ParNew: 272667K->30K(306688K), 0.0108289 secs] 442810K->170174K(2587392K), 0.0108946 secs] [Times: user=0.04 sys=0.00, real=0.01 secs] 
[2017-06-05 00:18:41,731] [GC (Allocation Failure) [ParNew: 272670K->32K(306688K), 0.0075873 secs] 442814K->170176K(2587392K), 0.0076365 secs] [Times: user=0.03 sys=0.00, real=0.01 secs] 
[2017-06-05 00:18:41,889] [GC (Allocation Failure) [ParNew: 272672K->27K(306688K), 0.0121625 secs] 442816K->170170K(2587392K), 0.0122124 secs] [Times: user=0.03 sys=0.00, real=0.01 secs] 
[2017-06-05 00:18:42,055] [GC (Allocation Failure) [ParNew: 272667K->27K(306688K), 0.0111654 secs] 442810K->170170K(2587392K), 0.0112287 secs] [Times: user=0.04 sys=0.00, real=0.01 secs] 
[2017-06-05 00:18:42,255] [GC (Allocation Failure) [ParNew: 272667K->34K(306688K), 0.0122413 secs] 442810K->170177K(2587392K), 0.0123011 secs] [Times: user=0.03 sys=0.00, real=0.01 secs] 
[2017-06-05 00:18:42,452] [GC (Allocation Failure) [ParNew: 272674K->41K(306688K), 0.0100568 secs] 442817K->170185K(2587392K), 0.0101056 secs] [Times: user=0.03 sys=0.00, real=0.01 secs] 
[2017-06-05 00:18:42,605] [GC (Allocation Failure) [ParNew: 272681K->42K(306688K), 0.0081769 secs] 442825K->170186K(2587392K), 0.0082263 secs] [Times: user=0.03 sys=0.00, real=0.01 secs] 
[2017-06-05 00:18:42,762] [GC (Allocation Failure) [ParNew: 272682K->34K(306688K), 0.0092646 secs] 442826K->170178K(2587392K), 0.0093281 secs] [Times: user=0.04 sys=0.00, real=0.01 secs] 
[2017-06-05 00:18:42,924] [GC (Allocation Failure) [ParNew: 272674K->42K(306688K), 0.0071131 secs] 442818K->170186K(2587392K), 0.0071626 secs] [Times: user=0.02 sys=0.00, real=0.01 secs] 
[2017-06-05 00:18:43,077] [GC (Allocation Failure) [ParNew: 272682K->42K(306688K), 0.0076668 secs] 442826K->170187K(2587392K), 0.0077161 secs] [Times: user=0.02 sys=0.00, real=0.00 secs] 
[2017-06-05 00:18:43,233] [GC (Allocation Failure) [ParNew: 272682K->36K(306688K), 0.0075002 secs] 442827K->170185K(2587392K), 0.0075473 secs] [Times: user=0.03 sys=0.00, real=0.01 secs] 
[2017-06-05 00:18:43,391] [GC (Allocation Failure) [ParNew: 272676K->24K(306688K), 0.0084127 secs] 442825K->170179K(2587392K), 0.0084611 secs] [Times: user=0.03 sys=0.00, real=0.01 secs] 
[2017-06-05 00:18:43,557] [GC (Allocation Failure) [ParNew: 272664K->28K(306688K), 0.0088593 secs] 442819K->170184K(2587392K), 0.0089088 secs] [Times: user=0.03 sys=0.00, real=0.01 secs] 
[2017-06-05 00:18:43,717] [GC (Allocation Failure) [ParNew: 272668K->29K(306688K), 0.0077326 secs] 442824K->170184K(2587392K), 0.0077837 secs] [Times: user=0.03 sys=0.00, real=0.01 secs] 
[2017-06-05 00:18:43,886] [GC (Allocation Failure) [ParNew: 272669K->27K(306688K), 0.0086988 secs] 442824K->170183K(2587392K), 0.0087483 secs] [Times: user=0.03 sys=0.00, real=0.01 secs] 
[2017-06-05 00:18:44,049] [GC (Allocation Failure) [ParNew: 272667K->27K(306688K), 0.0076970 secs] 442823K->170182K(2587392K), 0.0077438 secs] [Times: user=0.03 sys=0.00, real=0.00 secs] 
[2017-06-05 00:18:44,211] [GC (Allocation Failure) [ParNew: 272667K->27K(306688K), 0.0080484 secs] 442822K->170182K(2587392K), 0.0080997 secs] [Times: user=0.03 sys=0.00, real=0.01 secs] 
[2017-06-05 00:18:44,371] [GC (Allocation Failure) [ParNew: 272667K->39K(306688K), 0.0076051 secs] 442822K->170194K(2587392K), 0.0076543 secs] [Times: user=0.03 sys=0.00, real=0.01 secs] 
[2017-06-05 00:18:44,532] [GC (Allocation Failure) [ParNew: 272679K->23K(306688K), 0.0093417 secs] 442834K->170178K(2587392K), 0.0093954 secs] [Times: user=0.04 sys=0.00, real=0.01 secs] 
[2017-06-05 00:18:44,693] [GC (Allocation Failure) [ParNew: 272663K->27K(306688K), 0.0079289 secs] 442818K->170182K(2587392K), 0.0079868 secs] [Times: user=0.03 sys=0.00, real=0.01 secs] 
[2017-06-05 00:18:44,856] [GC (Allocation Failure) [ParNew: 272667K->25K(306688K), 0.0082705 secs] 442822K->170181K(2587392K), 0.0083396 secs] [Times: user=0.03 sys=0.00, real=0.01 secs] 
[2017-06-05 00:18:45,011] [GC (Allocation Failure) [ParNew: 272665K->29K(306688K), 0.0079598 secs] 442821K->170185K(2587392K), 0.0080269 secs] [Times: user=0.03 sys=0.00, real=0.01 secs] 
[2017-06-05 00:18:45,174] [GC (Allocation Failure) [ParNew: 272669K->24K(306688K), 0.0082495 secs] 442825K->170179K(2587392K), 0.0083007 secs] [Times: user=0.03 sys=0.01, real=0.01 secs] 
[2017-06-05 00:18:45,340] [GC (Allocation Failure) [ParNew: 272664K->36K(306688K), 0.0079722 secs] 442819K->170192K(2587392K), 0.0080499 secs] [Times: user=0.03 sys=0.00, real=0.01 secs] 
[2017-06-05 00:18:45,500] [GC (Allocation Failure) [ParNew: 272676K->26K(306688K), 0.0098054 secs] 442832K->170182K(2587392K), 0.0098614 secs] [Times: user=0.03 sys=0.00, real=0.01 secs] 
[2017-06-05 00:18:45,660] [GC (Allocation Failure) [ParNew: 272666K->29K(306688K), 0.0079336 secs] 442822K->170185K(2587392K), 0.0079918 secs] [Times: user=0.04 sys=0.00, real=0.01 secs] 
[2017-06-05 00:18:45,826] [GC (Allocation Failure) [ParNew: 272669K->32K(306688K), 0.0080107 secs] 442825K->170187K(2587392K), 0.0080721 secs] [Times: user=0.03 sys=0.00, real=0.01 secs] 
[2017-06-05 00:18:45,986] [GC (Allocation Failure) [ParNew: 272672K->25K(306688K), 0.0084641 secs] 442827K->170180K(2587392K), 0.0085161 secs] [Times: user=0.03 sys=0.00, real=0.01 secs] 
[2017-06-05 00:18:46,159] [GC (Allocation Failure) [ParNew: 272665K->34K(306688K), 0.0077828 secs] 442820K->170190K(2587392K), 0.0078329 secs] [Times: user=0.02 sys=0.00, real=0.00 secs] 
[2017-06-05 00:18:46,321] [GC (Allocation Failure) [ParNew: 272674K->26K(306688K), 0.0078400 secs] 442830K->170181K(2587392K), 0.0078945 secs] [Times: user=0.03 sys=0.00, real=0.01 secs] 
[2017-06-05 00:18:46,478] [GC (Allocation Failure) [ParNew: 272666K->32K(306688K), 0.0078620 secs] 442821K->170188K(2587392K), 0.0080075 secs] [Times: user=0.03 sys=0.00, real=0.01 secs] 
[2017-06-05 00:18:46,637] [GC (Allocation Failure) [ParNew: 272672K->23K(306688K), 0.0083818 secs] 442828K->170179K(2587392K), 0.0084417 secs] [Times: user=0.03 sys=0.00, real=0.01 secs] 
[2017-06-05 00:18:46,804] [GC (Allocation Failure) [ParNew: 272663K->25K(306688K), 0.0115151 secs] 442819K->170180K(2587392K), 0.0115743 secs] [Times: user=0.03 sys=0.00, real=0.01 secs] 
[2017-06-05 00:18:46,970] [GC (Allocation Failure) [ParNew: 272665K->25K(306688K), 0.0107864 secs] 442820K->170180K(2587392K), 0.0108369 secs] [Times: user=0.03 sys=0.00, real=0.01 secs] 
[2017-06-05 00:18:47,140] [GC (Allocation Failure) [ParNew: 272665K->28K(306688K), 0.0096163 secs] 442820K->170183K(2587392K), 0.0096874 secs] [Times: user=0.04 sys=0.00, real=0.01 secs] 
[2017-06-05 00:18:47,309] [GC (Allocation Failure) [ParNew: 272668K->28K(306688K), 0.0085108 secs] 442823K->170184K(2587392K), 0.0085701 secs] [Times: user=0.03 sys=0.00, real=0.01 secs] 
[2017-06-05 00:18:47,476] [GC (Allocation Failure) [ParNew: 272668K->28K(306688K), 0.0080359 secs] 442824K->170183K(2587392K), 0.0080891 secs] [Times: user=0.03 sys=0.01, real=0.01 secs] 
[2017-06-05 00:18:47,658] [GC (Allocation Failure) [ParNew: 272668K->27K(306688K), 0.0092456 secs] 442823K->170182K(2587392K), 0.0092977 secs] [Times: user=0.04 sys=0.00, real=0.01 secs] 
[2017-06-05 00:18:47,854] [GC (Allocation Failure) [ParNew: 272667K->28K(306688K), 0.0118924 secs] 442822K->170183K(2587392K), 0.0120864 secs] [Times: user=0.04 sys=0.00, real=0.01 secs] 
[2017-06-05 00:18:48,037] [GC (Allocation Failure) [ParNew: 272668K->28K(306688K), 0.0090149 secs] 442823K->170183K(2587392K), 0.0090646 secs] [Times: user=0.03 sys=0.00, real=0.01 secs] 
[2017-06-05 00:18:48,194] [GC (Allocation Failure) [ParNew: 272668K->25K(306688K), 0.0089805 secs] 442823K->170180K(2587392K), 0.0090387 secs] [Times: user=0.03 sys=0.00, real=0.01 secs] 
[2017-06-05 00:18:48,354] [GC (Allocation Failure) [ParNew: 272665K->32K(306688K), 0.0080899 secs] 442820K->170187K(2587392K), 0.0081515 secs] [Times: user=0.03 sys=0.00, real=0.01 secs] 
[2017-06-05 00:18:48,521] [GC (Allocation Failure) [ParNew: 272672K->40K(306688K), 0.0085711 secs] 442827K->170196K(2587392K), 0.0086262 secs] [Times: user=0.03 sys=0.00, real=0.01 secs] 
[2017-06-05 00:18:48,684] [GC (Allocation Failure) [ParNew: 272680K->32K(306688K), 0.0073448 secs] 442836K->170187K(2587392K), 0.0073982 secs] [Times: user=0.03 sys=0.00, real=0.01 secs] 
[2017-06-05 00:18:48,851] [GC (Allocation Failure) [ParNew: 272672K->42K(306688K), 0.0080051 secs] 442827K->170197K(2587392K), 0.0080633 secs] [Times: user=0.03 sys=0.00, real=0.01 secs] 
[2017-06-05 00:18:49,020] [GC (Allocation Failure) [ParNew: 272682K->26K(306688K), 0.0074150 secs] 442837K->170182K(2587392K), 0.0076017 secs] [Times: user=0.03 sys=0.00, real=0.00 secs] 
[2017-06-05 00:18:49,188] [GC (Allocation Failure) [ParNew: 272666K->38K(306688K), 0.0105648 secs] 442822K->170194K(2587392K), 0.0107436 secs] [Times: user=0.03 sys=0.00, real=0.01 secs] 
[2017-06-05 00:18:49,356] [GC (Allocation Failure) [ParNew: 272678K->28K(306688K), 0.0079190 secs] 442834K->170191K(2587392K), 0.0081036 secs] [Times: user=0.03 sys=0.00, real=0.01 secs] 
[2017-06-05 00:18:49,518] [GC (Allocation Failure) [ParNew: 272668K->23K(306688K), 0.0079650 secs] 442831K->170188K(2587392K), 0.0080224 secs] [Times: user=0.03 sys=0.00, real=0.01 secs] 
[2017-06-05 00:18:49,689] [GC (Allocation Failure) [ParNew: 272663K->24K(306688K), 0.0084033 secs] 442828K->170189K(2587392K), 0.0084539 secs] [Times: user=0.03 sys=0.00, real=0.01 secs] 
[2017-06-05 00:18:49,866] [GC (Allocation Failure) [ParNew: 272664K->18K(306688K), 0.0104647 secs] 442829K->170188K(2587392K), 0.0105187 secs] [Times: user=0.03 sys=0.00, real=0.01 secs] 
[2017-06-05 00:18:50,071] [GC (Allocation Failure) [ParNew: 272658K->22K(306688K), 0.0082778 secs] 442828K->170192K(2587392K), 0.0083243 secs] [Times: user=0.03 sys=0.00, real=0.00 secs] 
[2017-06-05 00:18:50,260] [GC (Allocation Failure) [ParNew: 272662K->27K(306688K), 0.0089008 secs] 442832K->170197K(2587392K), 0.0089530 secs] [Times: user=0.03 sys=0.00, real=0.01 secs] 
[2017-06-05 00:18:50,717] [GC (Allocation Failure) [ParNew: 272667K->27K(306688K), 0.0075930 secs] 442837K->170198K(2587392K), 0.0076938 secs] [Times: user=0.03 sys=0.00, real=0.01 secs] 
[2017-06-05 00:18:52,267] [GC (Allocation Failure) [ParNew: 272667K->36K(306688K), 0.0089621 secs] 442838K->170206K(2587392K), 0.0090252 secs] [Times: user=0.04 sys=0.00, real=0.01 secs] 
[2017-06-05 00:18:52,796] [GC (Allocation Failure) [ParNew: 272676K->33K(306688K), 0.0076110 secs] 442846K->170203K(2587392K), 0.0076701 secs] [Times: user=0.02 sys=0.00, real=0.01 secs] 
[2017-06-05 00:18:55,718] [GC (Allocation Failure) [ParNew: 272673K->32K(306688K), 0.0078474 secs] 442843K->170202K(2587392K), 0.0078944 secs] [Times: user=0.02 sys=0.00, real=0.01 secs] 
[2017-06-05 00:18:56,708] [GC (Allocation Failure) [ParNew: 272672K->30K(306688K), 0.0107018 secs] 442842K->170200K(2587392K), 0.0107844 secs] [Times: user=0.03 sys=0.00, real=0.01 secs] 
[2017-06-05 00:18:57,000] [GC (Allocation Failure) [ParNew: 272670K->33K(306688K), 0.0072442 secs] 442840K->170205K(2587392K), 0.0073058 secs] [Times: user=0.03 sys=0.00, real=0.00 secs] 
[2017-06-05 00:18:57,288] [GC (Allocation Failure) [ParNew: 272673K->21K(306688K), 0.0077687 secs] 442845K->170201K(2587392K), 0.0078182 secs] [Times: user=0.03 sys=0.00, real=0.01 secs] 
[2017-06-05 00:18:57,485] [GC (Allocation Failure) [ParNew: 272661K->25K(306688K), 0.0071634 secs] 442841K->170204K(2587392K), 0.0072129 secs] [Times: user=0.03 sys=0.00, real=0.01 secs] 
[2017-06-05 00:18:57,655] [GC (Allocation Failure) [ParNew: 272665K->21K(306688K), 0.0111353 secs] 442844K->170201K(2587392K), 0.0111829 secs] [Times: user=0.04 sys=0.00, real=0.01 secs] 
[2017-06-05 00:18:57,821] [GC (Allocation Failure) [ParNew: 272661K->17K(306688K), 0.0077461 secs] 442841K->170196K(2587392K), 0.0077988 secs] [Times: user=0.03 sys=0.00, real=0.00 secs] 
[2017-06-05 00:18:57,979] [GC (Allocation Failure) [ParNew: 272657K->19K(306688K), 0.0078425 secs] 442836K->170199K(2587392K), 0.0078903 secs] [Times: user=0.03 sys=0.00, real=0.01 secs] 
[2017-06-05 00:18:58,137] [GC (Allocation Failure) [ParNew: 272659K->20K(306688K), 0.0067739 secs] 442839K->170200K(2587392K), 0.0068218 secs] [Times: user=0.03 sys=0.00, real=0.01 secs] 
[2017-06-05 00:18:58,298] [GC (Allocation Failure) [ParNew: 272660K->21K(306688K), 0.0067630 secs] 442840K->170200K(2587392K), 0.0068192 secs] [Times: user=0.02 sys=0.00, real=0.01 secs] 
[2017-06-05 00:18:58,461] [GC (Allocation Failure) [ParNew: 272661K->17K(306688K), 0.0079313 secs] 442840K->170196K(2587392K), 0.0080006 secs] [Times: user=0.03 sys=0.00, real=0.00 secs] 
[2017-06-05 00:18:58,617] [GC (Allocation Failure) [ParNew: 272657K->21K(306688K), 0.0074403 secs] 442836K->170201K(2587392K), 0.0074893 secs] [Times: user=0.03 sys=0.00, real=0.01 secs] 
[2017-06-05 00:18:58,782] [GC (Allocation Failure) [ParNew: 272661K->25K(306688K), 0.0079758 secs] 442841K->170205K(2587392K), 0.0081288 secs] [Times: user=0.03 sys=0.00, real=0.01 secs] 
[2017-06-05 00:18:58,955] [GC (Allocation Failure) [ParNew: 272665K->20K(306688K), 0.0080429 secs] 442845K->170200K(2587392K), 0.0080957 secs] [Times: user=0.03 sys=0.00, real=0.01 secs] 
[2017-06-05 00:18:59,120] [GC (Allocation Failure) [ParNew: 272660K->20K(306688K), 0.0073038 secs] 442840K->170199K(2587392K), 0.0073565 secs] [Times: user=0.02 sys=0.00, real=0.00 secs] 
[2017-06-05 00:18:59,277] [GC (Allocation Failure) [ParNew: 272660K->21K(306688K), 0.0073851 secs] 442839K->170201K(2587392K), 0.0074484 secs] [Times: user=0.02 sys=0.00, real=0.01 secs] 
[2017-06-05 00:18:59,442] [GC (Allocation Failure) [ParNew: 272661K->22K(306688K), 0.0067388 secs] 442841K->170201K(2587392K), 0.0067868 secs] [Times: user=0.02 sys=0.00, real=0.01 secs] 
[2017-06-05 00:18:59,606] [GC (Allocation Failure) [ParNew: 272662K->20K(306688K), 0.0076786 secs] 442841K->170199K(2587392K), 0.0078315 secs] [Times: user=0.03 sys=0.00, real=0.01 secs] 
[2017-06-05 00:18:59,771] [GC (Allocation Failure) [ParNew: 272660K->20K(306688K), 0.0076674 secs] 442839K->170199K(2587392K), 0.0077273 secs] [Times: user=0.03 sys=0.00, real=0.00 secs] 
[2017-06-05 00:18:59,939] [GC (Allocation Failure) [ParNew: 272660K->21K(306688K), 0.0083184 secs] 442839K->170200K(2587392K), 0.0083658 secs] [Times: user=0.03 sys=0.00, real=0.01 secs] 
[2017-06-05 00:19:00,109] [GC (Allocation Failure) [ParNew: 272661K->20K(306688K), 0.0074571 secs] 442840K->170200K(2587392K), 0.0075151 secs] [Times: user=0.03 sys=0.00, real=0.01 secs] 
[2017-06-05 00:19:00,267] [GC (Allocation Failure) [ParNew: 272660K->20K(306688K), 0.0068785 secs] 442840K->170199K(2587392K), 0.0070308 secs] [Times: user=0.03 sys=0.00, real=0.01 secs] 
[2017-06-05 00:19:00,423] [GC (Allocation Failure) [ParNew: 272660K->18K(306688K), 0.0075092 secs] 442839K->170197K(2587392K), 0.0075629 secs] [Times: user=0.02 sys=0.00, real=0.01 secs] 
[2017-06-05 00:19:00,586] [GC (Allocation Failure) [ParNew: 272658K->20K(306688K), 0.0073234 secs] 442837K->170199K(2587392K), 0.0073718 secs] [Times: user=0.03 sys=0.00, real=0.01 secs] 
[2017-06-05 00:19:00,761] [GC (Allocation Failure) [ParNew: 272660K->28K(306688K), 0.0071226 secs] 442839K->170208K(2587392K), 0.0071695 secs] [Times: user=0.02 sys=0.01, real=0.00 secs] 
[2017-06-05 00:19:00,930] [GC (Allocation Failure) [ParNew: 272668K->29K(306688K), 0.0101559 secs] 442848K->170208K(2587392K), 0.0102211 secs] [Times: user=0.03 sys=0.00, real=0.01 secs] 
[2017-06-05 00:19:01,099] [GC (Allocation Failure) [ParNew: 272669K->35K(306688K), 0.0080288 secs] 442848K->170214K(2587392K), 0.0080819 secs] [Times: user=0.02 sys=0.00, real=0.01 secs] 
[2017-06-05 00:19:01,275] [GC (Allocation Failure) [ParNew: 272675K->31K(306688K), 0.0079790 secs] 442854K->170211K(2587392K), 0.0080386 secs] [Times: user=0.03 sys=0.00, real=0.01 secs] 
[2017-06-05 00:19:01,457] [GC (Allocation Failure) [ParNew: 272671K->34K(306688K), 0.0098653 secs] 442851K->170213K(2587392K), 0.0099171 secs] [Times: user=0.04 sys=0.00, real=0.01 secs] 
[2017-06-05 00:19:01,624] [GC (Allocation Failure) [ParNew: 272674K->24K(306688K), 0.0083218 secs] 442853K->170204K(2587392K), 0.0083799 secs] [Times: user=0.03 sys=0.00, real=0.01 secs] 
[2017-06-05 00:19:01,816] [GC (Allocation Failure) [ParNew: 272664K->30K(306688K), 0.0090947 secs] 442844K->170219K(2587392K), 0.0092021 secs] [Times: user=0.04 sys=0.00, real=0.01 secs] 
[2017-06-05 00:19:02,019] [GC (Allocation Failure) [ParNew: 272670K->29K(306688K), 0.0096187 secs] 442859K->170218K(2587392K), 0.0097401 secs] [Times: user=0.03 sys=0.00, real=0.01 secs] 
[2017-06-05 00:19:02,194] [GC (Allocation Failure) [ParNew: 272669K->29K(306688K), 0.0086673 secs] 442858K->170218K(2587392K), 0.0087216 secs] [Times: user=0.03 sys=0.00, real=0.01 secs] 
[2017-06-05 00:19:02,384] [GC (Allocation Failure) [ParNew: 272669K->38K(306688K), 0.0085277 secs] 442858K->170227K(2587392K), 0.0085927 secs] [Times: user=0.03 sys=0.00, real=0.01 secs] 
[2017-06-05 00:19:02,643] [GC (Allocation Failure) [ParNew: 272678K->53K(306688K), 0.0077315 secs] 442867K->170242K(2587392K), 0.0077888 secs] [Times: user=0.03 sys=0.00, real=0.01 secs] 
RACE_RESULT||sendNum=40000000||sendCost=78269
[2017-06-05 00:19:02,820] [2017-06-05 00:19:02,819] Produce Finished, sendNum 40000000, Cost 78269 ms
KILL_9 Produce
Finish Run SubTask[bash -c sh ../bin/produce.sh ], Cost 79180 ms
Run SubTask bash -c sh ../bin/consume.sh 
[2017-06-05 00:19:03,019] Start Consume =============================
[2017-06-05 00:19:03,115] consume pro_max 400000
[2017-06-05 00:19:03,115] consume store.path /home/admin/race2017/data
[2017-06-05 00:19:03,118] 
[2017-06-05 00:19:04,627] [GC (Allocation Failure) [ParNew: 272640K->3085K(306688K), 0.0156401 secs] 272640K->3085K(2587392K), 0.0158394 secs] [Times: user=0.05 sys=0.00, real=0.02 secs] 
[2017-06-05 00:19:04,929] [GC (Allocation Failure) [ParNew: 275725K->3318K(306688K), 0.0086948 secs] 275725K->3318K(2587392K), 0.0087505 secs] [Times: user=0.03 sys=0.01, real=0.01 secs] 
[2017-06-05 00:19:05,186] [GC (Allocation Failure) [ParNew: 275958K->3760K(306688K), 0.0160944 secs] 275958K->3760K(2587392K), 0.0161495 secs] [Times: user=0.06 sys=0.00, real=0.02 secs] 
[2017-06-05 00:19:05,430] [GC (Allocation Failure) [ParNew: 276400K->4092K(306688K), 0.0096644 secs] 276400K->4092K(2587392K), 0.0097151 secs] [Times: user=0.03 sys=0.00, real=0.01 secs] 
[2017-06-05 00:19:05,629] [GC (Allocation Failure) [ParNew: 276732K->3992K(306688K), 0.0149345 secs] 276732K->3992K(2587392K), 0.0149881 secs] [Times: user=0.05 sys=0.00, real=0.01 secs] 
[2017-06-05 00:19:05,854] [GC (Allocation Failure) [ParNew: 276632K->3863K(306688K), 0.0163947 secs] 276632K->3863K(2587392K), 0.0164573 secs] [Times: user=0.06 sys=0.01, real=0.02 secs] 
[2017-06-05 00:19:06,097] [GC (Allocation Failure) [ParNew: 276503K->2763K(306688K), 0.0187493 secs] 276503K->3959K(2587392K), 0.0188111 secs] [Times: user=0.06 sys=0.00, real=0.02 secs] 
[2017-06-05 00:19:06,241] [GC (Allocation Failure) [ParNew: 275403K->2319K(306688K), 0.0121065 secs] 276599K->3516K(2587392K), 0.0121701 secs] [Times: user=0.04 sys=0.00, real=0.01 secs] 
[2017-06-05 00:19:06,386] [GC (Allocation Failure) [ParNew: 274959K->1758K(306688K), 0.0113162 secs] 276156K->2955K(2587392K), 0.0113790 secs] [Times: user=0.04 sys=0.00, real=0.01 secs] 
[2017-06-05 00:19:06,613] [GC (Allocation Failure) [ParNew: 274398K->1881K(306688K), 0.0110825 secs] 275595K->3079K(2587392K), 0.0111723 secs] [Times: user=0.04 sys=0.00, real=0.01 secs] 
[2017-06-05 00:19:06,778] [GC (Allocation Failure) [ParNew: 274521K->1904K(306688K), 0.0139146 secs] 275719K->3103K(2587392K), 0.0139700 secs] [Times: user=0.03 sys=0.00, real=0.01 secs] 
[2017-06-05 00:19:06,940] [GC (Allocation Failure) [ParNew: 274544K->2210K(306688K), 0.0250256 secs] 275743K->3409K(2587392K), 0.0250935 secs] [Times: user=0.08 sys=0.00, real=0.02 secs] 
[2017-06-05 00:19:07,078] [GC (Allocation Failure) [ParNew: 274850K->1935K(306688K), 0.0135934 secs] 276049K->3135K(2587392K), 0.0136649 secs] [Times: user=0.04 sys=0.00, real=0.01 secs] 
[2017-06-05 00:19:07,193] [GC (Allocation Failure) [ParNew: 274575K->1762K(306688K), 0.0091827 secs] 275775K->2961K(2587392K), 0.0092343 secs] [Times: user=0.03 sys=0.00, real=0.00 secs] 
[2017-06-05 00:19:07,315] [GC (Allocation Failure) [ParNew: 274402K->1599K(306688K), 0.0130544 secs] 275601K->2798K(2587392K), 0.0131281 secs] [Times: user=0.03 sys=0.00, real=0.02 secs] 
[2017-06-05 00:19:07,427] [GC (Allocation Failure) [ParNew: 274239K->1672K(306688K), 0.0105181 secs] 275438K->2872K(2587392K), 0.0105755 secs] [Times: user=0.03 sys=0.00, real=0.01 secs] 
[2017-06-05 00:19:07,541] [GC (Allocation Failure) [ParNew: 274312K->1583K(306688K), 0.0105541 secs] 275512K->2783K(2587392K), 0.0106211 secs] [Times: user=0.03 sys=0.01, real=0.01 secs] 
[2017-06-05 00:19:07,647] [GC (Allocation Failure) [ParNew: 274223K->1550K(306688K), 0.0077706 secs] 275423K->2750K(2587392K), 0.0078245 secs] [Times: user=0.03 sys=0.00, real=0.01 secs] 
[2017-06-05 00:19:07,773] [GC (Allocation Failure) [ParNew: 274190K->1543K(306688K), 0.0083175 secs] 275390K->2743K(2587392K), 0.0083722 secs] [Times: user=0.03 sys=0.00, real=0.00 secs] 
[2017-06-05 00:19:07,881] [GC (Allocation Failure) [ParNew: 274183K->1547K(306688K), 0.0096519 secs] 275383K->2748K(2587392K), 0.0097193 secs] [Times: user=0.04 sys=0.00, real=0.01 secs] 
[2017-06-05 00:19:07,988] [GC (Allocation Failure) [ParNew: 274187K->1542K(306688K), 0.0072744 secs] 275388K->2742K(2587392K), 0.0073291 secs] [Times: user=0.03 sys=0.00, real=0.01 secs] 
[2017-06-05 00:19:08,089] [GC (Allocation Failure) [ParNew: 274182K->1546K(306688K), 0.0074707 secs] 275382K->2747K(2587392K), 0.0075223 secs] [Times: user=0.03 sys=0.00, real=0.01 secs] 
[2017-06-05 00:19:08,188] [GC (Allocation Failure) [ParNew: 274186K->1541K(306688K), 0.0074938 secs] 275387K->2742K(2587392K), 0.0075415 secs] [Times: user=0.03 sys=0.00, real=0.01 secs] 
[2017-06-05 00:19:08,300] [GC (Allocation Failure) [ParNew: 274181K->1542K(306688K), 0.0083840 secs] 275382K->2742K(2587392K), 0.0084392 secs] [Times: user=0.03 sys=0.00, real=0.01 secs] 
[2017-06-05 00:19:08,412] [GC (Allocation Failure) [ParNew: 274182K->1549K(306688K), 0.0077751 secs] 275382K->2750K(2587392K), 0.0079378 secs] [Times: user=0.03 sys=0.00, real=0.00 secs] 
[2017-06-05 00:19:08,514] [GC (Allocation Failure) [ParNew: 274189K->1544K(306688K), 0.0073246 secs] 275390K->2745K(2587392K), 0.0073764 secs] [Times: user=0.03 sys=0.00, real=0.00 secs] 
[2017-06-05 00:19:08,615] [GC (Allocation Failure) [ParNew: 274184K->1544K(306688K), 0.0083487 secs] 275385K->2745K(2587392K), 0.0084092 secs] [Times: user=0.03 sys=0.00, real=0.01 secs] 
[2017-06-05 00:19:08,720] [GC (Allocation Failure) [ParNew: 274184K->1540K(306688K), 0.0150515 secs] 275385K->2741K(2587392K), 0.0151109 secs] [Times: user=0.04 sys=0.00, real=0.01 secs] 
[2017-06-05 00:19:09,368] [GC (Allocation Failure) [ParNew: 274180K->1679K(306688K), 0.0188066 secs] 275381K->2880K(2587392K), 0.0188739 secs] [Times: user=0.05 sys=0.00, real=0.02 secs] 
[2017-06-05 00:19:09,478] [GC (Allocation Failure) [ParNew: 274319K->1543K(306688K), 0.0088613 secs] 275520K->2744K(2587392K), 0.0089234 secs] [Times: user=0.04 sys=0.00, real=0.01 secs] 
[2017-06-05 00:19:09,596] [GC (Allocation Failure) [ParNew: 274183K->1541K(306688K), 0.0083804 secs] 275384K->2742K(2587392K), 0.0084856 secs] [Times: user=0.03 sys=0.00, real=0.01 secs] 
[2017-06-05 00:19:09,701] [GC (Allocation Failure) [ParNew: 274181K->1551K(306688K), 0.0088946 secs] 275382K->2752K(2587392K), 0.0089469 secs] [Times: user=0.03 sys=0.00, real=0.01 secs] 
[2017-06-05 00:19:09,811] [GC (Allocation Failure) [ParNew: 274191K->1546K(306688K), 0.0099330 secs] 275392K->2748K(2587392K), 0.0099923 secs] [Times: user=0.04 sys=0.00, real=0.01 secs] 
[2017-06-05 00:19:09,948] [GC (Allocation Failure) [ParNew: 274186K->1547K(306688K), 0.0190553 secs] 275388K->2749K(2587392K), 0.0191122 secs] [Times: user=0.06 sys=0.00, real=0.02 secs] 
[2017-06-05 00:19:10,084] [GC (Allocation Failure) [ParNew: 274187K->1541K(306688K), 0.0104887 secs] 275389K->2743K(2587392K), 0.0105610 secs] [Times: user=0.03 sys=0.00, real=0.02 secs] 
[2017-06-05 00:19:10,238] [GC (Allocation Failure) [ParNew: 274181K->1551K(306688K), 0.0158024 secs] 275383K->2753K(2587392K), 0.0159708 secs] [Times: user=0.03 sys=0.00, real=0.02 secs] 
[2017-06-05 00:19:10,433] [GC (Allocation Failure) [ParNew: 274191K->1548K(306688K), 0.0275999 secs] 275393K->2749K(2587392K), 0.0277114 secs] [Times: user=0.03 sys=0.00, real=0.03 secs] 
[2017-06-05 00:19:10,557] [GC (Allocation Failure) [ParNew: 274188K->1542K(306688K), 0.0099382 secs] 275389K->2744K(2587392K), 0.0099884 secs] [Times: user=0.03 sys=0.00, real=0.01 secs] 
[2017-06-05 00:19:10,659] [GC (Allocation Failure) [ParNew: 274182K->1546K(306688K), 0.0111355 secs] 275384K->2748K(2587392K), 0.0111844 secs] [Times: user=0.03 sys=0.00, real=0.01 secs] 
[2017-06-05 00:19:10,760] [GC (Allocation Failure) [ParNew: 274186K->1540K(306688K), 0.0104190 secs] 275388K->2742K(2587392K), 0.0105624 secs] [Times: user=0.04 sys=0.00, real=0.01 secs] 
[2017-06-05 00:19:10,861] [GC (Allocation Failure) [ParNew: 274180K->1539K(306688K), 0.0133080 secs] 275382K->2741K(2587392K), 0.0133607 secs] [Times: user=0.03 sys=0.00, real=0.01 secs] 
[2017-06-05 00:19:10,967] [GC (Allocation Failure) [ParNew: 274179K->1542K(306688K), 0.0095410 secs] 275381K->2744K(2587392K), 0.0096830 secs] [Times: user=0.03 sys=0.00, real=0.01 secs] 
[2017-06-05 00:19:11,090] [GC (Allocation Failure) [ParNew: 274182K->1541K(306688K), 0.0116502 secs] 275384K->2743K(2587392K), 0.0117028 secs] [Times: user=0.03 sys=0.00, real=0.01 secs] 
[2017-06-05 00:19:11,198] [GC (Allocation Failure) [ParNew: 274181K->1547K(306688K), 0.0115760 secs] 275383K->2749K(2587392K), 0.0116287 secs] [Times: user=0.03 sys=0.01, real=0.01 secs] 
[2017-06-05 00:19:11,307] [GC (Allocation Failure) [ParNew: 274187K->1543K(306688K), 0.0138353 secs] 275389K->2745K(2587392K), 0.0138907 secs] [Times: user=0.04 sys=0.00, real=0.02 secs] 
[2017-06-05 00:19:11,415] [GC (Allocation Failure) [ParNew: 274183K->1546K(306688K), 0.0106070 secs] 275385K->2748K(2587392K), 0.0107085 secs] [Times: user=0.03 sys=0.00, real=0.01 secs] 
[2017-06-05 00:19:11,515] [GC (Allocation Failure) [ParNew: 274186K->1548K(306688K), 0.0084174 secs] 275388K->2750K(2587392K), 0.0084764 secs] [Times: user=0.03 sys=0.00, real=0.01 secs] 
[2017-06-05 00:19:11,611] [GC (Allocation Failure) [ParNew: 274188K->1547K(306688K), 0.0070351 secs] 275390K->2749K(2587392K), 0.0070956 secs] [Times: user=0.03 sys=0.00, real=0.00 secs] 
[2017-06-05 00:19:11,707] [GC (Allocation Failure) [ParNew: 274187K->1549K(306688K), 0.0076163 secs] 275389K->2752K(2587392K), 0.0076703 secs] [Times: user=0.03 sys=0.00, real=0.01 secs] 
[2017-06-05 00:19:11,804] [GC (Allocation Failure) [ParNew: 274189K->1543K(306688K), 0.0080314 secs] 275392K->2746K(2587392K), 0.0080824 secs] [Times: user=0.03 sys=0.00, real=0.01 secs] 
[2017-06-05 00:19:11,911] [GC (Allocation Failure) [ParNew: 274183K->1552K(306688K), 0.0112959 secs] 275386K->2754K(2587392K), 0.0114050 secs] [Times: user=0.03 sys=0.00, real=0.01 secs] 
[2017-06-05 00:19:12,025] [GC (Allocation Failure) [ParNew: 274192K->1549K(306688K), 0.0106186 secs] 275394K->2752K(2587392K), 0.0106732 secs] [Times: user=0.04 sys=0.00, real=0.01 secs] 
[2017-06-05 00:19:12,126] [GC (Allocation Failure) [ParNew: 274189K->1548K(306688K), 0.0082562 secs] 275392K->2751K(2587392K), 0.0083275 secs] [Times: user=0.03 sys=0.00, real=0.01 secs] 
[2017-06-05 00:19:12,221] [GC (Allocation Failure) [ParNew: 274188K->1544K(306688K), 0.0073355 secs] 275391K->2747K(2587392K), 0.0073875 secs] [Times: user=0.02 sys=0.00, real=0.01 secs] 
[2017-06-05 00:19:12,319] [GC (Allocation Failure) [ParNew: 274184K->1541K(306688K), 0.0073380 secs] 275387K->2744K(2587392K), 0.0073915 secs] [Times: user=0.03 sys=0.00, real=0.01 secs] 
[2017-06-05 00:19:12,419] [GC (Allocation Failure) [ParNew: 274181K->1546K(306688K), 0.0083553 secs] 275384K->2749K(2587392K), 0.0084064 secs] [Times: user=0.03 sys=0.00, real=0.01 secs] 
[2017-06-05 00:19:12,522] [GC (Allocation Failure) [ParNew: 274186K->1540K(306688K), 0.0084132 secs] 275389K->2743K(2587392K), 0.0084642 secs] [Times: user=0.03 sys=0.00, real=0.01 secs] 
[2017-06-05 00:19:12,620] [GC (Allocation Failure) [ParNew: 274180K->1543K(306688K), 0.0078301 secs] 275383K->2747K(2587392K), 0.0078840 secs] [Times: user=0.03 sys=0.00, real=0.01 secs] 
[2017-06-05 00:19:12,721] [GC (Allocation Failure) [ParNew: 274183K->1546K(306688K), 0.0076289 secs] 275387K->2749K(2587392K), 0.0076798 secs] [Times: user=0.03 sys=0.00, real=0.01 secs] 
[2017-06-05 00:19:12,822] [GC (Allocation Failure) [ParNew: 274186K->1543K(306688K), 0.0127115 secs] 275389K->2746K(2587392K), 0.0127634 secs] [Times: user=0.03 sys=0.00, real=0.01 secs] 
[2017-06-05 00:19:12,919] [GC (Allocation Failure) [ParNew: 274183K->1549K(306688K), 0.0086294 secs] 275386K->2752K(2587392K), 0.0086855 secs] [Times: user=0.03 sys=0.00, real=0.01 secs] 
[2017-06-05 00:19:13,028] [GC (Allocation Failure) [ParNew: 274189K->1541K(306688K), 0.0072453 secs] 275392K->2744K(2587392K), 0.0072934 secs] [Times: user=0.03 sys=0.00, real=0.01 secs] 
[2017-06-05 00:19:13,136] [GC (Allocation Failure) [ParNew: 274181K->1545K(306688K), 0.0118363 secs] 275384K->2749K(2587392K), 0.0120112 secs] [Times: user=0.04 sys=0.00, real=0.01 secs] 
[2017-06-05 00:19:13,246] [GC (Allocation Failure) [ParNew: 274185K->1553K(306688K), 0.0078496 secs] 275389K->2757K(2587392K), 0.0079027 secs] [Times: user=0.03 sys=0.00, real=0.01 secs] 
[2017-06-05 00:19:13,393] [GC (Allocation Failure) [ParNew: 274193K->1538K(306688K), 0.0116392 secs] 275397K->2742K(2587392K), 0.0117018 secs] [Times: user=0.04 sys=0.00, real=0.01 secs] 
[2017-06-05 00:19:13,501] [GC (Allocation Failure) [ParNew: 274178K->1546K(306688K), 0.0129931 secs] 275382K->2749K(2587392K), 0.0130432 secs] [Times: user=0.03 sys=0.00, real=0.01 secs] 
[2017-06-05 00:19:13,605] [GC (Allocation Failure) [ParNew: 274186K->1544K(306688K), 0.0092469 secs] 275389K->2748K(2587392K), 0.0094386 secs] [Times: user=0.03 sys=0.00, real=0.01 secs] 
[2017-06-05 00:19:13,705] [GC (Allocation Failure) [ParNew: 274184K->1546K(306688K), 0.0076979 secs] 275388K->2749K(2587392K), 0.0077503 secs] [Times: user=0.03 sys=0.00, real=0.01 secs] 
[2017-06-05 00:19:13,807] [GC (Allocation Failure) [ParNew: 274186K->1541K(306688K), 0.0088741 secs] 275389K->2745K(2587392K), 0.0089257 secs] [Times: user=0.03 sys=0.00, real=0.01 secs] 
[2017-06-05 00:19:13,909] [GC (Allocation Failure) [ParNew: 274181K->1544K(306688K), 0.0080037 secs] 275385K->2748K(2587392K), 0.0081469 secs] [Times: user=0.03 sys=0.00, real=0.01 secs] 
[2017-06-05 00:19:14,014] [GC (Allocation Failure) [ParNew: 274184K->1550K(306688K), 0.0077722 secs] 275388K->2754K(2587392K), 0.0078237 secs] [Times: user=0.03 sys=0.00, real=0.00 secs] 
[2017-06-05 00:19:14,114] [GC (Allocation Failure) [ParNew: 274190K->1544K(306688K), 0.0078941 secs] 275394K->2748K(2587392K), 0.0079857 secs] [Times: user=0.03 sys=0.00, real=0.00 secs] 
[2017-06-05 00:19:14,214] [GC (Allocation Failure) [ParNew: 274184K->1547K(306688K), 0.0074234 secs] 275388K->2751K(2587392K), 0.0074737 secs] [Times: user=0.03 sys=0.00, real=0.00 secs] 
[2017-06-05 00:19:14,314] [GC (Allocation Failure) [ParNew: 274187K->1552K(306688K), 0.0077711 secs] 275391K->2756K(2587392K), 0.0078216 secs] [Times: user=0.02 sys=0.00, real=0.00 secs] 
[2017-06-05 00:19:14,412] [GC (Allocation Failure) [ParNew: 274192K->1561K(306688K), 0.0080881 secs] 275396K->2765K(2587392K), 0.0081386 secs] [Times: user=0.03 sys=0.00, real=0.01 secs] 
[2017-06-05 00:19:14,509] [GC (Allocation Failure) [ParNew: 274201K->1541K(306688K), 0.0077369 secs] 275405K->2745K(2587392K), 0.0077917 secs] [Times: user=0.03 sys=0.00, real=0.01 secs] 
[2017-06-05 00:19:14,609] [GC (Allocation Failure) [ParNew: 274181K->1544K(306688K), 0.0079264 secs] 275385K->2748K(2587392K), 0.0079781 secs] [Times: user=0.04 sys=0.00, real=0.01 secs] 
[2017-06-05 00:19:14,707] [GC (Allocation Failure) [ParNew: 274184K->1540K(306688K), 0.0080615 secs] 275388K->2745K(2587392K), 0.0081128 secs] [Times: user=0.04 sys=0.00, real=0.01 secs] 
[2017-06-05 00:19:14,813] [GC (Allocation Failure) [ParNew: 274180K->1538K(306688K), 0.0081199 secs] 275385K->2743K(2587392K), 0.0081741 secs] [Times: user=0.03 sys=0.00, real=0.01 secs] 
[2017-06-05 00:19:14,919] [GC (Allocation Failure) [ParNew: 274178K->1544K(306688K), 0.0084024 secs] 275383K->2749K(2587392K), 0.0084673 secs] [Times: user=0.03 sys=0.00, real=0.01 secs] 
[2017-06-05 00:19:15,022] [GC (Allocation Failure) [ParNew: 274184K->1546K(306688K), 0.0091981 secs] 275389K->2751K(2587392K), 0.0092622 secs] [Times: user=0.03 sys=0.00, real=0.01 secs] 
[2017-06-05 00:19:15,122] [GC (Allocation Failure) [ParNew: 274186K->1543K(306688K), 0.0076840 secs] 275391K->2748K(2587392K), 0.0077446 secs] [Times: user=0.03 sys=0.00, real=0.01 secs] 
[2017-06-05 00:19:15,229] [GC (Allocation Failure) [ParNew: 274183K->1546K(306688K), 0.0084134 secs] 275388K->2751K(2587392K), 0.0086170 secs] [Times: user=0.03 sys=0.00, real=0.01 secs] 
[2017-06-05 00:19:15,327] [GC (Allocation Failure) [ParNew: 274186K->1545K(306688K), 0.0085631 secs] 275391K->2750K(2587392K), 0.0086229 secs] [Times: user=0.03 sys=0.00, real=0.01 secs] 
[2017-06-05 00:19:15,432] [GC (Allocation Failure) [ParNew: 274185K->1544K(306688K), 0.0073912 secs] 275390K->2749K(2587392K), 0.0075713 secs] [Times: user=0.02 sys=0.00, real=0.01 secs] 
[2017-06-05 00:19:15,534] [GC (Allocation Failure) [ParNew: 274184K->1550K(306688K), 0.0079387 secs] 275389K->2755K(2587392K), 0.0079995 secs] [Times: user=0.03 sys=0.00, real=0.00 secs] 
[2017-06-05 00:19:15,634] [GC (Allocation Failure) [ParNew: 274190K->1549K(306688K), 0.0092183 secs] 275395K->2754K(2587392K), 0.0092978 secs] [Times: user=0.04 sys=0.00, real=0.01 secs] 
[2017-06-05 00:19:15,732] [GC (Allocation Failure) [ParNew: 274189K->1539K(306688K), 0.0081814 secs] 275394K->2745K(2587392K), 0.0082335 secs] [Times: user=0.03 sys=0.00, real=0.01 secs] 
[2017-06-05 00:19:15,837] [GC (Allocation Failure) [ParNew: 274179K->1543K(306688K), 0.0112834 secs] 275385K->2748K(2587392K), 0.0113319 secs] [Times: user=0.03 sys=0.00, real=0.01 secs] 
[2017-06-05 00:19:15,941] [GC (Allocation Failure) [ParNew: 274183K->1544K(306688K), 0.0075365 secs] 275388K->2750K(2587392K), 0.0076146 secs] [Times: user=0.03 sys=0.00, real=0.01 secs] 
[2017-06-05 00:19:16,038] [GC (Allocation Failure) [ParNew: 274184K->1550K(306688K), 0.0076806 secs] 275390K->2755K(2587392K), 0.0077452 secs] [Times: user=0.02 sys=0.00, real=0.01 secs] 
[2017-06-05 00:19:16,137] [GC (Allocation Failure) [ParNew: 274190K->1547K(306688K), 0.0107393 secs] 275395K->2752K(2587392K), 0.0107939 secs] [Times: user=0.03 sys=0.00, real=0.01 secs] 
[2017-06-05 00:19:16,238] [GC (Allocation Failure) [ParNew: 274187K->1543K(306688K), 0.0086348 secs] 275392K->2749K(2587392K), 0.0086991 secs] [Times: user=0.03 sys=0.00, real=0.01 secs] 
[2017-06-05 00:19:16,338] [GC (Allocation Failure) [ParNew: 274183K->1546K(306688K), 0.0077762 secs] 275389K->2752K(2587392K), 0.0078257 secs] [Times: user=0.03 sys=0.00, real=0.01 secs] 
[2017-06-05 00:19:16,440] [GC (Allocation Failure) [ParNew: 274186K->1541K(306688K), 0.0113197 secs] 275392K->2747K(2587392K), 0.0113779 secs] [Times: user=0.04 sys=0.00, real=0.01 secs] 
[2017-06-05 00:19:16,546] [GC (Allocation Failure) [ParNew: 274181K->1548K(306688K), 0.0081790 secs] 275387K->2754K(2587392K), 0.0082313 secs] [Times: user=0.03 sys=0.00, real=0.01 secs] 
[2017-06-05 00:19:16,645] [GC (Allocation Failure) [ParNew: 274188K->1557K(306688K), 0.0081006 secs] 275394K->2763K(2587392K), 0.0081538 secs] [Times: user=0.03 sys=0.01, real=0.00 secs] 
[2017-06-05 00:19:16,747] [GC (Allocation Failure) [ParNew: 274197K->1546K(306688K), 0.0086575 secs] 275403K->2752K(2587392K), 0.0087144 secs] [Times: user=0.03 sys=0.00, real=0.01 secs] 
[2017-06-05 00:19:16,846] [GC (Allocation Failure) [ParNew: 274186K->1544K(306688K), 0.0100356 secs] 275392K->2750K(2587392K), 0.0100835 secs] [Times: user=0.04 sys=0.00, real=0.01 secs] 
[2017-06-05 00:19:16,944] [GC (Allocation Failure) [ParNew: 274184K->1546K(306688K), 0.0091078 secs] 275390K->2752K(2587392K), 0.0091683 secs] [Times: user=0.03 sys=0.00, real=0.00 secs] 
[2017-06-05 00:19:17,048] [GC (Allocation Failure) [ParNew: 274186K->1543K(306688K), 0.0085085 secs] 275392K->2750K(2587392K), 0.0086202 secs] [Times: user=0.03 sys=0.00, real=0.01 secs] 
[2017-06-05 00:19:17,147] [GC (Allocation Failure) [ParNew: 274183K->1546K(306688K), 0.0080533 secs] 275390K->2752K(2587392K), 0.0081058 secs] [Times: user=0.03 sys=0.00, real=0.01 secs] 
[2017-06-05 00:19:17,244] [GC (Allocation Failure) [ParNew: 274186K->1538K(306688K), 0.0080551 secs] 275392K->2745K(2587392K), 0.0081340 secs] [Times: user=0.04 sys=0.00, real=0.00 secs] 
[2017-06-05 00:19:17,348] [GC (Allocation Failure) [ParNew: 274178K->1547K(306688K), 0.0078410 secs] 275385K->2754K(2587392K), 0.0080171 secs] [Times: user=0.03 sys=0.00, real=0.01 secs] 
[2017-06-05 00:19:17,448] [GC (Allocation Failure) [ParNew: 274187K->1557K(306688K), 0.0076723 secs] 275394K->2764K(2587392K), 0.0077303 secs] [Times: user=0.03 sys=0.00, real=0.01 secs] 
[2017-06-05 00:19:17,550] [GC (Allocation Failure) [ParNew: 274197K->1541K(306688K), 0.0097238 secs] 275404K->2748K(2587392K), 0.0097790 secs] [Times: user=0.03 sys=0.00, real=0.01 secs] 
[2017-06-05 00:19:17,644] [GC (Allocation Failure) [ParNew: 274181K->1544K(306688K), 0.0076607 secs] 275388K->2751K(2587392K), 0.0077190 secs] [Times: user=0.03 sys=0.00, real=0.00 secs] 
[2017-06-05 00:19:17,753] [GC (Allocation Failure) [ParNew: 274184K->1541K(306688K), 0.0114216 secs] 275391K->2748K(2587392K), 0.0116131 secs] [Times: user=0.03 sys=0.00, real=0.01 secs] 
[2017-06-05 00:19:17,849] [GC (Allocation Failure) [ParNew: 274181K->1540K(306688K), 0.0075016 secs] 275388K->2747K(2587392K), 0.0075577 secs] [Times: user=0.03 sys=0.00, real=0.01 secs] 
[2017-06-05 00:19:17,945] [GC (Allocation Failure) [ParNew: 274180K->1545K(306688K), 0.0078532 secs] 275387K->2752K(2587392K), 0.0079129 secs] [Times: user=0.03 sys=0.00, real=0.01 secs] 
[2017-06-05 00:19:18,050] [GC (Allocation Failure) [ParNew: 274185K->1543K(306688K), 0.0086836 secs] 275392K->2751K(2587392K), 0.0087328 secs] [Times: user=0.03 sys=0.00, real=0.01 secs] 
[2017-06-05 00:19:18,159] [GC (Allocation Failure) [ParNew: 274183K->1558K(306688K), 0.0108684 secs] 275391K->2765K(2587392K), 0.0109174 secs] [Times: user=0.03 sys=0.00, real=0.01 secs] 
[2017-06-05 00:19:18,261] [GC (Allocation Failure) [ParNew: 274198K->1544K(306688K), 0.0103871 secs] 275405K->2751K(2587392K), 0.0104439 secs] [Times: user=0.03 sys=0.00, real=0.01 secs] 
[2017-06-05 00:19:18,362] [GC (Allocation Failure) [ParNew: 274184K->1550K(306688K), 0.0079088 secs] 275391K->2758K(2587392K), 0.0079649 secs] [Times: user=0.03 sys=0.00, real=0.01 secs] 
[2017-06-05 00:19:18,462] [GC (Allocation Failure) [ParNew: 274190K->1545K(306688K), 0.0081022 secs] 275398K->2753K(2587392K), 0.0081543 secs] [Times: user=0.03 sys=0.00, real=0.01 secs] 
[2017-06-05 00:19:18,560] [GC (Allocation Failure) [ParNew: 274185K->1541K(306688K), 0.0081828 secs] 275393K->2748K(2587392K), 0.0082355 secs] [Times: user=0.03 sys=0.00, real=0.01 secs] 
[2017-06-05 00:19:18,664] [GC (Allocation Failure) [ParNew: 274181K->1542K(306688K), 0.0080745 secs] 275388K->2749K(2587392K), 0.0081384 secs] [Times: user=0.03 sys=0.00, real=0.00 secs] 
[2017-06-05 00:19:18,759] [GC (Allocation Failure) [ParNew: 274182K->1542K(306688K), 0.0075224 secs] 275389K->2750K(2587392K), 0.0075703 secs] [Times: user=0.03 sys=0.00, real=0.01 secs] 
[2017-06-05 00:19:18,860] [GC (Allocation Failure) [ParNew: 274182K->1542K(306688K), 0.0118223 secs] 275390K->2749K(2587392K), 0.0118736 secs] [Times: user=0.03 sys=0.00, real=0.01 secs] 
[2017-06-05 00:19:18,958] [GC (Allocation Failure) [ParNew: 274182K->1545K(306688K), 0.0086806 secs] 275389K->2752K(2587392K), 0.0087401 secs] [Times: user=0.03 sys=0.00, real=0.01 secs] 
[2017-06-05 00:19:19,062] [GC (Allocation Failure) [ParNew: 274185K->1543K(306688K), 0.0081789 secs] 275392K->2751K(2587392K), 0.0082347 secs] [Times: user=0.03 sys=0.00, real=0.01 secs] 
[2017-06-05 00:19:19,167] [GC (Allocation Failure) [ParNew: 274183K->1539K(306688K), 0.0100217 secs] 275391K->2747K(2587392K), 0.0100842 secs] [Times: user=0.03 sys=0.00, real=0.01 secs] 
[2017-06-05 00:19:19,267] [GC (Allocation Failure) [ParNew: 274179K->1542K(306688K), 0.0084044 secs] 275387K->2750K(2587392K), 0.0084628 secs] [Times: user=0.04 sys=0.00, real=0.01 secs] 
[2017-06-05 00:19:19,363] [GC (Allocation Failure) [ParNew: 274182K->1542K(306688K), 0.0074684 secs] 275390K->2750K(2587392K), 0.0075190 secs] [Times: user=0.02 sys=0.00, real=0.00 secs] 
[2017-06-05 00:19:19,460] [GC (Allocation Failure) [ParNew: 274182K->1676K(306688K), 0.0081760 secs] 275390K->2884K(2587392K), 0.0082359 secs] [Times: user=0.03 sys=0.00, real=0.01 secs] 
[2017-06-05 00:19:19,560] [GC (Allocation Failure) [ParNew: 274316K->1544K(306688K), 0.0090332 secs] 275524K->2752K(2587392K), 0.0090883 secs] [Times: user=0.04 sys=0.00, real=0.01 secs] 
[2017-06-05 00:19:19,668] [GC (Allocation Failure) [ParNew: 274184K->1546K(306688K), 0.0103796 secs] 275392K->2754K(2587392K), 0.0105012 secs] [Times: user=0.04 sys=0.00, real=0.01 secs] 
[2017-06-05 00:19:19,771] [GC (Allocation Failure) [ParNew: 274186K->1544K(306688K), 0.0079491 secs] 275394K->2752K(2587392K), 0.0080907 secs] [Times: user=0.03 sys=0.00, real=0.01 secs] 
[2017-06-05 00:19:19,875] [GC (Allocation Failure) [ParNew: 274184K->1550K(306688K), 0.0082541 secs] 275392K->2758K(2587392K), 0.0083256 secs] [Times: user=0.03 sys=0.00, real=0.00 secs] 
[2017-06-05 00:19:19,979] [GC (Allocation Failure) [ParNew: 274190K->1542K(306688K), 0.0093469 secs] 275398K->2751K(2587392K), 0.0094024 secs] [Times: user=0.04 sys=0.00, real=0.01 secs] 
[2017-06-05 00:19:20,096] [GC (Allocation Failure) [ParNew: 274182K->1550K(306688K), 0.0116630 secs] 275391K->2759K(2587392K), 0.0117284 secs] [Times: user=0.03 sys=0.00, real=0.02 secs] 
[2017-06-05 00:19:20,199] [GC (Allocation Failure) [ParNew: 274190K->1540K(306688K), 0.0090287 secs] 275399K->2748K(2587392K), 0.0090796 secs] [Times: user=0.03 sys=0.00, real=0.01 secs] 
[2017-06-05 00:19:20,309] [GC (Allocation Failure) [ParNew: 274180K->1542K(306688K), 0.0100396 secs] 275388K->2750K(2587392K), 0.0101045 secs] [Times: user=0.03 sys=0.00, real=0.01 secs] 
[2017-06-05 00:19:20,410] [GC (Allocation Failure) [ParNew: 274182K->1541K(306688K), 0.0082271 secs] 275390K->2750K(2587392K), 0.0082879 secs] [Times: user=0.04 sys=0.00, real=0.01 secs] 
[2017-06-05 00:19:20,514] [GC (Allocation Failure) [ParNew: 274181K->1541K(306688K), 0.0084148 secs] 275390K->2750K(2587392K), 0.0086136 secs] [Times: user=0.03 sys=0.00, real=0.01 secs] 
[2017-06-05 00:19:20,614] [GC (Allocation Failure) [ParNew: 274181K->1544K(306688K), 0.0079090 secs] 275390K->2753K(2587392K), 0.0079726 secs] [Times: user=0.03 sys=0.00, real=0.01 secs] 
[2017-06-05 00:19:20,722] [GC (Allocation Failure) [ParNew: 274184K->1548K(306688K), 0.0110024 secs] 275393K->2757K(2587392K), 0.0111093 secs] [Times: user=0.03 sys=0.00, real=0.01 secs] 
[2017-06-05 00:19:20,829] [GC (Allocation Failure) [ParNew: 274188K->1542K(306688K), 0.0150059 secs] 275397K->2751K(2587392K), 0.0150522 secs] [Times: user=0.04 sys=0.00, real=0.02 secs] 
[2017-06-05 00:19:20,930] [GC (Allocation Failure) [ParNew: 274182K->1546K(306688K), 0.0113524 secs] 275391K->2755K(2587392K), 0.0114039 secs] [Times: user=0.04 sys=0.00, real=0.01 secs] 
[2017-06-05 00:19:21,033] [GC (Allocation Failure) [ParNew: 274186K->1543K(306688K), 0.0084732 secs] 275395K->2752K(2587392K), 0.0085245 secs] [Times: user=0.03 sys=0.00, real=0.01 secs] 
[2017-06-05 00:19:21,127] [GC (Allocation Failure) [ParNew: 274183K->1542K(306688K), 0.0075082 secs] 275392K->2752K(2587392K), 0.0075720 secs] [Times: user=0.03 sys=0.00, real=0.01 secs] 
[2017-06-05 00:19:21,227] [GC (Allocation Failure) [ParNew: 274182K->1562K(306688K), 0.0073004 secs] 275392K->2771K(2587392K), 0.0073504 secs] [Times: user=0.02 sys=0.00, real=0.01 secs] 
[2017-06-05 00:19:21,328] [GC (Allocation Failure) [ParNew: 274202K->1543K(306688K), 0.0083728 secs] 275411K->2753K(2587392K), 0.0085198 secs] [Times: user=0.03 sys=0.00, real=0.01 secs] 
[2017-06-05 00:19:21,429] [GC (Allocation Failure) [ParNew: 274183K->1538K(306688K), 0.0073607 secs] 275393K->2748K(2587392K), 0.0074086 secs] [Times: user=0.02 sys=0.00, real=0.01 secs] 
[2017-06-05 00:19:21,533] [GC (Allocation Failure) [ParNew: 274178K->1543K(306688K), 0.0084578 secs] 275388K->2753K(2587392K), 0.0086354 secs] [Times: user=0.03 sys=0.00, real=0.01 secs] 
[2017-06-05 00:19:21,631] [GC (Allocation Failure) [ParNew: 274183K->1544K(306688K), 0.0079131 secs] 275393K->2754K(2587392K), 0.0079882 secs] [Times: user=0.03 sys=0.00, real=0.01 secs] 
[2017-06-05 00:19:21,728] [GC (Allocation Failure) [ParNew: 274184K->1550K(306688K), 0.0083930 secs] 275394K->2760K(2587392K), 0.0084597 secs] [Times: user=0.03 sys=0.00, real=0.01 secs] 
[2017-06-05 00:19:21,832] [GC (Allocation Failure) [ParNew: 274190K->1544K(306688K), 0.0084618 secs] 275400K->2754K(2587392K), 0.0086098 secs] [Times: user=0.03 sys=0.00, real=0.01 secs] 
[2017-06-05 00:19:21,931] [GC (Allocation Failure) [ParNew: 274184K->1538K(306688K), 0.0074788 secs] 275394K->2748K(2587392K), 0.0075336 secs] [Times: user=0.03 sys=0.00, real=0.01 secs] 
[2017-06-05 00:19:22,031] [GC (Allocation Failure) [ParNew: 274178K->1539K(306688K), 0.0077058 secs] 275388K->2749K(2587392K), 0.0079119 secs] [Times: user=0.03 sys=0.00, real=0.01 secs] 
[2017-06-05 00:19:22,132] [GC (Allocation Failure) [ParNew: 274179K->1543K(306688K), 0.0101096 secs] 275389K->2753K(2587392K), 0.0101642 secs] [Times: user=0.03 sys=0.01, real=0.01 secs] 
[2017-06-05 00:19:22,230] [GC (Allocation Failure) [ParNew: 274183K->1543K(306688K), 0.0077377 secs] 275393K->2753K(2587392K), 0.0077938 secs] [Times: user=0.03 sys=0.00, real=0.01 secs] 
[2017-06-05 00:19:22,330] [GC (Allocation Failure) [ParNew: 274183K->1542K(306688K), 0.0083992 secs] 275393K->2753K(2587392K), 0.0084476 secs] [Times: user=0.03 sys=0.00, real=0.01 secs] 
[2017-06-05 00:19:22,426] [GC (Allocation Failure) [ParNew: 274182K->1548K(306688K), 0.0077370 secs] 275393K->2759K(2587392K), 0.0078516 secs] [Times: user=0.03 sys=0.00, real=0.01 secs] 
[2017-06-05 00:19:22,524] [GC (Allocation Failure) [ParNew: 274188K->1545K(306688K), 0.0079842 secs] 275399K->2755K(2587392K), 0.0080408 secs] [Times: user=0.03 sys=0.00, real=0.00 secs] 
[2017-06-05 00:19:22,624] [GC (Allocation Failure) [ParNew: 274185K->1539K(306688K), 0.0077042 secs] 275395K->2750K(2587392K), 0.0077706 secs] [Times: user=0.03 sys=0.00, real=0.00 secs] 
[2017-06-05 00:19:22,729] [GC (Allocation Failure) [ParNew: 274179K->1538K(306688K), 0.0074691 secs] 275390K->2748K(2587392K), 0.0075230 secs] [Times: user=0.03 sys=0.00, real=0.01 secs] 
[2017-06-05 00:19:22,828] [GC (Allocation Failure) [ParNew: 274178K->1540K(306688K), 0.0077949 secs] 275388K->2751K(2587392K), 0.0078458 secs] [Times: user=0.02 sys=0.00, real=0.01 secs] 
[2017-06-05 00:19:22,924] [GC (Allocation Failure) [ParNew: 274180K->1546K(306688K), 0.0074428 secs] 275391K->2756K(2587392K), 0.0074901 secs] [Times: user=0.02 sys=0.00, real=0.00 secs] 
[2017-06-05 00:19:23,021] [GC (Allocation Failure) [ParNew: 274186K->1539K(306688K), 0.0073955 secs] 275396K->2750K(2587392K), 0.0074463 secs] [Times: user=0.03 sys=0.00, real=0.01 secs] 
[2017-06-05 00:19:23,126] [GC (Allocation Failure) [ParNew: 274179K->1545K(306688K), 0.0076763 secs] 275390K->2756K(2587392K), 0.0077267 secs] [Times: user=0.03 sys=0.00, real=0.01 secs] 
[2017-06-05 00:19:23,229] [GC (Allocation Failure) [ParNew: 274185K->1543K(306688K), 0.0074627 secs] 275396K->2754K(2587392K), 0.0075129 secs] [Times: user=0.03 sys=0.00, real=0.01 secs] 
[2017-06-05 00:19:23,326] [GC (Allocation Failure) [ParNew: 274183K->1542K(306688K), 0.0083690 secs] 275394K->2753K(2587392K), 0.0084163 secs] [Times: user=0.03 sys=0.00, real=0.00 secs] 
[2017-06-05 00:19:23,426] [GC (Allocation Failure) [ParNew: 274182K->1543K(306688K), 0.0074528 secs] 275393K->2754K(2587392K), 0.0075061 secs] [Times: user=0.03 sys=0.00, real=0.01 secs] 
[2017-06-05 00:19:23,533] [GC (Allocation Failure) [ParNew: 274183K->1679K(306688K), 0.0080630 secs] 275394K->2890K(2587392K), 0.0081298 secs] [Times: user=0.03 sys=0.00, real=0.01 secs] 
[2017-06-05 00:19:23,635] [GC (Allocation Failure) [ParNew: 274319K->1546K(306688K), 0.0079196 secs] 275530K->2757K(2587392K), 0.0079761 secs] [Times: user=0.03 sys=0.00, real=0.00 secs] 
[2017-06-05 00:19:23,731] [GC (Allocation Failure) [ParNew: 274186K->1571K(306688K), 0.0073103 secs] 275397K->2783K(2587392K), 0.0073631 secs] [Times: user=0.03 sys=0.00, real=0.01 secs] 
[2017-06-05 00:19:23,835] [GC (Allocation Failure) [ParNew: 274211K->1547K(306688K), 0.0078845 secs] 275423K->2759K(2587392K), 0.0080396 secs] [Times: user=0.03 sys=0.00, real=0.00 secs] 
[2017-06-05 00:19:23,939] [GC (Allocation Failure) [ParNew: 274187K->1542K(306688K), 0.0102306 secs] 275399K->2753K(2587392K), 0.0103742 secs] [Times: user=0.03 sys=0.00, real=0.01 secs] 
[2017-06-05 00:19:24,041] [GC (Allocation Failure) [ParNew: 274182K->1540K(306688K), 0.0089757 secs] 275393K->2752K(2587392K), 0.0090247 secs] [Times: user=0.03 sys=0.00, real=0.01 secs] 
[2017-06-05 00:19:24,151] [GC (Allocation Failure) [ParNew: 274180K->1541K(306688K), 0.0083619 secs] 275392K->2752K(2587392K), 0.0084160 secs] [Times: user=0.03 sys=0.00, real=0.01 secs] 
[2017-06-05 00:19:24,255] [GC (Allocation Failure) [ParNew: 274181K->1545K(306688K), 0.0076691 secs] 275392K->2756K(2587392K), 0.0078052 secs] [Times: user=0.03 sys=0.00, real=0.00 secs] 
[2017-06-05 00:19:24,357] [GC (Allocation Failure) [ParNew: 274185K->1540K(306688K), 0.0087495 secs] 275396K->2751K(2587392K), 0.0088381 secs] [Times: user=0.03 sys=0.00, real=0.01 secs] 
[2017-06-05 00:19:24,455] [GC (Allocation Failure) [ParNew: 274180K->1542K(306688K), 0.0078426 secs] 275391K->2754K(2587392K), 0.0078921 secs] [Times: user=0.03 sys=0.00, real=0.00 secs] 
[2017-06-05 00:19:24,550] [GC (Allocation Failure) [ParNew: 274182K->1542K(306688K), 0.0075852 secs] 275394K->2754K(2587392K), 0.0076419 secs] [Times: user=0.03 sys=0.00, real=0.01 secs] 
[2017-06-05 00:19:24,649] [GC (Allocation Failure) [ParNew: 274182K->1544K(306688K), 0.0085777 secs] 275394K->2756K(2587392K), 0.0086343 secs] [Times: user=0.03 sys=0.00, real=0.01 secs] 
[2017-06-05 00:19:24,748] [GC (Allocation Failure) [ParNew: 274184K->1546K(306688K), 0.0080739 secs] 275396K->2758K(2587392K), 0.0081381 secs] [Times: user=0.03 sys=0.00, real=0.01 secs] 
[2017-06-05 00:19:24,850] [GC (Allocation Failure) [ParNew: 274186K->1549K(306688K), 0.0099522 secs] 275398K->2761K(2587392K), 0.0100016 secs] [Times: user=0.03 sys=0.00, real=0.01 secs] 
[2017-06-05 00:19:24,948] [GC (Allocation Failure) [ParNew: 274189K->1541K(306688K), 0.0107642 secs] 275401K->2753K(2587392K), 0.0108221 secs] [Times: user=0.04 sys=0.00, real=0.01 secs] 
[2017-06-05 00:19:25,052] [GC (Allocation Failure) [ParNew: 274181K->1548K(306688K), 0.0113318 secs] 275393K->2760K(2587392K), 0.0113892 secs] [Times: user=0.04 sys=0.00, real=0.01 secs] 
[2017-06-05 00:19:25,163] [GC (Allocation Failure) [ParNew: 274188K->1544K(306688K), 0.0099352 secs] 275400K->2756K(2587392K), 0.0100821 secs] [Times: user=0.03 sys=0.00, real=0.01 secs] 
[2017-06-05 00:19:25,259] [GC (Allocation Failure) [ParNew: 274184K->1542K(306688K), 0.0077021 secs] 275396K->2754K(2587392K), 0.0077575 secs] [Times: user=0.03 sys=0.01, real=0.01 secs] 
[2017-06-05 00:19:25,358] [GC (Allocation Failure) [ParNew: 274182K->1544K(306688K), 0.0078731 secs] 275394K->2756K(2587392K), 0.0079244 secs] [Times: user=0.03 sys=0.00, real=0.01 secs] 
[2017-06-05 00:19:25,455] [GC (Allocation Failure) [ParNew: 274184K->1546K(306688K), 0.0069930 secs] 275396K->2759K(2587392K), 0.0070451 secs] [Times: user=0.03 sys=0.00, real=0.00 secs] 
[2017-06-05 00:19:25,553] [GC (Allocation Failure) [ParNew: 274186K->1546K(306688K), 0.0079494 secs] 275399K->2758K(2587392K), 0.0079984 secs] [Times: user=0.03 sys=0.00, real=0.01 secs] 
[2017-06-05 00:19:25,649] [GC (Allocation Failure) [ParNew: 274186K->1538K(306688K), 0.0076655 secs] 275398K->2751K(2587392K), 0.0077209 secs] [Times: user=0.02 sys=0.00, real=0.01 secs] 
[2017-06-05 00:19:25,750] [GC (Allocation Failure) [ParNew: 274178K->1552K(306688K), 0.0108502 secs] 275391K->2765K(2587392K), 0.0109036 secs] [Times: user=0.03 sys=0.00, real=0.01 secs] 
[2017-06-05 00:19:25,856] [GC (Allocation Failure) [ParNew: 274192K->1540K(306688K), 0.0077523 secs] 275405K->2753K(2587392K), 0.0078017 secs] [Times: user=0.03 sys=0.00, real=0.01 secs] 
[2017-06-05 00:19:25,958] [GC (Allocation Failure) [ParNew: 274180K->1541K(306688K), 0.0083302 secs] 275393K->2754K(2587392K), 0.0083799 secs] [Times: user=0.03 sys=0.00, real=0.01 secs] 
[2017-06-05 00:19:26,053] [GC (Allocation Failure) [ParNew: 274181K->1546K(306688K), 0.0080920 secs] 275394K->2758K(2587392K), 0.0081415 secs] [Times: user=0.04 sys=0.00, real=0.01 secs] 
[2017-06-05 00:19:26,153] [GC (Allocation Failure) [ParNew: 274186K->1547K(306688K), 0.0085098 secs] 275398K->2760K(2587392K), 0.0085616 secs] [Times: user=0.03 sys=0.00, real=0.01 secs] 
[2017-06-05 00:19:26,254] [GC (Allocation Failure) [ParNew: 274187K->1541K(306688K), 0.0080315 secs] 275400K->2754K(2587392K), 0.0080853 secs] [Times: user=0.04 sys=0.00, real=0.00 secs] 
[2017-06-05 00:19:26,363] [GC (Allocation Failure) [ParNew: 274181K->1546K(306688K), 0.0082934 secs] 275394K->2759K(2587392K), 0.0083483 secs] [Times: user=0.03 sys=0.00, real=0.01 secs] 
[2017-06-05 00:19:26,466] [GC (Allocation Failure) [ParNew: 274186K->1547K(306688K), 0.0087370 secs] 275399K->2760K(2587392K), 0.0089052 secs] [Times: user=0.03 sys=0.00, real=0.01 secs] 
[2017-06-05 00:19:26,571] [GC (Allocation Failure) [ParNew: 274187K->1543K(306688K), 0.0080594 secs] 275400K->2757K(2587392K), 0.0081117 secs] [Times: user=0.04 sys=0.00, real=0.01 secs] 
[2017-06-05 00:19:26,672] [GC (Allocation Failure) [ParNew: 274183K->1551K(306688K), 0.0084564 secs] 275397K->2765K(2587392K), 0.0085146 secs] [Times: user=0.04 sys=0.00, real=0.01 secs] 
[2017-06-05 00:19:26,773] [GC (Allocation Failure) [ParNew: 274191K->1550K(306688K), 0.0112764 secs] 275405K->2763K(2587392K), 0.0113307 secs] [Times: user=0.03 sys=0.00, real=0.01 secs] 
[2017-06-05 00:19:26,870] [GC (Allocation Failure) [ParNew: 274190K->1543K(306688K), 0.0078521 secs] 275403K->2757K(2587392K), 0.0079009 secs] [Times: user=0.03 sys=0.00, real=0.01 secs] 
[2017-06-05 00:19:26,971] [GC (Allocation Failure) [ParNew: 274183K->1541K(306688K), 0.0073273 secs] 275397K->2754K(2587392K), 0.0073894 secs] [Times: user=0.03 sys=0.00, real=0.01 secs] 
[2017-06-05 00:19:27,073] [GC (Allocation Failure) [ParNew: 274181K->1543K(306688K), 0.0071422 secs] 275394K->2757K(2587392K), 0.0071977 secs] [Times: user=0.03 sys=0.00, real=0.01 secs] 
[2017-06-05 00:19:27,178] [GC (Allocation Failure) [ParNew: 274183K->1546K(306688K), 0.0078969 secs] 275397K->2759K(2587392K), 0.0079953 secs] [Times: user=0.03 sys=0.00, real=0.01 secs] 
[2017-06-05 00:19:27,273] [GC (Allocation Failure) [ParNew: 274186K->1543K(306688K), 0.0074666 secs] 275399K->2757K(2587392K), 0.0075478 secs] [Times: user=0.02 sys=0.00, real=0.01 secs] 
[2017-06-05 00:19:27,370] [GC (Allocation Failure) [ParNew: 274183K->1549K(306688K), 0.0074477 secs] 275397K->2763K(2587392K), 0.0075086 secs] [Times: user=0.03 sys=0.00, real=0.01 secs] 
[2017-06-05 00:19:27,475] [GC (Allocation Failure) [ParNew: 274189K->1544K(306688K), 0.0083998 secs] 275403K->2758K(2587392K), 0.0085556 secs] [Times: user=0.03 sys=0.00, real=0.00 secs] 
[2017-06-05 00:19:27,581] [GC (Allocation Failure) [ParNew: 274184K->1551K(306688K), 0.0093192 secs] 275398K->2766K(2587392K), 0.0094801 secs] [Times: user=0.03 sys=0.00, real=0.01 secs] 
[2017-06-05 00:19:27,685] [GC (Allocation Failure) [ParNew: 274191K->1547K(306688K), 0.0104227 secs] 275406K->2762K(2587392K), 0.0104839 secs] [Times: user=0.03 sys=0.00, real=0.01 secs] 
[2017-06-05 00:19:27,792] [GC (Allocation Failure) [ParNew: 274187K->1541K(306688K), 0.0109457 secs] 275402K->2755K(2587392K), 0.0110022 secs] [Times: user=0.03 sys=0.00, real=0.01 secs] 
[2017-06-05 00:19:27,899] [GC (Allocation Failure) [ParNew: 274181K->1545K(306688K), 0.0159259 secs] 275395K->2759K(2587392K), 0.0159784 secs] [Times: user=0.05 sys=0.00, real=0.02 secs] 
[2017-06-05 00:19:28,001] [GC (Allocation Failure) [ParNew: 274185K->1551K(306688K), 0.0106444 secs] 275399K->2765K(2587392K), 0.0106945 secs] [Times: user=0.03 sys=0.00, real=0.01 secs] 
[2017-06-05 00:19:28,103] [GC (Allocation Failure) [ParNew: 274191K->1544K(306688K), 0.0091822 secs] 275405K->2758K(2587392K), 0.0092343 secs] [Times: user=0.03 sys=0.01, real=0.01 secs] 
[2017-06-05 00:19:28,200] [GC (Allocation Failure) [ParNew: 274184K->1547K(306688K), 0.0098794 secs] 275398K->2761K(2587392K), 0.0099498 secs] [Times: user=0.03 sys=0.00, real=0.01 secs] 
[2017-06-05 00:19:28,298] [GC (Allocation Failure) [ParNew: 274187K->1548K(306688K), 0.0072449 secs] 275401K->2763K(2587392K), 0.0074209 secs] [Times: user=0.02 sys=0.00, real=0.01 secs] 
[2017-06-05 00:19:28,401] [GC (Allocation Failure) [ParNew: 274188K->1541K(306688K), 0.0073272 secs] 275403K->2755K(2587392K), 0.0074770 secs] [Times: user=0.03 sys=0.00, real=0.01 secs] 
[2017-06-05 00:19:28,502] [GC (Allocation Failure) [ParNew: 274181K->1541K(306688K), 0.0071666 secs] 275395K->2756K(2587392K), 0.0073093 secs] [Times: user=0.03 sys=0.00, real=0.01 secs] 
[2017-06-05 00:19:28,601] [GC (Allocation Failure) [ParNew: 274181K->1547K(306688K), 0.0081339 secs] 275396K->2762K(2587392K), 0.0081964 secs] [Times: user=0.03 sys=0.00, real=0.01 secs] 
[2017-06-05 00:19:28,701] [GC (Allocation Failure) [ParNew: 274187K->1538K(306688K), 0.0077842 secs] 275402K->2753K(2587392K), 0.0079655 secs] [Times: user=0.02 sys=0.00, real=0.01 secs] 
[2017-06-05 00:19:28,799] [GC (Allocation Failure) [ParNew: 274178K->1539K(306688K), 0.0075339 secs] 275393K->2754K(2587392K), 0.0075868 secs] [Times: user=0.03 sys=0.00, real=0.01 secs] 
[2017-06-05 00:19:28,902] [GC (Allocation Failure) [ParNew: 274179K->1542K(306688K), 0.0099276 secs] 275394K->2757K(2587392K), 0.0100320 secs] [Times: user=0.04 sys=0.00, real=0.01 secs] 
[2017-06-05 00:19:29,009] [GC (Allocation Failure) [ParNew: 274182K->1549K(306688K), 0.0142472 secs] 275397K->2764K(2587392K), 0.0142991 secs] [Times: user=0.05 sys=0.00, real=0.02 secs] 
[2017-06-05 00:19:29,124] [GC (Allocation Failure) [ParNew: 274189K->1546K(306688K), 0.0101854 secs] 275404K->2761K(2587392K), 0.0102360 secs] [Times: user=0.03 sys=0.00, real=0.01 secs] 
[2017-06-05 00:19:29,237] [GC (Allocation Failure) [ParNew: 274186K->1547K(306688K), 0.0144557 secs] 275401K->2762K(2587392K), 0.0145091 secs] [Times: user=0.04 sys=0.00, real=0.02 secs] 
[2017-06-05 00:19:29,343] [GC (Allocation Failure) [ParNew: 274187K->1545K(306688K), 0.0086157 secs] 275402K->2760K(2587392K), 0.0086683 secs] [Times: user=0.03 sys=0.00, real=0.01 secs] 
[2017-06-05 00:19:29,452] [GC (Allocation Failure) [ParNew: 274185K->1546K(306688K), 0.0088566 secs] 275400K->2761K(2587392K), 0.0090057 secs] [Times: user=0.03 sys=0.00, real=0.01 secs] 
[2017-06-05 00:19:29,556] [GC (Allocation Failure) [ParNew: 274186K->1547K(306688K), 0.0103512 secs] 275401K->2762K(2587392K), 0.0104118 secs] [Times: user=0.04 sys=0.00, real=0.01 secs] 
[2017-06-05 00:19:29,657] [GC (Allocation Failure) [ParNew: 274187K->1546K(306688K), 0.0077728 secs] 275402K->2762K(2587392K), 0.0078289 secs] [Times: user=0.02 sys=0.00, real=0.01 secs] 
[2017-06-05 00:19:29,755] [GC (Allocation Failure) [ParNew: 274186K->1540K(306688K), 0.0077679 secs] 275402K->2756K(2587392K), 0.0078187 secs] [Times: user=0.03 sys=0.00, real=0.00 secs] 
[2017-06-05 00:19:29,853] [GC (Allocation Failure) [ParNew: 274180K->1540K(306688K), 0.0082366 secs] 275396K->2756K(2587392K), 0.0082871 secs] [Times: user=0.04 sys=0.00, real=0.01 secs] 
[2017-06-05 00:19:29,949] [GC (Allocation Failure) [ParNew: 274180K->1551K(306688K), 0.0082412 secs] 275396K->2766K(2587392K), 0.0082948 secs] [Times: user=0.03 sys=0.00, real=0.01 secs] 
[2017-06-05 00:19:30,057] [GC (Allocation Failure) [ParNew: 274191K->1546K(306688K), 0.0076834 secs] 275406K->2761K(2587392K), 0.0078420 secs] [Times: user=0.03 sys=0.00, real=0.01 secs] 
[2017-06-05 00:19:30,160] [GC (Allocation Failure) [ParNew: 274186K->1543K(306688K), 0.0086475 secs] 275401K->2759K(2587392K), 0.0086963 secs] [Times: user=0.03 sys=0.00, real=0.01 secs] 
[2017-06-05 00:19:30,254] [GC (Allocation Failure) [ParNew: 274183K->1545K(306688K), 0.0072380 secs] 275399K->2761K(2587392K), 0.0073014 secs] [Times: user=0.03 sys=0.00, real=0.00 secs] 
[2017-06-05 00:19:30,352] [GC (Allocation Failure) [ParNew: 274185K->1554K(306688K), 0.0075877 secs] 275401K->2770K(2587392K), 0.0076377 secs] [Times: user=0.03 sys=0.00, real=0.01 secs] 
[2017-06-05 00:19:30,446] [GC (Allocation Failure) [ParNew: 274194K->1543K(306688K), 0.0073138 secs] 275410K->2759K(2587392K), 0.0073639 secs] [Times: user=0.03 sys=0.00, real=0.00 secs] 
[2017-06-05 00:19:30,543] [GC (Allocation Failure) [ParNew: 274183K->1544K(306688K), 0.0083458 secs] 275399K->2760K(2587392K), 0.0085193 secs] [Times: user=0.03 sys=0.00, real=0.01 secs] 
[2017-06-05 00:19:30,641] [GC (Allocation Failure) [ParNew: 274184K->1548K(306688K), 0.0080954 secs] 275400K->2764K(2587392K), 0.0081471 secs] [Times: user=0.03 sys=0.00, real=0.01 secs] 
[2017-06-05 00:19:30,740] [GC (Allocation Failure) [ParNew: 274188K->1540K(306688K), 0.0081576 secs] 275404K->2756K(2587392K), 0.0082091 secs] [Times: user=0.03 sys=0.00, real=0.01 secs] 
[2017-06-05 00:19:30,839] [GC (Allocation Failure) [ParNew: 274180K->1545K(306688K), 0.0085248 secs] 275396K->2762K(2587392K), 0.0085747 secs] [Times: user=0.03 sys=0.00, real=0.01 secs] 
[2017-06-05 00:19:30,935] [GC (Allocation Failure) [ParNew: 274185K->1542K(306688K), 0.0074764 secs] 275402K->2759K(2587392K), 0.0075296 secs] [Times: user=0.03 sys=0.00, real=0.00 secs] 
[2017-06-05 00:19:31,036] [GC (Allocation Failure) [ParNew: 274182K->1546K(306688K), 0.0075727 secs] 275399K->2762K(2587392K), 0.0076663 secs] [Times: user=0.03 sys=0.00, real=0.00 secs] 
[2017-06-05 00:19:31,141] [GC (Allocation Failure) [ParNew: 274186K->1547K(306688K), 0.0097138 secs] 275402K->2763K(2587392K), 0.0097894 secs] [Times: user=0.03 sys=0.00, real=0.01 secs] 
[2017-06-05 00:19:31,242] [GC (Allocation Failure) [ParNew: 274187K->1540K(306688K), 0.0071483 secs] 275403K->2756K(2587392K), 0.0073521 secs] [Times: user=0.03 sys=0.00, real=0.01 secs] 
[2017-06-05 00:19:31,346] [GC (Allocation Failure) [ParNew: 274180K->1541K(306688K), 0.0077488 secs] 275396K->2757K(2587392K), 0.0078630 secs] [Times: user=0.02 sys=0.00, real=0.00 secs] 
[2017-06-05 00:19:31,444] [GC (Allocation Failure) [ParNew: 274181K->1545K(306688K), 0.0080995 secs] 275397K->2762K(2587392K), 0.0081522 secs] [Times: user=0.03 sys=0.00, real=0.01 secs] 
[2017-06-05 00:19:31,539] [GC (Allocation Failure) [ParNew: 274185K->1543K(306688K), 0.0078899 secs] 275402K->2760K(2587392K), 0.0079412 secs] [Times: user=0.03 sys=0.00, real=0.01 secs] 
[2017-06-05 00:19:31,634] [GC (Allocation Failure) [ParNew: 274183K->1540K(306688K), 0.0081388 secs] 275400K->2757K(2587392K), 0.0082105 secs] [Times: user=0.03 sys=0.00, real=0.01 secs] 
[2017-06-05 00:19:31,737] [GC (Allocation Failure) [ParNew: 274180K->1545K(306688K), 0.0075679 secs] 275397K->2762K(2587392K), 0.0076214 secs] [Times: user=0.03 sys=0.00, real=0.01 secs] 
[2017-06-05 00:19:31,839] [GC (Allocation Failure) [ParNew: 274185K->1548K(306688K), 0.0080165 secs] 275402K->2765K(2587392K), 0.0080658 secs] [Times: user=0.03 sys=0.00, real=0.01 secs] 
[2017-06-05 00:19:31,936] [GC (Allocation Failure) [ParNew: 274188K->1543K(306688K), 0.0109337 secs] 275405K->2760K(2587392K), 0.0109900 secs] [Times: user=0.03 sys=0.00, real=0.01 secs] 
[2017-06-05 00:19:32,039] [GC (Allocation Failure) [ParNew: 274183K->1546K(306688K), 0.0081959 secs] 275400K->2764K(2587392K), 0.0083723 secs] [Times: user=0.03 sys=0.00, real=0.01 secs] 
[2017-06-05 00:19:32,138] [GC (Allocation Failure) [ParNew: 274186K->1539K(306688K), 0.0070269 secs] 275404K->2756K(2587392K), 0.0070752 secs] [Times: user=0.03 sys=0.00, real=0.01 secs] 
[2017-06-05 00:19:32,237] [GC (Allocation Failure) [ParNew: 274179K->1541K(306688K), 0.0071502 secs] 275396K->2758K(2587392K), 0.0073045 secs] [Times: user=0.03 sys=0.00, real=0.01 secs] 
[2017-06-05 00:19:32,336] [GC (Allocation Failure) [ParNew: 274181K->1544K(306688K), 0.0104795 secs] 275398K->2762K(2587392K), 0.0105300 secs] [Times: user=0.04 sys=0.00, real=0.01 secs] 
[2017-06-05 00:19:32,434] [GC (Allocation Failure) [ParNew: 274184K->1543K(306688K), 0.0071527 secs] 275402K->2761K(2587392K), 0.0072032 secs] [Times: user=0.03 sys=0.00, real=0.00 secs] 
[2017-06-05 00:19:32,535] [GC (Allocation Failure) [ParNew: 274183K->1551K(306688K), 0.0105751 secs] 275401K->2769K(2587392K), 0.0106517 secs] [Times: user=0.04 sys=0.00, real=0.01 secs] 
[2017-06-05 00:19:32,631] [GC (Allocation Failure) [ParNew: 274191K->1546K(306688K), 0.0077158 secs] 275409K->2764K(2587392K), 0.0077669 secs] [Times: user=0.03 sys=0.00, real=0.01 secs] 
[2017-06-05 00:19:32,732] [GC (Allocation Failure) [ParNew: 274186K->1544K(306688K), 0.0077711 secs] 275404K->2762K(2587392K), 0.0079163 secs] [Times: user=0.03 sys=0.00, real=0.01 secs] 
[2017-06-05 00:19:32,828] [GC (Allocation Failure) [ParNew: 274184K->1541K(306688K), 0.0076811 secs] 275402K->2759K(2587392K), 0.0077332 secs] [Times: user=0.02 sys=0.00, real=0.01 secs] 
[2017-06-05 00:19:32,923] [GC (Allocation Failure) [ParNew: 274181K->1543K(306688K), 0.0078183 secs] 275399K->2761K(2587392K), 0.0078731 secs] [Times: user=0.03 sys=0.00, real=0.01 secs] 
[2017-06-05 00:19:33,023] [GC (Allocation Failure) [ParNew: 274183K->1543K(306688K), 0.0076542 secs] 275401K->2760K(2587392K), 0.0077957 secs] [Times: user=0.03 sys=0.00, real=0.01 secs] 
[2017-06-05 00:19:33,129] [GC (Allocation Failure) [ParNew: 274183K->1543K(306688K), 0.0103684 secs] 275400K->2761K(2587392K), 0.0104272 secs] [Times: user=0.04 sys=0.00, real=0.01 secs] 
[2017-06-05 00:19:33,227] [GC (Allocation Failure) [ParNew: 274183K->1541K(306688K), 0.0075664 secs] 275401K->2759K(2587392K), 0.0076161 secs] [Times: user=0.03 sys=0.01, real=0.01 secs] 
[2017-06-05 00:19:33,332] [GC (Allocation Failure) [ParNew: 274181K->1543K(306688K), 0.0107250 secs] 275399K->2762K(2587392K), 0.0108117 secs] [Times: user=0.03 sys=0.00, real=0.01 secs] 
[2017-06-05 00:19:33,433] [GC (Allocation Failure) [ParNew: 274183K->1537K(306688K), 0.0081953 secs] 275402K->2755K(2587392K), 0.0083114 secs] [Times: user=0.03 sys=0.00, real=0.01 secs] 
[2017-06-05 00:19:33,533] [GC (Allocation Failure) [ParNew: 274177K->1547K(306688K), 0.0078920 secs] 275395K->2765K(2587392K), 0.0079427 secs] [Times: user=0.03 sys=0.00, real=0.01 secs] 
[2017-06-05 00:19:33,634] [GC (Allocation Failure) [ParNew: 274187K->1799K(306688K), 0.0090054 secs] 275405K->3017K(2587392K), 0.0090667 secs] [Times: user=0.03 sys=0.00, real=0.01 secs] 
[2017-06-05 00:19:33,732] [GC (Allocation Failure) [ParNew: 274439K->2064K(306688K), 0.0078463 secs] 275657K->3282K(2587392K), 0.0079172 secs] [Times: user=0.03 sys=0.00, real=0.01 secs] 
[2017-06-05 00:19:33,837] [GC (Allocation Failure) [ParNew: 274704K->1540K(306688K), 0.0085162 secs] 275922K->2759K(2587392K), 0.0086921 secs] [Times: user=0.03 sys=0.00, real=0.00 secs] 
[2017-06-05 00:19:33,938] [GC (Allocation Failure) [ParNew: 274180K->1545K(306688K), 0.0099507 secs] 275399K->2764K(2587392K), 0.0100014 secs] [Times: user=0.03 sys=0.00, real=0.01 secs] 
[2017-06-05 00:19:34,038] [GC (Allocation Failure) [ParNew: 274185K->1543K(306688K), 0.0077460 secs] 275404K->2762K(2587392K), 0.0078928 secs] [Times: user=0.03 sys=0.00, real=0.01 secs] 
[2017-06-05 00:19:34,138] [GC (Allocation Failure) [ParNew: 274183K->1538K(306688K), 0.0071911 secs] 275402K->2757K(2587392K), 0.0072421 secs] [Times: user=0.03 sys=0.00, real=0.01 secs] 
[2017-06-05 00:19:34,237] [GC (Allocation Failure) [ParNew: 274178K->1544K(306688K), 0.0106865 secs] 275397K->2763K(2587392K), 0.0107388 secs] [Times: user=0.04 sys=0.00, real=0.01 secs] 
[2017-06-05 00:19:34,340] [GC (Allocation Failure) [ParNew: 274184K->1548K(306688K), 0.0075034 secs] 275403K->2767K(2587392K), 0.0075543 secs] [Times: user=0.03 sys=0.00, real=0.01 secs] 
[2017-06-05 00:19:34,445] [GC (Allocation Failure) [ParNew: 274188K->1541K(306688K), 0.0079805 secs] 275407K->2760K(2587392K), 0.0080299 secs] [Times: user=0.03 sys=0.00, real=0.01 secs] 
[2017-06-05 00:19:34,556] [GC (Allocation Failure) [ParNew: 274181K->1542K(306688K), 0.0101402 secs] 275400K->2761K(2587392K), 0.0101959 secs] [Times: user=0.04 sys=0.00, real=0.01 secs] 
[2017-06-05 00:19:34,670] [GC (Allocation Failure) [ParNew: 274182K->1549K(306688K), 0.0101620 secs] 275401K->2768K(2587392K), 0.0102189 secs] [Times: user=0.04 sys=0.00, real=0.01 secs] 
[2017-06-05 00:19:34,790] [GC (Allocation Failure) [ParNew: 274189K->1542K(306688K), 0.0093611 secs] 275408K->2762K(2587392K), 0.0095492 secs] [Times: user=0.03 sys=0.00, real=0.01 secs] 
[2017-06-05 00:19:34,911] [GC (Allocation Failure) [ParNew: 274182K->1549K(306688K), 0.0155152 secs] 275402K->2768K(2587392K), 0.0156312 secs] [Times: user=0.05 sys=0.00, real=0.02 secs] 
[2017-06-05 00:19:35,053] [GC (Allocation Failure) [ParNew: 274189K->1540K(306688K), 0.0153211 secs] 275408K->2760K(2587392K), 0.0154843 secs] [Times: user=0.06 sys=0.00, real=0.01 secs] 
[2017-06-05 00:19:35,178] [GC (Allocation Failure) [ParNew: 274180K->1542K(306688K), 0.0111810 secs] 275400K->2762K(2587392K), 0.0113067 secs] [Times: user=0.04 sys=0.00, real=0.01 secs] 
[2017-06-05 00:19:35,282] [GC (Allocation Failure) [ParNew: 274182K->1543K(306688K), 0.0097491 secs] 275402K->2763K(2587392K), 0.0097978 secs] [Times: user=0.03 sys=0.00, real=0.01 secs] 
[2017-06-05 00:19:35,379] [GC (Allocation Failure) [ParNew: 274183K->1544K(306688K), 0.0080409 secs] 275403K->2763K(2587392K), 0.0080917 secs] [Times: user=0.03 sys=0.00, real=0.01 secs] 
[2017-06-05 00:19:35,475] [GC (Allocation Failure) [ParNew: 274184K->1543K(306688K), 0.0080106 secs] 275403K->2763K(2587392K), 0.0080806 secs] [Times: user=0.03 sys=0.00, real=0.01 secs] 
[2017-06-05 00:19:35,581] [GC (Allocation Failure) [ParNew: 274183K->1544K(306688K), 0.0083022 secs] 275403K->2764K(2587392K), 0.0084157 secs] [Times: user=0.04 sys=0.00, real=0.01 secs] 
[2017-06-05 00:19:35,680] [GC (Allocation Failure) [ParNew: 274184K->1543K(306688K), 0.0073019 secs] 275404K->2763K(2587392K), 0.0073526 secs] [Times: user=0.03 sys=0.00, real=0.01 secs] 
[2017-06-05 00:19:35,782] [GC (Allocation Failure) [ParNew: 274183K->1545K(306688K), 0.0083984 secs] 275403K->2765K(2587392K), 0.0084501 secs] [Times: user=0.03 sys=0.00, real=0.01 secs] 
[2017-06-05 00:19:35,886] [GC (Allocation Failure) [ParNew: 274185K->1546K(306688K), 0.0099791 secs] 275405K->2766K(2587392K), 0.0100289 secs] [Times: user=0.04 sys=0.00, real=0.01 secs] 
[2017-06-05 00:19:35,985] [GC (Allocation Failure) [ParNew: 274186K->1540K(306688K), 0.0081335 secs] 275406K->2760K(2587392K), 0.0081850 secs] [Times: user=0.03 sys=0.00, real=0.01 secs] 
[2017-06-05 00:19:36,085] [GC (Allocation Failure) [ParNew: 274180K->1535K(306688K), 0.0072109 secs] 275400K->2755K(2587392K), 0.0072623 secs] [Times: user=0.03 sys=0.00, real=0.01 secs] 
[2017-06-05 00:19:36,184] [GC (Allocation Failure) [ParNew: 274175K->1545K(306688K), 0.0081727 secs] 275395K->2765K(2587392K), 0.0082656 secs] [Times: user=0.03 sys=0.00, real=0.01 secs] 
[2017-06-05 00:19:36,290] [GC (Allocation Failure) [ParNew: 274185K->1543K(306688K), 0.0075803 secs] 275405K->2763K(2587392K), 0.0076306 secs] [Times: user=0.02 sys=0.00, real=0.01 secs] 
[2017-06-05 00:19:36,390] [GC (Allocation Failure) [ParNew: 274183K->1542K(306688K), 0.0078083 secs] 275403K->2762K(2587392K), 0.0078613 secs] [Times: user=0.03 sys=0.00, real=0.01 secs] 
[2017-06-05 00:19:36,489] [GC (Allocation Failure) [ParNew: 274182K->1538K(306688K), 0.0076220 secs] 275402K->2758K(2587392K), 0.0076882 secs] [Times: user=0.02 sys=0.00, real=0.01 secs] 
[2017-06-05 00:19:36,586] [GC (Allocation Failure) [ParNew: 274178K->1543K(306688K), 0.0073413 secs] 275398K->2764K(2587392K), 0.0073976 secs] [Times: user=0.03 sys=0.00, real=0.00 secs] 
[2017-06-05 00:19:36,683] [GC (Allocation Failure) [ParNew: 274183K->1546K(306688K), 0.0074911 secs] 275404K->2767K(2587392K), 0.0075414 secs] [Times: user=0.03 sys=0.00, real=0.01 secs] 
[2017-06-05 00:19:36,784] [GC (Allocation Failure) [ParNew: 274186K->1547K(306688K), 0.0086742 secs] 275407K->2768K(2587392K), 0.0087301 secs] [Times: user=0.03 sys=0.00, real=0.01 secs] 
[2017-06-05 00:19:36,889] [GC (Allocation Failure) [ParNew: 274187K->1548K(306688K), 0.0082735 secs] 275408K->2768K(2587392K), 0.0085031 secs] [Times: user=0.03 sys=0.00, real=0.01 secs] 
[2017-06-05 00:19:36,989] [GC (Allocation Failure) [ParNew: 274188K->1540K(306688K), 0.0078684 secs] 275408K->2761K(2587392K), 0.0079207 secs] [Times: user=0.03 sys=0.00, real=0.01 secs] 
[2017-06-05 00:19:37,091] [GC (Allocation Failure) [ParNew: 274180K->1545K(306688K), 0.0074838 secs] 275401K->2765K(2587392K), 0.0075416 secs] [Times: user=0.03 sys=0.00, real=0.01 secs] 
[2017-06-05 00:19:37,194] [GC (Allocation Failure) [ParNew: 274185K->1539K(306688K), 0.0080263 secs] 275405K->2760K(2587392K), 0.0080805 secs] [Times: user=0.03 sys=0.00, real=0.01 secs] 
[2017-06-05 00:19:37,293] [GC (Allocation Failure) [ParNew: 274179K->1543K(306688K), 0.0081859 secs] 275400K->2764K(2587392K), 0.0082394 secs] [Times: user=0.03 sys=0.00, real=0.01 secs] 
[2017-06-05 00:19:37,390] [GC (Allocation Failure) [ParNew: 274183K->1542K(306688K), 0.0073717 secs] 275404K->2763K(2587392K), 0.0074225 secs] [Times: user=0.02 sys=0.00, real=0.01 secs] 
[2017-06-05 00:19:37,490] [GC (Allocation Failure) [ParNew: 274182K->1541K(306688K), 0.0072114 secs] 275403K->2763K(2587392K), 0.0073270 secs] [Times: user=0.03 sys=0.00, real=0.01 secs] 
[2017-06-05 00:19:37,588] [GC (Allocation Failure) [ParNew: 274181K->1543K(306688K), 0.0076399 secs] 275403K->2764K(2587392K), 0.0076920 secs] [Times: user=0.03 sys=0.00, real=0.01 secs] 
[2017-06-05 00:19:37,692] [GC (Allocation Failure) [ParNew: 274183K->1537K(306688K), 0.0077522 secs] 275404K->2759K(2587392K), 0.0078095 secs] [Times: user=0.03 sys=0.00, real=0.01 secs] 
[2017-06-05 00:19:37,796] [GC (Allocation Failure) [ParNew: 274177K->1386K(306688K), 0.0079901 secs] 275399K->2760K(2587392K), 0.0080835 secs] [Times: user=0.03 sys=0.00, real=0.00 secs] 
[2017-06-05 00:19:37,910] [GC (Allocation Failure) [ParNew: 274026K->1389K(306688K), 0.0100952 secs] 275400K->2763K(2587392K), 0.0101651 secs] [Times: user=0.03 sys=0.00, real=0.01 secs] 
[2017-06-05 00:19:38,021] [GC (Allocation Failure) [ParNew: 274029K->1389K(306688K), 0.0084006 secs] 275403K->2763K(2587392K), 0.0084496 secs] [Times: user=0.03 sys=0.00, real=0.01 secs] 
[2017-06-05 00:19:38,136] [GC (Allocation Failure) [ParNew: 274029K->1395K(306688K), 0.0127300 secs] 275403K->2769K(2587392K), 0.0128751 secs] [Times: user=0.04 sys=0.00, real=0.01 secs] 
[2017-06-05 00:19:38,281] [GC (Allocation Failure) [ParNew: 274035K->1387K(306688K), 0.0081800 secs] 275409K->2761K(2587392K), 0.0082963 secs] [Times: user=0.03 sys=0.00, real=0.01 secs] 
[2017-06-05 00:19:38,408] [GC (Allocation Failure) [ParNew: 274027K->1391K(306688K), 0.0118158 secs] 275401K->2766K(2587392K), 0.0119327 secs] [Times: user=0.04 sys=0.00, real=0.02 secs] 
[2017-06-05 00:19:38,528] [GC (Allocation Failure) [ParNew: 274031K->1390K(306688K), 0.0113935 secs] 275406K->2764K(2587392K), 0.0115180 secs] [Times: user=0.04 sys=0.00, real=0.02 secs] 
[2017-06-05 00:19:38,651] [GC (Allocation Failure) [ParNew: 274030K->1779K(306688K), 0.0126465 secs] 275404K->3153K(2587392K), 0.0127003 secs] [Times: user=0.05 sys=0.00, real=0.01 secs] 
[2017-06-05 00:19:38,779] [GC (Allocation Failure) [ParNew: 274419K->1516K(306688K), 0.0084650 secs] 275793K->2891K(2587392K), 0.0085182 secs] [Times: user=0.03 sys=0.00, real=0.01 secs] 
[2017-06-05 00:19:38,879] [GC (Allocation Failure) [ParNew: 274156K->1393K(306688K), 0.0083966 secs] 275531K->2768K(2587392K), 0.0084569 secs] [Times: user=0.03 sys=0.00, real=0.01 secs] 
[2017-06-05 00:19:38,981] [GC (Allocation Failure) [ParNew: 274033K->1386K(306688K), 0.0089846 secs] 275408K->2761K(2587392K), 0.0090347 secs] [Times: user=0.03 sys=0.00, real=0.01 secs] 
[2017-06-05 00:19:39,082] [GC (Allocation Failure) [ParNew: 274026K->1382K(306688K), 0.0077154 secs] 275401K->2757K(2587392K), 0.0077632 secs] [Times: user=0.02 sys=0.00, real=0.01 secs] 
[2017-06-05 00:19:39,180] [GC (Allocation Failure) [ParNew: 274022K->1384K(306688K), 0.0076710 secs] 275397K->2759K(2587392K), 0.0077276 secs] [Times: user=0.03 sys=0.00, real=0.01 secs] 
[2017-06-05 00:19:39,279] [GC (Allocation Failure) [ParNew: 274024K->844K(306688K), 0.0130513 secs] 275399K->2756K(2587392K), 0.0131400 secs] [Times: user=0.03 sys=0.00, real=0.02 secs] 
[2017-06-05 00:19:39,392] [GC (Allocation Failure) [ParNew: 273484K->794K(306688K), 0.0077921 secs] 275396K->2755K(2587392K), 0.0079513 secs] [Times: user=0.03 sys=0.00, real=0.01 secs] 
[2017-06-05 00:19:39,521] [GC (Allocation Failure) [ParNew: 273434K->618K(306688K), 0.0105923 secs] 275395K->2756K(2587392K), 0.0106444 secs] [Times: user=0.04 sys=0.00, real=0.01 secs] 
[2017-06-05 00:19:39,650] [GC (Allocation Failure) [ParNew: 273258K->618K(306688K), 0.0086921 secs] 275396K->2756K(2587392K), 0.0087540 secs] [Times: user=0.04 sys=0.00, real=0.01 secs] 
[2017-06-05 00:19:39,854] [GC (Allocation Failure) [ParNew: 273258K->616K(306688K), 0.0099166 secs] 275396K->2754K(2587392K), 0.0099637 secs] [Times: user=0.04 sys=0.00, real=0.01 secs] 
RACE_RESULT||pullNum=40000000||pullCost=36702
KILL_9 Consumer
Finish Run SubTask[bash -c sh ../bin/consume.sh ], Cost 37256 ms
KILL_9 PipeTaskRunner
